<?xml version="1.0"?>
<link_info>
   <banner>TI ARM Linker PC v16.3.0.STS</banner>
   <copyright>Copyright (c) 1996-2015 Texas Instruments Incorporated</copyright>
   <link_time>0x57301499</link_time>
   <link_errors>0x0</link_errors>
   <output_file>CAN_bench_network.out</output_file>
   <entry_point>
      <name>_c_int00</name>
      <address>0x7814</address>
   </entry_point>
   <input_file_list>
      <input_file id="fl-2">
         <path>.\source\</path>
         <kind>object</kind>
         <file>can.obj</file>
         <name>can.obj</name>
      </input_file>
      <input_file id="fl-3">
         <path>.\source\</path>
         <kind>object</kind>
         <file>dabort.obj</file>
         <name>dabort.obj</name>
      </input_file>
      <input_file id="fl-4">
         <path>.\source\</path>
         <kind>object</kind>
         <file>esm.obj</file>
         <name>esm.obj</name>
      </input_file>
      <input_file id="fl-5">
         <path>.\source\</path>
         <kind>object</kind>
         <file>gio.obj</file>
         <name>gio.obj</name>
      </input_file>
      <input_file id="fl-6">
         <path>.\source\</path>
         <kind>object</kind>
         <file>md5.obj</file>
         <name>md5.obj</name>
      </input_file>
      <input_file id="fl-7">
         <path>.\source\</path>
         <kind>object</kind>
         <file>minimac.obj</file>
         <name>minimac.obj</name>
      </input_file>
      <input_file id="fl-8">
         <path>.\source\</path>
         <kind>object</kind>
         <file>notification.obj</file>
         <name>notification.obj</name>
      </input_file>
      <input_file id="fl-9">
         <path>.\source\</path>
         <kind>object</kind>
         <file>pinmux.obj</file>
         <name>pinmux.obj</name>
      </input_file>
      <input_file id="fl-a">
         <path>.\source\</path>
         <kind>object</kind>
         <file>rti.obj</file>
         <name>rti.obj</name>
      </input_file>
      <input_file id="fl-b">
         <path>.\source\</path>
         <kind>object</kind>
         <file>sci.obj</file>
         <name>sci.obj</name>
      </input_file>
      <input_file id="fl-c">
         <path>.\source\</path>
         <kind>object</kind>
         <file>sha1.obj</file>
         <name>sha1.obj</name>
      </input_file>
      <input_file id="fl-d">
         <path>.\source\</path>
         <kind>object</kind>
         <file>sha256.obj</file>
         <name>sha256.obj</name>
      </input_file>
      <input_file id="fl-e">
         <path>.\source\</path>
         <kind>object</kind>
         <file>sys_core.obj</file>
         <name>sys_core.obj</name>
      </input_file>
      <input_file id="fl-f">
         <path>.\source\</path>
         <kind>object</kind>
         <file>sys_dma.obj</file>
         <name>sys_dma.obj</name>
      </input_file>
      <input_file id="fl-10">
         <path>.\source\</path>
         <kind>object</kind>
         <file>sys_intvecs.obj</file>
         <name>sys_intvecs.obj</name>
      </input_file>
      <input_file id="fl-11">
         <path>.\source\</path>
         <kind>object</kind>
         <file>sys_main.obj</file>
         <name>sys_main.obj</name>
      </input_file>
      <input_file id="fl-12">
         <path>.\source\</path>
         <kind>object</kind>
         <file>sys_mpu.obj</file>
         <name>sys_mpu.obj</name>
      </input_file>
      <input_file id="fl-13">
         <path>.\source\</path>
         <kind>object</kind>
         <file>sys_pcr.obj</file>
         <name>sys_pcr.obj</name>
      </input_file>
      <input_file id="fl-14">
         <path>.\source\</path>
         <kind>object</kind>
         <file>sys_phantom.obj</file>
         <name>sys_phantom.obj</name>
      </input_file>
      <input_file id="fl-15">
         <path>.\source\</path>
         <kind>object</kind>
         <file>sys_pmm.obj</file>
         <name>sys_pmm.obj</name>
      </input_file>
      <input_file id="fl-16">
         <path>.\source\</path>
         <kind>object</kind>
         <file>sys_pmu.obj</file>
         <name>sys_pmu.obj</name>
      </input_file>
      <input_file id="fl-17">
         <path>.\source\</path>
         <kind>object</kind>
         <file>sys_selftest.obj</file>
         <name>sys_selftest.obj</name>
      </input_file>
      <input_file id="fl-18">
         <path>.\source\</path>
         <kind>object</kind>
         <file>sys_startup.obj</file>
         <name>sys_startup.obj</name>
      </input_file>
      <input_file id="fl-19">
         <path>.\source\</path>
         <kind>object</kind>
         <file>sys_vim.obj</file>
         <name>sys_vim.obj</name>
      </input_file>
      <input_file id="fl-1a">
         <path>.\source\</path>
         <kind>object</kind>
         <file>system.obj</file>
         <name>system.obj</name>
      </input_file>
      <input_file id="fl-1f">
         <path>G:\ti\ccsv6\tools\compiler\ti-cgt-arm_16.3.0.STS\lib\</path>
         <kind>archive</kind>
         <file>rtsv7R4_T_be_v3D16_eabi.lib</file>
         <name>autoinit.obj</name>
      </input_file>
      <input_file id="fl-20">
         <path>G:\ti\ccsv6\tools\compiler\ti-cgt-arm_16.3.0.STS\lib\</path>
         <kind>archive</kind>
         <file>rtsv7R4_T_be_v3D16_eabi.lib</file>
         <name>copy_decompress_none.obj</name>
      </input_file>
      <input_file id="fl-21">
         <path>G:\ti\ccsv6\tools\compiler\ti-cgt-arm_16.3.0.STS\lib\</path>
         <kind>archive</kind>
         <file>rtsv7R4_T_be_v3D16_eabi.lib</file>
         <name>copy_decompress_rle.obj</name>
      </input_file>
      <input_file id="fl-22">
         <path>G:\ti\ccsv6\tools\compiler\ti-cgt-arm_16.3.0.STS\lib\</path>
         <kind>archive</kind>
         <file>rtsv7R4_T_be_v3D16_eabi.lib</file>
         <name>copy_zero_init.obj</name>
      </input_file>
      <input_file id="fl-23">
         <path>G:\ti\ccsv6\tools\compiler\ti-cgt-arm_16.3.0.STS\lib\</path>
         <kind>archive</kind>
         <file>rtsv7R4_T_be_v3D16_eabi.lib</file>
         <name>cpy_tbl.obj</name>
      </input_file>
      <input_file id="fl-24">
         <path>G:\ti\ccsv6\tools\compiler\ti-cgt-arm_16.3.0.STS\lib\</path>
         <kind>archive</kind>
         <file>rtsv7R4_T_be_v3D16_eabi.lib</file>
         <name>exit.obj</name>
      </input_file>
      <input_file id="fl-25">
         <path>G:\ti\ccsv6\tools\compiler\ti-cgt-arm_16.3.0.STS\lib\</path>
         <kind>archive</kind>
         <file>rtsv7R4_T_be_v3D16_eabi.lib</file>
         <name>memcpy_t2.obj</name>
      </input_file>
      <input_file id="fl-26">
         <path>G:\ti\ccsv6\tools\compiler\ti-cgt-arm_16.3.0.STS\lib\</path>
         <kind>archive</kind>
         <file>rtsv7R4_T_be_v3D16_eabi.lib</file>
         <name>memset_t2.obj</name>
      </input_file>
      <input_file id="fl-27">
         <path>G:\ti\ccsv6\tools\compiler\ti-cgt-arm_16.3.0.STS\lib\</path>
         <kind>archive</kind>
         <file>rtsv7R4_T_be_v3D16_eabi.lib</file>
         <name>rand.obj</name>
      </input_file>
      <input_file id="fl-28">
         <path>G:\ti\ccsv6\tools\compiler\ti-cgt-arm_16.3.0.STS\lib\</path>
         <kind>archive</kind>
         <file>rtsv7R4_T_be_v3D16_eabi.lib</file>
         <name>startup.obj</name>
      </input_file>
      <input_file id="fl-29">
         <path>G:\ti\ccsv6\tools\compiler\ti-cgt-arm_16.3.0.STS\lib\</path>
         <kind>archive</kind>
         <file>rtsv7R4_T_be_v3D16_eabi.lib</file>
         <name>_lock.obj</name>
      </input_file>
   </input_file_list>
   <object_component_list>
      <object_component id="oc-33">
         <name>.intvecs</name>
         <load_address>0x0</load_address>
         <run_address>0x0</run_address>
         <size>0x20</size>
         <input_file_ref idref="fl-10"/>
      </object_component>
      <object_component id="oc-7a">
         <name>.text</name>
         <load_address>0x20</load_address>
         <run_address>0x20</run_address>
         <size>0x2cdc</size>
         <input_file_ref idref="fl-17"/>
      </object_component>
      <object_component id="oc-f9">
         <name>.text</name>
         <load_address>0x2cfc</load_address>
         <run_address>0x2cfc</run_address>
         <size>0xe00</size>
         <input_file_ref idref="fl-2"/>
      </object_component>
      <object_component id="oc-74">
         <name>.text</name>
         <load_address>0x3afc</load_address>
         <run_address>0x3afc</run_address>
         <size>0xb28</size>
         <input_file_ref idref="fl-1a"/>
      </object_component>
      <object_component id="oc-43">
         <name>.text</name>
         <load_address>0x4624</load_address>
         <run_address>0x4624</run_address>
         <size>0xa58</size>
         <input_file_ref idref="fl-19"/>
      </object_component>
      <object_component id="oc-d5">
         <name>.text</name>
         <load_address>0x507c</load_address>
         <run_address>0x507c</run_address>
         <size>0x8ac</size>
         <input_file_ref idref="fl-9"/>
      </object_component>
      <object_component id="oc-1b5">
         <name>.text</name>
         <load_address>0x5928</load_address>
         <run_address>0x5928</run_address>
         <size>0x8a8</size>
         <input_file_ref idref="fl-d"/>
      </object_component>
      <object_component id="oc-105">
         <name>.text</name>
         <load_address>0x61d0</load_address>
         <run_address>0x61d0</run_address>
         <size>0x6fc</size>
         <input_file_ref idref="fl-7"/>
      </object_component>
      <object_component id="oc-80">
         <name>.text</name>
         <load_address>0x68cc</load_address>
         <run_address>0x68cc</run_address>
         <size>0x5e8</size>
         <input_file_ref idref="fl-4"/>
      </object_component>
      <object_component id="oc-6f">
         <name>.text</name>
         <load_address>0x6eb4</load_address>
         <run_address>0x6eb4</run_address>
         <size>0x34c</size>
         <input_file_ref idref="fl-e"/>
      </object_component>
      <object_component id="oc-24">
         <name>.text:retain</name>
         <load_address>0x7200</load_address>
         <run_address>0x7200</run_address>
         <size>0x338</size>
         <input_file_ref idref="fl-2"/>
      </object_component>
      <object_component id="oc-3e">
         <name>.text:retain</name>
         <load_address>0x7538</load_address>
         <run_address>0x7538</run_address>
         <size>0x2dc</size>
         <input_file_ref idref="fl-19"/>
      </object_component>
      <object_component id="oc-1e">
         <name>.text:retain</name>
         <load_address>0x7814</load_address>
         <run_address>0x7814</run_address>
         <size>0x27c</size>
         <input_file_ref idref="fl-18"/>
      </object_component>
      <object_component id="oc-8c">
         <name>.text</name>
         <load_address>0x7a90</load_address>
         <run_address>0x7a90</run_address>
         <size>0x190</size>
         <input_file_ref idref="fl-11"/>
      </object_component>
      <object_component id="oc-99">
         <name>.text</name>
         <load_address>0x7c20</load_address>
         <run_address>0x7c20</run_address>
         <size>0x178</size>
         <input_file_ref idref="fl-8"/>
      </object_component>
      <object_component id="oc-2d">
         <name>.text:retain</name>
         <load_address>0x7d98</load_address>
         <run_address>0x7d98</run_address>
         <size>0x114</size>
         <input_file_ref idref="fl-4"/>
      </object_component>
      <object_component id="oc-a9">
         <name>.text</name>
         <load_address>0x7eac</load_address>
         <run_address>0x7eac</run_address>
         <size>0xe8</size>
         <input_file_ref idref="fl-3"/>
      </object_component>
      <object_component id="oc-dd">
         <name>.text</name>
         <load_address>0x7f94</load_address>
         <run_address>0x7f94</run_address>
         <size>0xe0</size>
         <input_file_ref idref="fl-16"/>
      </object_component>
      <object_component id="oc-4a">
         <name>.text</name>
         <load_address>0x8074</load_address>
         <run_address>0x8074</run_address>
         <size>0x9c</size>
         <input_file_ref idref="fl-25"/>
      </object_component>
      <object_component id="oc-63">
         <name>.text</name>
         <load_address>0x8110</load_address>
         <run_address>0x8110</run_address>
         <size>0x7a</size>
         <input_file_ref idref="fl-26"/>
      </object_component>
      <object_component id="oc-f1">
         <name>.text</name>
         <load_address>0x818a</load_address>
         <run_address>0x818a</run_address>
         <size>0x2</size>
         <input_file_ref idref="fl-28"/>
      </object_component>
      <object_component id="oc-86">
         <name>.text</name>
         <load_address>0x818c</load_address>
         <run_address>0x818c</run_address>
         <size>0x70</size>
         <input_file_ref idref="fl-1f"/>
      </object_component>
      <object_component id="oc-56">
         <name>.text</name>
         <load_address>0x81fc</load_address>
         <run_address>0x81fc</run_address>
         <size>0x6a</size>
         <input_file_ref idref="fl-21"/>
      </object_component>
      <object_component id="oc-92">
         <name>.text</name>
         <load_address>0x8268</load_address>
         <run_address>0x8268</run_address>
         <size>0x50</size>
         <input_file_ref idref="fl-24"/>
      </object_component>
      <object_component id="oc-eb">
         <name>.text</name>
         <load_address>0x82b8</load_address>
         <run_address>0x82b8</run_address>
         <size>0x4c</size>
         <input_file_ref idref="fl-23"/>
      </object_component>
      <object_component id="oc-ff">
         <name>.text</name>
         <load_address>0x8304</load_address>
         <run_address>0x8304</run_address>
         <size>0x4c</size>
         <input_file_ref idref="fl-27"/>
      </object_component>
      <object_component id="oc-1d7">
         <name>.text</name>
         <load_address>0x8350</load_address>
         <run_address>0x8350</run_address>
         <size>0x14</size>
         <input_file_ref idref="fl-29"/>
      </object_component>
      <object_component id="oc-c">
         <name>.text:decompress:none</name>
         <load_address>0x8364</load_address>
         <run_address>0x8364</run_address>
         <size>0xe</size>
         <input_file_ref idref="fl-20"/>
      </object_component>
      <object_component id="oc-12">
         <name>.text:decompress:rle24</name>
         <load_address>0x8372</load_address>
         <run_address>0x8372</run_address>
         <size>0x6</size>
         <input_file_ref idref="fl-21"/>
      </object_component>
      <object_component id="oc-38">
         <name>.text:retain</name>
         <load_address>0x8378</load_address>
         <run_address>0x8378</run_address>
         <size>0x4</size>
         <input_file_ref idref="fl-14"/>
      </object_component>
      <object_component id="oc-2a">
         <name>.const:s_vim_init</name>
         <load_address>0x837c</load_address>
         <run_address>0x837c</run_address>
         <size>0x200</size>
         <input_file_ref idref="fl-19"/>
      </object_component>
      <object_component id="oc-1a7">
         <name>.const:s_canByteOrder</name>
         <load_address>0x857c</load_address>
         <run_address>0x857c</run_address>
         <size>0x20</size>
         <input_file_ref idref="fl-2"/>
      </object_component>
      <object_component id="oc-248">
         <name>.cinit..data.load</name>
         <load_address>0x85a0</load_address>
         <run_address>0x85a0</run_address>
         <size>0x145</size>
      </object_component>
      <object_component id="oc-247">
         <name>.cinit..bss.load</name>
         <load_address>0x86e8</load_address>
         <run_address>0x86e8</run_address>
         <size>0x9</size>
      </object_component>
      <object_component id="oc-245">
         <name>__TI_handler_table</name>
         <load_address>0x86f4</load_address>
         <run_address>0x86f4</run_address>
         <size>0x8</size>
      </object_component>
      <object_component id="oc-246">
         <name>__TI_cinit_table</name>
         <load_address>0x86fc</load_address>
         <run_address>0x86fc</run_address>
         <size>0x10</size>
      </object_component>
      <object_component id="oc-1bb">
         <name>.common:counter</name>
         <uninitialized>true</uninitialized>
         <run_address>0x8001688</run_address>
         <size>0x8</size>
      </object_component>
      <object_component id="oc-1be">
         <name>.common:auth_error_count</name>
         <uninitialized>true</uninitialized>
         <run_address>0x8001690</run_address>
         <size>0x4</size>
      </object_component>
      <object_component id="oc-1bf">
         <name>.common:hr_pointer</name>
         <uninitialized>true</uninitialized>
         <run_address>0x800169b</run_address>
         <size>0x1</size>
      </object_component>
      <object_component id="oc-1c0">
         <name>.common:hp_pointer</name>
         <uninitialized>true</uninitialized>
         <run_address>0x800169a</run_address>
         <size>0x1</size>
      </object_component>
      <object_component id="oc-1c1">
         <name>.common:period</name>
         <uninitialized>true</uninitialized>
         <run_address>0x8001698</run_address>
         <size>0x2</size>
      </object_component>
      <object_component id="oc-10b">
         <name>.common:tx_success_counter</name>
         <uninitialized>true</uninitialized>
         <run_address>0x8001694</run_address>
         <size>0x4</size>
      </object_component>
      <object_component id="oc-1c5">
         <name>.data:hist_recent</name>
         <load_address>0x8001620</load_address>
         <run_address>0x8001620</run_address>
         <size>0x20</size>
         <input_file_ref idref="fl-7"/>
      </object_component>
      <object_component id="oc-1c2">
         <name>.data:hist_periodic</name>
         <load_address>0x8001600</load_address>
         <run_address>0x8001600</run_address>
         <size>0x20</size>
         <input_file_ref idref="fl-7"/>
      </object_component>
      <object_component id="oc-1c8">
         <name>.data:key</name>
         <load_address>0x8001640</load_address>
         <run_address>0x8001640</run_address>
         <size>0x20</size>
         <input_file_ref idref="fl-7"/>
      </object_component>
      <object_component id="oc-202">
         <name>.data:k</name>
         <load_address>0x8001500</load_address>
         <run_address>0x8001500</run_address>
         <size>0x100</size>
         <input_file_ref idref="fl-d"/>
      </object_component>
      <object_component id="oc-10e">
         <name>.data:messages</name>
         <load_address>0x8001660</load_address>
         <run_address>0x8001660</run_address>
         <size>0x10</size>
         <input_file_ref idref="fl-11"/>
      </object_component>
      <object_component id="oc-117">
         <name>.data:$O1$$</name>
         <load_address>0x8001670</load_address>
         <run_address>0x8001670</run_address>
         <size>0xc</size>
         <input_file_ref idref="fl-24"/>
      </object_component>
      <object_component id="oc-1b0">
         <name>.data</name>
         <load_address>0x8001684</load_address>
         <run_address>0x8001684</run_address>
         <size>0x4</size>
         <input_file_ref idref="fl-27"/>
      </object_component>
      <object_component id="oc-11a">
         <name>.data:$O1$$</name>
         <load_address>0x800167c</load_address>
         <run_address>0x800167c</run_address>
         <size>0x8</size>
         <input_file_ref idref="fl-29"/>
      </object_component>
      <object_component id="oc-152">
         <name>.debug_info</name>
         <load_address>0x0</load_address>
         <run_address>0x0</run_address>
         <size>0x243</size>
         <input_file_ref idref="fl-2"/>
      </object_component>
      <object_component id="oc-1a8">
         <name>.debug_info</name>
         <load_address>0x243</load_address>
         <run_address>0x243</run_address>
         <size>0xf4</size>
         <input_file_ref idref="fl-2"/>
      </object_component>
      <object_component id="oc-fa">
         <name>.debug_info</name>
         <load_address>0x337</load_address>
         <run_address>0x337</run_address>
         <size>0x1477</size>
         <input_file_ref idref="fl-2"/>
      </object_component>
      <object_component id="oc-25">
         <name>.debug_info</name>
         <load_address>0x17ae</load_address>
         <run_address>0x17ae</run_address>
         <size>0x40e</size>
         <input_file_ref idref="fl-2"/>
      </object_component>
      <object_component id="oc-a0">
         <name>.debug_info</name>
         <load_address>0x1bbc</load_address>
         <run_address>0x1bbc</run_address>
         <size>0x157</size>
         <input_file_ref idref="fl-2"/>
      </object_component>
      <object_component id="oc-112">
         <name>.debug_info</name>
         <load_address>0x1d13</load_address>
         <run_address>0x1d13</run_address>
         <size>0x8b</size>
         <input_file_ref idref="fl-2"/>
      </object_component>
      <object_component id="oc-b2">
         <name>.debug_info</name>
         <load_address>0x1d9e</load_address>
         <run_address>0x1d9e</run_address>
         <size>0x18c</size>
         <input_file_ref idref="fl-2"/>
      </object_component>
      <object_component id="oc-127">
         <name>.debug_info</name>
         <load_address>0x1f2a</load_address>
         <run_address>0x1f2a</run_address>
         <size>0x18b</size>
         <input_file_ref idref="fl-2"/>
      </object_component>
      <object_component id="oc-b7">
         <name>.debug_info</name>
         <load_address>0x20b5</load_address>
         <run_address>0x20b5</run_address>
         <size>0x86</size>
         <input_file_ref idref="fl-2"/>
      </object_component>
      <object_component id="oc-166">
         <name>.debug_info</name>
         <load_address>0x213b</load_address>
         <run_address>0x213b</run_address>
         <size>0x437</size>
         <input_file_ref idref="fl-2"/>
      </object_component>
      <object_component id="oc-1ab">
         <name>.debug_info</name>
         <load_address>0x2572</load_address>
         <run_address>0x2572</run_address>
         <size>0x15f</size>
         <input_file_ref idref="fl-2"/>
      </object_component>
      <object_component id="oc-147">
         <name>.debug_info</name>
         <load_address>0x26d1</load_address>
         <run_address>0x26d1</run_address>
         <size>0x2d0</size>
         <input_file_ref idref="fl-2"/>
      </object_component>
      <object_component id="oc-ac">
         <name>.debug_info</name>
         <load_address>0x29a1</load_address>
         <run_address>0x29a1</run_address>
         <size>0x10e</size>
         <input_file_ref idref="fl-3"/>
      </object_component>
      <object_component id="oc-ea">
         <name>.debug_info</name>
         <load_address>0x2aaf</load_address>
         <run_address>0x2aaf</run_address>
         <size>0x176</size>
         <input_file_ref idref="fl-4"/>
      </object_component>
      <object_component id="oc-83">
         <name>.debug_info</name>
         <load_address>0x2c25</load_address>
         <run_address>0x2c25</run_address>
         <size>0xb37</size>
         <input_file_ref idref="fl-4"/>
      </object_component>
      <object_component id="oc-2e">
         <name>.debug_info</name>
         <load_address>0x375c</load_address>
         <run_address>0x375c</run_address>
         <size>0x197</size>
         <input_file_ref idref="fl-4"/>
      </object_component>
      <object_component id="oc-12e">
         <name>.debug_info</name>
         <load_address>0x38f3</load_address>
         <run_address>0x38f3</run_address>
         <size>0x1de</size>
         <input_file_ref idref="fl-4"/>
      </object_component>
      <object_component id="oc-e5">
         <name>.debug_info</name>
         <load_address>0x3ad1</load_address>
         <run_address>0x3ad1</run_address>
         <size>0x129</size>
         <input_file_ref idref="fl-4"/>
      </object_component>
      <object_component id="oc-1ea">
         <name>.debug_info</name>
         <load_address>0x3bfa</load_address>
         <run_address>0x3bfa</run_address>
         <size>0xf9</size>
         <input_file_ref idref="fl-5"/>
      </object_component>
      <object_component id="oc-138">
         <name>.debug_info</name>
         <load_address>0x3cf3</load_address>
         <run_address>0x3cf3</run_address>
         <size>0x1f9</size>
         <input_file_ref idref="fl-5"/>
      </object_component>
      <object_component id="oc-219">
         <name>.debug_info</name>
         <load_address>0x3eec</load_address>
         <run_address>0x3eec</run_address>
         <size>0x12a</size>
         <input_file_ref idref="fl-5"/>
      </object_component>
      <object_component id="oc-c4">
         <name>.debug_info</name>
         <load_address>0x4016</load_address>
         <run_address>0x4016</run_address>
         <size>0x84</size>
         <input_file_ref idref="fl-6"/>
      </object_component>
      <object_component id="oc-cc">
         <name>.debug_info</name>
         <load_address>0x409a</load_address>
         <run_address>0x409a</run_address>
         <size>0x2c</size>
         <input_file_ref idref="fl-6"/>
      </object_component>
      <object_component id="oc-1bc">
         <name>.debug_info</name>
         <load_address>0x40c6</load_address>
         <run_address>0x40c6</run_address>
         <size>0x305</size>
         <input_file_ref idref="fl-7"/>
      </object_component>
      <object_component id="oc-1c6">
         <name>.debug_info</name>
         <load_address>0x43cb</load_address>
         <run_address>0x43cb</run_address>
         <size>0xf3</size>
         <input_file_ref idref="fl-7"/>
      </object_component>
      <object_component id="oc-1c3">
         <name>.debug_info</name>
         <load_address>0x44be</load_address>
         <run_address>0x44be</run_address>
         <size>0xf7</size>
         <input_file_ref idref="fl-7"/>
      </object_component>
      <object_component id="oc-1c9">
         <name>.debug_info</name>
         <load_address>0x45b5</load_address>
         <run_address>0x45b5</run_address>
         <size>0xe3</size>
         <input_file_ref idref="fl-7"/>
      </object_component>
      <object_component id="oc-109">
         <name>.debug_info</name>
         <load_address>0x4698</load_address>
         <run_address>0x4698</run_address>
         <size>0x766</size>
         <input_file_ref idref="fl-7"/>
      </object_component>
      <object_component id="oc-1cc">
         <name>.debug_info</name>
         <load_address>0x4dfe</load_address>
         <run_address>0x4dfe</run_address>
         <size>0x86</size>
         <input_file_ref idref="fl-7"/>
      </object_component>
      <object_component id="oc-209">
         <name>.debug_info</name>
         <load_address>0x4e84</load_address>
         <run_address>0x4e84</run_address>
         <size>0xc8</size>
         <input_file_ref idref="fl-7"/>
      </object_component>
      <object_component id="oc-121">
         <name>.debug_info</name>
         <load_address>0x4f4c</load_address>
         <run_address>0x4f4c</run_address>
         <size>0x44f</size>
         <input_file_ref idref="fl-8"/>
      </object_component>
      <object_component id="oc-9a">
         <name>.debug_info</name>
         <load_address>0x539b</load_address>
         <run_address>0x539b</run_address>
         <size>0x985</size>
         <input_file_ref idref="fl-8"/>
      </object_component>
      <object_component id="oc-157">
         <name>.debug_info</name>
         <load_address>0x5d20</load_address>
         <run_address>0x5d20</run_address>
         <size>0x791</size>
         <input_file_ref idref="fl-8"/>
      </object_component>
      <object_component id="oc-15c">
         <name>.debug_info</name>
         <load_address>0x64b1</load_address>
         <run_address>0x64b1</run_address>
         <size>0x4de</size>
         <input_file_ref idref="fl-8"/>
      </object_component>
      <object_component id="oc-161">
         <name>.debug_info</name>
         <load_address>0x698f</load_address>
         <run_address>0x698f</run_address>
         <size>0x3ce</size>
         <input_file_ref idref="fl-8"/>
      </object_component>
      <object_component id="oc-1e5">
         <name>.debug_info</name>
         <load_address>0x6d5d</load_address>
         <run_address>0x6d5d</run_address>
         <size>0x7cd</size>
         <input_file_ref idref="fl-8"/>
      </object_component>
      <object_component id="oc-122">
         <name>.debug_info</name>
         <load_address>0x752a</load_address>
         <run_address>0x752a</run_address>
         <size>0x673</size>
         <input_file_ref idref="fl-8"/>
      </object_component>
      <object_component id="oc-191">
         <name>.debug_info</name>
         <load_address>0x7b9d</load_address>
         <run_address>0x7b9d</run_address>
         <size>0x37b</size>
         <input_file_ref idref="fl-8"/>
      </object_component>
      <object_component id="oc-16b">
         <name>.debug_info</name>
         <load_address>0x7f18</load_address>
         <run_address>0x7f18</run_address>
         <size>0x1ca</size>
         <input_file_ref idref="fl-8"/>
      </object_component>
      <object_component id="oc-133">
         <name>.debug_info</name>
         <load_address>0x80e2</load_address>
         <run_address>0x80e2</run_address>
         <size>0x435</size>
         <input_file_ref idref="fl-8"/>
      </object_component>
      <object_component id="oc-184">
         <name>.debug_info</name>
         <load_address>0x8517</load_address>
         <run_address>0x8517</run_address>
         <size>0x551</size>
         <input_file_ref idref="fl-8"/>
      </object_component>
      <object_component id="oc-170">
         <name>.debug_info</name>
         <load_address>0x8a68</load_address>
         <run_address>0x8a68</run_address>
         <size>0x3d3</size>
         <input_file_ref idref="fl-8"/>
      </object_component>
      <object_component id="oc-17a">
         <name>.debug_info</name>
         <load_address>0x8e3b</load_address>
         <run_address>0x8e3b</run_address>
         <size>0x1de</size>
         <input_file_ref idref="fl-8"/>
      </object_component>
      <object_component id="oc-189">
         <name>.debug_info</name>
         <load_address>0x9019</load_address>
         <run_address>0x9019</run_address>
         <size>0x17a</size>
         <input_file_ref idref="fl-8"/>
      </object_component>
      <object_component id="oc-13d">
         <name>.debug_info</name>
         <load_address>0x9193</load_address>
         <run_address>0x9193</run_address>
         <size>0x6a6</size>
         <input_file_ref idref="fl-8"/>
      </object_component>
      <object_component id="oc-142">
         <name>.debug_info</name>
         <load_address>0x9839</load_address>
         <run_address>0x9839</run_address>
         <size>0x13e</size>
         <input_file_ref idref="fl-8"/>
      </object_component>
      <object_component id="oc-154">
         <name>.debug_info</name>
         <load_address>0x9977</load_address>
         <run_address>0x9977</run_address>
         <size>0xe0</size>
         <input_file_ref idref="fl-9"/>
      </object_component>
      <object_component id="oc-d7">
         <name>.debug_info</name>
         <load_address>0x9a57</load_address>
         <run_address>0x9a57</run_address>
         <size>0x1f5</size>
         <input_file_ref idref="fl-9"/>
      </object_component>
      <object_component id="oc-175">
         <name>.debug_info</name>
         <load_address>0x9c4c</load_address>
         <run_address>0x9c4c</run_address>
         <size>0x508</size>
         <input_file_ref idref="fl-9"/>
      </object_component>
      <object_component id="oc-1ef">
         <name>.debug_info</name>
         <load_address>0xa154</load_address>
         <run_address>0xa154</run_address>
         <size>0x43c</size>
         <input_file_ref idref="fl-9"/>
      </object_component>
      <object_component id="oc-206">
         <name>.debug_info</name>
         <load_address>0xa590</load_address>
         <run_address>0xa590</run_address>
         <size>0x142</size>
         <input_file_ref idref="fl-d"/>
      </object_component>
      <object_component id="oc-203">
         <name>.debug_info</name>
         <load_address>0xa6d2</load_address>
         <run_address>0xa6d2</run_address>
         <size>0xde</size>
         <input_file_ref idref="fl-d"/>
      </object_component>
      <object_component id="oc-1b8">
         <name>.debug_info</name>
         <load_address>0xa7b0</load_address>
         <run_address>0xa7b0</run_address>
         <size>0x45e</size>
         <input_file_ref idref="fl-d"/>
      </object_component>
      <object_component id="oc-71">
         <name>.debug_info</name>
         <load_address>0xac0e</load_address>
         <run_address>0xac0e</run_address>
         <size>0x803</size>
         <input_file_ref idref="fl-e"/>
      </object_component>
      <object_component id="oc-34">
         <name>.debug_info</name>
         <load_address>0xb411</load_address>
         <run_address>0xb411</run_address>
         <size>0x116</size>
         <input_file_ref idref="fl-10"/>
      </object_component>
      <object_component id="oc-10c">
         <name>.debug_info</name>
         <load_address>0xb527</load_address>
         <run_address>0xb527</run_address>
         <size>0x3c8</size>
         <input_file_ref idref="fl-11"/>
      </object_component>
      <object_component id="oc-10f">
         <name>.debug_info</name>
         <load_address>0xb8ef</load_address>
         <run_address>0xb8ef</run_address>
         <size>0xee</size>
         <input_file_ref idref="fl-11"/>
      </object_component>
      <object_component id="oc-8d">
         <name>.debug_info</name>
         <load_address>0xb9dd</load_address>
         <run_address>0xb9dd</run_address>
         <size>0x3ad</size>
         <input_file_ref idref="fl-11"/>
      </object_component>
      <object_component id="oc-1f4">
         <name>.debug_info</name>
         <load_address>0xbd8a</load_address>
         <run_address>0xbd8a</run_address>
         <size>0xff</size>
         <input_file_ref idref="fl-13"/>
      </object_component>
      <object_component id="oc-220">
         <name>.debug_info</name>
         <load_address>0xbe89</load_address>
         <run_address>0xbe89</run_address>
         <size>0x242</size>
         <input_file_ref idref="fl-13"/>
      </object_component>
      <object_component id="oc-17f">
         <name>.debug_info</name>
         <load_address>0xc0cb</load_address>
         <run_address>0xc0cb</run_address>
         <size>0x2af</size>
         <input_file_ref idref="fl-13"/>
      </object_component>
      <object_component id="oc-3a">
         <name>.debug_info</name>
         <load_address>0xc37a</load_address>
         <run_address>0xc37a</run_address>
         <size>0x148</size>
         <input_file_ref idref="fl-14"/>
      </object_component>
      <object_component id="oc-de">
         <name>.debug_info</name>
         <load_address>0xc4c2</load_address>
         <run_address>0xc4c2</run_address>
         <size>0x375</size>
         <input_file_ref idref="fl-16"/>
      </object_component>
      <object_component id="oc-e3">
         <name>.debug_info</name>
         <load_address>0xc837</load_address>
         <run_address>0xc837</run_address>
         <size>0x4cf</size>
         <input_file_ref idref="fl-17"/>
      </object_component>
      <object_component id="oc-7b">
         <name>.debug_info</name>
         <load_address>0xcd06</load_address>
         <run_address>0xcd06</run_address>
         <size>0x2e9a</size>
         <input_file_ref idref="fl-17"/>
      </object_component>
      <object_component id="oc-1f">
         <name>.debug_info</name>
         <load_address>0xfba0</load_address>
         <run_address>0xfba0</run_address>
         <size>0x5b3</size>
         <input_file_ref idref="fl-18"/>
      </object_component>
      <object_component id="oc-a7">
         <name>.debug_info</name>
         <load_address>0x10153</load_address>
         <run_address>0x10153</run_address>
         <size>0x377</size>
         <input_file_ref idref="fl-19"/>
      </object_component>
      <object_component id="oc-2b">
         <name>.debug_info</name>
         <load_address>0x104ca</load_address>
         <run_address>0x104ca</run_address>
         <size>0xf0</size>
         <input_file_ref idref="fl-19"/>
      </object_component>
      <object_component id="oc-46">
         <name>.debug_info</name>
         <load_address>0x105ba</load_address>
         <run_address>0x105ba</run_address>
         <size>0x482</size>
         <input_file_ref idref="fl-19"/>
      </object_component>
      <object_component id="oc-41">
         <name>.debug_info</name>
         <load_address>0x10a3c</load_address>
         <run_address>0x10a3c</run_address>
         <size>0x20b</size>
         <input_file_ref idref="fl-19"/>
      </object_component>
      <object_component id="oc-14c">
         <name>.debug_info</name>
         <load_address>0x10c47</load_address>
         <run_address>0x10c47</run_address>
         <size>0x4f</size>
         <input_file_ref idref="fl-19"/>
      </object_component>
      <object_component id="oc-dc">
         <name>.debug_info</name>
         <load_address>0x10c96</load_address>
         <run_address>0x10c96</run_address>
         <size>0x37c</size>
         <input_file_ref idref="fl-1a"/>
      </object_component>
      <object_component id="oc-75">
         <name>.debug_info</name>
         <load_address>0x11012</load_address>
         <run_address>0x11012</run_address>
         <size>0x741</size>
         <input_file_ref idref="fl-1a"/>
      </object_component>
      <object_component id="oc-f8">
         <name>.debug_info</name>
         <load_address>0x11753</load_address>
         <run_address>0x11753</run_address>
         <size>0x304</size>
         <input_file_ref idref="fl-1f"/>
      </object_component>
      <object_component id="oc-88">
         <name>.debug_info</name>
         <load_address>0x11a57</load_address>
         <run_address>0x11a57</run_address>
         <size>0x1ab</size>
         <input_file_ref idref="fl-1f"/>
      </object_component>
      <object_component id="oc-19d">
         <name>.debug_info</name>
         <load_address>0x11c02</load_address>
         <run_address>0x11c02</run_address>
         <size>0x39</size>
         <input_file_ref idref="fl-1f"/>
      </object_component>
      <object_component id="oc-1a2">
         <name>.debug_info</name>
         <load_address>0x11c3b</load_address>
         <run_address>0x11c3b</run_address>
         <size>0xcd</size>
         <input_file_ref idref="fl-1f"/>
      </object_component>
      <object_component id="oc-55">
         <name>.debug_info</name>
         <load_address>0x11d08</load_address>
         <run_address>0x11d08</run_address>
         <size>0x156</size>
         <input_file_ref idref="fl-20"/>
      </object_component>
      <object_component id="oc-d">
         <name>.debug_info</name>
         <load_address>0x11e5e</load_address>
         <run_address>0x11e5e</run_address>
         <size>0x1e5</size>
         <input_file_ref idref="fl-20"/>
      </object_component>
      <object_component id="oc-50">
         <name>.debug_info</name>
         <load_address>0x12043</load_address>
         <run_address>0x12043</run_address>
         <size>0x46</size>
         <input_file_ref idref="fl-20"/>
      </object_component>
      <object_component id="oc-bd">
         <name>.debug_info</name>
         <load_address>0x12089</load_address>
         <run_address>0x12089</run_address>
         <size>0x2c</size>
         <input_file_ref idref="fl-20"/>
      </object_component>
      <object_component id="oc-5d">
         <name>.debug_info</name>
         <load_address>0x120b5</load_address>
         <run_address>0x120b5</run_address>
         <size>0x14f</size>
         <input_file_ref idref="fl-21"/>
      </object_component>
      <object_component id="oc-57">
         <name>.debug_info</name>
         <load_address>0x12204</load_address>
         <run_address>0x12204</run_address>
         <size>0x262</size>
         <input_file_ref idref="fl-21"/>
      </object_component>
      <object_component id="oc-13">
         <name>.debug_info</name>
         <load_address>0x12466</load_address>
         <run_address>0x12466</run_address>
         <size>0x1cc</size>
         <input_file_ref idref="fl-21"/>
      </object_component>
      <object_component id="oc-5e">
         <name>.debug_info</name>
         <load_address>0x12632</load_address>
         <run_address>0x12632</run_address>
         <size>0x39</size>
         <input_file_ref idref="fl-21"/>
      </object_component>
      <object_component id="oc-199">
         <name>.debug_info</name>
         <load_address>0x1266b</load_address>
         <run_address>0x1266b</run_address>
         <size>0x1fb</size>
         <input_file_ref idref="fl-23"/>
      </object_component>
      <object_component id="oc-ef">
         <name>.debug_info</name>
         <load_address>0x12866</load_address>
         <run_address>0x12866</run_address>
         <size>0x19e</size>
         <input_file_ref idref="fl-23"/>
      </object_component>
      <object_component id="oc-1f7">
         <name>.debug_info</name>
         <load_address>0x12a04</load_address>
         <run_address>0x12a04</run_address>
         <size>0x2c</size>
         <input_file_ref idref="fl-23"/>
      </object_component>
      <object_component id="oc-11e">
         <name>.debug_info</name>
         <load_address>0x12a30</load_address>
         <run_address>0x12a30</run_address>
         <size>0x24f</size>
         <input_file_ref idref="fl-24"/>
      </object_component>
      <object_component id="oc-118">
         <name>.debug_info</name>
         <load_address>0x12c7f</load_address>
         <run_address>0x12c7f</run_address>
         <size>0x1a0</size>
         <input_file_ref idref="fl-24"/>
      </object_component>
      <object_component id="oc-94">
         <name>.debug_info</name>
         <load_address>0x12e1f</load_address>
         <run_address>0x12e1f</run_address>
         <size>0x22f</size>
         <input_file_ref idref="fl-24"/>
      </object_component>
      <object_component id="oc-4c">
         <name>.debug_info</name>
         <load_address>0x1304e</load_address>
         <run_address>0x1304e</run_address>
         <size>0x12c</size>
         <input_file_ref idref="fl-25"/>
      </object_component>
      <object_component id="oc-64">
         <name>.debug_info</name>
         <load_address>0x1317a</load_address>
         <run_address>0x1317a</run_address>
         <size>0x15a</size>
         <input_file_ref idref="fl-26"/>
      </object_component>
      <object_component id="oc-1b4">
         <name>.debug_info</name>
         <load_address>0x132d4</load_address>
         <run_address>0x132d4</run_address>
         <size>0x130</size>
         <input_file_ref idref="fl-27"/>
      </object_component>
      <object_component id="oc-1b1">
         <name>.debug_info</name>
         <load_address>0x13404</load_address>
         <run_address>0x13404</run_address>
         <size>0x10b</size>
         <input_file_ref idref="fl-27"/>
      </object_component>
      <object_component id="oc-101">
         <name>.debug_info</name>
         <load_address>0x1350f</load_address>
         <run_address>0x1350f</run_address>
         <size>0x1bf</size>
         <input_file_ref idref="fl-27"/>
      </object_component>
      <object_component id="oc-f3">
         <name>.debug_info</name>
         <load_address>0x136ce</load_address>
         <run_address>0x136ce</run_address>
         <size>0x160</size>
         <input_file_ref idref="fl-28"/>
      </object_component>
      <object_component id="oc-1df">
         <name>.debug_info</name>
         <load_address>0x1382e</load_address>
         <run_address>0x1382e</run_address>
         <size>0x13f</size>
         <input_file_ref idref="fl-29"/>
      </object_component>
      <object_component id="oc-11b">
         <name>.debug_info</name>
         <load_address>0x1396d</load_address>
         <run_address>0x1396d</run_address>
         <size>0x12e</size>
         <input_file_ref idref="fl-29"/>
      </object_component>
      <object_component id="oc-1da">
         <name>.debug_info</name>
         <load_address>0x13a9b</load_address>
         <run_address>0x13a9b</run_address>
         <size>0x23a</size>
         <input_file_ref idref="fl-29"/>
      </object_component>
      <object_component id="oc-249">
         <name>.debug_info</name>
         <load_address>0x13cd5</load_address>
         <run_address>0x13cd5</run_address>
         <size>0xb5</size>
      </object_component>
      <object_component id="oc-1ec">
         <name>.debug_line</name>
         <load_address>0x0</load_address>
         <run_address>0x0</run_address>
         <size>0x72</size>
         <input_file_ref idref="fl-2"/>
      </object_component>
      <object_component id="oc-1fd">
         <name>.debug_line</name>
         <load_address>0x72</load_address>
         <run_address>0x72</run_address>
         <size>0x33</size>
         <input_file_ref idref="fl-2"/>
      </object_component>
      <object_component id="oc-fe">
         <name>.debug_line</name>
         <load_address>0xa5</load_address>
         <run_address>0xa5</run_address>
         <size>0x451</size>
         <input_file_ref idref="fl-2"/>
      </object_component>
      <object_component id="oc-28">
         <name>.debug_line</name>
         <load_address>0x4f6</load_address>
         <run_address>0x4f6</run_address>
         <size>0x104</size>
         <input_file_ref idref="fl-2"/>
      </object_component>
      <object_component id="oc-a3">
         <name>.debug_line</name>
         <load_address>0x5fa</load_address>
         <run_address>0x5fa</run_address>
         <size>0x7b</size>
         <input_file_ref idref="fl-2"/>
      </object_component>
      <object_component id="oc-115">
         <name>.debug_line</name>
         <load_address>0x675</load_address>
         <run_address>0x675</run_address>
         <size>0x20</size>
         <input_file_ref idref="fl-2"/>
      </object_component>
      <object_component id="oc-b5">
         <name>.debug_line</name>
         <load_address>0x695</load_address>
         <run_address>0x695</run_address>
         <size>0x76</size>
         <input_file_ref idref="fl-2"/>
      </object_component>
      <object_component id="oc-12a">
         <name>.debug_line</name>
         <load_address>0x70b</load_address>
         <run_address>0x70b</run_address>
         <size>0x65</size>
         <input_file_ref idref="fl-2"/>
      </object_component>
      <object_component id="oc-ba">
         <name>.debug_line</name>
         <load_address>0x770</load_address>
         <run_address>0x770</run_address>
         <size>0x79</size>
         <input_file_ref idref="fl-2"/>
      </object_component>
      <object_component id="oc-169">
         <name>.debug_line</name>
         <load_address>0x7e9</load_address>
         <run_address>0x7e9</run_address>
         <size>0x76</size>
         <input_file_ref idref="fl-2"/>
      </object_component>
      <object_component id="oc-1ae">
         <name>.debug_line</name>
         <load_address>0x85f</load_address>
         <run_address>0x85f</run_address>
         <size>0x72</size>
         <input_file_ref idref="fl-2"/>
      </object_component>
      <object_component id="oc-14a">
         <name>.debug_line</name>
         <load_address>0x8d1</load_address>
         <run_address>0x8d1</run_address>
         <size>0x76</size>
         <input_file_ref idref="fl-2"/>
      </object_component>
      <object_component id="oc-ab">
         <name>.debug_line</name>
         <load_address>0x947</load_address>
         <run_address>0x947</run_address>
         <size>0x78</size>
         <input_file_ref idref="fl-3"/>
      </object_component>
      <object_component id="oc-197">
         <name>.debug_line</name>
         <load_address>0x9bf</load_address>
         <run_address>0x9bf</run_address>
         <size>0x72</size>
         <input_file_ref idref="fl-4"/>
      </object_component>
      <object_component id="oc-81">
         <name>.debug_line</name>
         <load_address>0xa31</load_address>
         <run_address>0xa31</run_address>
         <size>0x289</size>
         <input_file_ref idref="fl-4"/>
      </object_component>
      <object_component id="oc-31">
         <name>.debug_line</name>
         <load_address>0xcba</load_address>
         <run_address>0xcba</run_address>
         <size>0x6e</size>
         <input_file_ref idref="fl-4"/>
      </object_component>
      <object_component id="oc-131">
         <name>.debug_line</name>
         <load_address>0xd28</load_address>
         <run_address>0xd28</run_address>
         <size>0x76</size>
         <input_file_ref idref="fl-4"/>
      </object_component>
      <object_component id="oc-e8">
         <name>.debug_line</name>
         <load_address>0xd9e</load_address>
         <run_address>0xd9e</run_address>
         <size>0x72</size>
         <input_file_ref idref="fl-4"/>
      </object_component>
      <object_component id="oc-218">
         <name>.debug_line</name>
         <load_address>0xe10</load_address>
         <run_address>0xe10</run_address>
         <size>0x20</size>
         <input_file_ref idref="fl-5"/>
      </object_component>
      <object_component id="oc-13b">
         <name>.debug_line</name>
         <load_address>0xe30</load_address>
         <run_address>0xe30</run_address>
         <size>0x76</size>
         <input_file_ref idref="fl-5"/>
      </object_component>
      <object_component id="oc-21c">
         <name>.debug_line</name>
         <load_address>0xea6</load_address>
         <run_address>0xea6</run_address>
         <size>0x72</size>
         <input_file_ref idref="fl-5"/>
      </object_component>
      <object_component id="oc-c7">
         <name>.debug_line</name>
         <load_address>0xf18</load_address>
         <run_address>0xf18</run_address>
         <size>0x20</size>
         <input_file_ref idref="fl-6"/>
      </object_component>
      <object_component id="oc-cf">
         <name>.debug_line</name>
         <load_address>0xf38</load_address>
         <run_address>0xf38</run_address>
         <size>0x65</size>
         <input_file_ref idref="fl-6"/>
      </object_component>
      <object_component id="oc-208">
         <name>.debug_line</name>
         <load_address>0xf9d</load_address>
         <run_address>0xf9d</run_address>
         <size>0xd1</size>
         <input_file_ref idref="fl-7"/>
      </object_component>
      <object_component id="oc-211">
         <name>.debug_line</name>
         <load_address>0x106e</load_address>
         <run_address>0x106e</run_address>
         <size>0x37</size>
         <input_file_ref idref="fl-7"/>
      </object_component>
      <object_component id="oc-20f">
         <name>.debug_line</name>
         <load_address>0x10a5</load_address>
         <run_address>0x10a5</run_address>
         <size>0x37</size>
         <input_file_ref idref="fl-7"/>
      </object_component>
      <object_component id="oc-213">
         <name>.debug_line</name>
         <load_address>0x10dc</load_address>
         <run_address>0x10dc</run_address>
         <size>0x37</size>
         <input_file_ref idref="fl-7"/>
      </object_component>
      <object_component id="oc-108">
         <name>.debug_line</name>
         <load_address>0x1113</load_address>
         <run_address>0x1113</run_address>
         <size>0x1b5</size>
         <input_file_ref idref="fl-7"/>
      </object_component>
      <object_component id="oc-1cf">
         <name>.debug_line</name>
         <load_address>0x12c8</load_address>
         <run_address>0x12c8</run_address>
         <size>0x75</size>
         <input_file_ref idref="fl-7"/>
      </object_component>
      <object_component id="oc-20c">
         <name>.debug_line</name>
         <load_address>0x133d</load_address>
         <run_address>0x133d</run_address>
         <size>0x64</size>
         <input_file_ref idref="fl-7"/>
      </object_component>
      <object_component id="oc-1e4">
         <name>.debug_line</name>
         <load_address>0x13a1</load_address>
         <run_address>0x13a1</run_address>
         <size>0xc8</size>
         <input_file_ref idref="fl-8"/>
      </object_component>
      <object_component id="oc-9d">
         <name>.debug_line</name>
         <load_address>0x1469</load_address>
         <run_address>0x1469</run_address>
         <size>0x113</size>
         <input_file_ref idref="fl-8"/>
      </object_component>
      <object_component id="oc-15a">
         <name>.debug_line</name>
         <load_address>0x157c</load_address>
         <run_address>0x157c</run_address>
         <size>0x76</size>
         <input_file_ref idref="fl-8"/>
      </object_component>
      <object_component id="oc-15f">
         <name>.debug_line</name>
         <load_address>0x15f2</load_address>
         <run_address>0x15f2</run_address>
         <size>0x79</size>
         <input_file_ref idref="fl-8"/>
      </object_component>
      <object_component id="oc-164">
         <name>.debug_line</name>
         <load_address>0x166b</load_address>
         <run_address>0x166b</run_address>
         <size>0x76</size>
         <input_file_ref idref="fl-8"/>
      </object_component>
      <object_component id="oc-1e8">
         <name>.debug_line</name>
         <load_address>0x16e1</load_address>
         <run_address>0x16e1</run_address>
         <size>0x76</size>
         <input_file_ref idref="fl-8"/>
      </object_component>
      <object_component id="oc-125">
         <name>.debug_line</name>
         <load_address>0x1757</load_address>
         <run_address>0x1757</run_address>
         <size>0x76</size>
         <input_file_ref idref="fl-8"/>
      </object_component>
      <object_component id="oc-194">
         <name>.debug_line</name>
         <load_address>0x17cd</load_address>
         <run_address>0x17cd</run_address>
         <size>0x7b</size>
         <input_file_ref idref="fl-8"/>
      </object_component>
      <object_component id="oc-16e">
         <name>.debug_line</name>
         <load_address>0x1848</load_address>
         <run_address>0x1848</run_address>
         <size>0x76</size>
         <input_file_ref idref="fl-8"/>
      </object_component>
      <object_component id="oc-136">
         <name>.debug_line</name>
         <load_address>0x18be</load_address>
         <run_address>0x18be</run_address>
         <size>0x78</size>
         <input_file_ref idref="fl-8"/>
      </object_component>
      <object_component id="oc-187">
         <name>.debug_line</name>
         <load_address>0x1936</load_address>
         <run_address>0x1936</run_address>
         <size>0x75</size>
         <input_file_ref idref="fl-8"/>
      </object_component>
      <object_component id="oc-173">
         <name>.debug_line</name>
         <load_address>0x19ab</load_address>
         <run_address>0x19ab</run_address>
         <size>0x76</size>
         <input_file_ref idref="fl-8"/>
      </object_component>
      <object_component id="oc-17d">
         <name>.debug_line</name>
         <load_address>0x1a21</load_address>
         <run_address>0x1a21</run_address>
         <size>0x78</size>
         <input_file_ref idref="fl-8"/>
      </object_component>
      <object_component id="oc-18c">
         <name>.debug_line</name>
         <load_address>0x1a99</load_address>
         <run_address>0x1a99</run_address>
         <size>0x76</size>
         <input_file_ref idref="fl-8"/>
      </object_component>
      <object_component id="oc-140">
         <name>.debug_line</name>
         <load_address>0x1b0f</load_address>
         <run_address>0x1b0f</run_address>
         <size>0x79</size>
         <input_file_ref idref="fl-8"/>
      </object_component>
      <object_component id="oc-145">
         <name>.debug_line</name>
         <load_address>0x1b88</load_address>
         <run_address>0x1b88</run_address>
         <size>0x78</size>
         <input_file_ref idref="fl-8"/>
      </object_component>
      <object_component id="oc-1ee">
         <name>.debug_line</name>
         <load_address>0x1c00</load_address>
         <run_address>0x1c00</run_address>
         <size>0x20</size>
         <input_file_ref idref="fl-9"/>
      </object_component>
      <object_component id="oc-da">
         <name>.debug_line</name>
         <load_address>0x1c20</load_address>
         <run_address>0x1c20</run_address>
         <size>0xd7</size>
         <input_file_ref idref="fl-9"/>
      </object_component>
      <object_component id="oc-178">
         <name>.debug_line</name>
         <load_address>0x1cf7</load_address>
         <run_address>0x1cf7</run_address>
         <size>0x79</size>
         <input_file_ref idref="fl-9"/>
      </object_component>
      <object_component id="oc-1f2">
         <name>.debug_line</name>
         <load_address>0x1d70</load_address>
         <run_address>0x1d70</run_address>
         <size>0x75</size>
         <input_file_ref idref="fl-9"/>
      </object_component>
      <object_component id="oc-228">
         <name>.debug_line</name>
         <load_address>0x1de5</load_address>
         <run_address>0x1de5</run_address>
         <size>0x65</size>
         <input_file_ref idref="fl-d"/>
      </object_component>
      <object_component id="oc-226">
         <name>.debug_line</name>
         <load_address>0x1e4a</load_address>
         <run_address>0x1e4a</run_address>
         <size>0x36</size>
         <input_file_ref idref="fl-d"/>
      </object_component>
      <object_component id="oc-1b7">
         <name>.debug_line</name>
         <load_address>0x1e80</load_address>
         <run_address>0x1e80</run_address>
         <size>0x159</size>
         <input_file_ref idref="fl-d"/>
      </object_component>
      <object_component id="oc-70">
         <name>.debug_line</name>
         <load_address>0x1fd9</load_address>
         <run_address>0x1fd9</run_address>
         <size>0x2e4</size>
         <input_file_ref idref="fl-e"/>
      </object_component>
      <object_component id="oc-37">
         <name>.debug_line</name>
         <load_address>0x22bd</load_address>
         <run_address>0x22bd</run_address>
         <size>0x4f</size>
         <input_file_ref idref="fl-10"/>
      </object_component>
      <object_component id="oc-1d2">
         <name>.debug_line</name>
         <load_address>0x230c</load_address>
         <run_address>0x230c</run_address>
         <size>0x17c</size>
         <input_file_ref idref="fl-11"/>
      </object_component>
      <object_component id="oc-1d4">
         <name>.debug_line</name>
         <load_address>0x2488</load_address>
         <run_address>0x2488</run_address>
         <size>0x38</size>
         <input_file_ref idref="fl-11"/>
      </object_component>
      <object_component id="oc-91">
         <name>.debug_line</name>
         <load_address>0x24c0</load_address>
         <run_address>0x24c0</run_address>
         <size>0xa0</size>
         <input_file_ref idref="fl-11"/>
      </object_component>
      <object_component id="oc-21f">
         <name>.debug_line</name>
         <load_address>0x2560</load_address>
         <run_address>0x2560</run_address>
         <size>0x20</size>
         <input_file_ref idref="fl-13"/>
      </object_component>
      <object_component id="oc-223">
         <name>.debug_line</name>
         <load_address>0x2580</load_address>
         <run_address>0x2580</run_address>
         <size>0x76</size>
         <input_file_ref idref="fl-13"/>
      </object_component>
      <object_component id="oc-182">
         <name>.debug_line</name>
         <load_address>0x25f6</load_address>
         <run_address>0x25f6</run_address>
         <size>0x76</size>
         <input_file_ref idref="fl-13"/>
      </object_component>
      <object_component id="oc-3d">
         <name>.debug_line</name>
         <load_address>0x266c</load_address>
         <run_address>0x266c</run_address>
         <size>0x4b</size>
         <input_file_ref idref="fl-14"/>
      </object_component>
      <object_component id="oc-e1">
         <name>.debug_line</name>
         <load_address>0x26b7</load_address>
         <run_address>0x26b7</run_address>
         <size>0x125</size>
         <input_file_ref idref="fl-16"/>
      </object_component>
      <object_component id="oc-190">
         <name>.debug_line</name>
         <load_address>0x27dc</load_address>
         <run_address>0x27dc</run_address>
         <size>0x128</size>
         <input_file_ref idref="fl-17"/>
      </object_component>
      <object_component id="oc-7e">
         <name>.debug_line</name>
         <load_address>0x2904</load_address>
         <run_address>0x2904</run_address>
         <size>0xd30</size>
         <input_file_ref idref="fl-17"/>
      </object_component>
      <object_component id="oc-22">
         <name>.debug_line</name>
         <load_address>0x3634</load_address>
         <run_address>0x3634</run_address>
         <size>0xfb</size>
         <input_file_ref idref="fl-18"/>
      </object_component>
      <object_component id="oc-12d">
         <name>.debug_line</name>
         <load_address>0x372f</load_address>
         <run_address>0x372f</run_address>
         <size>0xc8</size>
         <input_file_ref idref="fl-19"/>
      </object_component>
      <object_component id="oc-a6">
         <name>.debug_line</name>
         <load_address>0x37f7</load_address>
         <run_address>0x37f7</run_address>
         <size>0x37</size>
         <input_file_ref idref="fl-19"/>
      </object_component>
      <object_component id="oc-48">
         <name>.debug_line</name>
         <load_address>0x382e</load_address>
         <run_address>0x382e</run_address>
         <size>0x1c5</size>
         <input_file_ref idref="fl-19"/>
      </object_component>
      <object_component id="oc-49">
         <name>.debug_line</name>
         <load_address>0x39f3</load_address>
         <run_address>0x39f3</run_address>
         <size>0xb2</size>
         <input_file_ref idref="fl-19"/>
      </object_component>
      <object_component id="oc-14f">
         <name>.debug_line</name>
         <load_address>0x3aa5</load_address>
         <run_address>0x3aa5</run_address>
         <size>0x37</size>
         <input_file_ref idref="fl-19"/>
      </object_component>
      <object_component id="oc-156">
         <name>.debug_line</name>
         <load_address>0x3adc</load_address>
         <run_address>0x3adc</run_address>
         <size>0x127</size>
         <input_file_ref idref="fl-1a"/>
      </object_component>
      <object_component id="oc-78">
         <name>.debug_line</name>
         <load_address>0x3c03</load_address>
         <run_address>0x3c03</run_address>
         <size>0x243</size>
         <input_file_ref idref="fl-1a"/>
      </object_component>
      <object_component id="oc-19c">
         <name>.debug_line</name>
         <load_address>0x3e46</load_address>
         <run_address>0x3e46</run_address>
         <size>0xc4</size>
         <input_file_ref idref="fl-1f"/>
      </object_component>
      <object_component id="oc-87">
         <name>.debug_line</name>
         <load_address>0x3f0a</load_address>
         <run_address>0x3f0a</run_address>
         <size>0x91</size>
         <input_file_ref idref="fl-1f"/>
      </object_component>
      <object_component id="oc-1a0">
         <name>.debug_line</name>
         <load_address>0x3f9b</load_address>
         <run_address>0x3f9b</run_address>
         <size>0x2e</size>
         <input_file_ref idref="fl-1f"/>
      </object_component>
      <object_component id="oc-1a5">
         <name>.debug_line</name>
         <load_address>0x3fc9</load_address>
         <run_address>0x3fc9</run_address>
         <size>0xa6</size>
         <input_file_ref idref="fl-1f"/>
      </object_component>
      <object_component id="oc-c3">
         <name>.debug_line</name>
         <load_address>0x406f</load_address>
         <run_address>0x406f</run_address>
         <size>0xa5</size>
         <input_file_ref idref="fl-20"/>
      </object_component>
      <object_component id="oc-10">
         <name>.debug_line</name>
         <load_address>0x4114</load_address>
         <run_address>0x4114</run_address>
         <size>0x58</size>
         <input_file_ref idref="fl-20"/>
      </object_component>
      <object_component id="oc-53">
         <name>.debug_line</name>
         <load_address>0x416c</load_address>
         <run_address>0x416c</run_address>
         <size>0x3a</size>
         <input_file_ref idref="fl-20"/>
      </object_component>
      <object_component id="oc-c0">
         <name>.debug_line</name>
         <load_address>0x41a6</load_address>
         <run_address>0x41a6</run_address>
         <size>0xa5</size>
         <input_file_ref idref="fl-20"/>
      </object_component>
      <object_component id="oc-cb">
         <name>.debug_line</name>
         <load_address>0x424b</load_address>
         <run_address>0x424b</run_address>
         <size>0xa5</size>
         <input_file_ref idref="fl-21"/>
      </object_component>
      <object_component id="oc-5a">
         <name>.debug_line</name>
         <load_address>0x42f0</load_address>
         <run_address>0x42f0</run_address>
         <size>0x9e</size>
         <input_file_ref idref="fl-21"/>
      </object_component>
      <object_component id="oc-16">
         <name>.debug_line</name>
         <load_address>0x438e</load_address>
         <run_address>0x438e</run_address>
         <size>0x4b</size>
         <input_file_ref idref="fl-21"/>
      </object_component>
      <object_component id="oc-61">
         <name>.debug_line</name>
         <load_address>0x43d9</load_address>
         <run_address>0x43d9</run_address>
         <size>0x39</size>
         <input_file_ref idref="fl-21"/>
      </object_component>
      <object_component id="oc-1f6">
         <name>.debug_line</name>
         <load_address>0x4412</load_address>
         <run_address>0x4412</run_address>
         <size>0xb3</size>
         <input_file_ref idref="fl-23"/>
      </object_component>
      <object_component id="oc-ee">
         <name>.debug_line</name>
         <load_address>0x44c5</load_address>
         <run_address>0x44c5</run_address>
         <size>0x7a</size>
         <input_file_ref idref="fl-23"/>
      </object_component>
      <object_component id="oc-1fa">
         <name>.debug_line</name>
         <load_address>0x453f</load_address>
         <run_address>0x453f</run_address>
         <size>0x2e</size>
         <input_file_ref idref="fl-23"/>
      </object_component>
      <object_component id="oc-1e2">
         <name>.debug_line</name>
         <load_address>0x456d</load_address>
         <run_address>0x456d</run_address>
         <size>0x128</size>
         <input_file_ref idref="fl-24"/>
      </object_component>
      <object_component id="oc-1d6">
         <name>.debug_line</name>
         <load_address>0x4695</load_address>
         <run_address>0x4695</run_address>
         <size>0x2a</size>
         <input_file_ref idref="fl-24"/>
      </object_component>
      <object_component id="oc-93">
         <name>.debug_line</name>
         <load_address>0x46bf</load_address>
         <run_address>0x46bf</run_address>
         <size>0x86</size>
         <input_file_ref idref="fl-24"/>
      </object_component>
      <object_component id="oc-4b">
         <name>.debug_line</name>
         <load_address>0x4745</load_address>
         <run_address>0x4745</run_address>
         <size>0x88</size>
         <input_file_ref idref="fl-25"/>
      </object_component>
      <object_component id="oc-67">
         <name>.debug_line</name>
         <load_address>0x47cd</load_address>
         <run_address>0x47cd</run_address>
         <size>0x79</size>
         <input_file_ref idref="fl-26"/>
      </object_component>
      <object_component id="oc-201">
         <name>.debug_line</name>
         <load_address>0x4846</load_address>
         <run_address>0x4846</run_address>
         <size>0xa4</size>
         <input_file_ref idref="fl-27"/>
      </object_component>
      <object_component id="oc-1ff">
         <name>.debug_line</name>
         <load_address>0x48ea</load_address>
         <run_address>0x48ea</run_address>
         <size>0x2a</size>
         <input_file_ref idref="fl-27"/>
      </object_component>
      <object_component id="oc-103">
         <name>.debug_line</name>
         <load_address>0x4914</load_address>
         <run_address>0x4914</run_address>
         <size>0x68</size>
         <input_file_ref idref="fl-27"/>
      </object_component>
      <object_component id="oc-f2">
         <name>.debug_line</name>
         <load_address>0x497c</load_address>
         <run_address>0x497c</run_address>
         <size>0x3c</size>
         <input_file_ref idref="fl-28"/>
      </object_component>
      <object_component id="oc-216">
         <name>.debug_line</name>
         <load_address>0x49b8</load_address>
         <run_address>0x49b8</run_address>
         <size>0x20</size>
         <input_file_ref idref="fl-29"/>
      </object_component>
      <object_component id="oc-1de">
         <name>.debug_line</name>
         <load_address>0x49d8</load_address>
         <run_address>0x49d8</run_address>
         <size>0x2b</size>
         <input_file_ref idref="fl-29"/>
      </object_component>
      <object_component id="oc-1d8">
         <name>.debug_line</name>
         <load_address>0x4a03</load_address>
         <run_address>0x4a03</run_address>
         <size>0x68</size>
         <input_file_ref idref="fl-29"/>
      </object_component>
      <object_component id="oc-fd">
         <name>.debug_frame</name>
         <load_address>0x0</load_address>
         <run_address>0x0</run_address>
         <size>0x266</size>
         <input_file_ref idref="fl-2"/>
      </object_component>
      <object_component id="oc-29">
         <name>.debug_frame</name>
         <load_address>0x266</load_address>
         <run_address>0x266</run_address>
         <size>0x1bc</size>
         <input_file_ref idref="fl-2"/>
      </object_component>
      <object_component id="oc-82">
         <name>.debug_frame</name>
         <load_address>0x422</load_address>
         <run_address>0x422</run_address>
         <size>0x1b6</size>
         <input_file_ref idref="fl-4"/>
      </object_component>
      <object_component id="oc-32">
         <name>.debug_frame</name>
         <load_address>0x5d8</load_address>
         <run_address>0x5d8</run_address>
         <size>0x9f</size>
         <input_file_ref idref="fl-4"/>
      </object_component>
      <object_component id="oc-107">
         <name>.debug_frame</name>
         <load_address>0x677</load_address>
         <run_address>0x677</run_address>
         <size>0xd4</size>
         <input_file_ref idref="fl-7"/>
      </object_component>
      <object_component id="oc-9e">
         <name>.debug_frame</name>
         <load_address>0x74b</load_address>
         <run_address>0x74b</run_address>
         <size>0xfd</size>
         <input_file_ref idref="fl-8"/>
      </object_component>
      <object_component id="oc-d9">
         <name>.debug_frame</name>
         <load_address>0x848</load_address>
         <run_address>0x848</run_address>
         <size>0x6b</size>
         <input_file_ref idref="fl-9"/>
      </object_component>
      <object_component id="oc-1b6">
         <name>.debug_frame</name>
         <load_address>0x8b3</load_address>
         <run_address>0x8b3</run_address>
         <size>0xb4</size>
         <input_file_ref idref="fl-d"/>
      </object_component>
      <object_component id="oc-90">
         <name>.debug_frame</name>
         <load_address>0x967</load_address>
         <run_address>0x967</run_address>
         <size>0x70</size>
         <input_file_ref idref="fl-11"/>
      </object_component>
      <object_component id="oc-39">
         <name>.debug_frame</name>
         <load_address>0x9d7</load_address>
         <run_address>0x9d7</run_address>
         <size>0x51</size>
         <input_file_ref idref="fl-14"/>
      </object_component>
      <object_component id="oc-7f">
         <name>.debug_frame</name>
         <load_address>0xa28</load_address>
         <run_address>0xa28</run_address>
         <size>0x570</size>
         <input_file_ref idref="fl-17"/>
      </object_component>
      <object_component id="oc-23">
         <name>.debug_frame</name>
         <load_address>0xf98</load_address>
         <run_address>0xf98</run_address>
         <size>0x50</size>
         <input_file_ref idref="fl-18"/>
      </object_component>
      <object_component id="oc-44">
         <name>.debug_frame</name>
         <load_address>0xfe8</load_address>
         <run_address>0xfe8</run_address>
         <size>0xb6</size>
         <input_file_ref idref="fl-19"/>
      </object_component>
      <object_component id="oc-3f">
         <name>.debug_frame</name>
         <load_address>0x109e</load_address>
         <run_address>0x109e</run_address>
         <size>0xa0</size>
         <input_file_ref idref="fl-19"/>
      </object_component>
      <object_component id="oc-79">
         <name>.debug_frame</name>
         <load_address>0x113e</load_address>
         <run_address>0x113e</run_address>
         <size>0x115</size>
         <input_file_ref idref="fl-1a"/>
      </object_component>
      <object_component id="oc-8b">
         <name>.debug_frame</name>
         <load_address>0x1253</load_address>
         <run_address>0x1253</run_address>
         <size>0x5c</size>
         <input_file_ref idref="fl-1f"/>
      </object_component>
      <object_component id="oc-11">
         <name>.debug_frame</name>
         <load_address>0x12af</load_address>
         <run_address>0x12af</run_address>
         <size>0x51</size>
         <input_file_ref idref="fl-20"/>
      </object_component>
      <object_component id="oc-5b">
         <name>.debug_frame</name>
         <load_address>0x1300</load_address>
         <run_address>0x1300</run_address>
         <size>0x60</size>
         <input_file_ref idref="fl-21"/>
      </object_component>
      <object_component id="oc-17">
         <name>.debug_frame</name>
         <load_address>0x1360</load_address>
         <run_address>0x1360</run_address>
         <size>0x51</size>
         <input_file_ref idref="fl-21"/>
      </object_component>
      <object_component id="oc-ed">
         <name>.debug_frame</name>
         <load_address>0x13b1</load_address>
         <run_address>0x13b1</run_address>
         <size>0x60</size>
         <input_file_ref idref="fl-23"/>
      </object_component>
      <object_component id="oc-97">
         <name>.debug_frame</name>
         <load_address>0x1411</load_address>
         <run_address>0x1411</run_address>
         <size>0x85</size>
         <input_file_ref idref="fl-24"/>
      </object_component>
      <object_component id="oc-104">
         <name>.debug_frame</name>
         <load_address>0x1496</load_address>
         <run_address>0x1496</run_address>
         <size>0x70</size>
         <input_file_ref idref="fl-27"/>
      </object_component>
      <object_component id="oc-f6">
         <name>.debug_frame</name>
         <load_address>0x1506</load_address>
         <run_address>0x1506</run_address>
         <size>0x51</size>
         <input_file_ref idref="fl-28"/>
      </object_component>
      <object_component id="oc-1d9">
         <name>.debug_frame</name>
         <load_address>0x1557</load_address>
         <run_address>0x1557</run_address>
         <size>0x73</size>
         <input_file_ref idref="fl-29"/>
      </object_component>
      <object_component id="oc-1eb">
         <name>.debug_abbrev</name>
         <load_address>0x0</load_address>
         <run_address>0x0</run_address>
         <size>0x86</size>
         <input_file_ref idref="fl-2"/>
      </object_component>
      <object_component id="oc-1fc">
         <name>.debug_abbrev</name>
         <load_address>0x86</load_address>
         <run_address>0x86</run_address>
         <size>0x27</size>
         <input_file_ref idref="fl-2"/>
      </object_component>
      <object_component id="oc-1aa">
         <name>.debug_abbrev</name>
         <load_address>0xad</load_address>
         <run_address>0xad</run_address>
         <size>0xc8</size>
         <input_file_ref idref="fl-2"/>
      </object_component>
      <object_component id="oc-9f">
         <name>.debug_abbrev</name>
         <load_address>0x175</load_address>
         <run_address>0x175</run_address>
         <size>0x6f</size>
         <input_file_ref idref="fl-2"/>
      </object_component>
      <object_component id="oc-a2">
         <name>.debug_abbrev</name>
         <load_address>0x1e4</load_address>
         <run_address>0x1e4</run_address>
         <size>0x5a</size>
         <input_file_ref idref="fl-2"/>
      </object_component>
      <object_component id="oc-114">
         <name>.debug_abbrev</name>
         <load_address>0x23e</load_address>
         <run_address>0x23e</run_address>
         <size>0x1f</size>
         <input_file_ref idref="fl-2"/>
      </object_component>
      <object_component id="oc-b4">
         <name>.debug_abbrev</name>
         <load_address>0x25d</load_address>
         <run_address>0x25d</run_address>
         <size>0x7c</size>
         <input_file_ref idref="fl-2"/>
      </object_component>
      <object_component id="oc-129">
         <name>.debug_abbrev</name>
         <load_address>0x2d9</load_address>
         <run_address>0x2d9</run_address>
         <size>0x35</size>
         <input_file_ref idref="fl-2"/>
      </object_component>
      <object_component id="oc-b9">
         <name>.debug_abbrev</name>
         <load_address>0x30e</load_address>
         <run_address>0x30e</run_address>
         <size>0x55</size>
         <input_file_ref idref="fl-2"/>
      </object_component>
      <object_component id="oc-168">
         <name>.debug_abbrev</name>
         <load_address>0x363</load_address>
         <run_address>0x363</run_address>
         <size>0x4b</size>
         <input_file_ref idref="fl-2"/>
      </object_component>
      <object_component id="oc-1ad">
         <name>.debug_abbrev</name>
         <load_address>0x3ae</load_address>
         <run_address>0x3ae</run_address>
         <size>0x7a</size>
         <input_file_ref idref="fl-2"/>
      </object_component>
      <object_component id="oc-149">
         <name>.debug_abbrev</name>
         <load_address>0x428</load_address>
         <run_address>0x428</run_address>
         <size>0x4b</size>
         <input_file_ref idref="fl-2"/>
      </object_component>
      <object_component id="oc-151">
         <name>.debug_abbrev</name>
         <load_address>0x473</load_address>
         <run_address>0x473</run_address>
         <size>0x36</size>
         <input_file_ref idref="fl-3"/>
      </object_component>
      <object_component id="oc-196">
         <name>.debug_abbrev</name>
         <load_address>0x4a9</load_address>
         <run_address>0x4a9</run_address>
[...]
         <name>_esmCcmErrorsClear_</name>
         <value>0x7150</value>
         <object_component_ref idref="oc-6f"/>
      </symbol>
      <symbol id="sm-330">
         <name>_gotoCPUIdle_</name>
         <value>0x7014</value>
         <object_component_ref idref="oc-6f"/>
      </symbol>
      <symbol id="sm-331">
         <name>_coreEnableIrqVicOffset_</name>
         <value>0x70a8</value>
         <object_component_ref idref="oc-6f"/>
      </symbol>
      <symbol id="sm-332">
         <name>_coreGetInstructionFault_</name>
         <value>0x70cc</value>
         <object_component_ref idref="oc-6f"/>
      </symbol>
      <symbol id="sm-333">
         <name>_coreEnableVfp_</name>
         <value>0x702c</value>
         <object_component_ref idref="oc-6f"/>
      </symbol>
      <symbol id="sm-334">
         <name>_coreClearAuxiliaryDataFault_</name>
         <value>0x7110</value>
         <object_component_ref idref="oc-6f"/>
      </symbol>
      <symbol id="sm-335">
         <name>_coreEnableEventBusExport_</name>
         <value>0x7044</value>
         <object_component_ref idref="oc-6f"/>
      </symbol>
      <symbol id="sm-342">
         <name>resetEntry</name>
         <value>0x0</value>
         <object_component_ref idref="oc-33"/>
      </symbol>
      <symbol id="sm-365">
         <name>tx_success_counter</name>
         <value>0x8001694</value>
      </symbol>
      <symbol id="sm-366">
         <name>checkPackets</name>
         <value>0x7b80</value>
         <object_component_ref idref="oc-8c"/>
      </symbol>
      <symbol id="sm-367">
         <name>main</name>
         <value>0x7a90</value>
         <object_component_ref idref="oc-8c"/>
      </symbol>
      <symbol id="sm-368">
         <name>messages</name>
         <value>0x8001660</value>
         <object_component_ref idref="oc-10e"/>
      </symbol>
      <symbol id="sm-381">
         <name>phantomInterrupt</name>
         <value>0x8378</value>
         <object_component_ref idref="oc-38"/>
      </symbol>
      <symbol id="sm-38b">
         <name>_pmuResetCounters_</name>
         <value>0x8020</value>
         <object_component_ref idref="oc-dd"/>
      </symbol>
      <symbol id="sm-38c">
         <name>_pmuGetEventCount_</name>
         <value>0x8054</value>
         <object_component_ref idref="oc-dd"/>
      </symbol>
      <symbol id="sm-38d">
         <name>_pmuResetEventCounters_</name>
         <value>0x8010</value>
         <object_component_ref idref="oc-dd"/>
      </symbol>
      <symbol id="sm-38e">
         <name>_pmuStopCounters_</name>
         <value>0x8038</value>
         <object_component_ref idref="oc-dd"/>
      </symbol>
      <symbol id="sm-38f">
         <name>_pmuInit_</name>
         <value>0x7f94</value>
         <object_component_ref idref="oc-dd"/>
      </symbol>
      <symbol id="sm-390">
         <name>_pmuGetOverflow_</name>
         <value>0x8060</value>
         <object_component_ref idref="oc-dd"/>
      </symbol>
      <symbol id="sm-391">
         <name>_pmuResetCycleCounter_</name>
         <value>0x8000</value>
         <object_component_ref idref="oc-dd"/>
      </symbol>
      <symbol id="sm-392">
         <name>_pmuSetCountEvent_</name>
         <value>0x8040</value>
         <object_component_ref idref="oc-dd"/>
      </symbol>
      <symbol id="sm-393">
         <name>_pmuGetCycleCount_</name>
         <value>0x804c</value>
         <object_component_ref idref="oc-dd"/>
      </symbol>
      <symbol id="sm-394">
         <name>_pmuEnableCountersGlobal_</name>
         <value>0x7fe0</value>
         <object_component_ref idref="oc-dd"/>
      </symbol>
      <symbol id="sm-395">
         <name>_pmuDisableCountersGlobal_</name>
         <value>0x7ff0</value>
         <object_component_ref idref="oc-dd"/>
      </symbol>
      <symbol id="sm-396">
         <name>_pmuStartCounters_</name>
         <value>0x8030</value>
         <object_component_ref idref="oc-dd"/>
      </symbol>
      <symbol id="sm-556">
         <name>pbistSelfCheck</name>
         <value>0x2cc</value>
         <object_component_ref idref="oc-7a"/>
      </symbol>
      <symbol id="sm-557">
         <name>fmcBus1ParityCheck</name>
         <value>0x22c4</value>
         <object_component_ref idref="oc-7a"/>
      </symbol>
      <symbol id="sm-558">
         <name>can1ParityCheck</name>
         <value>0x1410</value>
         <object_component_ref idref="oc-7a"/>
      </symbol>
      <symbol id="sm-559">
         <name>enableParity</name>
         <value>0x2ad0</value>
         <object_component_ref idref="oc-7a"/>
      </symbol>
      <symbol id="sm-55a">
         <name>dmaParityCheck</name>
         <value>0xeac</value>
         <object_component_ref idref="oc-7a"/>
      </symbol>
      <symbol id="sm-55b">
         <name>custom_dabort</name>
         <value>0xdf4</value>
         <object_component_ref idref="oc-7a"/>
      </symbol>
      <symbol id="sm-55c">
         <name>memoryInit</name>
         <value>0x174</value>
         <object_component_ref idref="oc-7a"/>
      </symbol>
      <symbol id="sm-55d">
         <name>stcSelfCheck</name>
         <value>0x1b8</value>
         <object_component_ref idref="oc-7a"/>
      </symbol>
      <symbol id="sm-55e">
         <name>efcGetConfigValue</name>
         <value>0x2660</value>
         <object_component_ref idref="oc-7a"/>
      </symbol>
      <symbol id="sm-55f">
         <name>can2ParityCheck</name>
         <value>0x14e8</value>
         <object_component_ref idref="oc-7a"/>
      </symbol>
      <symbol id="sm-560">
         <name>het1ParityCheck</name>
         <value>0xf58</value>
         <object_component_ref idref="oc-7a"/>
      </symbol>
      <symbol id="sm-561">
         <name>adc1ParityCheck</name>
         <value>0x126c</value>
         <object_component_ref idref="oc-7a"/>
      </symbol>
      <symbol id="sm-562">
         <name>checkefcSelfTest</name>
         <value>0x7bc</value>
         <object_component_ref idref="oc-7a"/>
      </symbol>
      <symbol id="sm-563">
         <name>checkRAMECC</name>
         <value>0x19d0</value>
         <object_component_ref idref="oc-7a"/>
      </symbol>
      <symbol id="sm-564">
         <name>stcSelfCheckFail</name>
         <value>0xdf8</value>
         <object_component_ref idref="oc-7a"/>
      </symbol>
      <symbol id="sm-565">
         <name>ccmSelfCheck</name>
         <value>0x30</value>
         <object_component_ref idref="oc-7a"/>
      </symbol>
      <symbol id="sm-566">
         <name>efcCheck</name>
         <value>0x660</value>
         <object_component_ref idref="oc-7a"/>
      </symbol>
      <symbol id="sm-567">
         <name>het2ParityCheck</name>
         <value>0x10c0</value>
         <object_component_ref idref="oc-7a"/>
      </symbol>
      <symbol id="sm-568">
         <name>adc2ParityCheck</name>
         <value>0x1358</value>
         <object_component_ref idref="oc-7a"/>
      </symbol>
      <symbol id="sm-569">
         <name>cpuSelfTest</name>
         <value>0x234</value>
         <object_component_ref idref="oc-7a"/>
      </symbol>
      <symbol id="sm-56a">
         <name>htu1ParityCheck</name>
         <value>0x1004</value>
         <object_component_ref idref="oc-7a"/>
      </symbol>
      <symbol id="sm-56b">
         <name>checkFlashECC</name>
         <value>0xd18</value>
         <object_component_ref idref="oc-7a"/>
      </symbol>
      <symbol id="sm-56c">
         <name>cpuSelfTestFail</name>
         <value>0xdfc</value>
         <object_component_ref idref="oc-7a"/>
      </symbol>
      <symbol id="sm-56d">
         <name>checkPLL1Slip</name>
         <value>0x1e8c</value>
         <object_component_ref idref="oc-7a"/>
      </symbol>
      <symbol id="sm-56e">
         <name>mibspi1ParityCheck</name>
         <value>0x1684</value>
         <object_component_ref idref="oc-7a"/>
      </symbol>
      <symbol id="sm-56f">
         <name>ccmr4GetConfigValue</name>
         <value>0x26fc</value>
         <object_component_ref idref="oc-7a"/>
      </symbol>
      <symbol id="sm-570">
         <name>htu2ParityCheck</name>
         <value>0x11bc</value>
         <object_component_ref idref="oc-7a"/>
      </symbol>
      <symbol id="sm-571">
         <name>pbistPortTestStatus</name>
         <value>0x608</value>
         <object_component_ref idref="oc-7a"/>
      </symbol>
      <symbol id="sm-572">
         <name>checkFlashEEPROMECC</name>
         <value>0x1cf4</value>
         <object_component_ref idref="oc-7a"/>
      </symbol>
      <symbol id="sm-573">
         <name>pbistGetConfigValue</name>
         <value>0x2470</value>
         <object_component_ref idref="oc-7a"/>
      </symbol>
      <symbol id="sm-574">
         <name>vimParityCheck</name>
         <value>0xe00</value>
         <object_component_ref idref="oc-7a"/>
      </symbol>
      <symbol id="sm-575">
         <name>pbistIsTestCompleted</name>
         <value>0x5a8</value>
         <object_component_ref idref="oc-7a"/>
      </symbol>
      <symbol id="sm-576">
         <name>disableParity</name>
         <value>0x2b58</value>
         <object_component_ref idref="oc-7a"/>
      </symbol>
      <symbol id="sm-577">
         <name>pbistRun</name>
         <value>0x4ac</value>
         <object_component_ref idref="oc-7a"/>
      </symbol>
      <symbol id="sm-578">
         <name>pbistFail</name>
         <value>0x23ec</value>
         <object_component_ref idref="oc-7a"/>
      </symbol>
      <symbol id="sm-579">
         <name>selftestFailNotification</name>
         <value>0x20</value>
         <object_component_ref idref="oc-7a"/>
      </symbol>
      <symbol id="sm-57a">
         <name>errata_PBIST_4</name>
         <value>0x276c</value>
         <object_component_ref idref="oc-7a"/>
      </symbol>
      <symbol id="sm-57b">
         <name>mibspi3ParityCheck</name>
         <value>0x178c</value>
         <object_component_ref idref="oc-7a"/>
      </symbol>
      <symbol id="sm-57c">
         <name>efcSelfTest</name>
         <value>0x794</value>
         <object_component_ref idref="oc-7a"/>
      </symbol>
      <symbol id="sm-57d">
         <name>checkB1RAMECC</name>
         <value>0xb28</value>
         <object_component_ref idref="oc-7a"/>
      </symbol>
      <symbol id="sm-57e">
         <name>pbistStop</name>
         <value>0x578</value>
         <object_component_ref idref="oc-7a"/>
      </symbol>
      <symbol id="sm-57f">
         <name>can3ParityCheck</name>
         <value>0x15b0</value>
         <object_component_ref idref="oc-7a"/>
      </symbol>
      <symbol id="sm-580">
         <name>checkRAMAddrParity</name>
         <value>0x2050</value>
         <object_component_ref idref="oc-7a"/>
      </symbol>
      <symbol id="sm-581">
         <name>mibspi5ParityCheck</name>
         <value>0x18b0</value>
         <object_component_ref idref="oc-7a"/>
      </symbol>
      <symbol id="sm-582">
         <name>checkB0RAMECC</name>
         <value>0x938</value>
         <object_component_ref idref="oc-7a"/>
      </symbol>
      <symbol id="sm-583">
         <name>stcGetConfigValue</name>
         <value>0x25bc</value>
         <object_component_ref idref="oc-7a"/>
      </symbol>
      <symbol id="sm-584">
         <name>pbistIsTestPassed</name>
         <value>0x5d4</value>
         <object_component_ref idref="oc-7a"/>
      </symbol>
      <symbol id="sm-585">
         <name>checkClockMonitor</name>
         <value>0x1c18</value>
         <object_component_ref idref="oc-7a"/>
      </symbol>
      <symbol id="sm-586">
         <name>fmcECCcheck</name>
         <value>0x898</value>
         <object_component_ref idref="oc-7a"/>
      </symbol>
      <symbol id="sm-587">
         <name>fmcBus2Check</name>
         <value>0x85c</value>
         <object_component_ref idref="oc-7a"/>
      </symbol>
      <symbol id="sm-588">
         <name>checkRAMUERRTest</name>
         <value>0x215c</value>
         <object_component_ref idref="oc-7a"/>
      </symbol>
      <symbol id="sm-589">
         <name>efcStuckZeroTest</name>
         <value>0x6e8</value>
         <object_component_ref idref="oc-7a"/>
      </symbol>
      <symbol id="sm-58a">
         <name>checkPLL2Slip</name>
         <value>0x1f8c</value>
         <object_component_ref idref="oc-7a"/>
      </symbol>
      <symbol id="sm-5b2">
         <name>_c_int00</name>
         <value>0x7814</value>
         <object_component_ref idref="oc-1e"/>
      </symbol>
      <symbol id="sm-661">
         <name>vimChannelMap</name>
         <value>0x46f8</value>
         <object_component_ref idref="oc-43"/>
      </symbol>
      <symbol id="sm-662">
         <name>vimInit</name>
         <value>0x4624</value>
         <object_component_ref idref="oc-43"/>
      </symbol>
      <symbol id="sm-663">
         <name>vimEnableInterrupt</name>
         <value>0x479c</value>
         <object_component_ref idref="oc-43"/>
      </symbol>
      <symbol id="sm-664">
         <name>vimDisableInterrupt</name>
         <value>0x4964</value>
         <object_component_ref idref="oc-43"/>
      </symbol>
      <symbol id="sm-665">
         <name>vimGetConfigValue</name>
         <value>0x4a10</value>
         <object_component_ref idref="oc-43"/>
      </symbol>
      <symbol id="sm-666">
         <name>vimParityErrorHandler</name>
         <value>0x7538</value>
         <object_component_ref idref="oc-3e"/>
      </symbol>
      <symbol id="sm-6c0">
         <name>systemGetConfigValue</name>
         <value>0x3e5c</value>
         <object_component_ref idref="oc-74"/>
      </symbol>
      <symbol id="sm-6c1">
         <name>trimLPO</name>
         <value>0x3b5c</value>
         <object_component_ref idref="oc-74"/>
      </symbol>
      <symbol id="sm-6c2">
         <name>systemInit</name>
         <value>0x3d60</value>
         <object_component_ref idref="oc-74"/>
      </symbol>
      <symbol id="sm-6c3">
         <name>tcmflashGetConfigValue</name>
         <value>0x4270</value>
         <object_component_ref idref="oc-74"/>
      </symbol>
      <symbol id="sm-6c4">
         <name>sramGetConfigValue</name>
         <value>0x441c</value>
         <object_component_ref idref="oc-74"/>
      </symbol>
      <symbol id="sm-6c5">
         <name>periphInit</name>
         <value>0x3be4</value>
         <object_component_ref idref="oc-74"/>
      </symbol>
      <symbol id="sm-6c6">
         <name>setupFlash</name>
         <value>0x3ba4</value>
         <object_component_ref idref="oc-74"/>
      </symbol>
      <symbol id="sm-6c7">
         <name>setupPLL</name>
         <value>0x3afc</value>
         <object_component_ref idref="oc-74"/>
      </symbol>
      <symbol id="sm-6c8">
         <name>mapClocks</name>
         <value>0x3c38</value>
         <object_component_ref idref="oc-74"/>
      </symbol>
      <symbol id="sm-6c9">
         <name>systemPowerDown</name>
         <value>0x3e2c</value>
         <object_component_ref idref="oc-74"/>
      </symbol>
      <symbol id="sm-6ee">
         <name>__TI_auto_init</name>
         <value>0x818d</value>
         <object_component_ref idref="oc-86"/>
      </symbol>
      <symbol id="sm-705">
         <name>__TI_decompress_none</name>
         <value>0x8365</value>
         <object_component_ref idref="oc-c"/>
      </symbol>
      <symbol id="sm-727">
         <name>__TI_decompress_rle24</name>
         <value>0x8373</value>
         <object_component_ref idref="oc-12"/>
      </symbol>
      <symbol id="sm-742">
         <name>copy_in</name>
         <value>0x82b9</value>
         <object_component_ref idref="oc-eb"/>
      </symbol>
      <symbol id="sm-763">
         <name>C$$EXIT</name>
         <value>0x8269</value>
         <object_component_ref idref="oc-92"/>
      </symbol>
      <symbol id="sm-764">
         <name>abort</name>
         <value>0x826d</value>
         <object_component_ref idref="oc-92"/>
      </symbol>
      <symbol id="sm-765">
         <name>exit</name>
         <value>0x8275</value>
         <object_component_ref idref="oc-92"/>
      </symbol>
      <symbol id="sm-766">
         <name>__TI_dtors_ptr</name>
         <value>0x8001674</value>
         <object_component_ref idref="oc-117"/>
      </symbol>
      <symbol id="sm-767">
         <name>__TI_cleanup_ptr</name>
         <value>0x8001670</value>
         <object_component_ref idref="oc-117"/>
      </symbol>
      <symbol id="sm-768">
         <name>__TI_enable_exit_profile_output</name>
         <value>0x8001678</value>
         <object_component_ref idref="oc-117"/>
      </symbol>
      <symbol id="sm-783">
         <name>memcpy</name>
         <value>0x8075</value>
         <object_component_ref idref="oc-4a"/>
      </symbol>
      <symbol id="sm-784">
         <name>__aeabi_memcpy</name>
         <value>0x8075</value>
         <object_component_ref idref="oc-4a"/>
      </symbol>
      <symbol id="sm-785">
         <name>__aeabi_memcpy8</name>
         <value>0x8075</value>
         <object_component_ref idref="oc-4a"/>
      </symbol>
      <symbol id="sm-786">
         <name>__aeabi_memcpy4</name>
         <value>0x8075</value>
         <object_component_ref idref="oc-4a"/>
      </symbol>
      <symbol id="sm-795">
         <name>__aeabi_memset</name>
         <value>0x8113</value>
         <object_component_ref idref="oc-63"/>
      </symbol>
      <symbol id="sm-796">
         <name>memset</name>
         <value>0x8119</value>
         <object_component_ref idref="oc-63"/>
      </symbol>
      <symbol id="sm-797">
         <name>__aeabi_memset8</name>
         <value>0x8113</value>
         <object_component_ref idref="oc-63"/>
      </symbol>
      <symbol id="sm-798">
         <name>__aeabi_memset4</name>
         <value>0x8113</value>
         <object_component_ref idref="oc-63"/>
      </symbol>
      <symbol id="sm-799">
         <name>__aeabi_memclr8</name>
         <value>0x8111</value>
         <object_component_ref idref="oc-63"/>
      </symbol>
      <symbol id="sm-79a">
         <name>__aeabi_memclr4</name>
         <value>0x8111</value>
         <object_component_ref idref="oc-63"/>
      </symbol>
      <symbol id="sm-79b">
         <name>__aeabi_memclr</name>
         <value>0x8111</value>
         <object_component_ref idref="oc-63"/>
      </symbol>
      <symbol id="sm-7b5">
         <name>rand</name>
         <value>0x831b</value>
         <object_component_ref idref="oc-ff"/>
      </symbol>
      <symbol id="sm-7b6">
         <name>srand</name>
         <value>0x8305</value>
         <object_component_ref idref="oc-ff"/>
      </symbol>
      <symbol id="sm-7c0">
         <name>_system_post_cinit</name>
         <value>0x818b</value>
         <object_component_ref idref="oc-f1"/>
      </symbol>
      <symbol id="sm-7d9">
         <name>_nop</name>
         <value>0x835f</value>
         <object_component_ref idref="oc-1d7"/>
      </symbol>
      <symbol id="sm-7da">
         <name>_lock</name>
         <value>0x800167c</value>
         <object_component_ref idref="oc-11a"/>
      </symbol>
      <symbol id="sm-7db">
         <name>_unlock</name>
         <value>0x8001680</value>
         <object_component_ref idref="oc-11a"/>
      </symbol>
      <symbol id="sm-7dc">
         <name>_register_lock</name>
         <value>0x8357</value>
         <object_component_ref idref="oc-1d7"/>
      </symbol>
      <symbol id="sm-7dd">
         <name>_register_unlock</name>
         <value>0x8351</value>
         <object_component_ref idref="oc-1d7"/>
      </symbol>
      <symbol id="sm-7de">
         <name>__TI_static_base__</name>
         <value>0x0</value>
      </symbol>
      <symbol id="sm-7e1">
         <name>SHT$$INIT_ARRAY$$Base</name>
         <value>0x0</value>
      </symbol>
      <symbol id="sm-7e2">
         <name>SHT$$INIT_ARRAY$$Limit</name>
         <value>0x0</value>
      </symbol>
   </symbol_table>
   <title>Link successful</title>
</link_info>
