******************************************************************************
                  TI ARM Linker PC v16.3.0                     
******************************************************************************
>> Linked Mon Jun 06 15:18:18 2016

OUTPUT FILE NAME:   <slave.out>
ENTRY POINT SYMBOL: "_c_int00"  address: 00007208


MEMORY CONFIGURATION

         name            origin    length      used     unused   attr    fill
----------------------  --------  ---------  --------  --------  ----  --------
  VECTORS               00000000   00000020  00000020  00000000     X
  FLASH0                00000020   0013ffe0  00007e24  001381bc  R  X
  STACKS                08000000   00001500  00000000  00001500  RW  
  RAM                   08001500   0002eb00  00000028  0002ead8  RW  


SEGMENT ALLOCATION MAP

run origin  load origin   length   init length attrs members
----------  ----------- ---------- ----------- ----- -------
00000000    00000000    00007e44   00007e44    r-x
  00000000    00000000    00000020   00000020    r-x .intvecs
  00000020    00000020    00007bc0   00007bc0    r-x .text
  00007be0    00007be0    00000220   00000220    r-- .const
  00007e00    00007e00    00000044   00000044    r-- .cinit
08001500    08001500    00000028   00000000    rw-
  08001500    08001500    00000024   00000000    rw- .data
  08001524    08001524    00000004   00000000    rw- .bss


SECTION ALLOCATION MAP

 output                                  attributes/
section   page    origin      length       input sections
--------  ----  ----------  ----------   ----------------
.intvecs   0    00000000    00000020     
                  00000000    00000020     sys_intvecs.obj (.intvecs)

.text      0    00000020    00007bc0     
                  00000020    00002cdc     sys_selftest.obj (.text)
                  00002cfc    00000fdc     can.obj (.text)
                  00003cd8    00000b28     system.obj (.text)
                  00004800    00000a58     sys_vim.obj (.text)
                  00005258    000008ac     pinmux.obj (.text)
                  00005b04    000005e8     esm.obj (.text)
                  000060ec    00000484     gio.obj (.text)
                  00006570    0000034c     sys_core.obj (.text)
                  000068bc    00000338     notification.obj (.text)
                  00006bf4    00000338     can.obj (.text:retain)
                  00006f2c    000002dc     sys_vim.obj (.text:retain)
                  00007208    0000027c     sys_startup.obj (.text:retain)
                  00007484    000001c4     sys_main.obj (.text)
                  00007648    00000114     esm.obj (.text:retain)
                  0000775c    000000e8     dabort.obj (.text)
                  00007844    000000e0     sys_pmu.obj (.text)
                  00007924    0000009c     rtsv7R4_T_be_v3D16_eabi.lib : memcpy_t2.obj (.text)
                  000079c0    0000007a                                 : memset_t2.obj (.text)
                  00007a3a    00000002                                 : startup.obj (.text)
                  00007a3c    00000070                                 : autoinit.obj (.text)
                  00007aac    0000006a                                 : copy_decompress_rle.obj (.text)
                  00007b16    00000002     --HOLE-- [fill = 0]
                  00007b18    00000050                                 : exit.obj (.text)
                  00007b68    0000004c                                 : cpy_tbl.obj (.text)
                  00007bb4    00000014                                 : _lock.obj (.text)
                  00007bc8    0000000e                                 : copy_decompress_none.obj (.text:decompress:none)
                  00007bd6    00000006                                 : copy_decompress_rle.obj (.text:decompress:rle24)
                  00007bdc    00000004     sys_phantom.obj (.text:retain)

.const     0    00007be0    00000220     
                  00007be0    00000200     sys_vim.obj (.const:s_vim_init)
                  00007de0    00000020     can.obj (.const:s_canByteOrder)

.cinit     0    00007e00    00000044     
                  00007e00    0000001e     (.cinit..data.load) [load image, compression = rle]
                  00007e1e    00000002     --HOLE-- [fill = 0]
                  00007e20    00000009     (.cinit..bss.load) [load image, compression = rle]
                  00007e29    00000003     --HOLE-- [fill = 0]
                  00007e2c    00000008     (__TI_handler_table)
                  00007e34    00000010     (__TI_cinit_table)

.data      0    08001500    00000024     UNINITIALIZED
                  08001500    00000010     sys_main.obj (.data:messages)
                  08001510    0000000c     rtsv7R4_T_be_v3D16_eabi.lib : exit.obj (.data:$O1$$)
                  0800151c    00000008                                 : _lock.obj (.data:$O1$$)

.bss       0    08001524    00000004     UNINITIALIZED
                  08001524    00000004     (.common:tx_success_counter)

MODULE SUMMARY

       Module                     code    ro data   rw data
       ------                     ----    -------   -------
    .\source\
       sys_selftest.obj           11484   0         0      
       can.obj                    4884    32        0      
       sys_vim.obj                3380    512       0      
       system.obj                 2856    0         0      
       pinmux.obj                 2220    0         0      
       esm.obj                    1788    0         0      
       gio.obj                    1156    0         0      
       sys_core.obj               844     0         0      
       notification.obj           824     0         0      
       sys_startup.obj            636     0         0      
       sys_main.obj               452     0         20     
       dabort.obj                 232     0         0      
       sys_pmu.obj                224     0         0      
       sys_intvecs.obj            32      0         0      
       sys_phantom.obj            4       0         0      
    +--+--------------------------+-------+---------+---------+
       Total:                     31016   544       20     
                                                           
    C:/ti/ccsv6/tools/compiler/ti-cgt-arm_16.3.0.STS/lib/rtsv7R4_T_be_v3D16_eabi.lib
       memcpy_t2.obj              156     0         0      
       memset_t2.obj              122     0         0      
       autoinit.obj               112     0         0      
       copy_decompress_rle.obj    112     0         0      
       exit.obj                   80      0         12     
       cpy_tbl.obj                76      0         0      
       _lock.obj                  20      0         8      
       copy_decompress_none.obj   14      0         0      
       startup.obj                2       0         0      
    +--+--------------------------+-------+---------+---------+
       Total:                     694     0         20     
                                                           
       Linker Generated:          0       63        0      
    +--+--------------------------+-------+---------+---------+
       Grand Total:               31710   607       40     


LINKER GENERATED COPY TABLES

__TI_cinit_table @ 00007e34 records: 2, size/record: 8, table size: 16
	.data: load addr=00007e00, load size=0000001e bytes, run addr=08001500, run size=00000024 bytes, compression=rle
	.bss: load addr=00007e20, load size=00000009 bytes, run addr=08001524, run size=00000004 bytes, compression=rle


LINKER GENERATED HANDLER TABLE

__TI_handler_table @ 00007e2c records: 2, size/record: 4, table size: 8
	index: 0, handler: __TI_decompress_rle24
	index: 1, handler: __TI_decompress_none


GLOBAL SYMBOLS: SORTED ALPHABETICALLY BY Name 

address   name                                
-------   ----                                
00007b19  C$$EXIT                             
UNDEFED   SHT$$INIT_ARRAY$$Base               
UNDEFED   SHT$$INIT_ARRAY$$Limit              
00007e34  __TI_CINIT_Base                     
00007e44  __TI_CINIT_Limit                    
00007e2c  __TI_Handler_Table_Base             
00007e34  __TI_Handler_Table_Limit            
000068b4  __TI_PINIT_Base                     
000068b8  __TI_PINIT_Limit                    
00007a3d  __TI_auto_init                      
08001510  __TI_cleanup_ptr                    
00007bc9  __TI_decompress_none                
00007bd7  __TI_decompress_rle24               
08001514  __TI_dtors_ptr                      
08001518  __TI_enable_exit_profile_output     
ffffffff  __TI_pprof_out_hndl                 
ffffffff  __TI_prof_data_size                 
ffffffff  __TI_prof_data_start                
00000000  __TI_static_base__                  
000079c1  __aeabi_memclr                      
000079c1  __aeabi_memclr4                     
000079c1  __aeabi_memclr8                     
00007925  __aeabi_memcpy                      
00007925  __aeabi_memcpy4                     
00007925  __aeabi_memcpy8                     
000079c3  __aeabi_memset                      
000079c3  __aeabi_memset4                     
000079c3  __aeabi_memset8                     
ffffffff  __binit__                           
ffffffff  __c_args__                          
00007208  _c_int00                            
000067cc  _coreClearAuxiliaryDataFault_       
000067e0  _coreClearAuxiliaryInstructionFault_
000067a4  _coreClearDataFaultAddress_         
0000677c  _coreClearDataFault_                
000067b8  _coreClearInstructionFaultAddress_  
00006790  _coreClearInstructionFault_         
00006710  _coreDisableEventBusExport_         
00006754  _coreDisableFlashEcc_               
00006730  _coreDisableRamEcc_                 
00006700  _coreEnableEventBusExport_          
00006740  _coreEnableFlashEcc_                
00006764  _coreEnableIrqVicOffset_            
00006720  _coreEnableRamEcc_                  
000066e8  _coreEnableVfp_                     
000067c4  _coreGetAuxiliaryDataFault_         
000067d8  _coreGetAuxiliaryInstructionFault_  
0000679c  _coreGetDataFaultAddress_           
00006774  _coreGetDataFault_                  
000067b0  _coreGetInstructionFaultAddress_    
00006788  _coreGetInstructionFault_           
00006570  _coreInitRegisters_                 
0000667c  _coreInitStackPointer_              
0000775c  _dabort                             
000067f4  _disable_FIQ_interrupt_             
000067fc  _disable_IRQ_interrupt_             
000067ec  _disable_interrupt_                 
00006804  _enable_interrupt_                  
00006894  _errata_CORTEXR4_57_                
000068a4  _errata_CORTEXR4_66_                
0000680c  _esmCcmErrorsClear_                 
000066c8  _getCPSRValue_                      
000066d0  _gotoCPUIdle_                       
0800151c  _lock                               
00007bc3  _nop                                
000078a0  _pmuDisableCountersGlobal_          
00007890  _pmuEnableCountersGlobal_           
000078fc  _pmuGetCycleCount_                  
00007904  _pmuGetEventCount_                  
00007910  _pmuGetOverflow_                    
00007844  _pmuInit_                           
000078d0  _pmuResetCounters_                  
000078b0  _pmuResetCycleCounter_              
000078c0  _pmuResetEventCounters_             
000078f0  _pmuSetCountEvent_                  
000078e0  _pmuStartCounters_                  
000078e8  _pmuStopCounters_                   
00007bbb  _register_lock                      
00007bb5  _register_unlock                    
00007a3b  _system_post_cinit                  
08001520  _unlock                             
00007b1d  abort                               
0000126c  adc1ParityCheck                     
00001358  adc2ParityCheck                     
ffffffff  binit                               
00003944  can1GetConfigValue                  
00006bf4  can1HighLevelInterrupt              
00006cdc  can1LowLevelInterrupt               
00001410  can1ParityCheck                     
00003a9c  can2GetConfigValue                  
00006d78  can2HighLevelInterrupt              
00006e60  can2LowLevelInterrupt               
000014e8  can2ParityCheck                     
000015b0  can3ParityCheck                     
000037e4  canDisableErrorNotification         
000037c4  canDisableStatusChangeNotification  
0000383c  canDisableloopback                  
00003784  canEnableErrorNotification          
000037a4  canEnableStatusChangeNotification   
00003804  canEnableloopback                   
00006914  canErrorNotification                
0000352c  canFillMessageObjectData            
00003254  canGetData                          
00003760  canGetErrorLevel                    
000033ac  canGetID                            
0000373c  canGetLastError                     
00002cfc  canInit                             
00003928  canIoRxGetBit                       
0000386c  canIoSetDirection                   
000038bc  canIoSetPort                        
0000390c  canIoTxGetBit                       
000036e0  canIsMessageBoxValid                
00003684  canIsRxMessageArrived               
00003628  canIsTxMessagePending               
0000693c  canMessageNotification              
0000348c  canSendRemoteFrame                  
00006928  canStatusChangeNotification         
00003158  canTransmit                         
00003414  canUpdateID                         
00000030  ccmSelfCheck                        
000026fc  ccmr4GetConfigValue                 
00000938  checkB0RAMECC                       
00000b28  checkB1RAMECC                       
00001c18  checkClockMonitor                   
00000d18  checkFlashECC                       
00001cf4  checkFlashEEPROMECC                 
00001e8c  checkPLL1Slip                       
00001f8c  checkPLL2Slip                       
00007598  checkPackets                        
00002050  checkRAMAddrParity                  
000019d0  checkRAMECC                         
0000215c  checkRAMUERRTest                    
000007bc  checkefcSelfTest                    
00007b69  copy_in                             
00000234  cpuSelfTest                         
00000dfc  cpuSelfTestFail                     
00000df4  custom_dabort                       
00002b58  disableParity                       
00006b98  dmaGroupANotification               
00000eac  dmaParityCheck                      
00000660  efcCheck                            
00002660  efcGetConfigValue                   
00000794  efcSelfTest                         
000006e8  efcStuckZeroTest                    
00002ad0  enableParity                        
0000276c  errata_PBIST_4                      
00005c90  esmActivateNormalOperation          
00005d74  esmClearStatus                      
00005dc0  esmClearStatusBuffer                
00005c54  esmDisableError                     
00005ccc  esmDisableInterrupt                 
00005c28  esmEnableError                      
00005ca0  esmEnableInterrupt                  
00005ec0  esmEnterSelfTest                    
00005c0c  esmError                            
00005f98  esmGetConfigValue                   
00005dfc  esmGetStatus                        
00005e88  esmGetStatusBuffer                  
000068bc  esmGroup1Notification               
000068cc  esmGroup2Notification               
00007648  esmHighInterrupt                    
00005b04  esmInit                             
00005f48  esmSelfTestStatus                   
00005ddc  esmSetCounterPreloadValue           
00005cf8  esmSetInterruptLevel                
00005c80  esmTriggerErrorPinReset             
00007b25  exit                                
000022c4  fmcBus1ParityCheck                  
0000085c  fmcBus2Check                        
00000898  fmcECCcheck                         
0000634c  gioDisableNotification              
000062e4  gioEnableNotification               
0000624c  gioGetBit                           
000063b4  gioGetConfigValue                   
00006274  gioGetPort                          
000060ec  gioInit                             
00006b84  gioNotification                     
000061dc  gioSetBit                           
000061bc  gioSetDirection                     
0000622c  gioSetPort                          
0000628c  gioToggleBit                        
00000f58  het1ParityCheck                     
000010c0  het2ParityCheck                     
00001004  htu1ParityCheck                     
000011bc  htu2ParityCheck                     
00007484  main                                
00003e14  mapClocks                           
00007925  memcpy                              
00000174  memoryInit                          
000068dc  memoryPort0TestFailNotification     
000068f8  memoryPort1TestFailNotification     
000079c9  memset                              
08001500  messages                            
00001684  mibspi1ParityCheck                  
0000178c  mibspi3ParityCheck                  
000018b0  mibspi5ParityCheck                  
00005258  muxInit                             
000023ec  pbistFail                           
00002470  pbistGetConfigValue                 
000005a8  pbistIsTestCompleted                
000005d4  pbistIsTestPassed                   
00000608  pbistPortTestStatus                 
000004ac  pbistRun                            
000002cc  pbistSelfCheck                      
00000578  pbistStop                           
00003dc0  periphInit                          
00007bdc  phantomInterrupt                    
000056f4  pinmuxGetConfigValue                
00000000  resetEntry                          
00000020  selftestFailNotification            
00003d80  setupFlash                          
00003cd8  setupPLL                            
000074b8  setup_message_boxes                 
000045f8  sramGetConfigValue                  
000025bc  stcGetConfigValue                   
000001b8  stcSelfCheck                        
00000df8  stcSelfCheckFail                    
00004038  systemGetConfigValue                
00003f3c  systemInit                          
00004008  systemPowerDown                     
0000444c  tcmflashGetConfigValue              
00003d38  trimLPO                             
08001524  tx_success_counter                  
000048d4  vimChannelMap                       
00004b40  vimDisableInterrupt                 
00004978  vimEnableInterrupt                  
00004bec  vimGetConfigValue                   
00004800  vimInit                             
00000e00  vimParityCheck                      
00006f2c  vimParityErrorHandler               


GLOBAL SYMBOLS: SORTED BY Symbol Address 

address   name                                
-------   ----                                
00000000  __TI_static_base__                  
00000000  resetEntry                          
00000020  selftestFailNotification            
00000030  ccmSelfCheck                        
00000174  memoryInit                          
000001b8  stcSelfCheck                        
00000234  cpuSelfTest                         
000002cc  pbistSelfCheck                      
000004ac  pbistRun                            
00000578  pbistStop                           
000005a8  pbistIsTestCompleted                
000005d4  pbistIsTestPassed                   
00000608  pbistPortTestStatus                 
00000660  efcCheck                            
000006e8  efcStuckZeroTest                    
00000794  efcSelfTest                         
000007bc  checkefcSelfTest                    
0000085c  fmcBus2Check                        
00000898  fmcECCcheck                         
00000938  checkB0RAMECC                       
00000b28  checkB1RAMECC                       
00000d18  checkFlashECC                       
00000df4  custom_dabort                       
00000df8  stcSelfCheckFail                    
00000dfc  cpuSelfTestFail                     
00000e00  vimParityCheck                      
00000eac  dmaParityCheck                      
00000f58  het1ParityCheck                     
00001004  htu1ParityCheck                     
000010c0  het2ParityCheck                     
000011bc  htu2ParityCheck                     
0000126c  adc1ParityCheck                     
00001358  adc2ParityCheck                     
00001410  can1ParityCheck                     
000014e8  can2ParityCheck                     
000015b0  can3ParityCheck                     
00001684  mibspi1ParityCheck                  
0000178c  mibspi3ParityCheck                  
000018b0  mibspi5ParityCheck                  
000019d0  checkRAMECC                         
00001c18  checkClockMonitor                   
00001cf4  checkFlashEEPROMECC                 
00001e8c  checkPLL1Slip                       
00001f8c  checkPLL2Slip                       
00002050  checkRAMAddrParity                  
0000215c  checkRAMUERRTest                    
000022c4  fmcBus1ParityCheck                  
000023ec  pbistFail                           
00002470  pbistGetConfigValue                 
000025bc  stcGetConfigValue                   
00002660  efcGetConfigValue                   
000026fc  ccmr4GetConfigValue                 
0000276c  errata_PBIST_4                      
00002ad0  enableParity                        
00002b58  disableParity                       
00002cfc  canInit                             
00003158  canTransmit                         
00003254  canGetData                          
000033ac  canGetID                            
00003414  canUpdateID                         
0000348c  canSendRemoteFrame                  
0000352c  canFillMessageObjectData            
00003628  canIsTxMessagePending               
00003684  canIsRxMessageArrived               
000036e0  canIsMessageBoxValid                
0000373c  canGetLastError                     
00003760  canGetErrorLevel                    
00003784  canEnableErrorNotification          
000037a4  canEnableStatusChangeNotification   
000037c4  canDisableStatusChangeNotification  
000037e4  canDisableErrorNotification         
00003804  canEnableloopback                   
0000383c  canDisableloopback                  
0000386c  canIoSetDirection                   
000038bc  canIoSetPort                        
0000390c  canIoTxGetBit                       
00003928  canIoRxGetBit                       
00003944  can1GetConfigValue                  
00003a9c  can2GetConfigValue                  
00003cd8  setupPLL                            
00003d38  trimLPO                             
00003d80  setupFlash                          
00003dc0  periphInit                          
00003e14  mapClocks                           
00003f3c  systemInit                          
00004008  systemPowerDown                     
00004038  systemGetConfigValue                
0000444c  tcmflashGetConfigValue              
000045f8  sramGetConfigValue                  
00004800  vimInit                             
000048d4  vimChannelMap                       
00004978  vimEnableInterrupt                  
00004b40  vimDisableInterrupt                 
00004bec  vimGetConfigValue                   
00005258  muxInit                             
000056f4  pinmuxGetConfigValue                
00005b04  esmInit                             
00005c0c  esmError                            
00005c28  esmEnableError                      
00005c54  esmDisableError                     
00005c80  esmTriggerErrorPinReset             
00005c90  esmActivateNormalOperation          
00005ca0  esmEnableInterrupt                  
00005ccc  esmDisableInterrupt                 
00005cf8  esmSetInterruptLevel                
00005d74  esmClearStatus                      
00005dc0  esmClearStatusBuffer                
00005ddc  esmSetCounterPreloadValue           
00005dfc  esmGetStatus                        
00005e88  esmGetStatusBuffer                  
00005ec0  esmEnterSelfTest                    
00005f48  esmSelfTestStatus                   
00005f98  esmGetConfigValue                   
000060ec  gioInit                             
000061bc  gioSetDirection                     
000061dc  gioSetBit                           
0000622c  gioSetPort                          
0000624c  gioGetBit                           
00006274  gioGetPort                          
0000628c  gioToggleBit                        
000062e4  gioEnableNotification               
0000634c  gioDisableNotification              
000063b4  gioGetConfigValue                   
00006570  _coreInitRegisters_                 
0000667c  _coreInitStackPointer_              
000066c8  _getCPSRValue_                      
000066d0  _gotoCPUIdle_                       
000066e8  _coreEnableVfp_                     
00006700  _coreEnableEventBusExport_          
00006710  _coreDisableEventBusExport_         
00006720  _coreEnableRamEcc_                  
00006730  _coreDisableRamEcc_                 
00006740  _coreEnableFlashEcc_                
00006754  _coreDisableFlashEcc_               
00006764  _coreEnableIrqVicOffset_            
00006774  _coreGetDataFault_                  
0000677c  _coreClearDataFault_                
00006788  _coreGetInstructionFault_           
00006790  _coreClearInstructionFault_         
0000679c  _coreGetDataFaultAddress_           
000067a4  _coreClearDataFaultAddress_         
000067b0  _coreGetInstructionFaultAddress_    
000067b8  _coreClearInstructionFaultAddress_  
000067c4  _coreGetAuxiliaryDataFault_         
000067cc  _coreClearAuxiliaryDataFault_       
000067d8  _coreGetAuxiliaryInstructionFault_  
000067e0  _coreClearAuxiliaryInstructionFault_
000067ec  _disable_interrupt_                 
000067f4  _disable_FIQ_interrupt_             
000067fc  _disable_IRQ_interrupt_             
00006804  _enable_interrupt_                  
0000680c  _esmCcmErrorsClear_                 
00006894  _errata_CORTEXR4_57_                
000068a4  _errata_CORTEXR4_66_                
000068b4  __TI_PINIT_Base                     
000068b8  __TI_PINIT_Limit                    
000068bc  esmGroup1Notification               
000068cc  esmGroup2Notification               
000068dc  memoryPort0TestFailNotification     
000068f8  memoryPort1TestFailNotification     
00006914  canErrorNotification                
00006928  canStatusChangeNotification         
0000693c  canMessageNotification              
00006b84  gioNotification                     
00006b98  dmaGroupANotification               
00006bf4  can1HighLevelInterrupt              
00006cdc  can1LowLevelInterrupt               
00006d78  can2HighLevelInterrupt              
00006e60  can2LowLevelInterrupt               
00006f2c  vimParityErrorHandler               
00007208  _c_int00                            
00007484  main                                
000074b8  setup_message_boxes                 
00007598  checkPackets                        
00007648  esmHighInterrupt                    
0000775c  _dabort                             
00007844  _pmuInit_                           
00007890  _pmuEnableCountersGlobal_           
000078a0  _pmuDisableCountersGlobal_          
000078b0  _pmuResetCycleCounter_              
000078c0  _pmuResetEventCounters_             
000078d0  _pmuResetCounters_                  
000078e0  _pmuStartCounters_                  
000078e8  _pmuStopCounters_                   
000078f0  _pmuSetCountEvent_                  
000078fc  _pmuGetCycleCount_                  
00007904  _pmuGetEventCount_                  
00007910  _pmuGetOverflow_                    
00007925  __aeabi_memcpy                      
00007925  __aeabi_memcpy4                     
00007925  __aeabi_memcpy8                     
00007925  memcpy                              
000079c1  __aeabi_memclr                      
000079c1  __aeabi_memclr4                     
000079c1  __aeabi_memclr8                     
000079c3  __aeabi_memset                      
000079c3  __aeabi_memset4                     
000079c3  __aeabi_memset8                     
000079c9  memset                              
00007a3b  _system_post_cinit                  
00007a3d  __TI_auto_init                      
00007b19  C$$EXIT                             
00007b1d  abort                               
00007b25  exit                                
00007b69  copy_in                             
00007bb5  _register_unlock                    
00007bbb  _register_lock                      
00007bc3  _nop                                
00007bc9  __TI_decompress_none                
00007bd7  __TI_decompress_rle24               
00007bdc  phantomInterrupt                    
00007e2c  __TI_Handler_Table_Base             
00007e34  __TI_CINIT_Base                     
00007e34  __TI_Handler_Table_Limit            
00007e44  __TI_CINIT_Limit                    
08001500  messages                            
08001510  __TI_cleanup_ptr                    
08001514  __TI_dtors_ptr                      
08001518  __TI_enable_exit_profile_output     
0800151c  _lock                               
08001520  _unlock                             
08001524  tx_success_counter                  
ffffffff  __TI_pprof_out_hndl                 
ffffffff  __TI_prof_data_size                 
ffffffff  __TI_prof_data_start                
ffffffff  __binit__                           
ffffffff  __c_args__                          
ffffffff  binit                               
UNDEFED   SHT$$INIT_ARRAY$$Base               
UNDEFED   SHT$$INIT_ARRAY$$Limit              

[230 symbols]
