******************************************************************************
                  TI ARM Linker PC v16.3.0                     
******************************************************************************
>> Linked Mon May 16 15:53:18 2016

OUTPUT FILE NAME:   <slave.out>
ENTRY POINT SYMBOL: "_c_int00"  address: 00008030


MEMORY CONFIGURATION

         name            origin    length      used     unused   attr    fill
----------------------  --------  ---------  --------  --------  ----  --------
  VECTORS               00000000   00000020  00000020  00000000     X
  FLASH0                00000020   0013ffe0  00008ca4  0013733c  R  X
  STACKS                08000000   00001500  00000000  00001500  RW  
  RAM                   08001500   0002eb00  00000198  0002e968  RW  


SEGMENT ALLOCATION MAP

run origin  load origin   length   init length attrs members
----------  ----------- ---------- ----------- ----- -------
00000000    00000000    00008cc4   00008cc4    r-x
  00000000    00000000    00000020   00000020    r-x .intvecs
  00000020    00000020    00008918   00008918    r-x .text
  00008938    00008938    00000220   00000220    r-- .const
  00008b58    00008b58    0000016c   0000016c    r-- .cinit
08001500    08001500    0000019c   00000000    rw-
  08001500    08001500    00000184   00000000    rw- .data
  08001688    08001688    00000014   00000000    rw- .bss


SECTION ALLOCATION MAP

 output                                  attributes/
section   page    origin      length       input sections
--------  ----  ----------  ----------   ----------------
.intvecs   0    00000000    00000020     
                  00000000    00000020     sys_intvecs.obj (.intvecs)

.text      0    00000020    00008918     
                  00000020    00002cdc     sys_selftest.obj (.text)
                  00002cfc    00000dfc     can.obj (.text)
                  00003af8    00000b28     system.obj (.text)
                  00004620    00000a58     sys_vim.obj (.text)
                  00005078    000008ac     pinmux.obj (.text)
                  00005924    000008a8     sha256.obj (.text)
                  000061cc    000006fc     minimac.obj (.text)
                  000068c8    000005e8     esm.obj (.text)
                  00006eb0    00000484     gio.obj (.text)
                  00007334    0000039c     notification.obj (.text)
                  000076d0    0000034c     sys_core.obj (.text)
                  00007a1c    00000338     can.obj (.text:retain)
                  00007d54    000002dc     sys_vim.obj (.text:retain)
                  00008030    0000027c     sys_startup.obj (.text:retain)
                  000082ac    00000114     esm.obj (.text:retain)
                  000083c0    000000f4     sys_main.obj (.text)
                  000084b4    000000e8     dabort.obj (.text)
                  0000859c    000000e0     sys_pmu.obj (.text)
                  0000867c    0000009c     rtsv7R4_T_be_v3D16_eabi.lib : memcpy_t2.obj (.text)
                  00008718    0000007a                                 : memset_t2.obj (.text)
                  00008792    00000002                                 : startup.obj (.text)
                  00008794    00000070                                 : autoinit.obj (.text)
                  00008804    0000006a                                 : copy_decompress_rle.obj (.text)
                  0000886e    00000002     --HOLE-- [fill = 0]
                  00008870    00000050                                 : exit.obj (.text)
                  000088c0    0000004c                                 : cpy_tbl.obj (.text)
                  0000890c    00000014                                 : _lock.obj (.text)
                  00008920    0000000e                                 : copy_decompress_none.obj (.text:decompress:none)
                  0000892e    00000006                                 : copy_decompress_rle.obj (.text:decompress:rle24)
                  00008934    00000004     sys_phantom.obj (.text:retain)

.const     0    00008938    00000220     
                  00008938    00000200     sys_vim.obj (.const:s_vim_init)
                  00008b38    00000020     can.obj (.const:s_canByteOrder)

.cinit     0    00008b58    0000016c     
                  00008b58    00000141     (.cinit..data.load) [load image, compression = rle]
                  00008c99    00000007     --HOLE-- [fill = 0]
                  00008ca0    00000009     (.cinit..bss.load) [load image, compression = rle]
                  00008ca9    00000003     --HOLE-- [fill = 0]
                  00008cac    00000008     (__TI_handler_table)
                  00008cb4    00000010     (__TI_cinit_table)

.data      0    08001500    00000184     UNINITIALIZED
                  08001500    00000100     sha256.obj (.data:k)
                  08001600    00000020     minimac.obj (.data:hist_periodic)
                  08001620    00000020     minimac.obj (.data:hist_recent)
                  08001640    00000020     minimac.obj (.data:key)
                  08001660    00000010     sys_main.obj (.data:messages)
                  08001670    0000000c     rtsv7R4_T_be_v3D16_eabi.lib : exit.obj (.data:$O1$$)
                  0800167c    00000008                                 : _lock.obj (.data:$O1$$)

.bss       0    08001688    00000014     UNINITIALIZED
                  08001688    00000008     (.common:counter)
                  08001690    00000004     (.common:auth_error_count)
                  08001694    00000004     (.common:tx_success_counter)
                  08001698    00000002     (.common:period)
                  0800169a    00000001     (.common:hp_pointer)
                  0800169b    00000001     (.common:hr_pointer)

MODULE SUMMARY

       Module                     code    ro data   rw data
       ------                     ----    -------   -------
    .\source\
       sys_selftest.obj           11484   0         0      
       can.obj                    4404    32        0      
       sys_vim.obj                3380    512       0      
       system.obj                 2856    0         0      
       sha256.obj                 2216    0         256    
       pinmux.obj                 2220    0         0      
       minimac.obj                1788    0         112    
       esm.obj                    1788    0         0      
       gio.obj                    1156    0         0      
       notification.obj           924     0         0      
       sys_core.obj               844     0         0      
       sys_startup.obj            636     0         0      
       sys_main.obj               244     0         20     
       dabort.obj                 232     0         0      
       sys_pmu.obj                224     0         0      
       sys_intvecs.obj            32      0         0      
       sys_phantom.obj            4       0         0      
    +--+--------------------------+-------+---------+---------+
       Total:                     34432   544       388    
                                                           
    G:/ti/ccsv6/tools/compiler/ti-cgt-arm_16.3.0.STS/lib/rtsv7R4_T_be_v3D16_eabi.lib
       memcpy_t2.obj              156     0         0      
       memset_t2.obj              122     0         0      
       autoinit.obj               112     0         0      
       copy_decompress_rle.obj    112     0         0      
       exit.obj                   80      0         12     
       cpy_tbl.obj                76      0         0      
       _lock.obj                  20      0         8      
       copy_decompress_none.obj   14      0         0      
       startup.obj                2       0         0      
    +--+--------------------------+-------+---------+---------+
       Total:                     694     0         20     
                                                           
       Linker Generated:          0       354       0      
    +--+--------------------------+-------+---------+---------+
       Grand Total:               35126   898       408    


LINKER GENERATED COPY TABLES

__TI_cinit_table @ 00008cb4 records: 2, size/record: 8, table size: 16
	.data: load addr=00008b58, load size=00000141 bytes, run addr=08001500, run size=00000184 bytes, compression=rle
	.bss: load addr=00008ca0, load size=00000009 bytes, run addr=08001688, run size=00000014 bytes, compression=rle


LINKER GENERATED HANDLER TABLE

__TI_handler_table @ 00008cac records: 2, size/record: 4, table size: 8
	index: 0, handler: __TI_decompress_rle24
	index: 1, handler: __TI_decompress_none


GLOBAL SYMBOLS: SORTED ALPHABETICALLY BY Name 

address   name                                
-------   ----                                
00008871  C$$EXIT                             
UNDEFED   SHT$$INIT_ARRAY$$Base               
UNDEFED   SHT$$INIT_ARRAY$$Limit              
00008cb4  __TI_CINIT_Base                     
00008cc4  __TI_CINIT_Limit                    
00008cac  __TI_Handler_Table_Base             
00008cb4  __TI_Handler_Table_Limit            
00007a14  __TI_PINIT_Base                     
00007a18  __TI_PINIT_Limit                    
00008795  __TI_auto_init                      
08001670  __TI_cleanup_ptr                    
00008921  __TI_decompress_none                
0000892f  __TI_decompress_rle24               
08001674  __TI_dtors_ptr                      
08001678  __TI_enable_exit_profile_output     
ffffffff  __TI_pprof_out_hndl                 
ffffffff  __TI_prof_data_size                 
ffffffff  __TI_prof_data_start                
00000000  __TI_static_base__                  
00008719  __aeabi_memclr                      
00008719  __aeabi_memclr4                     
00008719  __aeabi_memclr8                     
0000867d  __aeabi_memcpy                      
0000867d  __aeabi_memcpy4                     
0000867d  __aeabi_memcpy8                     
0000871b  __aeabi_memset                      
0000871b  __aeabi_memset4                     
0000871b  __aeabi_memset8                     
ffffffff  __binit__                           
ffffffff  __c_args__                          
00008030  _c_int00                            
0000792c  _coreClearAuxiliaryDataFault_       
00007940  _coreClearAuxiliaryInstructionFault_
00007904  _coreClearDataFaultAddress_         
000078dc  _coreClearDataFault_                
00007918  _coreClearInstructionFaultAddress_  
000078f0  _coreClearInstructionFault_         
00007870  _coreDisableEventBusExport_         
000078b4  _coreDisableFlashEcc_               
00007890  _coreDisableRamEcc_                 
00007860  _coreEnableEventBusExport_          
000078a0  _coreEnableFlashEcc_                
000078c4  _coreEnableIrqVicOffset_            
00007880  _coreEnableRamEcc_                  
00007848  _coreEnableVfp_                     
00007924  _coreGetAuxiliaryDataFault_         
00007938  _coreGetAuxiliaryInstructionFault_  
000078fc  _coreGetDataFaultAddress_           
000078d4  _coreGetDataFault_                  
00007910  _coreGetInstructionFaultAddress_    
000078e8  _coreGetInstructionFault_           
000076d0  _coreInitRegisters_                 
000077dc  _coreInitStackPointer_              
000084b4  _dabort                             
00007954  _disable_FIQ_interrupt_             
0000795c  _disable_IRQ_interrupt_             
0000794c  _disable_interrupt_                 
00007964  _enable_interrupt_                  
000079f4  _errata_CORTEXR4_57_                
00007a04  _errata_CORTEXR4_66_                
0000796c  _esmCcmErrorsClear_                 
00007828  _getCPSRValue_                      
00007830  _gotoCPUIdle_                       
0800167c  _lock                               
0000891b  _nop                                
000085f8  _pmuDisableCountersGlobal_          
000085e8  _pmuEnableCountersGlobal_           
00008654  _pmuGetCycleCount_                  
0000865c  _pmuGetEventCount_                  
00008668  _pmuGetOverflow_                    
0000859c  _pmuInit_                           
00008628  _pmuResetCounters_                  
00008608  _pmuResetCycleCounter_              
00008618  _pmuResetEventCounters_             
00008648  _pmuSetCountEvent_                  
00008638  _pmuStartCounters_                  
00008640  _pmuStopCounters_                   
00008913  _register_lock                      
0000890d  _register_unlock                    
00008793  _system_post_cinit                  
08001680  _unlock                             
00008875  abort                               
0000126c  adc1ParityCheck                     
00001358  adc2ParityCheck                     
00006210  auth_error                          
08001690  auth_error_count                    
ffffffff  binit                               
0000377c  can1GetConfigValue                  
00007a1c  can1HighLevelInterrupt              
00007b04  can1LowLevelInterrupt               
00001410  can1ParityCheck                     
000038d4  can2GetConfigValue                  
00007ba0  can2HighLevelInterrupt              
00007c88  can2LowLevelInterrupt               
000014e8  can2ParityCheck                     
000015b0  can3ParityCheck                     
0000361c  canDisableErrorNotification         
000035fc  canDisableStatusChangeNotification  
00003674  canDisableloopback                  
000035bc  canEnableErrorNotification          
000035dc  canEnableStatusChangeNotification   
0000363c  canEnableloopback                   
0000738c  canErrorNotification                
00003364  canFillMessageObjectData            
0000308c  canGetData                          
00003598  canGetErrorLevel                    
000031e4  canGetID                            
00003574  canGetLastError                     
00002cfc  canInit                             
00003760  canIoRxGetBit                       
000036a4  canIoSetDirection                   
000036f4  canIoSetPort                        
00003744  canIoTxGetBit                       
00003518  canIsMessageBoxValid                
000034bc  canIsRxMessageArrived               
00003460  canIsTxMessagePending               
000073b4  canMessageNotification              
000032c4  canSendRemoteFrame                  
000073a0  canStatusChangeNotification         
00002f90  canTransmit                         
0000324c  canUpdateID                         
00000030  ccmSelfCheck                        
000026fc  ccmr4GetConfigValue                 
00006224  checkAuth                           
00000938  checkB0RAMECC                       
00000b28  checkB1RAMECC                       
00001c18  checkClockMonitor                   
00000d18  checkFlashECC                       
00001cf4  checkFlashEEPROMECC                 
00001e8c  checkPLL1Slip                       
00001f8c  checkPLL2Slip                       
00008420  checkPackets                        
00002050  checkRAMAddrParity                  
000019d0  checkRAMECC                         
0000215c  checkRAMUERRTest                    
000007bc  checkefcSelfTest                    
000088c1  copy_in                             
08001688  counter                             
00000234  cpuSelfTest                         
00000dfc  cpuSelfTestFail                     
00000df4  custom_dabort                       
00002b58  disableParity                       
00007674  dmaGroupANotification               
00000eac  dmaParityCheck                      
00000660  efcCheck                            
00002660  efcGetConfigValue                   
00000794  efcSelfTest                         
000006e8  efcStuckZeroTest                    
00002ad0  enableParity                        
0000276c  errata_PBIST_4                      
00006a54  esmActivateNormalOperation          
00006b38  esmClearStatus                      
00006b84  esmClearStatusBuffer                
00006a18  esmDisableError                     
00006a90  esmDisableInterrupt                 
000069ec  esmEnableError                      
00006a64  esmEnableInterrupt                  
00006c84  esmEnterSelfTest                    
000069d0  esmError                            
00006d5c  esmGetConfigValue                   
00006bc0  esmGetStatus                        
00006c4c  esmGetStatusBuffer                  
00007334  esmGroup1Notification               
00007344  esmGroup2Notification               
000082ac  esmHighInterrupt                    
000068c8  esmInit                             
00006d0c  esmSelfTestStatus                   
00006ba0  esmSetCounterPreloadValue           
00006abc  esmSetInterruptLevel                
00006a44  esmTriggerErrorPinReset             
0000887d  exit                                
000022c4  fmcBus1ParityCheck                  
0000085c  fmcBus2Check                        
00000898  fmcECCcheck                         
00007110  gioDisableNotification              
000070a8  gioEnableNotification               
00007010  gioGetBit                           
00007178  gioGetConfigValue                   
00007038  gioGetPort                          
00006eb0  gioInit                             
00007660  gioNotification                     
00006fa0  gioSetBit                           
00006f80  gioSetDirection                     
00006ff0  gioSetPort                          
00007050  gioToggleBit                        
00000f58  het1ParityCheck                     
000010c0  het2ParityCheck                     
08001600  hist_periodic                       
08001620  hist_recent                         
00006434  hmac                                
0800169a  hp_pointer                          
0800169b  hr_pointer                          
00001004  htu1ParityCheck                     
000011bc  htu2ParityCheck                     
000061cc  init_minimac                        
08001500  k                                   
08001640  key                                 
000083c0  main                                
00003c34  mapClocks                           
0000867d  memcpy                              
00000174  memoryInit                          
00007354  memoryPort0TestFailNotification     
00007370  memoryPort1TestFailNotification     
00008721  memset                              
08001660  messages                            
00001684  mibspi1ParityCheck                  
0000178c  mibspi3ParityCheck                  
000018b0  mibspi5ParityCheck                  
00005078  muxInit                             
000023ec  pbistFail                           
00002470  pbistGetConfigValue                 
000005a8  pbistIsTestCompleted                
000005d4  pbistIsTestPassed                   
00000608  pbistPortTestStatus                 
000004ac  pbistRun                            
000002cc  pbistSelfCheck                      
00000578  pbistStop                           
08001698  period                              
00003be0  periphInit                          
00008934  phantomInterrupt                    
00005514  pinmuxGetConfigValue                
00000000  resetEntry                          
00000020  selftestFailNotification            
00003ba0  setupFlash                          
00003af8  setupPLL                            
00005e68  sha256_final                        
00005cf4  sha256_init                         
00005924  sha256_transform                    
00005d88  sha256_update                       
00004418  sramGetConfigValue                  
000025bc  stcGetConfigValue                   
000001b8  stcSelfCheck                        
00000df8  stcSelfCheckFail                    
00003e58  systemGetConfigValue                
00003d5c  systemInit                          
00003e28  systemPowerDown                     
000067f0  tag                                 
0000426c  tcmflashGetConfigValue              
00003b58  trimLPO                             
08001694  tx_success_counter                  
000062e4  update_history                      
000046f4  vimChannelMap                       
00004960  vimDisableInterrupt                 
00004798  vimEnableInterrupt                  
00004a0c  vimGetConfigValue                   
00004620  vimInit                             
00000e00  vimParityCheck                      
00007d54  vimParityErrorHandler               


GLOBAL SYMBOLS: SORTED BY Symbol Address 

address   name                                
-------   ----                                
00000000  __TI_static_base__                  
00000000  resetEntry                          
00000020  selftestFailNotification            
00000030  ccmSelfCheck                        
00000174  memoryInit                          
000001b8  stcSelfCheck                        
00000234  cpuSelfTest                         
000002cc  pbistSelfCheck                      
000004ac  pbistRun                            
00000578  pbistStop                           
000005a8  pbistIsTestCompleted                
000005d4  pbistIsTestPassed                   
00000608  pbistPortTestStatus                 
00000660  efcCheck                            
000006e8  efcStuckZeroTest                    
00000794  efcSelfTest                         
000007bc  checkefcSelfTest                    
0000085c  fmcBus2Check                        
00000898  fmcECCcheck                         
00000938  checkB0RAMECC                       
00000b28  checkB1RAMECC                       
00000d18  checkFlashECC                       
00000df4  custom_dabort                       
00000df8  stcSelfCheckFail                    
00000dfc  cpuSelfTestFail                     
00000e00  vimParityCheck                      
00000eac  dmaParityCheck                      
00000f58  het1ParityCheck                     
00001004  htu1ParityCheck                     
000010c0  het2ParityCheck                     
000011bc  htu2ParityCheck                     
0000126c  adc1ParityCheck                     
00001358  adc2ParityCheck                     
00001410  can1ParityCheck                     
000014e8  can2ParityCheck                     
000015b0  can3ParityCheck                     
00001684  mibspi1ParityCheck                  
0000178c  mibspi3ParityCheck                  
000018b0  mibspi5ParityCheck                  
000019d0  checkRAMECC                         
00001c18  checkClockMonitor                   
00001cf4  checkFlashEEPROMECC                 
00001e8c  checkPLL1Slip                       
00001f8c  checkPLL2Slip                       
00002050  checkRAMAddrParity                  
0000215c  checkRAMUERRTest                    
000022c4  fmcBus1ParityCheck                  
000023ec  pbistFail                           
00002470  pbistGetConfigValue                 
000025bc  stcGetConfigValue                   
00002660  efcGetConfigValue                   
000026fc  ccmr4GetConfigValue                 
0000276c  errata_PBIST_4                      
00002ad0  enableParity                        
00002b58  disableParity                       
00002cfc  canInit                             
00002f90  canTransmit                         
0000308c  canGetData                          
000031e4  canGetID                            
0000324c  canUpdateID                         
000032c4  canSendRemoteFrame                  
00003364  canFillMessageObjectData            
00003460  canIsTxMessagePending               
000034bc  canIsRxMessageArrived               
00003518  canIsMessageBoxValid                
00003574  canGetLastError                     
00003598  canGetErrorLevel                    
000035bc  canEnableErrorNotification          
000035dc  canEnableStatusChangeNotification   
000035fc  canDisableStatusChangeNotification  
0000361c  canDisableErrorNotification         
0000363c  canEnableloopback                   
00003674  canDisableloopback                  
000036a4  canIoSetDirection                   
000036f4  canIoSetPort                        
00003744  canIoTxGetBit                       
00003760  canIoRxGetBit                       
0000377c  can1GetConfigValue                  
000038d4  can2GetConfigValue                  
00003af8  setupPLL                            
00003b58  trimLPO                             
00003ba0  setupFlash                          
00003be0  periphInit                          
00003c34  mapClocks                           
00003d5c  systemInit                          
00003e28  systemPowerDown                     
00003e58  systemGetConfigValue                
0000426c  tcmflashGetConfigValue              
00004418  sramGetConfigValue                  
00004620  vimInit                             
000046f4  vimChannelMap                       
00004798  vimEnableInterrupt                  
00004960  vimDisableInterrupt                 
00004a0c  vimGetConfigValue                   
00005078  muxInit                             
00005514  pinmuxGetConfigValue                
00005924  sha256_transform                    
00005cf4  sha256_init                         
00005d88  sha256_update                       
00005e68  sha256_final                        
000061cc  init_minimac                        
00006210  auth_error                          
00006224  checkAuth                           
000062e4  update_history                      
00006434  hmac                                
000067f0  tag                                 
000068c8  esmInit                             
000069d0  esmError                            
000069ec  esmEnableError                      
00006a18  esmDisableError                     
00006a44  esmTriggerErrorPinReset             
00006a54  esmActivateNormalOperation          
00006a64  esmEnableInterrupt                  
00006a90  esmDisableInterrupt                 
00006abc  esmSetInterruptLevel                
00006b38  esmClearStatus                      
00006b84  esmClearStatusBuffer                
00006ba0  esmSetCounterPreloadValue           
00006bc0  esmGetStatus                        
00006c4c  esmGetStatusBuffer                  
00006c84  esmEnterSelfTest                    
00006d0c  esmSelfTestStatus                   
00006d5c  esmGetConfigValue                   
00006eb0  gioInit                             
00006f80  gioSetDirection                     
00006fa0  gioSetBit                           
00006ff0  gioSetPort                          
00007010  gioGetBit                           
00007038  gioGetPort                          
00007050  gioToggleBit                        
000070a8  gioEnableNotification               
00007110  gioDisableNotification              
00007178  gioGetConfigValue                   
00007334  esmGroup1Notification               
00007344  esmGroup2Notification               
00007354  memoryPort0TestFailNotification     
00007370  memoryPort1TestFailNotification     
0000738c  canErrorNotification                
000073a0  canStatusChangeNotification         
000073b4  canMessageNotification              
00007660  gioNotification                     
00007674  dmaGroupANotification               
000076d0  _coreInitRegisters_                 
000077dc  _coreInitStackPointer_              
00007828  _getCPSRValue_                      
00007830  _gotoCPUIdle_                       
00007848  _coreEnableVfp_                     
00007860  _coreEnableEventBusExport_          
00007870  _coreDisableEventBusExport_         
00007880  _coreEnableRamEcc_                  
00007890  _coreDisableRamEcc_                 
000078a0  _coreEnableFlashEcc_                
000078b4  _coreDisableFlashEcc_               
000078c4  _coreEnableIrqVicOffset_            
000078d4  _coreGetDataFault_                  
000078dc  _coreClearDataFault_                
000078e8  _coreGetInstructionFault_           
000078f0  _coreClearInstructionFault_         
000078fc  _coreGetDataFaultAddress_           
00007904  _coreClearDataFaultAddress_         
00007910  _coreGetInstructionFaultAddress_    
00007918  _coreClearInstructionFaultAddress_  
00007924  _coreGetAuxiliaryDataFault_         
0000792c  _coreClearAuxiliaryDataFault_       
00007938  _coreGetAuxiliaryInstructionFault_  
00007940  _coreClearAuxiliaryInstructionFault_
0000794c  _disable_interrupt_                 
00007954  _disable_FIQ_interrupt_             
0000795c  _disable_IRQ_interrupt_             
00007964  _enable_interrupt_                  
0000796c  _esmCcmErrorsClear_                 
000079f4  _errata_CORTEXR4_57_                
00007a04  _errata_CORTEXR4_66_                
00007a14  __TI_PINIT_Base                     
00007a18  __TI_PINIT_Limit                    
00007a1c  can1HighLevelInterrupt              
00007b04  can1LowLevelInterrupt               
00007ba0  can2HighLevelInterrupt              
00007c88  can2LowLevelInterrupt               
00007d54  vimParityErrorHandler               
00008030  _c_int00                            
000082ac  esmHighInterrupt                    
000083c0  main                                
00008420  checkPackets                        
000084b4  _dabort                             
0000859c  _pmuInit_                           
000085e8  _pmuEnableCountersGlobal_           
000085f8  _pmuDisableCountersGlobal_          
00008608  _pmuResetCycleCounter_              
00008618  _pmuResetEventCounters_             
00008628  _pmuResetCounters_                  
00008638  _pmuStartCounters_                  
00008640  _pmuStopCounters_                   
00008648  _pmuSetCountEvent_                  
00008654  _pmuGetCycleCount_                  
0000865c  _pmuGetEventCount_                  
00008668  _pmuGetOverflow_                    
0000867d  __aeabi_memcpy                      
0000867d  __aeabi_memcpy4                     
0000867d  __aeabi_memcpy8                     
0000867d  memcpy                              
00008719  __aeabi_memclr                      
00008719  __aeabi_memclr4                     
00008719  __aeabi_memclr8                     
0000871b  __aeabi_memset                      
0000871b  __aeabi_memset4                     
0000871b  __aeabi_memset8                     
00008721  memset                              
00008793  _system_post_cinit                  
00008795  __TI_auto_init                      
00008871  C$$EXIT                             
00008875  abort                               
0000887d  exit                                
000088c1  copy_in                             
0000890d  _register_unlock                    
00008913  _register_lock                      
0000891b  _nop                                
00008921  __TI_decompress_none                
0000892f  __TI_decompress_rle24               
00008934  phantomInterrupt                    
00008cac  __TI_Handler_Table_Base             
00008cb4  __TI_CINIT_Base                     
00008cb4  __TI_Handler_Table_Limit            
00008cc4  __TI_CINIT_Limit                    
08001500  k                                   
08001600  hist_periodic                       
08001620  hist_recent                         
08001640  key                                 
08001660  messages                            
08001670  __TI_cleanup_ptr                    
08001674  __TI_dtors_ptr                      
08001678  __TI_enable_exit_profile_output     
0800167c  _lock                               
08001680  _unlock                             
08001688  counter                             
08001690  auth_error_count                    
08001694  tx_success_counter                  
08001698  period                              
0800169a  hp_pointer                          
0800169b  hr_pointer                          
ffffffff  __TI_pprof_out_hndl                 
ffffffff  __TI_prof_data_size                 
ffffffff  __TI_prof_data_start                
ffffffff  __binit__                           
ffffffff  __c_args__                          
ffffffff  binit                               
UNDEFED   SHT$$INIT_ARRAY$$Base               
UNDEFED   SHT$$INIT_ARRAY$$Limit              

[248 symbols]
