******************************************************************************
                  TI ARM Linker PC v16.3.0                     
******************************************************************************
>> Linked Mon Aug 22 12:35:12 2016

OUTPUT FILE NAME:   <slave.out>
ENTRY POINT SYMBOL: "_c_int00"  address: 00008a6c


MEMORY CONFIGURATION

         name            origin    length      used     unused   attr    fill
----------------------  --------  ---------  --------  --------  ----  --------
  VECTORS               00000000   00000020  00000020  00000000     X
  FLASH0                00000020   0013ffe0  000097b8  00136828  R  X
  STACKS                08000000   00001500  00000000  00001500  RW  
  RAM                   08001500   0002eb00  000001c0  0002e940  RW  


SEGMENT ALLOCATION MAP

run origin  load origin   length   init length attrs members
----------  ----------- ---------- ----------- ----- -------
00000000    00000000    000097dc   000097dc    r-x
  00000000    00000000    00000020   00000020    r-x .intvecs
  00000020    00000020    0000942c   0000942c    r-x .text
  0000944c    0000944c    00000220   00000220    r-- .const
  00009670    00009670    0000016c   0000016c    r-- .cinit
08001500    08001500    000001c4   00000000    rw-
  08001500    08001500    00000184   00000000    rw- .data
  08001688    08001688    0000003c   00000000    rw- .bss


SECTION ALLOCATION MAP

 output                                  attributes/
section   page    origin      length       input sections
--------  ----  ----------  ----------   ----------------
.intvecs   0    00000000    00000020     
                  00000000    00000020     sys_intvecs.obj (.intvecs)

.text      0    00000020    0000942c     
                  00000020    00002cdc     sys_selftest.obj (.text)
                  00002cfc    00000fdc     can.obj (.text)
                  00003cd8    00000b28     system.obj (.text)
                  00004800    00000a58     sys_vim.obj (.text)
                  00005258    000008ac     pinmux.obj (.text)
                  00005b04    000008a8     sha256.obj (.text)
                  000063ac    000006fc     minimac.obj (.text)
                  00006aa8    00000618     sci.obj (.text)
                  000070c0    000005e8     esm.obj (.text)
                  000076a8    000005e0     notification.obj (.text)
                  00007c88    00000484     gio.obj (.text)
                  0000810c    0000034c     sys_core.obj (.text)
                  00008458    00000338     can.obj (.text:retain)
                  00008790    000002dc     sys_vim.obj (.text:retain)
                  00008a6c    0000027c     sys_startup.obj (.text:retain)
                  00008ce8    000001cc     sys_main.obj (.text)
                  00008eb4    00000114     esm.obj (.text:retain)
                  00008fc8    000000e8     dabort.obj (.text)
                  000090b0    000000e0     sys_pmu.obj (.text)
                  00009190    0000009c     rtsv7R4_T_be_v3D16_eabi.lib : memcpy_t2.obj (.text)
                  0000922c    0000007a                                 : memset_t2.obj (.text)
                  000092a6    00000002                                 : startup.obj (.text)
                  000092a8    00000070                                 : autoinit.obj (.text)
                  00009318    0000006a                                 : copy_decompress_rle.obj (.text)
                  00009382    00000002     --HOLE-- [fill = 0]
                  00009384    00000050                                 : exit.obj (.text)
                  000093d4    0000004c                                 : cpy_tbl.obj (.text)
                  00009420    00000014                                 : _lock.obj (.text)
                  00009434    0000000e                                 : copy_decompress_none.obj (.text:decompress:none)
                  00009442    00000006                                 : copy_decompress_rle.obj (.text:decompress:rle24)
                  00009448    00000004     sys_phantom.obj (.text:retain)

.const     0    0000944c    00000220     
                  0000944c    00000200     sys_vim.obj (.const:s_vim_init)
                  0000964c    00000020     can.obj (.const:s_canByteOrder)

.cinit     0    00009670    0000016c     
                  00009670    00000141     (.cinit..data.load) [load image, compression = rle]
                  000097b1    00000007     --HOLE-- [fill = 0]
                  000097b8    00000009     (.cinit..bss.load) [load image, compression = rle]
                  000097c1    00000003     --HOLE-- [fill = 0]
                  000097c4    00000008     (__TI_handler_table)
                  000097cc    00000010     (__TI_cinit_table)

.data      0    08001500    00000184     UNINITIALIZED
                  08001500    00000100     sha256.obj (.data:k)
                  08001600    00000020     minimac.obj (.data:hist_periodic)
                  08001620    00000020     minimac.obj (.data:hist_recent)
                  08001640    00000020     minimac.obj (.data:key)
                  08001660    00000010     sys_main.obj (.data:messages)
                  08001670    0000000c     rtsv7R4_T_be_v3D16_eabi.lib : exit.obj (.data:$O1$$)
                  0800167c    00000008                                 : _lock.obj (.data:$O1$$)

.bss       0    08001688    0000003c     UNINITIALIZED
                  08001688    00000028     sci.obj (.bss:g_sciTransfer_t)
                  080016b0    00000008     (.common:counter)
                  080016b8    00000004     (.common:auth_error_count)
                  080016bc    00000004     (.common:tx_success_counter)
                  080016c0    00000002     (.common:period)
                  080016c2    00000001     (.common:hp_pointer)
                  080016c3    00000001     (.common:hr_pointer)

MODULE SUMMARY

       Module                     code    ro data   rw data
       ------                     ----    -------   -------
    .\source\
       sys_selftest.obj           11484   0         0      
       can.obj                    4884    32        0      
       sys_vim.obj                3380    512       0      
       system.obj                 2856    0         0      
       sha256.obj                 2216    0         256    
       pinmux.obj                 2220    0         0      
       minimac.obj                1788    0         112    
       esm.obj                    1788    0         0      
       sci.obj                    1560    0         40     
       notification.obj           1504    0         0      
       gio.obj                    1156    0         0      
       sys_core.obj               844     0         0      
       sys_startup.obj            636     0         0      
       sys_main.obj               460     0         20     
       dabort.obj                 232     0         0      
       sys_pmu.obj                224     0         0      
       sys_intvecs.obj            32      0         0      
       sys_phantom.obj            4       0         0      
    +--+--------------------------+-------+---------+---------+
       Total:                     37268   544       428    
                                                           
    C:/ti/ccsv6/tools/compiler/ti-cgt-arm_16.3.0.STS/lib/rtsv7R4_T_be_v3D16_eabi.lib
       memcpy_t2.obj              156     0         0      
       memset_t2.obj              122     0         0      
       autoinit.obj               112     0         0      
       copy_decompress_rle.obj    112     0         0      
       exit.obj                   80      0         12     
       cpy_tbl.obj                76      0         0      
       _lock.obj                  20      0         8      
       copy_decompress_none.obj   14      0         0      
       startup.obj                2       0         0      
    +--+--------------------------+-------+---------+---------+
       Total:                     694     0         20     
                                                           
       Linker Generated:          0       354       0      
    +--+--------------------------+-------+---------+---------+
       Grand Total:               37962   898       448    


LINKER GENERATED COPY TABLES

__TI_cinit_table @ 000097cc records: 2, size/record: 8, table size: 16
	.data: load addr=00009670, load size=00000141 bytes, run addr=08001500, run size=00000184 bytes, compression=rle
	.bss: load addr=000097b8, load size=00000009 bytes, run addr=08001688, run size=0000003c bytes, compression=rle


LINKER GENERATED HANDLER TABLE

__TI_handler_table @ 000097c4 records: 2, size/record: 4, table size: 8
	index: 0, handler: __TI_decompress_rle24
	index: 1, handler: __TI_decompress_none


GLOBAL SYMBOLS: SORTED ALPHABETICALLY BY Name 

address   name                                
-------   ----                                
00009385  C$$EXIT                             
UNDEFED   SHT$$INIT_ARRAY$$Base               
UNDEFED   SHT$$INIT_ARRAY$$Limit              
000097cc  __TI_CINIT_Base                     
000097dc  __TI_CINIT_Limit                    
000097c4  __TI_Handler_Table_Base             
000097cc  __TI_Handler_Table_Limit            
00008450  __TI_PINIT_Base                     
00008454  __TI_PINIT_Limit                    
000092a9  __TI_auto_init                      
08001670  __TI_cleanup_ptr                    
00009435  __TI_decompress_none                
00009443  __TI_decompress_rle24               
08001674  __TI_dtors_ptr                      
08001678  __TI_enable_exit_profile_output     
ffffffff  __TI_pprof_out_hndl                 
ffffffff  __TI_prof_data_size                 
ffffffff  __TI_prof_data_start                
00000000  __TI_static_base__                  
0000922d  __aeabi_memclr                      
0000922d  __aeabi_memclr4                     
0000922d  __aeabi_memclr8                     
00009191  __aeabi_memcpy                      
00009191  __aeabi_memcpy4                     
00009191  __aeabi_memcpy8                     
0000922f  __aeabi_memset                      
0000922f  __aeabi_memset4                     
0000922f  __aeabi_memset8                     
ffffffff  __binit__                           
ffffffff  __c_args__                          
00008a6c  _c_int00                            
00008368  _coreClearAuxiliaryDataFault_       
0000837c  _coreClearAuxiliaryInstructionFault_
00008340  _coreClearDataFaultAddress_         
00008318  _coreClearDataFault_                
00008354  _coreClearInstructionFaultAddress_  
0000832c  _coreClearInstructionFault_         
000082ac  _coreDisableEventBusExport_         
000082f0  _coreDisableFlashEcc_               
000082cc  _coreDisableRamEcc_                 
0000829c  _coreEnableEventBusExport_          
000082dc  _coreEnableFlashEcc_                
00008300  _coreEnableIrqVicOffset_            
000082bc  _coreEnableRamEcc_                  
00008284  _coreEnableVfp_                     
00008360  _coreGetAuxiliaryDataFault_         
00008374  _coreGetAuxiliaryInstructionFault_  
00008338  _coreGetDataFaultAddress_           
00008310  _coreGetDataFault_                  
0000834c  _coreGetInstructionFaultAddress_    
00008324  _coreGetInstructionFault_           
0000810c  _coreInitRegisters_                 
00008218  _coreInitStackPointer_              
00008fc8  _dabort                             
00008390  _disable_FIQ_interrupt_             
00008398  _disable_IRQ_interrupt_             
00008388  _disable_interrupt_                 
000083a0  _enable_interrupt_                  
00008430  _errata_CORTEXR4_57_                
00008440  _errata_CORTEXR4_66_                
000083a8  _esmCcmErrorsClear_                 
00008264  _getCPSRValue_                      
0000826c  _gotoCPUIdle_                       
0800167c  _lock                               
0000942f  _nop                                
0000910c  _pmuDisableCountersGlobal_          
000090fc  _pmuEnableCountersGlobal_           
00009168  _pmuGetCycleCount_                  
00009170  _pmuGetEventCount_                  
0000917c  _pmuGetOverflow_                    
000090b0  _pmuInit_                           
0000913c  _pmuResetCounters_                  
0000911c  _pmuResetCycleCounter_              
0000912c  _pmuResetEventCounters_             
0000915c  _pmuSetCountEvent_                  
0000914c  _pmuStartCounters_                  
00009154  _pmuStopCounters_                   
00009427  _register_lock                      
00009421  _register_unlock                    
000092a7  _system_post_cinit                  
08001680  _unlock                             
00009389  abort                               
0000126c  adc1ParityCheck                     
00001358  adc2ParityCheck                     
000063f0  auth_error                          
080016b8  auth_error_count                    
ffffffff  binit                               
00003944  can1GetConfigValue                  
00008458  can1HighLevelInterrupt              
00008540  can1LowLevelInterrupt               
00001410  can1ParityCheck                     
00003a9c  can2GetConfigValue                  
000085dc  can2HighLevelInterrupt              
000086c4  can2LowLevelInterrupt               
000014e8  can2ParityCheck                     
000015b0  can3ParityCheck                     
000037e4  canDisableErrorNotification         
000037c4  canDisableStatusChangeNotification  
0000383c  canDisableloopback                  
00003784  canEnableErrorNotification          
000037a4  canEnableStatusChangeNotification   
00003804  canEnableloopback                   
00007700  canErrorNotification                
0000352c  canFillMessageObjectData            
00003254  canGetData                          
00003760  canGetErrorLevel                    
000033ac  canGetID                            
0000373c  canGetLastError                     
00002cfc  canInit                             
00003928  canIoRxGetBit                       
0000386c  canIoSetDirection                   
000038bc  canIoSetPort                        
0000390c  canIoTxGetBit                       
000036e0  canIsMessageBoxValid                
00003684  canIsRxMessageArrived               
00003628  canIsTxMessagePending               
00007738  canMessageNotification              
0000348c  canSendRemoteFrame                  
00007714  canStatusChangeNotification         
00003158  canTransmit                         
00003414  canUpdateID                         
00000030  ccmSelfCheck                        
000026fc  ccmr4GetConfigValue                 
00006428  checkAuth                           
00000938  checkB0RAMECC                       
00000b28  checkB1RAMECC                       
00001c18  checkClockMonitor                   
00000d18  checkFlashECC                       
00001cf4  checkFlashEEPROMECC                 
00001e8c  checkPLL1Slip                       
00001f8c  checkPLL2Slip                       
00008e04  checkPackets                        
00002050  checkRAMAddrParity                  
000019d0  checkRAMECC                         
0000215c  checkRAMUERRTest                    
000007bc  checkefcSelfTest                    
000093d5  copy_in                             
080016b0  counter                             
00000234  cpuSelfTest                         
00000dfc  cpuSelfTestFail                     
00000df4  custom_dabort                       
00002b58  disableParity                       
00007c04  dmaGroupANotification               
00000eac  dmaParityCheck                      
00000660  efcCheck                            
00002660  efcGetConfigValue                   
00000794  efcSelfTest                         
000006e8  efcStuckZeroTest                    
00002ad0  enableParity                        
0000276c  errata_PBIST_4                      
0000724c  esmActivateNormalOperation          
00007330  esmClearStatus                      
0000737c  esmClearStatusBuffer                
00007210  esmDisableError                     
00007288  esmDisableInterrupt                 
000071e4  esmEnableError                      
0000725c  esmEnableInterrupt                  
0000747c  esmEnterSelfTest                    
000071c8  esmError                            
00007554  esmGetConfigValue                   
000073b8  esmGetStatus                        
00007444  esmGetStatusBuffer                  
000076a8  esmGroup1Notification               
000076b8  esmGroup2Notification               
00008eb4  esmHighInterrupt                    
000070c0  esmInit                             
00007504  esmSelfTestStatus                   
00007398  esmSetCounterPreloadValue           
000072b4  esmSetInterruptLevel                
0000723c  esmTriggerErrorPinReset             
00009391  exit                                
000022c4  fmcBus1ParityCheck                  
0000085c  fmcBus2Check                        
00000898  fmcECCcheck                         
00007ee8  gioDisableNotification              
00007e80  gioEnableNotification               
00007de8  gioGetBit                           
00007f50  gioGetConfigValue                   
00007e10  gioGetPort                          
00007c88  gioInit                             
00007bf0  gioNotification                     
00007d78  gioSetBit                           
00007d58  gioSetDirection                     
00007dc8  gioSetPort                          
00007e28  gioToggleBit                        
00000f58  het1ParityCheck                     
000010c0  het2ParityCheck                     
08001600  hist_periodic                       
08001620  hist_recent                         
00006614  hmac                                
080016c2  hp_pointer                          
080016c3  hr_pointer                          
00001004  htu1ParityCheck                     
000011bc  htu2ParityCheck                     
000063ac  init_minimac                        
08001500  k                                   
08001640  key                                 
00008ce8  main                                
00003e14  mapClocks                           
00009191  memcpy                              
00000174  memoryInit                          
000076c8  memoryPort0TestFailNotification     
000076e4  memoryPort1TestFailNotification     
00009235  memset                              
08001660  messages                            
00001684  mibspi1ParityCheck                  
0000178c  mibspi3ParityCheck                  
000018b0  mibspi5ParityCheck                  
00005258  muxInit                             
000023ec  pbistFail                           
00002470  pbistGetConfigValue                 
000005a8  pbistIsTestCompleted                
000005d4  pbistIsTestPassed                   
00000608  pbistPortTestStatus                 
000004ac  pbistRun                            
000002cc  pbistSelfCheck                      
00000578  pbistStop                           
080016c0  period                              
00003dc0  periphInit                          
00009448  phantomInterrupt                    
000056f4  pinmuxGetConfigValue                
00000000  resetEntry                          
00006f58  sciDisableLoopback                  
00006fe4  sciDisableNotification              
00006f24  sciEnableLoopback                   
00006f7c  sciEnableNotification               
00006aa8  sciInit                             
00006dd4  sciIsIdleDetected                   
00006db8  sciIsRxReady                        
00006c38  sciIsTxReady                        
00006e4c  sciReceive                          
00006e20  sciReceiveByte                      
00006df0  sciRxError                          
00006c84  sciSend                             
00006c54  sciSendByte                         
00006bb4  sciSetBaudrate                      
00006b94  sciSetFunctional                    
0000704c  scilinGetConfigValue                
00000020  selftestFailNotification            
00003d80  setupFlash                          
00003cd8  setupPLL                            
00008d24  setup_message_boxes                 
00006048  sha256_final                        
00005ed4  sha256_init                         
00005b04  sha256_transform                    
00005f68  sha256_update                       
000045f8  sramGetConfigValue                  
000025bc  stcGetConfigValue                   
000001b8  stcSelfCheck                        
00000df8  stcSelfCheckFail                    
00004038  systemGetConfigValue                
00003f3c  systemInit                          
00004008  systemPowerDown                     
000069d0  tag                                 
0000444c  tcmflashGetConfigValue              
00003d38  trimLPO                             
080016bc  tx_success_counter                  
00006404  update_counter                      
000064c4  update_history                      
000048d4  vimChannelMap                       
00004b40  vimDisableInterrupt                 
00004978  vimEnableInterrupt                  
00004bec  vimGetConfigValue                   
00004800  vimInit                             
00000e00  vimParityCheck                      
00008790  vimParityErrorHandler               


GLOBAL SYMBOLS: SORTED BY Symbol Address 

address   name                                
-------   ----                                
00000000  __TI_static_base__                  
00000000  resetEntry                          
00000020  selftestFailNotification            
00000030  ccmSelfCheck                        
00000174  memoryInit                          
000001b8  stcSelfCheck                        
00000234  cpuSelfTest                         
000002cc  pbistSelfCheck                      
000004ac  pbistRun                            
00000578  pbistStop                           
000005a8  pbistIsTestCompleted                
000005d4  pbistIsTestPassed                   
00000608  pbistPortTestStatus                 
00000660  efcCheck                            
000006e8  efcStuckZeroTest                    
00000794  efcSelfTest                         
000007bc  checkefcSelfTest                    
0000085c  fmcBus2Check                        
00000898  fmcECCcheck                         
00000938  checkB0RAMECC                       
00000b28  checkB1RAMECC                       
00000d18  checkFlashECC                       
00000df4  custom_dabort                       
00000df8  stcSelfCheckFail                    
00000dfc  cpuSelfTestFail                     
00000e00  vimParityCheck                      
00000eac  dmaParityCheck                      
00000f58  het1ParityCheck                     
00001004  htu1ParityCheck                     
000010c0  het2ParityCheck                     
000011bc  htu2ParityCheck                     
0000126c  adc1ParityCheck                     
00001358  adc2ParityCheck                     
00001410  can1ParityCheck                     
000014e8  can2ParityCheck                     
000015b0  can3ParityCheck                     
00001684  mibspi1ParityCheck                  
0000178c  mibspi3ParityCheck                  
000018b0  mibspi5ParityCheck                  
000019d0  checkRAMECC                         
00001c18  checkClockMonitor                   
00001cf4  checkFlashEEPROMECC                 
00001e8c  checkPLL1Slip                       
00001f8c  checkPLL2Slip                       
00002050  checkRAMAddrParity                  
0000215c  checkRAMUERRTest                    
000022c4  fmcBus1ParityCheck                  
000023ec  pbistFail                           
00002470  pbistGetConfigValue                 
000025bc  stcGetConfigValue                   
00002660  efcGetConfigValue                   
000026fc  ccmr4GetConfigValue                 
0000276c  errata_PBIST_4                      
00002ad0  enableParity                        
00002b58  disableParity                       
00002cfc  canInit                             
00003158  canTransmit                         
00003254  canGetData                          
000033ac  canGetID                            
00003414  canUpdateID                         
0000348c  canSendRemoteFrame                  
0000352c  canFillMessageObjectData            
00003628  canIsTxMessagePending               
00003684  canIsRxMessageArrived               
000036e0  canIsMessageBoxValid                
0000373c  canGetLastError                     
00003760  canGetErrorLevel                    
00003784  canEnableErrorNotification          
000037a4  canEnableStatusChangeNotification   
000037c4  canDisableStatusChangeNotification  
000037e4  canDisableErrorNotification         
00003804  canEnableloopback                   
0000383c  canDisableloopback                  
0000386c  canIoSetDirection                   
000038bc  canIoSetPort                        
0000390c  canIoTxGetBit                       
00003928  canIoRxGetBit                       
00003944  can1GetConfigValue                  
00003a9c  can2GetConfigValue                  
00003cd8  setupPLL                            
00003d38  trimLPO                             
00003d80  setupFlash                          
00003dc0  periphInit                          
00003e14  mapClocks                           
00003f3c  systemInit                          
00004008  systemPowerDown                     
00004038  systemGetConfigValue                
0000444c  tcmflashGetConfigValue              
000045f8  sramGetConfigValue                  
00004800  vimInit                             
000048d4  vimChannelMap                       
00004978  vimEnableInterrupt                  
00004b40  vimDisableInterrupt                 
00004bec  vimGetConfigValue                   
00005258  muxInit                             
000056f4  pinmuxGetConfigValue                
00005b04  sha256_transform                    
00005ed4  sha256_init                         
00005f68  sha256_update                       
00006048  sha256_final                        
000063ac  init_minimac                        
000063f0  auth_error                          
00006404  update_counter                      
00006428  checkAuth                           
000064c4  update_history                      
00006614  hmac                                
000069d0  tag                                 
00006aa8  sciInit                             
00006b94  sciSetFunctional                    
00006bb4  sciSetBaudrate                      
00006c38  sciIsTxReady                        
00006c54  sciSendByte                         
00006c84  sciSend                             
00006db8  sciIsRxReady                        
00006dd4  sciIsIdleDetected                   
00006df0  sciRxError                          
00006e20  sciReceiveByte                      
00006e4c  sciReceive                          
00006f24  sciEnableLoopback                   
00006f58  sciDisableLoopback                  
00006f7c  sciEnableNotification               
00006fe4  sciDisableNotification              
0000704c  scilinGetConfigValue                
000070c0  esmInit                             
000071c8  esmError                            
000071e4  esmEnableError                      
00007210  esmDisableError                     
0000723c  esmTriggerErrorPinReset             
0000724c  esmActivateNormalOperation          
0000725c  esmEnableInterrupt                  
00007288  esmDisableInterrupt                 
000072b4  esmSetInterruptLevel                
00007330  esmClearStatus                      
0000737c  esmClearStatusBuffer                
00007398  esmSetCounterPreloadValue           
000073b8  esmGetStatus                        
00007444  esmGetStatusBuffer                  
0000747c  esmEnterSelfTest                    
00007504  esmSelfTestStatus                   
00007554  esmGetConfigValue                   
000076a8  esmGroup1Notification               
000076b8  esmGroup2Notification               
000076c8  memoryPort0TestFailNotification     
000076e4  memoryPort1TestFailNotification     
00007700  canErrorNotification                
00007714  canStatusChangeNotification         
00007738  canMessageNotification              
00007bf0  gioNotification                     
00007c04  dmaGroupANotification               
00007c88  gioInit                             
00007d58  gioSetDirection                     
00007d78  gioSetBit                           
00007dc8  gioSetPort                          
00007de8  gioGetBit                           
00007e10  gioGetPort                          
00007e28  gioToggleBit                        
00007e80  gioEnableNotification               
00007ee8  gioDisableNotification              
00007f50  gioGetConfigValue                   
0000810c  _coreInitRegisters_                 
00008218  _coreInitStackPointer_              
00008264  _getCPSRValue_                      
0000826c  _gotoCPUIdle_                       
00008284  _coreEnableVfp_                     
0000829c  _coreEnableEventBusExport_          
000082ac  _coreDisableEventBusExport_         
000082bc  _coreEnableRamEcc_                  
000082cc  _coreDisableRamEcc_                 
000082dc  _coreEnableFlashEcc_                
000082f0  _coreDisableFlashEcc_               
00008300  _coreEnableIrqVicOffset_            
00008310  _coreGetDataFault_                  
00008318  _coreClearDataFault_                
00008324  _coreGetInstructionFault_           
0000832c  _coreClearInstructionFault_         
00008338  _coreGetDataFaultAddress_           
00008340  _coreClearDataFaultAddress_         
0000834c  _coreGetInstructionFaultAddress_    
00008354  _coreClearInstructionFaultAddress_  
00008360  _coreGetAuxiliaryDataFault_         
00008368  _coreClearAuxiliaryDataFault_       
00008374  _coreGetAuxiliaryInstructionFault_  
0000837c  _coreClearAuxiliaryInstructionFault_
00008388  _disable_interrupt_                 
00008390  _disable_FIQ_interrupt_             
00008398  _disable_IRQ_interrupt_             
000083a0  _enable_interrupt_                  
000083a8  _esmCcmErrorsClear_                 
00008430  _errata_CORTEXR4_57_                
00008440  _errata_CORTEXR4_66_                
00008450  __TI_PINIT_Base                     
00008454  __TI_PINIT_Limit                    
00008458  can1HighLevelInterrupt              
00008540  can1LowLevelInterrupt               
000085dc  can2HighLevelInterrupt              
000086c4  can2LowLevelInterrupt               
00008790  vimParityErrorHandler               
00008a6c  _c_int00                            
00008ce8  main                                
00008d24  setup_message_boxes                 
00008e04  checkPackets                        
00008eb4  esmHighInterrupt                    
00008fc8  _dabort                             
000090b0  _pmuInit_                           
000090fc  _pmuEnableCountersGlobal_           
0000910c  _pmuDisableCountersGlobal_          
0000911c  _pmuResetCycleCounter_              
0000912c  _pmuResetEventCounters_             
0000913c  _pmuResetCounters_                  
0000914c  _pmuStartCounters_                  
00009154  _pmuStopCounters_                   
0000915c  _pmuSetCountEvent_                  
00009168  _pmuGetCycleCount_                  
00009170  _pmuGetEventCount_                  
0000917c  _pmuGetOverflow_                    
00009191  __aeabi_memcpy                      
00009191  __aeabi_memcpy4                     
00009191  __aeabi_memcpy8                     
00009191  memcpy                              
0000922d  __aeabi_memclr                      
0000922d  __aeabi_memclr4                     
0000922d  __aeabi_memclr8                     
0000922f  __aeabi_memset                      
0000922f  __aeabi_memset4                     
0000922f  __aeabi_memset8                     
00009235  memset                              
000092a7  _system_post_cinit                  
000092a9  __TI_auto_init                      
00009385  C$$EXIT                             
00009389  abort                               
00009391  exit                                
000093d5  copy_in                             
00009421  _register_unlock                    
00009427  _register_lock                      
0000942f  _nop                                
00009435  __TI_decompress_none                
00009443  __TI_decompress_rle24               
00009448  phantomInterrupt                    
000097c4  __TI_Handler_Table_Base             
000097cc  __TI_CINIT_Base                     
000097cc  __TI_Handler_Table_Limit            
000097dc  __TI_CINIT_Limit                    
08001500  k                                   
08001600  hist_periodic                       
08001620  hist_recent                         
08001640  key                                 
08001660  messages                            
08001670  __TI_cleanup_ptr                    
08001674  __TI_dtors_ptr                      
08001678  __TI_enable_exit_profile_output     
0800167c  _lock                               
08001680  _unlock                             
080016b0  counter                             
080016b8  auth_error_count                    
080016bc  tx_success_counter                  
080016c0  period                              
080016c2  hp_pointer                          
080016c3  hr_pointer                          
ffffffff  __TI_pprof_out_hndl                 
ffffffff  __TI_prof_data_size                 
ffffffff  __TI_prof_data_start                
ffffffff  __binit__                           
ffffffff  __c_args__                          
ffffffff  binit                               
UNDEFED   SHT$$INIT_ARRAY$$Base               
UNDEFED   SHT$$INIT_ARRAY$$Limit              

[266 symbols]
