******************************************************************************
                  TI ARM Linker PC v16.3.0                     
******************************************************************************
>> Linked Mon Mar 28 12:41:39 2016

OUTPUT FILE NAME:   <minimac.out>
ENTRY POINT SYMBOL: "_c_int00"  address: 000037c0


MEMORY CONFIGURATION

         name            origin    length      used     unused   attr    fill
----------------------  --------  ---------  --------  --------  ----  --------
  RAM                   00000020   ffffffe0  0000548d  ffffab53  RWIX


SEGMENT ALLOCATION MAP

run origin  load origin   length   init length attrs members
----------  ----------- ---------- ----------- ----- -------
00000020    00000020    00003c30   00003c30    r-x
  00000020    00000020    00003c30   00003c30    r-x .text
00003c50    00003c50    00000550   00000000    rw-
  00003c50    00003c50    00000360   00000000    rw- .data
  00003fb0    00003fb0    000001f0   00000000    rw- .bss
000041a0    000041a0    00000101   00000101    r--
  000041a0    000041a0    00000101   00000101    r-- .const
000042a4    000042a4    00000800   00000000    rw-
  000042a4    000042a4    00000800   00000000    rw- .stack
00004aa8    00004aa8    00000800   00000000    rw-
  00004aa8    00004aa8    00000800   00000000    rw- .sysmem
000052a8    000052a8    0000020c   0000020c    r--
  000052a8    000052a8    0000020c   0000020c    r-- .cinit


SECTION ALLOCATION MAP

 output                                  attributes/
section   page    origin      length       input sections
--------  ----  ----------  ----------   ----------------
.text      0    00000020    00003c30     
                  00000020    00001098     rtsv7R4_T_be_v3D16_eabi.lib : _printfi.obj (.text)
                  000010b8    000008a8     sha256.obj (.text)
                  00001960    00000578     main.obj (.text)
                  00001ed8    000003e8     rtsv7R4_T_be_v3D16_eabi.lib : memory.obj (.text)
                  000022c0    00000324                                 : trgdrv.obj (.text)
                  000025e4    00000314                                 : lowlev.obj (.text)
                  000028f8    000002b8                                 : ull_div32.obj (.text)
                  00002bb0    00000298                                 : vla_alloc.obj (.text)
                  00002e48    000001c8                                 : fopen.obj (.text)
                  00003010    00000138                                 : fputs.obj (.text)
                  00003148    000000f4                                 : s_scalbn.obj (.text)
                  0000323c    000000dc                                 : setvbuf.obj (.text)
                  00003318    000000cc                                 : fflush.obj (.text)
                  000033e4    000000ae                                 : _io_perm.obj (.text)
                  00003492    0000009c                                 : memcpy_t2.obj (.text)
                  0000352e    00000002                                 : mpu_init.obj (.text)
                  00003530    00000098                                 : fclose.obj (.text)
                  000035c8    00000098                                 : fputc.obj (.text)
                  00003660    0000007a                                 : memset_t2.obj (.text)
                  000036da    00000002                                 : startup.obj (.text)
                  000036dc    00000074                                 : s_frexp.obj (.text)
                  00003750    00000070                                 : autoinit.obj (.text)
                  000037c0    00000070                                 : boot.obj (.text)
                  00003830    0000006c                                 : fprintf.obj (.text)
                  0000389c    0000006c                                 : trgmsg.obj (.text)
                  00003908    0000006a                                 : copy_decompress_rle.obj (.text)
                  00003972    00000002     --HOLE-- [fill = 0]
                  00003974    00000064                                 : fseek.obj (.text)
                  000039d8    00000056                                 : ltoa.obj (.text)
                  00003a2e    00000002     --HOLE-- [fill = 0]
                  00003a30    00000050                                 : atoi.obj (.text)
                  00003a80    00000050                                 : exit.obj (.text)
                  00003ad0    0000004c                                 : cpy_tbl.obj (.text)
                  00003b1c    00000036                                 : strncpy.obj (.text)
                  00003b52    00000020                                 : memchr.obj (.text)
                  00003b72    0000001c                                 : memccpy.obj (.text)
                  00003b8e    00000002     --HOLE-- [fill = 0]
                  00003b90    00000018                                 : args_main.obj (.text)
                  00003ba8    00000018                                 : s_copysign.obj (.text)
                  00003bc0    00000018                                 : strcmp.obj (.text)
                  00003bd8    00000016                                 : strchr.obj (.text)
                  00003bee    00000016                                 : strlen.obj (.text)
                  00003c04    00000014                                 : _lock.obj (.text)
                  00003c18    00000014                                 : strcpy.obj (.text)
                  00003c2c    0000000e                                 : copy_decompress_none.obj (.text:decompress:none)
                  00003c3a    00000006                                 : copy_decompress_rle.obj (.text:decompress:rle24)
                  00003c40    00000004                                 : error.obj (.text)
                  00003c44    00000004                                 : pre_init.obj (.text)
                  00003c48    00000008     main.obj (.tramp.main.1)

.data      0    00003c50    00000360     UNINITIALIZED
                  00003c50    00000100     sha256.obj (.data:k)
                  00003d50    000000f0     rtsv7R4_T_be_v3D16_eabi.lib : defs.obj (.data:_ftable)
                  00003e40    000000d0                                 : lowlev.obj (.data:$O1$$)
                  00003f10    00000020     main.obj (.data:hist_periodic)
                  00003f30    00000020     main.obj (.data:hist_recent)
                  00003f50    00000020     main.obj (.data:key)
                  00003f70    00000010     rtsv7R4_T_be_v3D16_eabi.lib : defs.obj (.data)
                  00003f80    0000000c                                 : exit.obj (.data:$O1$$)
                  00003f8c    0000000c                                 : memory.obj (.data:$O1$$)
                  00003f98    00000008                                 : _lock.obj (.data:$O1$$)
                  00003fa0    00000004     main.obj (.data:message)
                  00003fa4    00000004     rtsv7R4_T_be_v3D16_eabi.lib : errno.obj (.data)
                  00003fa8    00000004                                 : fopen.obj (.data)
                  00003fac    00000004                                 : stkdepth_vars.obj (.data)

.bss       0    00003fb0    000001f0     UNINITIALIZED
                  00003fb0    00000120     rtsv7R4_T_be_v3D16_eabi.lib : trgmsg.obj (.bss:_CIOBUF_)
                  000040d0    000000a0     (.common:__TI_tmpnams)
                  00004170    0000001c                                 : vla_alloc.obj (.bss:$O1$$)
                  0000418c    00000008                                 : trgdrv.obj (.bss:parmbuf)
                  00004194    00000004     --HOLE--
                  00004198    00000008     (.common:counter)

.const     0    000041a0    00000101     
                  000041a0    00000101     rtsv7R4_T_be_v3D16_eabi.lib : ctype.obj (.const:.string:_ctypes_)

.cinit     0    000052a8    0000020c     
                  000052a8    000001e2     (.cinit..data.load) [load image, compression = rle]
                  0000548a    00000006     --HOLE-- [fill = 0]
                  00005490    0000000b     (.cinit..bss.load) [load image, compression = rle]
                  0000549b    00000001     --HOLE-- [fill = 0]
                  0000549c    00000008     (__TI_handler_table)
                  000054a4    00000010     (__TI_cinit_table)

.init_array 
*          0    00000020    00000000     UNINITIALIZED

.stack     0    000042a4    00000800     UNINITIALIZED
                  000042a4    00000800     --HOLE--

.sysmem    0    00004aa8    00000800     UNINITIALIZED
                  00004aa8    00000008     rtsv7R4_T_be_v3D16_eabi.lib : memory.obj (.sysmem)
                  00004ab0    000007f8     --HOLE--

MODULE SUMMARY

       Module                     code    ro data   rw data
       ------                     ----    -------   -------
    .\
       sha256.obj                 2216    0         256    
       main.obj                   1408    0         108    
    +--+--------------------------+-------+---------+---------+
       Total:                     3624    0         364    
                                                           
    G:/ti/ccsv6/tools/compiler/ti-cgt-arm_16.3.0.STS/lib/rtsv7R4_T_be_v3D16_eabi.lib
       _printfi.obj               4248    0         0      
       memory.obj                 1000    0         12     
       lowlev.obj                 788     0         208    
       trgdrv.obj                 804     0         8      
       ull_div32.obj              696     0         0      
       vla_alloc.obj              664     0         28     
       fopen.obj                  456     0         4      
       defs.obj                   0       0         416    
       trgmsg.obj                 108     0         288    
       fputs.obj                  312     0         0      
       ctype.obj                  0       257       0      
       s_scalbn.obj               244     0         0      
       setvbuf.obj                220     0         0      
       fflush.obj                 204     0         0      
       _io_perm.obj               174     0         0      
       memcpy_t2.obj              156     0         0      
       fclose.obj                 152     0         0      
       fputc.obj                  152     0         0      
       memset_t2.obj              122     0         0      
       s_frexp.obj                116     0         0      
       autoinit.obj               112     0         0      
       boot.obj                   112     0         0      
       copy_decompress_rle.obj    112     0         0      
       fprintf.obj                108     0         0      
       fseek.obj                  100     0         0      
       exit.obj                   80      0         12     
       ltoa.obj                   86      0         0      
       atoi.obj                   80      0         0      
       cpy_tbl.obj                76      0         0      
       strncpy.obj                54      0         0      
       memchr.obj                 32      0         0      
       _lock.obj                  20      0         8      
       memccpy.obj                28      0         0      
       args_main.obj              24      0         0      
       s_copysign.obj             24      0         0      
       strcmp.obj                 24      0         0      
       strchr.obj                 22      0         0      
       strlen.obj                 22      0         0      
       strcpy.obj                 20      0         0      
       copy_decompress_none.obj   14      0         0      
       errno.obj                  0       0         4      
       error.obj                  4       0         0      
       pre_init.obj               4       0         0      
       stkdepth_vars.obj          0       0         4      
       mpu_init.obj               2       0         0      
       startup.obj                2       0         0      
    +--+--------------------------+-------+---------+---------+
       Total:                     11778   257       992    
                                                           
       Heap:                      0       0         2048   
       Stack:                     0       0         2048   
       Linker Generated:          0       517       0      
    +--+--------------------------+-------+---------+---------+
       Grand Total:               15402   774       5452   


LINKER GENERATED COPY TABLES

__TI_cinit_table @ 000054a4 records: 2, size/record: 8, table size: 16
	.data: load addr=000052a8, load size=000001e2 bytes, run addr=00003c50, run size=00000360 bytes, compression=rle
	.bss: load addr=00005490, load size=0000000b bytes, run addr=00003fb0, run size=000001f0 bytes, compression=rle


LINKER GENERATED HANDLER TABLE

__TI_handler_table @ 0000549c records: 2, size/record: 4, table size: 8
	index: 0, handler: __TI_decompress_rle24
	index: 1, handler: __TI_decompress_none

VENEERS

callee name               veneer name
   callee addr  veneer addr  call addr  call info
--------------  -----------  ---------  ----------------
main                      $Ven$TA$L$PI$$main
   00001960     00003c48     00003ba0   rtsv7R4_T_be_v3D16_eabi.lib : args_main.obj (.text)

[1 trampolines]
[1 trampoline calls]


GLOBAL SYMBOLS: SORTED ALPHABETICALLY BY Name 

address   name                           
-------   ----                           
00003a81  C$$EXIT                        
000038cf  C$$IO$$                        
00002595  HOSTclock                      
0000255d  HOSTclose                      
0000251f  HOSTgetenv                     
000024c5  HOSTlseek                      
00002475  HOSTopen                       
00002427  HOSTread                       
000023c9  HOSTrename                     
0000238f  HOSTtime                       
00002345  HOSTtime64                     
0000230d  HOSTunlink                     
000022c1  HOSTwrite                      
UNDEFED   SHT$$INIT_ARRAY$$Base          
UNDEFED   SHT$$INIT_ARRAY$$Limit         
00003fb0  __CIOBUF_                      
00004aa4  __STACK_END                    
00000800  __STACK_SIZE                   
00000800  __SYSMEM_SIZE                  
000054a4  __TI_CINIT_Base                
000054b4  __TI_CINIT_Limit               
0000549c  __TI_Handler_Table_Base        
000054a4  __TI_Handler_Table_Limit       
00003751  __TI_auto_init                 
00002f13  __TI_cleanup                   
00003f80  __TI_cleanup_ptr               
00003531  __TI_closefile                 
00003c2d  __TI_decompress_none           
00003c3b  __TI_decompress_rle24          
00003319  __TI_doflush                   
00003f84  __TI_dtors_ptr                 
00003f88  __TI_enable_exit_profile_output
00003f70  __TI_ft_end                    
ffffffff  __TI_pprof_out_hndl            
00000db3  __TI_printfi                   
ffffffff  __TI_prof_data_size            
ffffffff  __TI_prof_data_start           
00003449  __TI_rd_ok                     
000038d3  __TI_readmsg                   
000052a8  __TI_static_base__             
000040d0  __TI_tmpnams                   
0000389d  __TI_writemsg                  
000033e5  __TI_wrt_ok                    
00003c41  __abort_execution              
00003661  __aeabi_memclr                 
00003661  __aeabi_memclr4                
00003661  __aeabi_memclr8                
00003493  __aeabi_memcpy                 
00003493  __aeabi_memcpy4                
00003493  __aeabi_memcpy8                
00003663  __aeabi_memset                 
00003663  __aeabi_memset4                
00003663  __aeabi_memset8                
00003f7c  __aeabi_stderr                 
00003f74  __aeabi_stdin                  
00003f78  __aeabi_stdout                 
000028f8  __aeabi_uldivmod               
ffffffff  __binit__                      
ffffffff  __c_args__                     
0000352f  __mpu_init                     
000042a4  __stack                        
00002cb5  __vla_alloc                    
00002bb1  __vla_dealloc                  
00002c35  __vla_dealloc_eh               
00003b91  _args_main                     
000037c0  _c_int00                       
000041a0  _ctypes_                       
00003d50  _ftable                        
00003f98  _lock                          
00003c13  _nop                           
00003c0b  _register_lock                 
00003c05  _register_unlock               
00004aa8  _sys_memory                    
000036db  _system_post_cinit             
00003c45  _system_pre_init               
00003f9c  _unlock                        
00003a85  abort                          
0000284d  add_device                     
00003a31  atoi                           
ffffffff  binit                          
0000228b  calloc                         
000027ff  close                          
00003ad1  copy_in                        
00003ba9  copysign                       
00003ba9  copysignl                      
00004198  counter                        
00003fa4  errno                          
00003a8d  exit                           
00003597  fclose                         
00003365  fflush                         
00002f69  fopen                          
00003839  fprintf                        
000035c9  fputc                          
00003011  fputs                          
00001fcb  free                           
00002f3f  freopen                        
000036dd  frexp                          
000036dd  frexpl                         
00003975  fseek                          
00003f10  hist_periodic                  
00003f30  hist_recent                    
00001a2c  hmac                           
00003c50  k                              
00003f50  key                            
00003149  ldexp                          
00003149  ldexpl                         
000027db  lseek                          
000039d9  ltoa                           
00001960  main                           
00003fac  main_func_sp                   
00001f63  malloc                         
0000219d  memalign                       
00003b73  memccpy                        
00003b53  memchr                         
00003493  memcpy                         
00003669  memset                         
00003fa0  message                        
00001e24  minimac                        
00001ed9  minit                          
00002725  open                           
000035c9  putc                           
0000364f  putchar                        
00003121  puts                           
00002701  read                           
0000208d  realloc                        
00002679  remove                         
000026d9  remove_device                  
0000269b  rename                         
00003149  scalbn                         
00003149  scalbnl                        
0000323d  setvbuf                        
000015fc  sha256_final                   
00001488  sha256_init                    
000010b8  sha256_transform               
0000151c  sha256_update                  
00003bd9  strchr                         
00003bc1  strcmp                         
00003c19  strcpy                         
00003bef  strlen                         
00003b1d  strncpy                        
00002679  unlink                         
000025e5  write                          


GLOBAL SYMBOLS: SORTED BY Symbol Address 

address   name                           
-------   ----                           
00000800  __STACK_SIZE                   
00000800  __SYSMEM_SIZE                  
00000db3  __TI_printfi                   
000010b8  sha256_transform               
00001488  sha256_init                    
0000151c  sha256_update                  
000015fc  sha256_final                   
00001960  main                           
00001a2c  hmac                           
00001e24  minimac                        
00001ed9  minit                          
00001f63  malloc                         
00001fcb  free                           
0000208d  realloc                        
0000219d  memalign                       
0000228b  calloc                         
000022c1  HOSTwrite                      
0000230d  HOSTunlink                     
00002345  HOSTtime64                     
0000238f  HOSTtime                       
000023c9  HOSTrename                     
00002427  HOSTread                       
00002475  HOSTopen                       
000024c5  HOSTlseek                      
0000251f  HOSTgetenv                     
0000255d  HOSTclose                      
00002595  HOSTclock                      
000025e5  write                          
00002679  remove                         
00002679  unlink                         
0000269b  rename                         
000026d9  remove_device                  
00002701  read                           
00002725  open                           
000027db  lseek                          
000027ff  close                          
0000284d  add_device                     
000028f8  __aeabi_uldivmod               
00002bb1  __vla_dealloc                  
00002c35  __vla_dealloc_eh               
00002cb5  __vla_alloc                    
00002f13  __TI_cleanup                   
00002f3f  freopen                        
00002f69  fopen                          
00003011  fputs                          
00003121  puts                           
00003149  ldexp                          
00003149  ldexpl                         
00003149  scalbn                         
00003149  scalbnl                        
0000323d  setvbuf                        
00003319  __TI_doflush                   
00003365  fflush                         
000033e5  __TI_wrt_ok                    
00003449  __TI_rd_ok                     
00003493  __aeabi_memcpy                 
00003493  __aeabi_memcpy4                
00003493  __aeabi_memcpy8                
00003493  memcpy                         
0000352f  __mpu_init                     
00003531  __TI_closefile                 
00003597  fclose                         
000035c9  fputc                          
000035c9  putc                           
0000364f  putchar                        
00003661  __aeabi_memclr                 
00003661  __aeabi_memclr4                
00003661  __aeabi_memclr8                
00003663  __aeabi_memset                 
00003663  __aeabi_memset4                
00003663  __aeabi_memset8                
00003669  memset                         
000036db  _system_post_cinit             
000036dd  frexp                          
000036dd  frexpl                         
00003751  __TI_auto_init                 
000037c0  _c_int00                       
00003839  fprintf                        
0000389d  __TI_writemsg                  
000038cf  C$$IO$$                        
000038d3  __TI_readmsg                   
00003975  fseek                          
000039d9  ltoa                           
00003a31  atoi                           
00003a81  C$$EXIT                        
00003a85  abort                          
00003a8d  exit                           
00003ad1  copy_in                        
00003b1d  strncpy                        
00003b53  memchr                         
00003b73  memccpy                        
00003b91  _args_main                     
00003ba9  copysign                       
00003ba9  copysignl                      
00003bc1  strcmp                         
00003bd9  strchr                         
00003bef  strlen                         
00003c05  _register_unlock               
00003c0b  _register_lock                 
00003c13  _nop                           
00003c19  strcpy                         
00003c2d  __TI_decompress_none           
00003c3b  __TI_decompress_rle24          
00003c41  __abort_execution              
00003c45  _system_pre_init               
00003c50  k                              
00003d50  _ftable                        
00003f10  hist_periodic                  
00003f30  hist_recent                    
00003f50  key                            
00003f70  __TI_ft_end                    
00003f74  __aeabi_stdin                  
00003f78  __aeabi_stdout                 
00003f7c  __aeabi_stderr                 
00003f80  __TI_cleanup_ptr               
00003f84  __TI_dtors_ptr                 
00003f88  __TI_enable_exit_profile_output
00003f98  _lock                          
00003f9c  _unlock                        
00003fa0  message                        
00003fa4  errno                          
00003fac  main_func_sp                   
00003fb0  __CIOBUF_                      
000040d0  __TI_tmpnams                   
00004198  counter                        
000041a0  _ctypes_                       
000042a4  __stack                        
00004aa4  __STACK_END                    
00004aa8  _sys_memory                    
000052a8  __TI_static_base__             
0000549c  __TI_Handler_Table_Base        
000054a4  __TI_CINIT_Base                
000054a4  __TI_Handler_Table_Limit       
000054b4  __TI_CINIT_Limit               
ffffffff  __TI_pprof_out_hndl            
ffffffff  __TI_prof_data_size            
ffffffff  __TI_prof_data_start           
ffffffff  __binit__                      
ffffffff  __c_args__                     
ffffffff  binit                          
UNDEFED   SHT$$INIT_ARRAY$$Base          
UNDEFED   SHT$$INIT_ARRAY$$Limit         

[142 symbols]
