******************************************************************************
                  TI ARM Linker PC v5.2.7                      
******************************************************************************
>> Linked Mon Mar 28 12:28:41 2016

OUTPUT FILE NAME:   <minimac.out>
ENTRY POINT SYMBOL: "_c_int00"  address: 00003728


MEMORY CONFIGURATION

         name            origin    length      used     unused   attr    fill
----------------------  --------  ---------  --------  --------  ----  --------
  RAM                   00000020   ffffffe0  0000570d  ffffa8d3  RWIX


SEGMENT ALLOCATION MAP

run origin  load origin   length   init length attrs members
----------  ----------- ---------- ----------- ----- -------
00000020    00000020    00003d58   00003d58    r-x
  00000020    00000020    00003d58   00003d58    r-x .text
00003d78    00003d78    0000067c   00000000    rw-
  00003d78    00003d78    00000494   00000000    rw- .data
  0000420c    0000420c    000001e8   00000000    rw- .bss
000043f4    000043f4    00000101   00000101    r--
  000043f4    000043f4    00000101   00000101    r-- .const
000044f8    000044f8    00001000   00000000    rw-
  000044f8    000044f8    00000800   00000000    rw- .stack
  00004cf8    00004cf8    00000800   00000000    rw- .sysmem
000054f8    000054f8    00000238   00000238    r--
  000054f8    000054f8    00000238   00000238    r-- .cinit


SECTION ALLOCATION MAP

 output                                  attributes/
section   page    origin      length       input sections
--------  ----  ----------  ----------   ----------------
.text      0    00000020    00003d58     
                  00000020    00001060     rtsv7R4_T_be_v3D16_eabi.lib : _printfi.obj (.text)
                  00001080    000008a8     sha256.obj (.text)
                  00001928    000004fc     main.obj (.text)
                  00001e24    000003e8     rtsv7R4_T_be_v3D16_eabi.lib : memory.obj (.text)
                  0000220c    00000314                                 : lowlev.obj (.text)
                  00002520    000002d0                                 : trgdrv.obj (.text)
                  000027f0    000002b8                                 : ull_div32.obj (.text)
                  00002aa8    00000298                                 : vla_alloc.obj (.text)
                  00002d40    000001c8                                 : fopen.obj (.text)
                  00002f08    00000138                                 : fputs.obj (.text)
                  00003040    00000118                                 : xdscale.obj (.text)
                  00003158    000000dc                                 : setvbuf.obj (.text)
                  00003234    000000cc                                 : fflush.obj (.text)
                  00003300    000000c6                                 : xdnorm.obj (.text)
                  000033c6    000000ae                                 : _io_perm.obj (.text)
                  00003474    0000009c                                 : memcpy_t2.obj (.text)
                  00003510    00000098                                 : fclose.obj (.text)
                  000035a8    00000098                                 : fputc.obj (.text)
                  00003640    0000007a                                 : memset_t2.obj (.text)
                  000036ba    00000002     --HOLE-- [fill = 0]
                  000036bc    0000006c                                 : autoinit.obj (.text)
                  00003728    0000006c                                 : boot.obj (.text)
                  00003794    0000006c                                 : fprintf.obj (.text)
                  00003800    0000006c                                 : trgmsg.obj (.text)
                  0000386c    0000006a                                 : copy_decompress_rle.obj (.text)
                  000038d6    00000002     --HOLE-- [fill = 0]
                  000038d8    00000064                                 : fseek.obj (.text)
                  0000393c    00000064                                 : xdunscal.obj (.text)
                  000039a0    00000056                                 : ltoa.obj (.text)
                  000039f6    00000002     --HOLE-- [fill = 0]
                  000039f8    00000050                                 : atoi.obj (.text)
                  00003a48    0000004c                                 : cpy_tbl.obj (.text)
                  00003a94    00000044                                 : ldexp.obj (.text)
                  00003ad8    00000040                                 : exit.obj (.text)
                  00003b18    00000040                                 : signal.obj (.text)
                  00003b58    0000003c                                 : xdclass.obj (.text)
                  00003b94    00000036                                 : strncpy.obj (.text)
                  00003bca    00000002     --HOLE-- [fill = 0]
                  00003bcc    00000034                                 : feraiseexcept.obj (.text)
                  00003c00    00000034                                 : xferaise.obj (.text)
                  00003c34    0000002e                                 : raise.obj (.text)
                  00003c62    00000024                                 : frexp.obj (.text)
                  00003c86    00000020                                 : memchr.obj (.text)
                  00003ca6    0000001c                                 : memccpy.obj (.text)
                  00003cc2    00000002     --HOLE-- [fill = 0]
                  00003cc4    00000018                                 : args_main.obj (.text)
                  00003cdc    00000018                                 : strcmp.obj (.text)
                  00003cf4    00000016                                 : strchr.obj (.text)
                  00003d0a    00000016                                 : strlen.obj (.text)
                  00003d20    00000014                                 : _lock.obj (.text)
                  00003d34    00000014                                 : strcpy.obj (.text)
                  00003d48    0000000e                                 : copy_decompress_none.obj (.text:decompress:none)
                  00003d56    0000000c                                 : copy_zero_init.obj (.text:decompress:ZI)
                  00003d62    00000006                                 : copy_decompress_rle.obj (.text:decompress:rle24)
                  00003d68    00000004                                 : error.obj (.text)
                  00003d6c    00000004                                 : pre_init.obj (.text)
                  00003d70    00000008     main.obj (.tramp.main.1)

.data      0    00003d78    00000494     UNINITIALIZED
                  00003d78    00000100     sha256.obj (.data:k)
                  00003e78    000000f0     rtsv7R4_T_be_v3D16_eabi.lib : defs.obj (.data:_ftable)
                  00003f68    000000d0                                 : lowlev.obj (.data)
                  00004038    000000b0                                 : signal.obj (.data:sigtable)
                  000040e8    00000080                                 : xvalues.obj (.data)
                  00004168    00000064     main.obj (.data)
                  000041cc    00000010     rtsv7R4_T_be_v3D16_eabi.lib : defs.obj (.data)
                  000041dc    0000000c                                 : memory.obj (.data)
                  000041e8    00000008                                 : _lock.obj (.data)
                  000041f0    00000008                                 : exit.obj (.data)
                  000041f8    00000008                                 : feraiseexcept.obj (.data)
                  00004200    00000004                                 : errno.obj (.data)
                  00004204    00000004                                 : fopen.obj (.data)
                  00004208    00000004                                 : stkdepth_vars.obj (.data)

.TI.persistent 
*          0    00003d78    00000000     UNINITIALIZED

.bss       0    0000420c    000001e8     UNINITIALIZED
                  0000420c    00000120     rtsv7R4_T_be_v3D16_eabi.lib : trgmsg.obj (.bss:__CIOBUF_)
                  0000432c    000000a0                                 : defs.obj (.bss:__TI_tmpnams)
                  000043cc    0000001c                                 : vla_alloc.obj (.bss)
                  000043e8    00000008     (.common:parmbuf)
                  000043f0    00000004     (.common:counter)

.TI.noinit 
*          0    0000420c    00000000     UNINITIALIZED

.const     0    000043f4    00000101     
                  000043f4    00000101     rtsv7R4_T_be_v3D16_eabi.lib : ctype.obj (.const:.string:_ctypes_)

.cinit     0    000054f8    00000238     
                  000054f8    0000020f     (.cinit..data.load) [load image, compression = rle]
                  00005707    00000001     --HOLE-- [fill = 0]
                  00005708    0000000c     (__TI_handler_table)
                  00005714    00000004     --HOLE-- [fill = 0]
                  00005718    00000008     (.cinit..bss.load) [load image, compression = zero_init]
                  00005720    00000010     (__TI_cinit_table)

.init_array 
*          0    00000020    00000000     UNINITIALIZED

.stack     0    000044f8    00000800     UNINITIALIZED
                  000044f8    00000800     --HOLE--

.sysmem    0    00004cf8    00000800     UNINITIALIZED
                  00004cf8    00000008     rtsv7R4_T_be_v3D16_eabi.lib : memory.obj (.sysmem)
                  00004d00    000007f8     --HOLE--


LINKER GENERATED COPY TABLES

__TI_cinit_table @ 00005720 records: 2, size/record: 8, table size: 16
	.data: load addr=000054f8, load size=0000020f bytes, run addr=00003d78, run size=00000494 bytes, compression=rle
	.bss: load addr=00005718, load size=00000008 bytes, run addr=0000420c, run size=000001e8 bytes, compression=zero_init


LINKER GENERATED HANDLER TABLE

__TI_handler_table @ 00005708 records: 3, size/record: 4, table size: 12
	index: 0, handler: __TI_decompress_rle24
	index: 1, handler: __TI_decompress_none
	index: 2, handler: __TI_zero_init

VENEERS

callee name               veneer name
   callee addr  veneer addr  call addr  call info
--------------  -----------  ---------  ----------------
main                      $Ven$TA$L$PI$$main
   00001928     00003d70     00003cd4   rtsv7R4_T_be_v3D16_eabi.lib : args_main.obj (.text)

[1 trampolines]
[1 trampoline calls]


GLOBAL SYMBOLS: SORTED ALPHABETICALLY BY Name 

address   name                    
-------   ----                    
00003ad9  C$$EXIT                 
00003833  C$$IO$$                 
000027ab  HOSTclock               
00002773  HOSTclose               
00002735  HOSTgetenv              
000026db  HOSTlseek               
0000268b  HOSTopen                
0000263d  HOSTread                
000025df  HOSTrename              
000025a5  HOSTtime                
0000256d  HOSTunlink              
00002521  HOSTwrite               
UNDEFED   SHT$$INIT_ARRAY$$Base   
UNDEFED   SHT$$INIT_ARRAY$$Limit  
00003b59  _Dclass                 
000040e8  _Denorm                 
00003301  _Dnorm                  
00003041  _Dscale                 
0000393d  _Dunscale               
000040f8  _Eps                    
00004200  _Errno                  
000041f8  _Fenv                   
00003c01  _Feraise                
00004108  _Hugeval                
00004118  _Inf                    
00004128  _Nan                    
00004148  _Rteps                  
00004138  _Snan                   
000041fc  _Tls_setup__Fenv        
00004158  _Xbig                   
00004160  _Zero                   
0000420c  __CIOBUF_               
00004cf8  __STACK_END             
00000800  __STACK_SIZE            
00000800  __SYSMEM_SIZE           
00005720  __TI_CINIT_Base         
00005730  __TI_CINIT_Limit        
00005708  __TI_Handler_Table_Base 
00005714  __TI_Handler_Table_Limit
000036bd  __TI_auto_init          
00002e0b  __TI_cleanup            
000041f0  __TI_cleanup_ptr        
00003511  __TI_closefile          
00003d49  __TI_decompress_none    
00003d63  __TI_decompress_rle24   
00003235  __TI_doflush            
000041f4  __TI_dtors_ptr          
000041cc  __TI_ft_end             
00000d7b  __TI_printfi            
0000342b  __TI_rd_ok              
00003837  __TI_readmsg            
000054f8  __TI_static_base__      
0000432c  __TI_tmpnams            
00003801  __TI_writemsg           
000033c7  __TI_wrt_ok             
00003d57  __TI_zero_init          
00003d69  __abort_execution       
00003641  __aeabi_memclr          
00003641  __aeabi_memclr4         
00003641  __aeabi_memclr8         
00003475  __aeabi_memcpy          
00003475  __aeabi_memcpy4         
00003475  __aeabi_memcpy8         
00003643  __aeabi_memset          
00003643  __aeabi_memset4         
00003643  __aeabi_memset8         
000041d8  __aeabi_stderr          
000041d0  __aeabi_stdin           
000041d4  __aeabi_stdout          
000027f0  __aeabi_uldivmod        
ffffffff  __binit__               
ffffffff  __c_args__              
000044f8  __stack                 
00002bad  __vla_alloc             
00002aa9  __vla_dealloc           
00002b2d  __vla_dealloc_eh        
00003cc5  _args_main              
00003728  _c_int00                
000043f4  _ctypes_                
00003e78  _ftable                 
000041e8  _lock                   
00003d2f  _nop                    
00003d27  _register_lock          
00003d21  _register_unlock        
00004cf8  _sys_memory             
00003d6d  _system_pre_init        
000041ec  _unlock                 
00003add  abort                   
00002475  add_device              
000039f9  atoi                    
ffffffff  binit                   
000021d7  calloc                  
00002427  close                   
00003a49  copy_in                 
000043f0  counter                 
00003ae5  exit                    
00003577  fclose                  
00003bcd  feraiseexcept           
00003281  fflush                  
00002e61  fopen                   
0000379d  fprintf                 
000035a9  fputc                   
00002f09  fputs                   
00001f17  free                    
00002e37  freopen                 
00003c63  frexp                   
000038d9  fseek                   
0000418c  hist_periodic           
0000416c  hist_recent             
000019f0  hmac                    
00003d78  k                       
000041ac  key                     
00003a95  ldexp                   
00002403  lseek                   
000039a1  ltoa                    
00001928  main                    
00004208  main_func_sp            
00001eaf  malloc                  
000020e9  memalign                
00003ca7  memccpy                 
00003c87  memchr                  
00003475  memcpy                  
00003649  memset                  
00004168  message                 
00001d70  minimac                 
00001e25  minit                   
0000234d  open                    
000035a9  putc                    
0000362f  putchar                 
00003019  puts                    
00003c35  raise                   
00002329  read                    
00001fd9  realloc                 
000022a1  remove                  
00002301  remove_device           
000022c3  rename                  
00003159  setvbuf                 
000015c4  sha256_final            
00001450  sha256_init             
00001080  sha256_transform        
000014e4  sha256_update           
00003b19  signal                  
00003cf5  strchr                  
00003cdd  strcmp                  
00003d35  strcpy                  
00003d0b  strlen                  
00003b95  strncpy                 
000022a1  unlink                  
0000220d  write                   


GLOBAL SYMBOLS: SORTED BY Symbol Address 

address   name                    
-------   ----                    
00000800  __STACK_SIZE            
00000800  __SYSMEM_SIZE           
00000d7b  __TI_printfi            
00001080  sha256_transform        
00001450  sha256_init             
000014e4  sha256_update           
000015c4  sha256_final            
00001928  main                    
000019f0  hmac                    
00001d70  minimac                 
00001e25  minit                   
00001eaf  malloc                  
00001f17  free                    
00001fd9  realloc                 
000020e9  memalign                
000021d7  calloc                  
0000220d  write                   
000022a1  remove                  
000022a1  unlink                  
000022c3  rename                  
00002301  remove_device           
00002329  read                    
0000234d  open                    
00002403  lseek                   
00002427  close                   
00002475  add_device              
00002521  HOSTwrite               
0000256d  HOSTunlink              
000025a5  HOSTtime                
000025df  HOSTrename              
0000263d  HOSTread                
0000268b  HOSTopen                
000026db  HOSTlseek               
00002735  HOSTgetenv              
00002773  HOSTclose               
000027ab  HOSTclock               
000027f0  __aeabi_uldivmod        
00002aa9  __vla_dealloc           
00002b2d  __vla_dealloc_eh        
00002bad  __vla_alloc             
00002e0b  __TI_cleanup            
00002e37  freopen                 
00002e61  fopen                   
00002f09  fputs                   
00003019  puts                    
00003041  _Dscale                 
00003159  setvbuf                 
00003235  __TI_doflush            
00003281  fflush                  
00003301  _Dnorm                  
000033c7  __TI_wrt_ok             
0000342b  __TI_rd_ok              
00003475  __aeabi_memcpy          
00003475  __aeabi_memcpy4         
00003475  __aeabi_memcpy8         
00003475  memcpy                  
00003511  __TI_closefile          
00003577  fclose                  
000035a9  fputc                   
000035a9  putc                    
0000362f  putchar                 
00003641  __aeabi_memclr          
00003641  __aeabi_memclr4         
00003641  __aeabi_memclr8         
00003643  __aeabi_memset          
00003643  __aeabi_memset4         
00003643  __aeabi_memset8         
00003649  memset                  
000036bd  __TI_auto_init          
00003728  _c_int00                
0000379d  fprintf                 
00003801  __TI_writemsg           
00003833  C$$IO$$                 
00003837  __TI_readmsg            
000038d9  fseek                   
0000393d  _Dunscale               
000039a1  ltoa                    
000039f9  atoi                    
00003a49  copy_in                 
00003a95  ldexp                   
00003ad9  C$$EXIT                 
00003add  abort                   
00003ae5  exit                    
00003b19  signal                  
00003b59  _Dclass                 
00003b95  strncpy                 
00003bcd  feraiseexcept           
00003c01  _Feraise                
00003c35  raise                   
00003c63  frexp                   
00003c87  memchr                  
00003ca7  memccpy                 
00003cc5  _args_main              
00003cdd  strcmp                  
00003cf5  strchr                  
00003d0b  strlen                  
00003d21  _register_unlock        
00003d27  _register_lock          
00003d2f  _nop                    
00003d35  strcpy                  
00003d49  __TI_decompress_none    
00003d57  __TI_zero_init          
00003d63  __TI_decompress_rle24   
00003d69  __abort_execution       
00003d6d  _system_pre_init        
00003d78  k                       
00003e78  _ftable                 
000040e8  _Denorm                 
000040f8  _Eps                    
00004108  _Hugeval                
00004118  _Inf                    
00004128  _Nan                    
00004138  _Snan                   
00004148  _Rteps                  
00004158  _Xbig                   
00004160  _Zero                   
00004168  message                 
0000416c  hist_recent             
0000418c  hist_periodic           
000041ac  key                     
000041cc  __TI_ft_end             
000041d0  __aeabi_stdin           
000041d4  __aeabi_stdout          
000041d8  __aeabi_stderr          
000041e8  _lock                   
000041ec  _unlock                 
000041f0  __TI_cleanup_ptr        
000041f4  __TI_dtors_ptr          
000041f8  _Fenv                   
000041fc  _Tls_setup__Fenv        
00004200  _Errno                  
00004208  main_func_sp            
0000420c  __CIOBUF_               
0000432c  __TI_tmpnams            
000043f0  counter                 
000043f4  _ctypes_                
000044f8  __stack                 
00004cf8  __STACK_END             
00004cf8  _sys_memory             
000054f8  __TI_static_base__      
00005708  __TI_Handler_Table_Base 
00005714  __TI_Handler_Table_Limit
00005720  __TI_CINIT_Base         
00005730  __TI_CINIT_Limit        
ffffffff  __binit__               
ffffffff  __c_args__              
ffffffff  binit                   
UNDEFED   SHT$$INIT_ARRAY$$Base   
UNDEFED   SHT$$INIT_ARRAY$$Limit  

[149 symbols]
