<?xml version="1.0"?>
<link_info>
   <banner>TI ARM Linker PC v16.3.0.STS</banner>
   <copyright>Copyright (c) 1996-2015 Texas Instruments Incorporated</copyright>
   <link_time>0x572170bc</link_time>
   <link_errors>0x0</link_errors>
   <output_file>CAN_bench_network.out</output_file>
   <entry_point>
      <name>_c_int00</name>
      <address>0x7710</address>
   </entry_point>
   <input_file_list>
      <input_file id="fl-2">
         <path>.\source\</path>
         <kind>object</kind>
         <file>can.obj</file>
         <name>can.obj</name>
      </input_file>
      <input_file id="fl-3">
         <path>.\source\</path>
         <kind>object</kind>
         <file>dabort.obj</file>
         <name>dabort.obj</name>
      </input_file>
      <input_file id="fl-4">
         <path>.\source\</path>
         <kind>object</kind>
         <file>esm.obj</file>
         <name>esm.obj</name>
      </input_file>
      <input_file id="fl-5">
         <path>.\source\</path>
         <kind>object</kind>
         <file>gio.obj</file>
         <name>gio.obj</name>
      </input_file>
      <input_file id="fl-6">
         <path>.\source\</path>
         <kind>object</kind>
         <file>md5.obj</file>
         <name>md5.obj</name>
      </input_file>
      <input_file id="fl-7">
         <path>.\source\</path>
         <kind>object</kind>
         <file>minimac.obj</file>
         <name>minimac.obj</name>
      </input_file>
      <input_file id="fl-8">
         <path>.\source\</path>
         <kind>object</kind>
         <file>notification.obj</file>
         <name>notification.obj</name>
      </input_file>
      <input_file id="fl-9">
         <path>.\source\</path>
         <kind>object</kind>
         <file>pinmux.obj</file>
         <name>pinmux.obj</name>
      </input_file>
      <input_file id="fl-a">
         <path>.\source\</path>
         <kind>object</kind>
         <file>rti.obj</file>
         <name>rti.obj</name>
      </input_file>
      <input_file id="fl-b">
         <path>.\source\</path>
         <kind>object</kind>
         <file>sci.obj</file>
         <name>sci.obj</name>
      </input_file>
      <input_file id="fl-c">
         <path>.\source\</path>
         <kind>object</kind>
         <file>sha1.obj</file>
         <name>sha1.obj</name>
      </input_file>
      <input_file id="fl-d">
         <path>.\source\</path>
         <kind>object</kind>
         <file>sha256.obj</file>
         <name>sha256.obj</name>
      </input_file>
      <input_file id="fl-e">
         <path>.\source\</path>
         <kind>object</kind>
         <file>sys_core.obj</file>
         <name>sys_core.obj</name>
      </input_file>
      <input_file id="fl-f">
         <path>.\source\</path>
         <kind>object</kind>
         <file>sys_dma.obj</file>
         <name>sys_dma.obj</name>
      </input_file>
      <input_file id="fl-10">
         <path>.\source\</path>
         <kind>object</kind>
         <file>sys_intvecs.obj</file>
         <name>sys_intvecs.obj</name>
      </input_file>
      <input_file id="fl-11">
         <path>.\source\</path>
         <kind>object</kind>
         <file>sys_main.obj</file>
         <name>sys_main.obj</name>
      </input_file>
      <input_file id="fl-12">
         <path>.\source\</path>
         <kind>object</kind>
         <file>sys_mpu.obj</file>
         <name>sys_mpu.obj</name>
      </input_file>
      <input_file id="fl-13">
         <path>.\source\</path>
         <kind>object</kind>
         <file>sys_pcr.obj</file>
         <name>sys_pcr.obj</name>
      </input_file>
      <input_file id="fl-14">
         <path>.\source\</path>
         <kind>object</kind>
         <file>sys_phantom.obj</file>
         <name>sys_phantom.obj</name>
      </input_file>
      <input_file id="fl-15">
         <path>.\source\</path>
         <kind>object</kind>
         <file>sys_pmm.obj</file>
         <name>sys_pmm.obj</name>
      </input_file>
      <input_file id="fl-16">
         <path>.\source\</path>
         <kind>object</kind>
         <file>sys_pmu.obj</file>
         <name>sys_pmu.obj</name>
      </input_file>
      <input_file id="fl-17">
         <path>.\source\</path>
         <kind>object</kind>
         <file>sys_selftest.obj</file>
         <name>sys_selftest.obj</name>
      </input_file>
      <input_file id="fl-18">
         <path>.\source\</path>
         <kind>object</kind>
         <file>sys_startup.obj</file>
         <name>sys_startup.obj</name>
      </input_file>
      <input_file id="fl-19">
         <path>.\source\</path>
         <kind>object</kind>
         <file>sys_vim.obj</file>
         <name>sys_vim.obj</name>
      </input_file>
      <input_file id="fl-1a">
         <path>.\source\</path>
         <kind>object</kind>
         <file>system.obj</file>
         <name>system.obj</name>
      </input_file>
      <input_file id="fl-1f">
         <path>G:\ti\ccsv6\tools\compiler\ti-cgt-arm_16.3.0.STS\lib\</path>
         <kind>archive</kind>
         <file>rtsv7R4_T_be_v3D16_eabi.lib</file>
         <name>autoinit.obj</name>
      </input_file>
      <input_file id="fl-20">
         <path>G:\ti\ccsv6\tools\compiler\ti-cgt-arm_16.3.0.STS\lib\</path>
         <kind>archive</kind>
         <file>rtsv7R4_T_be_v3D16_eabi.lib</file>
         <name>copy_decompress_none.obj</name>
      </input_file>
      <input_file id="fl-21">
         <path>G:\ti\ccsv6\tools\compiler\ti-cgt-arm_16.3.0.STS\lib\</path>
         <kind>archive</kind>
         <file>rtsv7R4_T_be_v3D16_eabi.lib</file>
         <name>copy_decompress_rle.obj</name>
      </input_file>
      <input_file id="fl-22">
         <path>G:\ti\ccsv6\tools\compiler\ti-cgt-arm_16.3.0.STS\lib\</path>
         <kind>archive</kind>
         <file>rtsv7R4_T_be_v3D16_eabi.lib</file>
         <name>copy_zero_init.obj</name>
      </input_file>
      <input_file id="fl-23">
         <path>G:\ti\ccsv6\tools\compiler\ti-cgt-arm_16.3.0.STS\lib\</path>
         <kind>archive</kind>
         <file>rtsv7R4_T_be_v3D16_eabi.lib</file>
         <name>cpy_tbl.obj</name>
      </input_file>
      <input_file id="fl-24">
         <path>G:\ti\ccsv6\tools\compiler\ti-cgt-arm_16.3.0.STS\lib\</path>
         <kind>archive</kind>
         <file>rtsv7R4_T_be_v3D16_eabi.lib</file>
         <name>exit.obj</name>
      </input_file>
      <input_file id="fl-25">
         <path>G:\ti\ccsv6\tools\compiler\ti-cgt-arm_16.3.0.STS\lib\</path>
         <kind>archive</kind>
         <file>rtsv7R4_T_be_v3D16_eabi.lib</file>
         <name>memcpy_t2.obj</name>
      </input_file>
      <input_file id="fl-26">
         <path>G:\ti\ccsv6\tools\compiler\ti-cgt-arm_16.3.0.STS\lib\</path>
         <kind>archive</kind>
         <file>rtsv7R4_T_be_v3D16_eabi.lib</file>
         <name>memset_t2.obj</name>
      </input_file>
      <input_file id="fl-27">
         <path>G:\ti\ccsv6\tools\compiler\ti-cgt-arm_16.3.0.STS\lib\</path>
         <kind>archive</kind>
         <file>rtsv7R4_T_be_v3D16_eabi.lib</file>
         <name>rand.obj</name>
      </input_file>
      <input_file id="fl-28">
         <path>G:\ti\ccsv6\tools\compiler\ti-cgt-arm_16.3.0.STS\lib\</path>
         <kind>archive</kind>
         <file>rtsv7R4_T_be_v3D16_eabi.lib</file>
         <name>startup.obj</name>
      </input_file>
      <input_file id="fl-29">
         <path>G:\ti\ccsv6\tools\compiler\ti-cgt-arm_16.3.0.STS\lib\</path>
         <kind>archive</kind>
         <file>rtsv7R4_T_be_v3D16_eabi.lib</file>
         <name>_lock.obj</name>
      </input_file>
   </input_file_list>
   <object_component_list>
      <object_component id="oc-33">
         <name>.intvecs</name>
         <load_address>0x0</load_address>
         <run_address>0x0</run_address>
         <size>0x20</size>
         <input_file_ref idref="fl-10"/>
      </object_component>
      <object_component id="oc-7a">
         <name>.text</name>
         <load_address>0x20</load_address>
         <run_address>0x20</run_address>
         <size>0x2cdc</size>
         <input_file_ref idref="fl-17"/>
      </object_component>
      <object_component id="oc-f9">
         <name>.text</name>
         <load_address>0x2cfc</load_address>
         <run_address>0x2cfc</run_address>
         <size>0xb50</size>
         <input_file_ref idref="fl-2"/>
      </object_component>
      <object_component id="oc-74">
         <name>.text</name>
         <load_address>0x384c</load_address>
         <run_address>0x384c</run_address>
         <size>0xb28</size>
         <input_file_ref idref="fl-1a"/>
      </object_component>
      <object_component id="oc-3f">
         <name>.text</name>
         <load_address>0x4374</load_address>
         <run_address>0x4374</run_address>
         <size>0xa58</size>
         <input_file_ref idref="fl-19"/>
      </object_component>
      <object_component id="oc-d5">
         <name>.text</name>
         <load_address>0x4dcc</load_address>
         <run_address>0x4dcc</run_address>
         <size>0x8ac</size>
         <input_file_ref idref="fl-9"/>
      </object_component>
      <object_component id="oc-1c5">
         <name>.text</name>
         <load_address>0x5678</load_address>
         <run_address>0x5678</run_address>
         <size>0x8a8</size>
         <input_file_ref idref="fl-d"/>
      </object_component>
      <object_component id="oc-ff">
         <name>.text</name>
         <load_address>0x5f20</load_address>
         <run_address>0x5f20</run_address>
         <size>0x760</size>
         <input_file_ref idref="fl-b"/>
      </object_component>
      <object_component id="oc-80">
         <name>.text</name>
         <load_address>0x6680</load_address>
         <run_address>0x6680</run_address>
         <size>0x5e8</size>
         <input_file_ref idref="fl-4"/>
      </object_component>
      <object_component id="oc-10b">
         <name>.text</name>
         <load_address>0x6c68</load_address>
         <run_address>0x6c68</run_address>
         <size>0x480</size>
         <input_file_ref idref="fl-7"/>
      </object_component>
      <object_component id="oc-6f">
         <name>.text</name>
         <load_address>0x70e8</load_address>
         <run_address>0x70e8</run_address>
         <size>0x34c</size>
         <input_file_ref idref="fl-e"/>
      </object_component>
      <object_component id="oc-3e">
         <name>.text:retain</name>
         <load_address>0x7434</load_address>
         <run_address>0x7434</run_address>
         <size>0x2dc</size>
         <input_file_ref idref="fl-19"/>
      </object_component>
      <object_component id="oc-1e">
         <name>.text:retain</name>
         <load_address>0x7710</load_address>
         <run_address>0x7710</run_address>
         <size>0x27c</size>
         <input_file_ref idref="fl-18"/>
      </object_component>
      <object_component id="oc-24">
         <name>.text:retain</name>
         <load_address>0x798c</load_address>
         <run_address>0x798c</run_address>
         <size>0x19c</size>
         <input_file_ref idref="fl-2"/>
      </object_component>
      <object_component id="oc-8c">
         <name>.text</name>
         <load_address>0x7b28</load_address>
         <run_address>0x7b28</run_address>
         <size>0x13c</size>
         <input_file_ref idref="fl-11"/>
      </object_component>
      <object_component id="oc-2d">
         <name>.text:retain</name>
         <load_address>0x7c64</load_address>
         <run_address>0x7c64</run_address>
         <size>0x114</size>
         <input_file_ref idref="fl-4"/>
      </object_component>
      <object_component id="oc-99">
         <name>.text</name>
         <load_address>0x7d78</load_address>
         <run_address>0x7d78</run_address>
         <size>0x108</size>
         <input_file_ref idref="fl-8"/>
      </object_component>
      <object_component id="oc-a9">
         <name>.text</name>
         <load_address>0x7e80</load_address>
         <run_address>0x7e80</run_address>
         <size>0xe8</size>
         <input_file_ref idref="fl-3"/>
      </object_component>
      <object_component id="oc-dd">
         <name>.text</name>
         <load_address>0x7f68</load_address>
         <run_address>0x7f68</run_address>
         <size>0xe0</size>
         <input_file_ref idref="fl-16"/>
      </object_component>
      <object_component id="oc-4a">
         <name>.text</name>
         <load_address>0x8048</load_address>
         <run_address>0x8048</run_address>
         <size>0x9c</size>
         <input_file_ref idref="fl-25"/>
      </object_component>
      <object_component id="oc-63">
         <name>.text</name>
         <load_address>0x80e4</load_address>
         <run_address>0x80e4</run_address>
         <size>0x7a</size>
         <input_file_ref idref="fl-26"/>
      </object_component>
      <object_component id="oc-f1">
         <name>.text</name>
         <load_address>0x815e</load_address>
         <run_address>0x815e</run_address>
         <size>0x2</size>
         <input_file_ref idref="fl-28"/>
      </object_component>
      <object_component id="oc-86">
         <name>.text</name>
         <load_address>0x8160</load_address>
         <run_address>0x8160</run_address>
         <size>0x70</size>
         <input_file_ref idref="fl-1f"/>
      </object_component>
      <object_component id="oc-56">
         <name>.text</name>
         <load_address>0x81d0</load_address>
         <run_address>0x81d0</run_address>
         <size>0x6a</size>
         <input_file_ref idref="fl-21"/>
      </object_component>
      <object_component id="oc-92">
         <name>.text</name>
         <load_address>0x823c</load_address>
         <run_address>0x823c</run_address>
         <size>0x50</size>
         <input_file_ref idref="fl-24"/>
      </object_component>
      <object_component id="oc-eb">
         <name>.text</name>
         <load_address>0x828c</load_address>
         <run_address>0x828c</run_address>
         <size>0x4c</size>
         <input_file_ref idref="fl-23"/>
      </object_component>
      <object_component id="oc-105">
         <name>.text</name>
         <load_address>0x82d8</load_address>
         <run_address>0x82d8</run_address>
         <size>0x4c</size>
         <input_file_ref idref="fl-27"/>
      </object_component>
      <object_component id="oc-1e7">
         <name>.text</name>
         <load_address>0x8324</load_address>
         <run_address>0x8324</run_address>
         <size>0x14</size>
         <input_file_ref idref="fl-29"/>
      </object_component>
      <object_component id="oc-c">
         <name>.text:decompress:none</name>
         <load_address>0x8338</load_address>
         <run_address>0x8338</run_address>
         <size>0xe</size>
         <input_file_ref idref="fl-20"/>
      </object_component>
      <object_component id="oc-12">
         <name>.text:decompress:rle24</name>
         <load_address>0x8346</load_address>
         <run_address>0x8346</run_address>
         <size>0x6</size>
         <input_file_ref idref="fl-21"/>
      </object_component>
      <object_component id="oc-38">
         <name>.text:retain</name>
         <load_address>0x834c</load_address>
         <run_address>0x834c</run_address>
         <size>0x4</size>
         <input_file_ref idref="fl-14"/>
      </object_component>
      <object_component id="oc-2a">
         <name>.const:s_vim_init</name>
         <load_address>0x8350</load_address>
         <run_address>0x8350</run_address>
         <size>0x200</size>
         <input_file_ref idref="fl-19"/>
      </object_component>
      <object_component id="oc-1b2">
         <name>.const:s_canByteOrder</name>
         <load_address>0x8550</load_address>
         <run_address>0x8550</run_address>
         <size>0x20</size>
         <input_file_ref idref="fl-2"/>
      </object_component>
      <object_component id="oc-26b">
         <name>.cinit..data.load</name>
         <load_address>0x8570</load_address>
         <run_address>0x8570</run_address>
         <size>0x148</size>
      </object_component>
      <object_component id="oc-26a">
         <name>.cinit..bss.load</name>
         <load_address>0x86b8</load_address>
         <run_address>0x86b8</run_address>
         <size>0x9</size>
      </object_component>
      <object_component id="oc-268">
         <name>__TI_handler_table</name>
         <load_address>0x86c4</load_address>
         <run_address>0x86c4</run_address>
         <size>0x8</size>
      </object_component>
      <object_component id="oc-269">
         <name>__TI_cinit_table</name>
         <load_address>0x86cc</load_address>
         <run_address>0x86cc</run_address>
         <size>0x10</size>
      </object_component>
      <object_component id="oc-1bb">
         <name>.bss:g_sciTransfer_t</name>
         <uninitialized>true</uninitialized>
         <run_address>0x80016d0</run_address>
         <size>0x28</size>
         <input_file_ref idref="fl-b"/>
      </object_component>
      <object_component id="oc-1cb">
         <name>.common:counter</name>
         <uninitialized>true</uninitialized>
         <run_address>0x80016f8</run_address>
         <size>0x8</size>
      </object_component>
      <object_component id="oc-1ce">
         <name>.data:hist_recent</name>
         <load_address>0x8001660</load_address>
         <run_address>0x8001660</run_address>
         <size>0x20</size>
         <input_file_ref idref="fl-7"/>
      </object_component>
      <object_component id="oc-1d1">
         <name>.data:hist_periodic</name>
         <load_address>0x8001640</load_address>
         <run_address>0x8001640</run_address>
         <size>0x20</size>
         <input_file_ref idref="fl-7"/>
      </object_component>
      <object_component id="oc-225">
         <name>.data:k</name>
         <load_address>0x8001500</load_address>
         <run_address>0x8001500</run_address>
         <size>0x100</size>
         <input_file_ref idref="fl-d"/>
      </object_component>
      <object_component id="oc-1f3">
         <name>.data:rx_data</name>
         <load_address>0x8001600</load_address>
         <run_address>0x8001600</run_address>
         <size>0x40</size>
         <input_file_ref idref="fl-11"/>
      </object_component>
      <object_component id="oc-128">
         <name>.data</name>
         <load_address>0x80016c4</load_address>
         <run_address>0x80016c4</run_address>
         <size>0x8</size>
         <input_file_ref idref="fl-11"/>
      </object_component>
      <object_component id="oc-111">
         <name>.data:messages</name>
         <load_address>0x80016a0</load_address>
         <run_address>0x80016a0</run_address>
         <size>0x10</size>
         <input_file_ref idref="fl-11"/>
      </object_component>
      <object_component id="oc-114">
         <name>.data:key</name>
         <load_address>0x8001680</load_address>
         <run_address>0x8001680</run_address>
         <size>0x20</size>
         <input_file_ref idref="fl-11"/>
      </object_component>
      <object_component id="oc-11f">
         <name>.data:$O1$$</name>
         <load_address>0x80016b0</load_address>
         <run_address>0x80016b0</run_address>
         <size>0xc</size>
         <input_file_ref idref="fl-24"/>
      </object_component>
      <object_component id="oc-1c0">
         <name>.data</name>
         <load_address>0x80016cc</load_address>
         <run_address>0x80016cc</run_address>
         <size>0x4</size>
         <input_file_ref idref="fl-27"/>
      </object_component>
      <object_component id="oc-122">
         <name>.data:$O1$$</name>
         <load_address>0x80016bc</load_address>
         <run_address>0x80016bc</run_address>
         <size>0x8</size>
         <input_file_ref idref="fl-29"/>
      </object_component>
      <object_component id="oc-15d">
         <name>.debug_info</name>
         <load_address>0x0</load_address>
         <run_address>0x0</run_address>
         <size>0x243</size>
         <input_file_ref idref="fl-2"/>
      </object_component>
      <object_component id="oc-1b3">
         <name>.debug_info</name>
         <load_address>0x243</load_address>
         <run_address>0x243</run_address>
         <size>0xf4</size>
         <input_file_ref idref="fl-2"/>
      </object_component>
      <object_component id="oc-fa">
         <name>.debug_info</name>
         <load_address>0x337</load_address>
         <run_address>0x337</run_address>
         <size>0x13b3</size>
         <input_file_ref idref="fl-2"/>
      </object_component>
      <object_component id="oc-25">
         <name>.debug_info</name>
         <load_address>0x16ea</load_address>
         <run_address>0x16ea</run_address>
         <size>0x26f</size>
         <input_file_ref idref="fl-2"/>
      </object_component>
      <object_component id="oc-a0">
         <name>.debug_info</name>
         <load_address>0x1959</load_address>
         <run_address>0x1959</run_address>
         <size>0x157</size>
         <input_file_ref idref="fl-2"/>
      </object_component>
      <object_component id="oc-11a">
         <name>.debug_info</name>
         <load_address>0x1ab0</load_address>
         <run_address>0x1ab0</run_address>
         <size>0x8b</size>
         <input_file_ref idref="fl-2"/>
      </object_component>
      <object_component id="oc-b1">
         <name>.debug_info</name>
         <load_address>0x1b3b</load_address>
         <run_address>0x1b3b</run_address>
         <size>0x18c</size>
         <input_file_ref idref="fl-2"/>
      </object_component>
      <object_component id="oc-132">
         <name>.debug_info</name>
         <load_address>0x1cc7</load_address>
         <run_address>0x1cc7</run_address>
         <size>0x18b</size>
         <input_file_ref idref="fl-2"/>
      </object_component>
      <object_component id="oc-b6">
         <name>.debug_info</name>
         <load_address>0x1e52</load_address>
         <run_address>0x1e52</run_address>
         <size>0x86</size>
         <input_file_ref idref="fl-2"/>
      </object_component>
      <object_component id="oc-171">
         <name>.debug_info</name>
         <load_address>0x1ed8</load_address>
         <run_address>0x1ed8</run_address>
         <size>0x437</size>
         <input_file_ref idref="fl-2"/>
      </object_component>
      <object_component id="oc-1b6">
         <name>.debug_info</name>
         <load_address>0x230f</load_address>
         <run_address>0x230f</run_address>
         <size>0x15f</size>
         <input_file_ref idref="fl-2"/>
      </object_component>
      <object_component id="oc-152">
         <name>.debug_info</name>
         <load_address>0x246e</load_address>
         <run_address>0x246e</run_address>
         <size>0x2d0</size>
         <input_file_ref idref="fl-2"/>
      </object_component>
      <object_component id="oc-aa">
         <name>.debug_info</name>
         <load_address>0x273e</load_address>
         <run_address>0x273e</run_address>
         <size>0x10e</size>
         <input_file_ref idref="fl-3"/>
      </object_component>
      <object_component id="oc-ea">
         <name>.debug_info</name>
         <load_address>0x284c</load_address>
         <run_address>0x284c</run_address>
         <size>0x176</size>
         <input_file_ref idref="fl-4"/>
      </object_component>
      <object_component id="oc-81">
         <name>.debug_info</name>
         <load_address>0x29c2</load_address>
         <run_address>0x29c2</run_address>
         <size>0xb37</size>
         <input_file_ref idref="fl-4"/>
      </object_component>
      <object_component id="oc-30">
         <name>.debug_info</name>
         <load_address>0x34f9</load_address>
         <run_address>0x34f9</run_address>
         <size>0x197</size>
         <input_file_ref idref="fl-4"/>
      </object_component>
      <object_component id="oc-139">
         <name>.debug_info</name>
         <load_address>0x3690</load_address>
         <run_address>0x3690</run_address>
         <size>0x1de</size>
         <input_file_ref idref="fl-4"/>
      </object_component>
      <object_component id="oc-e5">
         <name>.debug_info</name>
         <load_address>0x386e</load_address>
         <run_address>0x386e</run_address>
         <size>0x129</size>
         <input_file_ref idref="fl-4"/>
      </object_component>
      <object_component id="oc-1ff">
         <name>.debug_info</name>
         <load_address>0x3997</load_address>
         <run_address>0x3997</run_address>
         <size>0xf9</size>
         <input_file_ref idref="fl-5"/>
      </object_component>
      <object_component id="oc-143">
         <name>.debug_info</name>
         <load_address>0x3a90</load_address>
         <run_address>0x3a90</run_address>
         <size>0x1f9</size>
         <input_file_ref idref="fl-5"/>
      </object_component>
      <object_component id="oc-23c">
         <name>.debug_info</name>
         <load_address>0x3c89</load_address>
         <run_address>0x3c89</run_address>
         <size>0x12a</size>
         <input_file_ref idref="fl-5"/>
      </object_component>
      <object_component id="oc-c4">
         <name>.debug_info</name>
         <load_address>0x3db3</load_address>
         <run_address>0x3db3</run_address>
         <size>0x84</size>
         <input_file_ref idref="fl-6"/>
      </object_component>
      <object_component id="oc-cc">
         <name>.debug_info</name>
         <load_address>0x3e37</load_address>
         <run_address>0x3e37</run_address>
         <size>0x2c</size>
         <input_file_ref idref="fl-6"/>
      </object_component>
      <object_component id="oc-1cc">
         <name>.debug_info</name>
         <load_address>0x3e63</load_address>
         <run_address>0x3e63</run_address>
         <size>0x278</size>
         <input_file_ref idref="fl-7"/>
      </object_component>
      <object_component id="oc-1cf">
         <name>.debug_info</name>
         <load_address>0x40db</load_address>
         <run_address>0x40db</run_address>
         <size>0xf3</size>
         <input_file_ref idref="fl-7"/>
      </object_component>
      <object_component id="oc-1d2">
         <name>.debug_info</name>
         <load_address>0x41ce</load_address>
         <run_address>0x41ce</run_address>
         <size>0xf7</size>
         <input_file_ref idref="fl-7"/>
      </object_component>
      <object_component id="oc-10c">
         <name>.debug_info</name>
         <load_address>0x42c5</load_address>
         <run_address>0x42c5</run_address>
         <size>0x56d</size>
         <input_file_ref idref="fl-7"/>
      </object_component>
      <object_component id="oc-1d5">
         <name>.debug_info</name>
         <load_address>0x4832</load_address>
         <run_address>0x4832</run_address>
         <size>0x86</size>
         <input_file_ref idref="fl-7"/>
      </object_component>
      <object_component id="oc-22c">
         <name>.debug_info</name>
         <load_address>0x48b8</load_address>
         <run_address>0x48b8</run_address>
         <size>0xc8</size>
         <input_file_ref idref="fl-7"/>
      </object_component>
      <object_component id="oc-12c">
         <name>.debug_info</name>
         <load_address>0x4980</load_address>
         <run_address>0x4980</run_address>
         <size>0x39e</size>
         <input_file_ref idref="fl-8"/>
      </object_component>
      <object_component id="oc-9a">
         <name>.debug_info</name>
         <load_address>0x4d1e</load_address>
         <run_address>0x4d1e</run_address>
         <size>0x9f6</size>
         <input_file_ref idref="fl-8"/>
      </object_component>
      <object_component id="oc-162">
         <name>.debug_info</name>
         <load_address>0x5714</load_address>
         <run_address>0x5714</run_address>
         <size>0x791</size>
         <input_file_ref idref="fl-8"/>
      </object_component>
      <object_component id="oc-167">
         <name>.debug_info</name>
         <load_address>0x5ea5</load_address>
         <run_address>0x5ea5</run_address>
         <size>0x4de</size>
         <input_file_ref idref="fl-8"/>
      </object_component>
      <object_component id="oc-16c">
         <name>.debug_info</name>
         <load_address>0x6383</load_address>
         <run_address>0x6383</run_address>
         <size>0x3ce</size>
         <input_file_ref idref="fl-8"/>
      </object_component>
      <object_component id="oc-1fa">
         <name>.debug_info</name>
         <load_address>0x6751</load_address>
         <run_address>0x6751</run_address>
         <size>0x7cd</size>
         <input_file_ref idref="fl-8"/>
      </object_component>
      <object_component id="oc-12d">
         <name>.debug_info</name>
         <load_address>0x6f1e</load_address>
         <run_address>0x6f1e</run_address>
         <size>0x673</size>
         <input_file_ref idref="fl-8"/>
      </object_component>
      <object_component id="oc-19c">
         <name>.debug_info</name>
         <load_address>0x7591</load_address>
         <run_address>0x7591</run_address>
         <size>0x37b</size>
         <input_file_ref idref="fl-8"/>
      </object_component>
      <object_component id="oc-176">
         <name>.debug_info</name>
         <load_address>0x790c</load_address>
         <run_address>0x790c</run_address>
         <size>0x1ca</size>
         <input_file_ref idref="fl-8"/>
      </object_component>
      <object_component id="oc-13e">
         <name>.debug_info</name>
         <load_address>0x7ad6</load_address>
         <run_address>0x7ad6</run_address>
         <size>0x435</size>
         <input_file_ref idref="fl-8"/>
      </object_component>
      <object_component id="oc-18f">
         <name>.debug_info</name>
         <load_address>0x7f0b</load_address>
         <run_address>0x7f0b</run_address>
         <size>0x551</size>
         <input_file_ref idref="fl-8"/>
      </object_component>
      <object_component id="oc-17b">
         <name>.debug_info</name>
         <load_address>0x845c</load_address>
         <run_address>0x845c</run_address>
         <size>0x3d3</size>
         <input_file_ref idref="fl-8"/>
      </object_component>
      <object_component id="oc-185">
         <name>.debug_info</name>
         <load_address>0x882f</load_address>
         <run_address>0x882f</run_address>
         <size>0x1de</size>
         <input_file_ref idref="fl-8"/>
      </object_component>
      <object_component id="oc-1e0">
         <name>.debug_info</name>
         <load_address>0x8a0d</load_address>
         <run_address>0x8a0d</run_address>
         <size>0x243</size>
         <input_file_ref idref="fl-8"/>
      </object_component>
      <object_component id="oc-21c">
         <name>.debug_info</name>
         <load_address>0x8c50</load_address>
         <run_address>0x8c50</run_address>
         <size>0x18e</size>
         <input_file_ref idref="fl-8"/>
      </object_component>
      <object_component id="oc-194">
         <name>.debug_info</name>
         <load_address>0x8dde</load_address>
         <run_address>0x8dde</run_address>
         <size>0x17a</size>
         <input_file_ref idref="fl-8"/>
      </object_component>
      <object_component id="oc-148">
         <name>.debug_info</name>
         <load_address>0x8f58</load_address>
         <run_address>0x8f58</run_address>
         <size>0x6a6</size>
         <input_file_ref idref="fl-8"/>
      </object_component>
      <object_component id="oc-14d">
         <name>.debug_info</name>
         <load_address>0x95fe</load_address>
         <run_address>0x95fe</run_address>
         <size>0x13e</size>
         <input_file_ref idref="fl-8"/>
      </object_component>
      <object_component id="oc-15f">
         <name>.debug_info</name>
         <load_address>0x973c</load_address>
         <run_address>0x973c</run_address>
         <size>0xe0</size>
         <input_file_ref idref="fl-9"/>
      </object_component>
      <object_component id="oc-d6">
         <name>.debug_info</name>
         <load_address>0x981c</load_address>
         <run_address>0x981c</run_address>
         <size>0x1f5</size>
         <input_file_ref idref="fl-9"/>
      </object_component>
      <object_component id="oc-180">
         <name>.debug_info</name>
         <load_address>0x9a11</load_address>
         <run_address>0x9a11</run_address>
         <size>0x508</size>
         <input_file_ref idref="fl-9"/>
      </object_component>
      <object_component id="oc-204">
         <name>.debug_info</name>
         <load_address>0x9f19</load_address>
         <run_address>0x9f19</run_address>
         <size>0x43c</size>
         <input_file_ref idref="fl-9"/>
      </object_component>
      <object_component id="oc-1bf">
         <name>.debug_info</name>
         <load_address>0xa355</load_address>
         <run_address>0xa355</run_address>
         <size>0x125</size>
         <input_file_ref idref="fl-b"/>
      </object_component>
      <object_component id="oc-1bc">
         <name>.debug_info</name>
         <load_address>0xa47a</load_address>
         <run_address>0xa47a</run_address>
         <size>0xf6</size>
         <input_file_ref idref="fl-b"/>
      </object_component>
      <object_component id="oc-100">
         <name>.debug_info</name>
         <load_address>0xa570</load_address>
         <run_address>0xa570</run_address>
         <size>0xb32</size>
         <input_file_ref idref="fl-b"/>
      </object_component>
      <object_component id="oc-217">
         <name>.debug_info</name>
         <load_address>0xb0a2</load_address>
         <run_address>0xb0a2</run_address>
         <size>0x91</size>
         <input_file_ref idref="fl-b"/>
      </object_component>
      <object_component id="oc-229">
         <name>.debug_info</name>
         <load_address>0xb133</load_address>
         <run_address>0xb133</run_address>
         <size>0x142</size>
         <input_file_ref idref="fl-d"/>
      </object_component>
      <object_component id="oc-226">
         <name>.debug_info</name>
         <load_address>0xb275</load_address>
         <run_address>0xb275</run_address>
         <size>0xde</size>
         <input_file_ref idref="fl-d"/>
      </object_component>
      <object_component id="oc-1c6">
         <name>.debug_info</name>
         <load_address>0xb353</load_address>
         <run_address>0xb353</run_address>
         <size>0x45e</size>
         <input_file_ref idref="fl-d"/>
      </object_component>
      <object_component id="oc-72">
         <name>.debug_info</name>
         <load_address>0xb7b1</load_address>
         <run_address>0xb7b1</run_address>
         <size>0x803</size>
         <input_file_ref idref="fl-e"/>
      </object_component>
      <object_component id="oc-36">
         <name>.debug_info</name>
         <load_address>0xbfb4</load_address>
         <run_address>0xbfb4</run_address>
         <size>0x116</size>
         <input_file_ref idref="fl-10"/>
      </object_component>
      <object_component id="oc-118">
         <name>.debug_info</name>
         <load_address>0xc0ca</load_address>
         <run_address>0xc0ca</run_address>
         <size>0x327</size>
         <input_file_ref idref="fl-11"/>
      </object_component>
      <object_component id="oc-1f4">
         <name>.debug_info</name>
         <load_address>0xc3f1</load_address>
         <run_address>0xc3f1</run_address>
         <size>0xec</size>
         <input_file_ref idref="fl-11"/>
      </object_component>
      <object_component id="oc-129">
         <name>.debug_info</name>
         <load_address>0xc4dd</load_address>
         <run_address>0xc4dd</run_address>
         <size>0x105</size>
         <input_file_ref idref="fl-11"/>
      </object_component>
      <object_component id="oc-112">
         <name>.debug_info</name>
         <load_address>0xc5e2</load_address>
         <run_address>0xc5e2</run_address>
         <size>0xee</size>
         <input_file_ref idref="fl-11"/>
      </object_component>
      <object_component id="oc-115">
         <name>.debug_info</name>
         <load_address>0xc6d0</load_address>
         <run_address>0xc6d0</run_address>
         <size>0xe4</size>
         <input_file_ref idref="fl-11"/>
      </object_component>
      <object_component id="oc-90">
         <name>.debug_info</name>
         <load_address>0xc7b4</load_address>
         <run_address>0xc7b4</run_address>
         <size>0x311</size>
         <input_file_ref idref="fl-11"/>
      </object_component>
      <object_component id="oc-209">
         <name>.debug_info</name>
         <load_address>0xcac5</load_address>
         <run_address>0xcac5</run_address>
         <size>0xff</size>
         <input_file_ref idref="fl-13"/>
      </object_component>
      <object_component id="oc-243">
         <name>.debug_info</name>
         <load_address>0xcbc4</load_address>
         <run_address>0xcbc4</run_address>
         <size>0x242</size>
         <input_file_ref idref="fl-13"/>
      </object_component>
      <object_component id="oc-18a">
         <name>.debug_info</name>
         <load_address>0xce06</load_address>
         <run_address>0xce06</run_address>
         <size>0x2af</size>
         <input_file_ref idref="fl-13"/>
      </object_component>
      <object_component id="oc-39">
         <name>.debug_info</name>
         <load_address>0xd0b5</load_address>
         <run_address>0xd0b5</run_address>
         <size>0x148</size>
         <input_file_ref idref="fl-14"/>
      </object_component>
      <object_component id="oc-df">
         <name>.debug_info</name>
         <load_address>0xd1fd</load_address>
         <run_address>0xd1fd</run_address>
         <size>0x375</size>
         <input_file_ref idref="fl-16"/>
      </object_component>
      <object_component id="oc-e3">
         <name>.debug_info</name>
         <load_address>0xd572</load_address>
         <run_address>0xd572</run_address>
         <size>0x4cf</size>
         <input_file_ref idref="fl-17"/>
      </object_component>
      <object_component id="oc-7b">
         <name>.debug_info</name>
         <load_address>0xda41</load_address>
         <run_address>0xda41</run_address>
         <size>0x2e9a</size>
         <input_file_ref idref="fl-17"/>
      </object_component>
      <object_component id="oc-1f">
         <name>.debug_info</name>
         <load_address>0x108db</load_address>
         <run_address>0x108db</run_address>
         <size>0x5b3</size>
         <input_file_ref idref="fl-18"/>
      </object_component>
      <object_component id="oc-a7">
         <name>.debug_info</name>
         <load_address>0x10e8e</load_address>
         <run_address>0x10e8e</run_address>
         <size>0x311</size>
         <input_file_ref idref="fl-19"/>
      </object_component>
      <object_component id="oc-2b">
         <name>.debug_info</name>
         <load_address>0x1119f</load_address>
         <run_address>0x1119f</run_address>
         <size>0xf0</size>
         <input_file_ref idref="fl-19"/>
      </object_component>
      <object_component id="oc-40">
         <name>.debug_info</name>
         <load_address>0x1128f</load_address>
         <run_address>0x1128f</run_address>
         <size>0x482</size>
         <input_file_ref idref="fl-19"/>
      </object_component>
      <object_component id="oc-45">
         <name>.debug_info</name>
         <load_address>0x11711</load_address>
         <run_address>0x11711</run_address>
         <size>0x20b</size>
         <input_file_ref idref="fl-19"/>
      </object_component>
      <object_component id="oc-157">
         <name>.debug_info</name>
         <load_address>0x1191c</load_address>
         <run_address>0x1191c</run_address>
         <size>0x4f</size>
         <input_file_ref idref="fl-19"/>
      </object_component>
      <object_component id="oc-dc">
         <name>.debug_info</name>
         <load_address>0x1196b</load_address>
         <run_address>0x1196b</run_address>
         <size>0x37c</size>
         <input_file_ref idref="fl-1a"/>
      </object_component>
      <object_component id="oc-75">
         <name>.debug_info</name>
         <load_address>0x11ce7</load_address>
         <run_address>0x11ce7</run_address>
         <size>0x741</size>
         <input_file_ref idref="fl-1a"/>
      </object_component>
      <object_component id="oc-f8">
         <name>.debug_info</name>
         <load_address>0x12428</load_address>
         <run_address>0x12428</run_address>
         <size>0x304</size>
         <input_file_ref idref="fl-1f"/>
      </object_component>
      <object_component id="oc-8a">
         <name>.debug_info</name>
         <load_address>0x1272c</load_address>
         <run_address>0x1272c</run_address>
         <size>0x1ab</size>
         <input_file_ref idref="fl-1f"/>
      </object_component>
      <object_component id="oc-1a8">
         <name>.debug_info</name>
         <load_address>0x128d7</load_address>
         <run_address>0x128d7</run_address>
         <size>0x39</size>
         <input_file_ref idref="fl-1f"/>
      </object_component>
      <object_component id="oc-1ad">
         <name>.debug_info</name>
         <load_address>0x12910</load_address>
         <run_address>0x12910</run_address>
         <size>0xcd</size>
         <input_file_ref idref="fl-1f"/>
      </object_component>
      <object_component id="oc-55">
         <name>.debug_info</name>
         <load_address>0x129dd</load_address>
         <run_address>0x129dd</run_address>
         <size>0x156</size>
         <input_file_ref idref="fl-20"/>
      </object_component>
      <object_component id="oc-e">
         <name>.debug_info</name>
         <load_address>0x12b33</load_address>
         <run_address>0x12b33</run_address>
         <size>0x1e5</size>
         <input_file_ref idref="fl-20"/>
      </object_component>
      <object_component id="oc-50">
         <name>.debug_info</name>
         <load_address>0x12d18</load_address>
         <run_address>0x12d18</run_address>
         <size>0x46</size>
         <input_file_ref idref="fl-20"/>
      </object_component>
      <object_component id="oc-bd">
         <name>.debug_info</name>
         <load_address>0x12d5e</load_address>
         <run_address>0x12d5e</run_address>
         <size>0x2c</size>
         <input_file_ref idref="fl-20"/>
      </object_component>
      <object_component id="oc-5d">
         <name>.debug_info</name>
         <load_address>0x12d8a</load_address>
         <run_address>0x12d8a</run_address>
         <size>0x14f</size>
         <input_file_ref idref="fl-21"/>
      </object_component>
      <object_component id="oc-57">
         <name>.debug_info</name>
         <load_address>0x12ed9</load_address>
         <run_address>0x12ed9</run_address>
         <size>0x262</size>
         <input_file_ref idref="fl-21"/>
      </object_component>
      <object_component id="oc-13">
         <name>.debug_info</name>
         <load_address>0x1313b</load_address>
         <run_address>0x1313b</run_address>
         <size>0x1cc</size>
         <input_file_ref idref="fl-21"/>
      </object_component>
      <object_component id="oc-5e">
         <name>.debug_info</name>
         <load_address>0x13307</load_address>
         <run_address>0x13307</run_address>
         <size>0x39</size>
         <input_file_ref idref="fl-21"/>
      </object_component>
      <object_component id="oc-1a4">
         <name>.debug_info</name>
         <load_address>0x13340</load_address>
         <run_address>0x13340</run_address>
         <size>0x1fb</size>
         <input_file_ref idref="fl-23"/>
      </object_component>
      <object_component id="oc-ec">
         <name>.debug_info</name>
         <load_address>0x1353b</load_address>
         <run_address>0x1353b</run_address>
         <size>0x19e</size>
         <input_file_ref idref="fl-23"/>
      </object_component>
      <object_component id="oc-20c">
         <name>.debug_info</name>
         <load_address>0x136d9</load_address>
         <run_address>0x136d9</run_address>
         <size>0x2c</size>
         <input_file_ref idref="fl-23"/>
      </object_component>
      <object_component id="oc-126">
         <name>.debug_info</name>
         <load_address>0x13705</load_address>
         <run_address>0x13705</run_address>
         <size>0x24f</size>
         <input_file_ref idref="fl-24"/>
      </object_component>
      <object_component id="oc-120">
         <name>.debug_info</name>
         <load_address>0x13954</load_address>
         <run_address>0x13954</run_address>
         <size>0x1a0</size>
         <input_file_ref idref="fl-24"/>
      </object_component>
      <object_component id="oc-94">
         <name>.debug_info</name>
         <load_address>0x13af4</load_address>
         <run_address>0x13af4</run_address>
         <size>0x22f</size>
         <input_file_ref idref="fl-24"/>
      </object_component>
      <object_component id="oc-4b">
         <name>.debug_info</name>
         <load_address>0x13d23</load_address>
         <run_address>0x13d23</run_address>
         <size>0x12c</size>
         <input_file_ref idref="fl-25"/>
      </object_component>
      <object_component id="oc-65">
         <name>.debug_info</name>
         <load_address>0x13e4f</load_address>
         <run_address>0x13e4f</run_address>
         <size>0x15a</size>
         <input_file_ref idref="fl-26"/>
      </object_component>
      <object_component id="oc-1c4">
         <name>.debug_info</name>
         <load_address>0x13fa9</load_address>
         <run_address>0x13fa9</run_address>
         <size>0x130</size>
         <input_file_ref idref="fl-27"/>
      </object_component>
      <object_component id="oc-1c1">
         <name>.debug_info</name>
         <load_address>0x140d9</load_address>
         <run_address>0x140d9</run_address>
         <size>0x10b</size>
         <input_file_ref idref="fl-27"/>
      </object_component>
      <object_component id="oc-107">
         <name>.debug_info</name>
         <load_address>0x141e4</load_address>
         <run_address>0x141e4</run_address>
         <size>0x1bf</size>
         <input_file_ref idref="fl-27"/>
      </object_component>
      <object_component id="oc-f2">
         <name>.debug_info</name>
         <load_address>0x143a3</load_address>
         <run_address>0x143a3</run_address>
         <size>0x160</size>
         <input_file_ref idref="fl-28"/>
      </object_component>
      <object_component id="oc-1ef">
         <name>.debug_info</name>
         <load_address>0x14503</load_address>
         <run_address>0x14503</run_address>
         <size>0x13f</size>
         <input_file_ref idref="fl-29"/>
      </object_component>
      <object_component id="oc-123">
         <name>.debug_info</name>
         <load_address>0x14642</load_address>
         <run_address>0x14642</run_address>
         <size>0x12e</size>
         <input_file_ref idref="fl-29"/>
      </object_component>
      <object_component id="oc-1e9">
         <name>.debug_info</name>
         <load_address>0x14770</load_address>
         <run_address>0x14770</run_address>
         <size>0x23a</size>
         <input_file_ref idref="fl-29"/>
      </object_component>
      <object_component id="oc-26c">
         <name>.debug_info</name>
         <load_address>0x149aa</load_address>
         <run_address>0x149aa</run_address>
         <size>0xb5</size>
      </object_component>
      <object_component id="oc-201">
         <name>.debug_line</name>
         <load_address>0x0</load_address>
         <run_address>0x0</run_address>
         <size>0x72</size>
         <input_file_ref idref="fl-2"/>
      </object_component>
      <object_component id="oc-212">
         <name>.debug_line</name>
         <load_address>0x72</load_address>
         <run_address>0x72</run_address>
         <size>0x33</size>
         <input_file_ref idref="fl-2"/>
      </object_component>
      <object_component id="oc-fe">
         <name>.debug_line</name>
         <load_address>0xa5</load_address>
         <run_address>0xa5</run_address>
         <size>0x3f7</size>
         <input_file_ref idref="fl-2"/>
      </object_component>
      <object_component id="oc-28">
         <name>.debug_line</name>
         <load_address>0x49c</load_address>
         <run_address>0x49c</run_address>
         <size>0x9a</size>
         <input_file_ref idref="fl-2"/>
      </object_component>
      <object_component id="oc-a3">
         <name>.debug_line</name>
         <load_address>0x536</load_address>
         <run_address>0x536</run_address>
         <size>0x7b</size>
         <input_file_ref idref="fl-2"/>
      </object_component>
      <object_component id="oc-11d">
         <name>.debug_line</name>
         <load_address>0x5b1</load_address>
         <run_address>0x5b1</run_address>
         <size>0x20</size>
         <input_file_ref idref="fl-2"/>
      </object_component>
      <object_component id="oc-b4">
         <name>.debug_line</name>
         <load_address>0x5d1</load_address>
         <run_address>0x5d1</run_address>
         <size>0x76</size>
         <input_file_ref idref="fl-2"/>
      </object_component>
      <object_component id="oc-135">
         <name>.debug_line</name>
         <load_address>0x647</load_address>
         <run_address>0x647</run_address>
         <size>0x65</size>
         <input_file_ref idref="fl-2"/>
      </object_component>
      <object_component id="oc-b9">
         <name>.debug_line</name>
         <load_address>0x6ac</load_address>
         <run_address>0x6ac</run_address>
         <size>0x79</size>
         <input_file_ref idref="fl-2"/>
      </object_component>
      <object_component id="oc-174">
         <name>.debug_line</name>
         <load_address>0x725</load_address>
         <run_address>0x725</run_address>
         <size>0x76</size>
         <input_file_ref idref="fl-2"/>
      </object_component>
      <object_component id="oc-1b9">
         <name>.debug_line</name>
         <load_address>0x79b</load_address>
         <run_address>0x79b</run_address>
         <size>0x72</size>
         <input_file_ref idref="fl-2"/>
      </object_component>
      <object_component id="oc-155">
         <name>.debug_line</name>
         <load_address>0x80d</load_address>
         <run_address>0x80d</run_address>
         <size>0x76</size>
         <input_file_ref idref="fl-2"/>
      </object_component>
      <object_component id="oc-ad">
         <name>.debug_line</name>
         <load_address>0x883</load_address>
         <run_address>0x883</run_address>
         <size>0x78</size>
         <input_file_ref idref="fl-3"/>
      </object_component>
      <object_component id="oc-1a2">
         <name>.debug_line</name>
         <load_address>0x8fb</load_address>
         <run_address>0x8fb</run_address>
         <size>0x72</size>
         <input_file_ref idref="fl-4"/>
      </object_component>
      <object_component id="oc-85">
         <name>.debug_line</name>
         <load_address>0x96d</load_address>
         <run_address>0x96d</run_address>
         <size>0x289</size>
         <input_file_ref idref="fl-4"/>
      </object_component>
      <object_component id="oc-2e">
         <name>.debug_line</name>
         <load_address>0xbf6</load_address>
         <run_address>0xbf6</run_address>
         <size>0x6e</size>
         <input_file_ref idref="fl-4"/>
      </object_component>
      <object_component id="oc-13c">
         <name>.debug_line</name>
         <load_address>0xc64</load_address>
         <run_address>0xc64</run_address>
         <size>0x76</size>
         <input_file_ref idref="fl-4"/>
      </object_component>
      <object_component id="oc-e8">
         <name>.debug_line</name>
         <load_address>0xcda</load_address>
         <run_address>0xcda</run_address>
         <size>0x72</size>
         <input_file_ref idref="fl-4"/>
      </object_component>
      <object_component id="oc-23b">
         <name>.debug_line</name>
         <load_address>0xd4c</load_address>
         <run_address>0xd4c</run_address>
         <size>0x20</size>
         <input_file_ref idref="fl-5"/>
      </object_component>
      <object_component id="oc-146">
         <name>.debug_line</name>
         <load_address>0xd6c</load_address>
         <run_address>0xd6c</run_address>
         <size>0x76</size>
         <input_file_ref idref="fl-5"/>
      </object_component>
      <object_component id="oc-23f">
         <name>.debug_line</name>
         <load_address>0xde2</load_address>
         <run_address>0xde2</run_address>
         <size>0x72</size>
         <input_file_ref idref="fl-5"/>
      </object_component>
      <object_component id="oc-c7">
         <name>.debug_line</name>
         <load_address>0xe54</load_address>
         <run_address>0xe54</run_address>
         <size>0x20</size>
         <input_file_ref idref="fl-6"/>
      </object_component>
      <object_component id="oc-cf">
         <name>.debug_line</name>
         <load_address>0xe74</load_address>
         <run_address>0xe74</run_address>
         <size>0x65</size>
         <input_file_ref idref="fl-6"/>
      </object_component>
      <object_component id="oc-22b">
         <name>.debug_line</name>
         <load_address>0xed9</load_address>
         <run_address>0xed9</run_address>
         <size>0xd1</size>
         <input_file_ref idref="fl-7"/>
      </object_component>
      <object_component id="oc-232">
         <name>.debug_line</name>
         <load_address>0xfaa</load_address>
         <run_address>0xfaa</run_address>
         <size>0x37</size>
         <input_file_ref idref="fl-7"/>
      </object_component>
      <object_component id="oc-234">
         <name>.debug_line</name>
         <load_address>0xfe1</load_address>
         <run_address>0xfe1</run_address>
         <size>0x37</size>
         <input_file_ref idref="fl-7"/>
      </object_component>
      <object_component id="oc-10f">
         <name>.debug_line</name>
         <load_address>0x1018</load_address>
         <run_address>0x1018</run_address>
         <size>0x127</size>
         <input_file_ref idref="fl-7"/>
      </object_component>
      <object_component id="oc-1d8">
         <name>.debug_line</name>
         <load_address>0x113f</load_address>
         <run_address>0x113f</run_address>
         <size>0x75</size>
         <input_file_ref idref="fl-7"/>
      </object_component>
      <object_component id="oc-22f">
         <name>.debug_line</name>
         <load_address>0x11b4</load_address>
         <run_address>0x11b4</run_address>
         <size>0x64</size>
         <input_file_ref idref="fl-7"/>
      </object_component>
      <object_component id="oc-1f9">
         <name>.debug_line</name>
         <load_address>0x1218</load_address>
         <run_address>0x1218</run_address>
         <size>0x8e</size>
         <input_file_ref idref="fl-8"/>
      </object_component>
      <object_component id="oc-9d">
         <name>.debug_line</name>
         <load_address>0x12a6</load_address>
         <run_address>0x12a6</run_address>
         <size>0x120</size>
         <input_file_ref idref="fl-8"/>
      </object_component>
      <object_component id="oc-165">
         <name>.debug_line</name>
         <load_address>0x13c6</load_address>
         <run_address>0x13c6</run_address>
         <size>0x76</size>
         <input_file_ref idref="fl-8"/>
      </object_component>
      <object_component id="oc-16a">
         <name>.debug_line</name>
         <load_address>0x143c</load_address>
         <run_address>0x143c</run_address>
         <size>0x79</size>
         <input_file_ref idref="fl-8"/>
      </object_component>
      <object_component id="oc-16f">
         <name>.debug_line</name>
         <load_address>0x14b5</load_address>
         <run_address>0x14b5</run_address>
         <size>0x76</size>
         <input_file_ref idref="fl-8"/>
      </object_component>
      <object_component id="oc-1fd">
         <name>.debug_line</name>
         <load_address>0x152b</load_address>
         <run_address>0x152b</run_address>
         <size>0x76</size>
         <input_file_ref idref="fl-8"/>
      </object_component>
      <object_component id="oc-130">
         <name>.debug_line</name>
         <load_address>0x15a1</load_address>
         <run_address>0x15a1</run_address>
         <size>0x76</size>
         <input_file_ref idref="fl-8"/>
      </object_component>
      <object_component id="oc-19f">
         <name>.debug_line</name>
         <load_address>0x1617</load_address>
         <run_address>0x1617</run_address>
         <size>0x7b</size>
         <input_file_ref idref="fl-8"/>
      </object_component>
      <object_component id="oc-179">
         <name>.debug_line</name>
         <load_address>0x1692</load_address>
         <run_address>0x1692</run_address>
         <size>0x76</size>
         <input_file_ref idref="fl-8"/>
      </object_component>
      <object_component id="oc-141">
         <name>.debug_line</name>
         <load_address>0x1708</load_address>
         <run_address>0x1708</run_address>
         <size>0x78</size>
         <input_file_ref idref="fl-8"/>
      </object_component>
      <object_component id="oc-192">
         <name>.debug_line</name>
         <load_address>0x1780</load_address>
         <run_address>0x1780</run_address>
         <size>0x75</size>
         <input_file_ref idref="fl-8"/>
      </object_component>
      <object_component id="oc-17e">
         <name>.debug_line</name>
         <load_address>0x17f5</load_address>
         <run_address>0x17f5</run_address>
         <size>0x76</size>
         <input_file_ref idref="fl-8"/>
      </object_component>
      <object_component id="oc-188">
         <name>.debug_line</name>
         <load_address>0x186b</load_address>
         <run_address>0x186b</run_address>
         <size>0x78</size>
         <input_file_ref idref="fl-8"/>
      </object_component>
      <object_component id="oc-1e3">
         <name>.debug_line</name>
         <load_address>0x18e3</load_address>
         <run_address>0x18e3</run_address>
         <size>0x76</size>
         <input_file_ref idref="fl-8"/>
      </object_component>
      <object_component id="oc-21f">
         <name>.debug_line</name>
         <load_address>0x1959</load_address>
         <run_address>0x1959</run_address>
         <size>0x72</size>
         <input_file_ref idref="fl-8"/>
      </object_component>
      <object_component id="oc-197">
         <name>.debug_line</name>
         <load_address>0x19cb</load_address>
         <run_address>0x19cb</run_address>
         <size>0x76</size>
         <input_file_ref idref="fl-8"/>
      </object_component>
      <object_component id="oc-14b">
         <name>.debug_line</name>
         <load_address>0x1a41</load_address>
         <run_address>0x1a41</run_address>
         <size>0x79</size>
         <input_file_ref idref="fl-8"/>
      </object_component>
      <object_component id="oc-150">
         <name>.debug_line</name>
         <load_address>0x1aba</load_address>
         <run_address>0x1aba</run_address>
         <size>0x78</size>
         <input_file_ref idref="fl-8"/>
      </object_component>
      <object_component id="oc-203">
         <name>.debug_line</name>
         <load_address>0x1b32</load_address>
         <run_address>0x1b32</run_address>
         <size>0x20</size>
         <input_file_ref idref="fl-9"/>
      </object_component>
      <object_component id="oc-d9">
         <name>.debug_line</name>
         <load_address>0x1b52</load_address>
         <run_address>0x1b52</run_address>
         <size>0xd7</size>
         <input_file_ref idref="fl-9"/>
      </object_component>
      <object_component id="oc-183">
         <name>.debug_line</name>
         <load_address>0x1c29</load_address>
         <run_address>0x1c29</run_address>
         <size>0x79</size>
         <input_file_ref idref="fl-9"/>
      </object_component>
      <object_component id="oc-207">
         <name>.debug_line</name>
         <load_address>0x1ca2</load_address>
         <run_address>0x1ca2</run_address>
         <size>0x75</size>
         <input_file_ref idref="fl-9"/>
      </object_component>
      <object_component id="oc-216">
         <name>.debug_line</name>
         <load_address>0x1d17</load_address>
         <run_address>0x1d17</run_address>
         <size>0x20</size>
         <input_file_ref idref="fl-b"/>
      </object_component>
      <object_component id="oc-214">
         <name>.debug_line</name>
         <load_address>0x1d37</load_address>
         <run_address>0x1d37</run_address>
         <size>0x33</size>
         <input_file_ref idref="fl-b"/>
      </object_component>
      <object_component id="oc-104">
         <name>.debug_line</name>
         <load_address>0x1d6a</load_address>
         <run_address>0x1d6a</run_address>
         <size>0x282</size>
         <input_file_ref idref="fl-b"/>
      </object_component>
      <object_component id="oc-21a">
         <name>.debug_line</name>
         <load_address>0x1fec</load_address>
         <run_address>0x1fec</run_address>
         <size>0x33</size>
         <input_file_ref idref="fl-b"/>
      </object_component>
      <object_component id="oc-24b">
         <name>.debug_line</name>
         <load_address>0x201f</load_address>
         <run_address>0x201f</run_address>
         <size>0x65</size>
         <input_file_ref idref="fl-d"/>
      </object_component>
      <object_component id="oc-249">
         <name>.debug_line</name>
         <load_address>0x2084</load_address>
         <run_address>0x2084</run_address>
         <size>0x36</size>
         <input_file_ref idref="fl-d"/>
      </object_component>
      <object_component id="oc-1ca">
         <name>.debug_line</name>
         <load_address>0x20ba</load_address>
         <run_address>0x20ba</run_address>
         <size>0x159</size>
         <input_file_ref idref="fl-d"/>
      </object_component>
      <object_component id="oc-71">
         <name>.debug_line</name>
         <load_address>0x2213</load_address>
         <run_address>0x2213</run_address>
         <size>0x2e4</size>
         <input_file_ref idref="fl-e"/>
      </object_component>
      <object_component id="oc-35">
         <name>.debug_line</name>
         <load_address>0x24f7</load_address>
         <run_address>0x24f7</run_address>
         <size>0x4f</size>
         <input_file_ref idref="fl-10"/>
      </object_component>
      <object_component id="oc-1df">
         <name>.debug_line</name>
         <load_address>0x2546</load_address>
         <run_address>0x2546</run_address>
         <size>0x177</size>
         <input_file_ref idref="fl-11"/>
      </object_component>
      <object_component id="oc-239">
         <name>.debug_line</name>
         <load_address>0x26bd</load_address>
         <run_address>0x26bd</run_address>
         <size>0x38</size>
         <input_file_ref idref="fl-11"/>
      </object_component>
      <object_component id="oc-1f7">
         <name>.debug_line</name>
         <load_address>0x26f5</load_address>
         <run_address>0x26f5</run_address>
         <size>0x38</size>
         <input_file_ref idref="fl-11"/>
      </object_component>
      <object_component id="oc-1db">
         <name>.debug_line</name>
         <load_address>0x272d</load_address>
         <run_address>0x272d</run_address>
         <size>0x38</size>
         <input_file_ref idref="fl-11"/>
      </object_component>
      <object_component id="oc-1dd">
         <name>.debug_line</name>
         <load_address>0x2765</load_address>
         <run_address>0x2765</run_address>
         <size>0x38</size>
         <input_file_ref idref="fl-11"/>
      </object_component>
      <object_component id="oc-8e">
         <name>.debug_line</name>
         <load_address>0x279d</load_address>
         <run_address>0x279d</run_address>
         <size>0x90</size>
         <input_file_ref idref="fl-11"/>
      </object_component>
      <object_component id="oc-242">
         <name>.debug_line</name>
         <load_address>0x282d</load_address>
         <run_address>0x282d</run_address>
         <size>0x20</size>
         <input_file_ref idref="fl-13"/>
      </object_component>
      <object_component id="oc-246">
         <name>.debug_line</name>
         <load_address>0x284d</load_address>
         <run_address>0x284d</run_address>
         <size>0x76</size>
         <input_file_ref idref="fl-13"/>
      </object_component>
      <object_component id="oc-18d">
         <name>.debug_line</name>
         <load_address>0x28c3</load_address>
         <run_address>0x28c3</run_address>
         <size>0x76</size>
         <input_file_ref idref="fl-13"/>
      </object_component>
      <object_component id="oc-3c">
         <name>.debug_line</name>
         <load_address>0x2939</load_address>
         <run_address>0x2939</run_address>
         <size>0x4b</size>
         <input_file_ref idref="fl-14"/>
      </object_component>
      <object_component id="oc-e1">
         <name>.debug_line</name>
         <load_address>0x2984</load_address>
         <run_address>0x2984</run_address>
         <size>0x125</size>
         <input_file_ref idref="fl-16"/>
      </object_component>
      <object_component id="oc-19b">
         <name>.debug_line</name>
         <load_address>0x2aa9</load_address>
         <run_address>0x2aa9</run_address>
         <size>0x128</size>
         <input_file_ref idref="fl-17"/>
      </object_component>
      <object_component id="oc-7e">
         <name>.debug_line</name>
         <load_address>0x2bd1</load_address>
         <run_address>0x2bd1</run_address>
         <size>0xd30</size>
         <input_file_ref idref="fl-17"/>
      </object_component>
      <object_component id="oc-22">
         <name>.debug_line</name>
         <load_address>0x3901</load_address>
         <run_address>0x3901</run_address>
         <size>0xfb</size>
         <input_file_ref idref="fl-18"/>
      </object_component>
      <object_component id="oc-138">
         <name>.debug_line</name>
         <load_address>0x39fc</load_address>
         <run_address>0x39fc</run_address>
         <size>0xc8</size>
         <input_file_ref idref="fl-19"/>
      </object_component>
      <object_component id="oc-a6">
         <name>.debug_line</name>
         <load_address>0x3ac4</load_address>
         <run_address>0x3ac4</run_address>
         <size>0x37</size>
         <input_file_ref idref="fl-19"/>
      </object_component>
      <object_component id="oc-44">
         <name>.debug_line</name>
         <load_address>0x3afb</load_address>
         <run_address>0x3afb</run_address>
         <size>0x1c5</size>
         <input_file_ref idref="fl-19"/>
      </object_component>
      <object_component id="oc-49">
         <name>.debug_line</name>
         <load_address>0x3cc0</load_address>
         <run_address>0x3cc0</run_address>
         <size>0xb2</size>
         <input_file_ref idref="fl-19"/>
      </object_component>
      <object_component id="oc-15a">
         <name>.debug_line</name>
         <load_address>0x3d72</load_address>
         <run_address>0x3d72</run_address>
         <size>0x37</size>
         <input_file_ref idref="fl-19"/>
      </object_component>
      <object_component id="oc-161">
         <name>.debug_line</name>
         <load_address>0x3da9</load_address>
         <run_address>0x3da9</run_address>
         <size>0x127</size>
         <input_file_ref idref="fl-1a"/>
      </object_component>
      <object_component id="oc-78">
         <name>.debug_line</name>
         <load_address>0x3ed0</load_address>
         <run_address>0x3ed0</run_address>
         <size>0x243</size>
         <input_file_ref idref="fl-1a"/>
      </object_component>
      <object_component id="oc-1a7">
         <name>.debug_line</name>
         <load_address>0x4113</load_address>
         <run_address>0x4113</run_address>
         <size>0xc4</size>
         <input_file_ref idref="fl-1f"/>
      </object_component>
      <object_component id="oc-89">
         <name>.debug_line</name>
         <load_address>0x41d7</load_address>
         <run_address>0x41d7</run_address>
         <size>0x91</size>
         <input_file_ref idref="fl-1f"/>
      </object_component>
      <object_component id="oc-1ab">
         <name>.debug_line</name>
         <load_address>0x4268</load_address>
         <run_address>0x4268</run_address>
         <size>0x2e</size>
         <input_file_ref idref="fl-1f"/>
      </object_component>
      <object_component id="oc-1b0">
         <name>.debug_line</name>
         <load_address>0x4296</load_address>
         <run_address>0x4296</run_address>
         <size>0xa6</size>
         <input_file_ref idref="fl-1f"/>
      </object_component>
      <object_component id="oc-c3">
         <name>.debug_line</name>
         <load_address>0x433c</load_address>
         <run_address>0x433c</run_address>
         <size>0xa5</size>
         <input_file_ref idref="fl-20"/>
      </object_component>
      <object_component id="oc-11">
         <name>.debug_line</name>
         <load_address>0x43e1</load_address>
         <run_address>0x43e1</run_address>
         <size>0x58</size>
         <input_file_ref idref="fl-20"/>
      </object_component>
      <object_component id="oc-53">
         <name>.debug_line</name>
         <load_address>0x4439</load_address>
         <run_address>0x4439</run_address>
         <size>0x3a</size>
         <input_file_ref idref="fl-20"/>
      </object_component>
      <object_component id="oc-c0">
         <name>.debug_line</name>
         <load_address>0x4473</load_address>
         <run_address>0x4473</run_address>
         <size>0xa5</size>
         <input_file_ref idref="fl-20"/>
      </object_component>
      <object_component id="oc-cb">
         <name>.debug_line</name>
         <load_address>0x4518</load_address>
         <run_address>0x4518</run_address>
         <size>0xa5</size>
         <input_file_ref idref="fl-21"/>
      </object_component>
      <object_component id="oc-5a">
         <name>.debug_line</name>
         <load_address>0x45bd</load_address>
         <run_address>0x45bd</run_address>
         <size>0x9e</size>
         <input_file_ref idref="fl-21"/>
      </object_component>
      <object_component id="oc-16">
         <name>.debug_line</name>
         <load_address>0x465b</load_address>
         <run_address>0x465b</run_address>
         <size>0x4b</size>
         <input_file_ref idref="fl-21"/>
      </object_component>
      <object_component id="oc-61">
         <name>.debug_line</name>
         <load_address>0x46a6</load_address>
         <run_address>0x46a6</run_address>
         <size>0x39</size>
         <input_file_ref idref="fl-21"/>
      </object_component>
      <object_component id="oc-20b">
         <name>.debug_line</name>
         <load_address>0x46df</load_address>
         <run_address>0x46df</run_address>
         <size>0xb3</size>
         <input_file_ref idref="fl-23"/>
      </object_component>
      <object_component id="oc-ef">
         <name>.debug_line</name>
         <load_address>0x4792</load_address>
         <run_address>0x4792</run_address>
         <size>0x7a</size>
         <input_file_ref idref="fl-23"/>
      </object_component>
      <object_component id="oc-20f">
         <name>.debug_line</name>
         <load_address>0x480c</load_address>
         <run_address>0x480c</run_address>
         <size>0x2e</size>
         <input_file_ref idref="fl-23"/>
      </object_component>
      <object_component id="oc-1f2">
         <name>.debug_line</name>
         <load_address>0x483a</load_address>
         <run_address>0x483a</run_address>
         <size>0x128</size>
         <input_file_ref idref="fl-24"/>
      </object_component>
      <object_component id="oc-1e6">
         <name>.debug_line</name>
         <load_address>0x4962</load_address>
         <run_address>0x4962</run_address>
         <size>0x2a</size>
         <input_file_ref idref="fl-24"/>
      </object_component>
      <object_component id="oc-96">
         <name>.debug_line</name>
         <load_address>0x498c</load_address>
         <run_address>0x498c</run_address>
         <size>0x86</size>
         <input_file_ref idref="fl-24"/>
      </object_component>
      <object_component id="oc-4e">
         <name>.debug_line</name>
         <load_address>0x4a12</load_address>
         <run_address>0x4a12</run_address>
         <size>0x88</size>
         <input_file_ref idref="fl-25"/>
      </object_component>
      <object_component id="oc-67">
         <name>.debug_line</name>
         <load_address>0x4a9a</load_address>
         <run_address>0x4a9a</run_address>
         <size>0x79</size>
         <input_file_ref idref="fl-26"/>
      </object_component>
      <object_component id="oc-224">
         <name>.debug_line</name>
         <load_address>0x4b13</load_address>
         <run_address>0x4b13</run_address>
         <size>0xa4</size>
         <input_file_ref idref="fl-27"/>
      </object_component>
      <object_component id="oc-222">
         <name>.debug_line</name>
         <load_address>0x4bb7</load_address>
         <run_address>0x4bb7</run_address>
         <size>0x2a</size>
         <input_file_ref idref="fl-27"/>
      </object_component>
      <object_component id="oc-109">
         <name>.debug_line</name>
         <load_address>0x4be1</load_address>
         <run_address>0x4be1</run_address>
         <size>0x68</size>
         <input_file_ref idref="fl-27"/>
      </object_component>
      <object_component id="oc-f5">
         <name>.debug_line</name>
         <load_address>0x4c49</load_address>
         <run_address>0x4c49</run_address>
         <size>0x3c</size>
         <input_file_ref idref="fl-28"/>
      </object_component>
      <object_component id="oc-237">
         <name>.debug_line</name>
         <load_address>0x4c85</load_address>
         <run_address>0x4c85</run_address>
         <size>0x20</size>
         <input_file_ref idref="fl-29"/>
      </object_component>
      <object_component id="oc-1ee">
         <name>.debug_line</name>
         <load_address>0x4ca5</load_address>
         <run_address>0x4ca5</run_address>
         <size>0x2b</size>
         <input_file_ref idref="fl-29"/>
      </object_component>
      <object_component id="oc-1ec">
         <name>.debug_line</name>
         <load_address>0x4cd0</load_address>
         <run_address>0x4cd0</run_address>
         <size>0x68</size>
         <input_file_ref idref="fl-29"/>
      </object_component>
      <object_component id="oc-fd">
         <name>.debug_frame</name>
         <load_address>0x0</load_address>
         <run_address>0x0</run_address>
         <size>0x24e</size>
         <input_file_ref idref="fl-2"/>
      </object_component>
      <object_component id="oc-29">
         <name>.debug_frame</name>
         <load_address>0x24e</load_address>
         <run_address>0x24e</run_address>
         <size>0xfe</size>
         <input_file_ref idref="fl-2"/>
      </object_component>
      <object_component id="oc-84">
         <name>.debug_frame</name>
         <load_address>0x34c</load_address>
         <run_address>0x34c</run_address>
         <size>0x1b6</size>
         <input_file_ref idref="fl-4"/>
      </object_component>
      <object_component id="oc-2f">
         <name>.debug_frame</name>
         <load_address>0x502</load_address>
         <run_address>0x502</run_address>
         <size>0x9f</size>
         <input_file_ref idref="fl-4"/>
      </object_component>
      <object_component id="oc-110">
         <name>.debug_frame</name>
         <load_address>0x5a1</load_address>
         <run_address>0x5a1</run_address>
         <size>0x8b</size>
         <input_file_ref idref="fl-7"/>
      </object_component>
      <object_component id="oc-9e">
         <name>.debug_frame</name>
         <load_address>0x62c</load_address>
         <run_address>0x62c</run_address>
         <size>0x12b</size>
         <input_file_ref idref="fl-8"/>
      </object_component>
      <object_component id="oc-da">
         <name>.debug_frame</name>
         <load_address>0x757</load_address>
         <run_address>0x757</run_address>
         <size>0x6b</size>
         <input_file_ref idref="fl-9"/>
      </object_component>
      <object_component id="oc-103">
         <name>.debug_frame</name>
         <load_address>0x7c2</load_address>
         <run_address>0x7c2</run_address>
         <size>0x1ac</size>
         <input_file_ref idref="fl-b"/>
      </object_component>
      <object_component id="oc-1c9">
         <name>.debug_frame</name>
         <load_address>0x96e</load_address>
         <run_address>0x96e</run_address>
         <size>0xb4</size>
         <input_file_ref idref="fl-d"/>
      </object_component>
      <object_component id="oc-8d">
         <name>.debug_frame</name>
         <load_address>0xa22</load_address>
         <run_address>0xa22</run_address>
         <size>0x70</size>
         <input_file_ref idref="fl-11"/>
      </object_component>
      <object_component id="oc-3d">
         <name>.debug_frame</name>
         <load_address>0xa92</load_address>
         <run_address>0xa92</run_address>
         <size>0x51</size>
         <input_file_ref idref="fl-14"/>
      </object_component>
      <object_component id="oc-7f">
         <name>.debug_frame</name>
         <load_address>0xae3</load_address>
         <run_address>0xae3</run_address>
         <size>0x570</size>
         <input_file_ref idref="fl-17"/>
      </object_component>
      <object_component id="oc-23">
         <name>.debug_frame</name>
         <load_address>0x1053</load_address>
         <run_address>0x1053</run_address>
         <size>0x50</size>
         <input_file_ref idref="fl-18"/>
      </object_component>
      <object_component id="oc-43">
         <name>.debug_frame</name>
         <load_address>0x10a3</load_address>
         <run_address>0x10a3</run_address>
         <size>0xb6</size>
         <input_file_ref idref="fl-19"/>
      </object_component>
      <object_component id="oc-48">
         <name>.debug_frame</name>
         <load_address>0x1159</load_address>
         <run_address>0x1159</run_address>
         <size>0xa0</size>
         <input_file_ref idref="fl-19"/>
      </object_component>
      <object_component id="oc-79">
         <name>.debug_frame</name>
         <load_address>0x11f9</load_address>
         <run_address>0x11f9</run_address>
         <size>0x115</size>
         <input_file_ref idref="fl-1a"/>
      </object_component>
      <object_component id="oc-87">
         <name>.debug_frame</name>
         <load_address>0x130e</load_address>
         <run_address>0x130e</run_address>
         <size>0x5c</size>
         <input_file_ref idref="fl-1f"/>
      </object_component>
      <object_component id="oc-d">
         <name>.debug_frame</name>
         <load_address>0x136a</load_address>
         <run_address>0x136a</run_address>
         <size>0x51</size>
         <input_file_ref idref="fl-20"/>
      </object_component>
      <object_component id="oc-5b">
         <name>.debug_frame</name>
         <load_address>0x13bb</load_address>
         <run_address>0x13bb</run_address>
         <size>0x60</size>
         <input_file_ref idref="fl-21"/>
      </object_component>
      <object_component id="oc-17">
         <name>.debug_frame</name>
         <load_address>0x141b</load_address>
         <run_address>0x141b</run_address>
         <size>0x51</size>
         <input_file_ref idref="fl-21"/>
      </object_component>
      <object_component id="oc-f0">
         <name>.debug_frame</name>
         <load_address>0x146c</load_address>
         <run_address>0x146c</run_address>
         <size>0x60</size>
         <input_file_ref idref="fl-23"/>
      </object_component>
      <object_component id="oc-97">
         <name>.debug_frame</name>
         <load_address>0x14cc</load_address>
         <run_address>0x14cc</run_address>
         <size>0x85</size>
         <input_file_ref idref="fl-24"/>
[...]
         <value>0x7300</value>
         <object_component_ref idref="oc-6f"/>
      </symbol>
      <symbol id="sm-355">
         <name>_coreEnableVfp_</name>
         <value>0x7260</value>
         <object_component_ref idref="oc-6f"/>
      </symbol>
      <symbol id="sm-356">
         <name>_coreClearAuxiliaryDataFault_</name>
         <value>0x7344</value>
         <object_component_ref idref="oc-6f"/>
      </symbol>
      <symbol id="sm-357">
         <name>_coreEnableEventBusExport_</name>
         <value>0x7278</value>
         <object_component_ref idref="oc-6f"/>
      </symbol>
      <symbol id="sm-364">
         <name>resetEntry</name>
         <value>0x0</value>
         <object_component_ref idref="oc-33"/>
      </symbol>
      <symbol id="sm-397">
         <name>checkPackets</name>
         <value>0x7bcc</value>
         <object_component_ref idref="oc-8c"/>
      </symbol>
      <symbol id="sm-398">
         <name>error</name>
         <value>0x80016c8</value>
         <object_component_ref idref="oc-128"/>
      </symbol>
      <symbol id="sm-399">
         <name>key</name>
         <value>0x8001680</value>
         <object_component_ref idref="oc-114"/>
      </symbol>
      <symbol id="sm-39a">
         <name>rx_data</name>
         <value>0x8001600</value>
         <object_component_ref idref="oc-1f3"/>
      </symbol>
      <symbol id="sm-39b">
         <name>rx_ptr</name>
         <value>0x80016c4</value>
         <object_component_ref idref="oc-128"/>
      </symbol>
      <symbol id="sm-39c">
         <name>main</name>
         <value>0x7b28</value>
         <object_component_ref idref="oc-8c"/>
      </symbol>
      <symbol id="sm-39d">
         <name>messages</name>
         <value>0x80016a0</value>
         <object_component_ref idref="oc-111"/>
      </symbol>
      <symbol id="sm-3b6">
         <name>phantomInterrupt</name>
         <value>0x834c</value>
         <object_component_ref idref="oc-38"/>
      </symbol>
      <symbol id="sm-3c0">
         <name>_pmuResetCounters_</name>
         <value>0x7ff4</value>
         <object_component_ref idref="oc-dd"/>
      </symbol>
      <symbol id="sm-3c1">
         <name>_pmuGetEventCount_</name>
         <value>0x8028</value>
         <object_component_ref idref="oc-dd"/>
      </symbol>
      <symbol id="sm-3c2">
         <name>_pmuResetEventCounters_</name>
         <value>0x7fe4</value>
         <object_component_ref idref="oc-dd"/>
      </symbol>
      <symbol id="sm-3c3">
         <name>_pmuStopCounters_</name>
         <value>0x800c</value>
         <object_component_ref idref="oc-dd"/>
      </symbol>
      <symbol id="sm-3c4">
         <name>_pmuInit_</name>
         <value>0x7f68</value>
         <object_component_ref idref="oc-dd"/>
      </symbol>
      <symbol id="sm-3c5">
         <name>_pmuGetOverflow_</name>
         <value>0x8034</value>
         <object_component_ref idref="oc-dd"/>
      </symbol>
      <symbol id="sm-3c6">
         <name>_pmuResetCycleCounter_</name>
         <value>0x7fd4</value>
         <object_component_ref idref="oc-dd"/>
      </symbol>
      <symbol id="sm-3c7">
         <name>_pmuSetCountEvent_</name>
         <value>0x8014</value>
         <object_component_ref idref="oc-dd"/>
      </symbol>
      <symbol id="sm-3c8">
         <name>_pmuGetCycleCount_</name>
         <value>0x8020</value>
         <object_component_ref idref="oc-dd"/>
      </symbol>
      <symbol id="sm-3c9">
         <name>_pmuEnableCountersGlobal_</name>
         <value>0x7fb4</value>
         <object_component_ref idref="oc-dd"/>
      </symbol>
      <symbol id="sm-3ca">
         <name>_pmuDisableCountersGlobal_</name>
         <value>0x7fc4</value>
         <object_component_ref idref="oc-dd"/>
      </symbol>
      <symbol id="sm-3cb">
         <name>_pmuStartCounters_</name>
         <value>0x8004</value>
         <object_component_ref idref="oc-dd"/>
      </symbol>
      <symbol id="sm-58b">
         <name>pbistSelfCheck</name>
         <value>0x2cc</value>
         <object_component_ref idref="oc-7a"/>
      </symbol>
      <symbol id="sm-58c">
         <name>fmcBus1ParityCheck</name>
         <value>0x22c4</value>
         <object_component_ref idref="oc-7a"/>
      </symbol>
      <symbol id="sm-58d">
         <name>can1ParityCheck</name>
         <value>0x1410</value>
         <object_component_ref idref="oc-7a"/>
      </symbol>
      <symbol id="sm-58e">
         <name>enableParity</name>
         <value>0x2ad0</value>
         <object_component_ref idref="oc-7a"/>
      </symbol>
      <symbol id="sm-58f">
         <name>dmaParityCheck</name>
         <value>0xeac</value>
         <object_component_ref idref="oc-7a"/>
      </symbol>
      <symbol id="sm-590">
         <name>custom_dabort</name>
         <value>0xdf4</value>
         <object_component_ref idref="oc-7a"/>
      </symbol>
      <symbol id="sm-591">
         <name>memoryInit</name>
         <value>0x174</value>
         <object_component_ref idref="oc-7a"/>
      </symbol>
      <symbol id="sm-592">
         <name>stcSelfCheck</name>
         <value>0x1b8</value>
         <object_component_ref idref="oc-7a"/>
      </symbol>
      <symbol id="sm-593">
         <name>efcGetConfigValue</name>
         <value>0x2660</value>
         <object_component_ref idref="oc-7a"/>
      </symbol>
      <symbol id="sm-594">
         <name>can2ParityCheck</name>
         <value>0x14e8</value>
         <object_component_ref idref="oc-7a"/>
      </symbol>
      <symbol id="sm-595">
         <name>het1ParityCheck</name>
         <value>0xf58</value>
         <object_component_ref idref="oc-7a"/>
      </symbol>
      <symbol id="sm-596">
         <name>adc1ParityCheck</name>
         <value>0x126c</value>
         <object_component_ref idref="oc-7a"/>
      </symbol>
      <symbol id="sm-597">
         <name>checkefcSelfTest</name>
         <value>0x7bc</value>
         <object_component_ref idref="oc-7a"/>
      </symbol>
      <symbol id="sm-598">
         <name>checkRAMECC</name>
         <value>0x19d0</value>
         <object_component_ref idref="oc-7a"/>
      </symbol>
      <symbol id="sm-599">
         <name>stcSelfCheckFail</name>
         <value>0xdf8</value>
         <object_component_ref idref="oc-7a"/>
      </symbol>
      <symbol id="sm-59a">
         <name>ccmSelfCheck</name>
         <value>0x30</value>
         <object_component_ref idref="oc-7a"/>
      </symbol>
      <symbol id="sm-59b">
         <name>efcCheck</name>
         <value>0x660</value>
         <object_component_ref idref="oc-7a"/>
      </symbol>
      <symbol id="sm-59c">
         <name>het2ParityCheck</name>
         <value>0x10c0</value>
         <object_component_ref idref="oc-7a"/>
      </symbol>
      <symbol id="sm-59d">
         <name>adc2ParityCheck</name>
         <value>0x1358</value>
         <object_component_ref idref="oc-7a"/>
      </symbol>
      <symbol id="sm-59e">
         <name>cpuSelfTest</name>
         <value>0x234</value>
         <object_component_ref idref="oc-7a"/>
      </symbol>
      <symbol id="sm-59f">
         <name>htu1ParityCheck</name>
         <value>0x1004</value>
         <object_component_ref idref="oc-7a"/>
      </symbol>
      <symbol id="sm-5a0">
         <name>checkFlashECC</name>
         <value>0xd18</value>
         <object_component_ref idref="oc-7a"/>
      </symbol>
      <symbol id="sm-5a1">
         <name>cpuSelfTestFail</name>
         <value>0xdfc</value>
         <object_component_ref idref="oc-7a"/>
      </symbol>
      <symbol id="sm-5a2">
         <name>checkPLL1Slip</name>
         <value>0x1e8c</value>
         <object_component_ref idref="oc-7a"/>
      </symbol>
      <symbol id="sm-5a3">
         <name>mibspi1ParityCheck</name>
         <value>0x1684</value>
         <object_component_ref idref="oc-7a"/>
      </symbol>
      <symbol id="sm-5a4">
         <name>ccmr4GetConfigValue</name>
         <value>0x26fc</value>
         <object_component_ref idref="oc-7a"/>
      </symbol>
      <symbol id="sm-5a5">
         <name>htu2ParityCheck</name>
         <value>0x11bc</value>
         <object_component_ref idref="oc-7a"/>
      </symbol>
      <symbol id="sm-5a6">
         <name>pbistPortTestStatus</name>
         <value>0x608</value>
         <object_component_ref idref="oc-7a"/>
      </symbol>
      <symbol id="sm-5a7">
         <name>checkFlashEEPROMECC</name>
         <value>0x1cf4</value>
         <object_component_ref idref="oc-7a"/>
      </symbol>
      <symbol id="sm-5a8">
         <name>pbistGetConfigValue</name>
         <value>0x2470</value>
         <object_component_ref idref="oc-7a"/>
      </symbol>
      <symbol id="sm-5a9">
         <name>vimParityCheck</name>
         <value>0xe00</value>
         <object_component_ref idref="oc-7a"/>
      </symbol>
      <symbol id="sm-5aa">
         <name>pbistIsTestCompleted</name>
         <value>0x5a8</value>
         <object_component_ref idref="oc-7a"/>
      </symbol>
      <symbol id="sm-5ab">
         <name>disableParity</name>
         <value>0x2b58</value>
         <object_component_ref idref="oc-7a"/>
      </symbol>
      <symbol id="sm-5ac">
         <name>pbistRun</name>
         <value>0x4ac</value>
         <object_component_ref idref="oc-7a"/>
      </symbol>
      <symbol id="sm-5ad">
         <name>pbistFail</name>
         <value>0x23ec</value>
         <object_component_ref idref="oc-7a"/>
      </symbol>
      <symbol id="sm-5ae">
         <name>selftestFailNotification</name>
         <value>0x20</value>
         <object_component_ref idref="oc-7a"/>
      </symbol>
      <symbol id="sm-5af">
         <name>errata_PBIST_4</name>
         <value>0x276c</value>
         <object_component_ref idref="oc-7a"/>
      </symbol>
      <symbol id="sm-5b0">
         <name>mibspi3ParityCheck</name>
         <value>0x178c</value>
         <object_component_ref idref="oc-7a"/>
      </symbol>
      <symbol id="sm-5b1">
         <name>efcSelfTest</name>
         <value>0x794</value>
         <object_component_ref idref="oc-7a"/>
      </symbol>
      <symbol id="sm-5b2">
         <name>checkB1RAMECC</name>
         <value>0xb28</value>
         <object_component_ref idref="oc-7a"/>
      </symbol>
      <symbol id="sm-5b3">
         <name>pbistStop</name>
         <value>0x578</value>
         <object_component_ref idref="oc-7a"/>
      </symbol>
      <symbol id="sm-5b4">
         <name>can3ParityCheck</name>
         <value>0x15b0</value>
         <object_component_ref idref="oc-7a"/>
      </symbol>
      <symbol id="sm-5b5">
         <name>checkRAMAddrParity</name>
         <value>0x2050</value>
         <object_component_ref idref="oc-7a"/>
      </symbol>
      <symbol id="sm-5b6">
         <name>mibspi5ParityCheck</name>
         <value>0x18b0</value>
         <object_component_ref idref="oc-7a"/>
      </symbol>
      <symbol id="sm-5b7">
         <name>checkB0RAMECC</name>
         <value>0x938</value>
         <object_component_ref idref="oc-7a"/>
      </symbol>
      <symbol id="sm-5b8">
         <name>stcGetConfigValue</name>
         <value>0x25bc</value>
         <object_component_ref idref="oc-7a"/>
      </symbol>
      <symbol id="sm-5b9">
         <name>pbistIsTestPassed</name>
         <value>0x5d4</value>
         <object_component_ref idref="oc-7a"/>
      </symbol>
      <symbol id="sm-5ba">
         <name>checkClockMonitor</name>
         <value>0x1c18</value>
         <object_component_ref idref="oc-7a"/>
      </symbol>
      <symbol id="sm-5bb">
         <name>fmcECCcheck</name>
         <value>0x898</value>
         <object_component_ref idref="oc-7a"/>
      </symbol>
      <symbol id="sm-5bc">
         <name>fmcBus2Check</name>
         <value>0x85c</value>
         <object_component_ref idref="oc-7a"/>
      </symbol>
      <symbol id="sm-5bd">
         <name>checkRAMUERRTest</name>
         <value>0x215c</value>
         <object_component_ref idref="oc-7a"/>
      </symbol>
      <symbol id="sm-5be">
         <name>efcStuckZeroTest</name>
         <value>0x6e8</value>
         <object_component_ref idref="oc-7a"/>
      </symbol>
      <symbol id="sm-5bf">
         <name>checkPLL2Slip</name>
         <value>0x1f8c</value>
         <object_component_ref idref="oc-7a"/>
      </symbol>
      <symbol id="sm-5e7">
         <name>_c_int00</name>
         <value>0x7710</value>
         <object_component_ref idref="oc-1e"/>
      </symbol>
      <symbol id="sm-696">
         <name>vimChannelMap</name>
         <value>0x4448</value>
         <object_component_ref idref="oc-3f"/>
      </symbol>
      <symbol id="sm-697">
         <name>vimInit</name>
         <value>0x4374</value>
         <object_component_ref idref="oc-3f"/>
      </symbol>
      <symbol id="sm-698">
         <name>vimEnableInterrupt</name>
         <value>0x44ec</value>
         <object_component_ref idref="oc-3f"/>
      </symbol>
      <symbol id="sm-699">
         <name>vimDisableInterrupt</name>
         <value>0x46b4</value>
         <object_component_ref idref="oc-3f"/>
      </symbol>
      <symbol id="sm-69a">
         <name>vimGetConfigValue</name>
         <value>0x4760</value>
         <object_component_ref idref="oc-3f"/>
      </symbol>
      <symbol id="sm-69b">
         <name>vimParityErrorHandler</name>
         <value>0x7434</value>
         <object_component_ref idref="oc-3e"/>
      </symbol>
      <symbol id="sm-6f5">
         <name>systemGetConfigValue</name>
         <value>0x3bac</value>
         <object_component_ref idref="oc-74"/>
      </symbol>
      <symbol id="sm-6f6">
         <name>trimLPO</name>
         <value>0x38ac</value>
         <object_component_ref idref="oc-74"/>
      </symbol>
      <symbol id="sm-6f7">
         <name>systemInit</name>
         <value>0x3ab0</value>
         <object_component_ref idref="oc-74"/>
      </symbol>
      <symbol id="sm-6f8">
         <name>tcmflashGetConfigValue</name>
         <value>0x3fc0</value>
         <object_component_ref idref="oc-74"/>
      </symbol>
      <symbol id="sm-6f9">
         <name>sramGetConfigValue</name>
         <value>0x416c</value>
         <object_component_ref idref="oc-74"/>
      </symbol>
      <symbol id="sm-6fa">
         <name>periphInit</name>
         <value>0x3934</value>
         <object_component_ref idref="oc-74"/>
      </symbol>
      <symbol id="sm-6fb">
         <name>setupFlash</name>
         <value>0x38f4</value>
         <object_component_ref idref="oc-74"/>
      </symbol>
      <symbol id="sm-6fc">
         <name>setupPLL</name>
         <value>0x384c</value>
         <object_component_ref idref="oc-74"/>
      </symbol>
      <symbol id="sm-6fd">
         <name>mapClocks</name>
         <value>0x3988</value>
         <object_component_ref idref="oc-74"/>
      </symbol>
      <symbol id="sm-6fe">
         <name>systemPowerDown</name>
         <value>0x3b7c</value>
         <object_component_ref idref="oc-74"/>
      </symbol>
      <symbol id="sm-723">
         <name>__TI_auto_init</name>
         <value>0x8161</value>
         <object_component_ref idref="oc-86"/>
      </symbol>
      <symbol id="sm-73a">
         <name>__TI_decompress_none</name>
         <value>0x8339</value>
         <object_component_ref idref="oc-c"/>
      </symbol>
      <symbol id="sm-75c">
         <name>__TI_decompress_rle24</name>
         <value>0x8347</value>
         <object_component_ref idref="oc-12"/>
      </symbol>
      <symbol id="sm-777">
         <name>copy_in</name>
         <value>0x828d</value>
         <object_component_ref idref="oc-eb"/>
      </symbol>
      <symbol id="sm-798">
         <name>C$$EXIT</name>
         <value>0x823d</value>
         <object_component_ref idref="oc-92"/>
      </symbol>
      <symbol id="sm-799">
         <name>abort</name>
         <value>0x8241</value>
         <object_component_ref idref="oc-92"/>
      </symbol>
      <symbol id="sm-79a">
         <name>exit</name>
         <value>0x8249</value>
         <object_component_ref idref="oc-92"/>
      </symbol>
      <symbol id="sm-79b">
         <name>__TI_dtors_ptr</name>
         <value>0x80016b4</value>
         <object_component_ref idref="oc-11f"/>
      </symbol>
      <symbol id="sm-79c">
         <name>__TI_cleanup_ptr</name>
         <value>0x80016b0</value>
         <object_component_ref idref="oc-11f"/>
      </symbol>
      <symbol id="sm-79d">
         <name>__TI_enable_exit_profile_output</name>
         <value>0x80016b8</value>
         <object_component_ref idref="oc-11f"/>
      </symbol>
      <symbol id="sm-7b8">
         <name>memcpy</name>
         <value>0x8049</value>
         <object_component_ref idref="oc-4a"/>
      </symbol>
      <symbol id="sm-7b9">
         <name>__aeabi_memcpy</name>
         <value>0x8049</value>
         <object_component_ref idref="oc-4a"/>
      </symbol>
      <symbol id="sm-7ba">
         <name>__aeabi_memcpy8</name>
         <value>0x8049</value>
         <object_component_ref idref="oc-4a"/>
      </symbol>
      <symbol id="sm-7bb">
         <name>__aeabi_memcpy4</name>
         <value>0x8049</value>
         <object_component_ref idref="oc-4a"/>
      </symbol>
      <symbol id="sm-7ca">
         <name>__aeabi_memset</name>
         <value>0x80e7</value>
         <object_component_ref idref="oc-63"/>
      </symbol>
      <symbol id="sm-7cb">
         <name>memset</name>
         <value>0x80ed</value>
         <object_component_ref idref="oc-63"/>
      </symbol>
      <symbol id="sm-7cc">
         <name>__aeabi_memset8</name>
         <value>0x80e7</value>
         <object_component_ref idref="oc-63"/>
      </symbol>
      <symbol id="sm-7cd">
         <name>__aeabi_memset4</name>
         <value>0x80e7</value>
         <object_component_ref idref="oc-63"/>
      </symbol>
      <symbol id="sm-7ce">
         <name>__aeabi_memclr8</name>
         <value>0x80e5</value>
         <object_component_ref idref="oc-63"/>
      </symbol>
      <symbol id="sm-7cf">
         <name>__aeabi_memclr4</name>
         <value>0x80e5</value>
         <object_component_ref idref="oc-63"/>
      </symbol>
      <symbol id="sm-7d0">
         <name>__aeabi_memclr</name>
         <value>0x80e5</value>
         <object_component_ref idref="oc-63"/>
      </symbol>
      <symbol id="sm-7ea">
         <name>rand</name>
         <value>0x82ef</value>
         <object_component_ref idref="oc-105"/>
      </symbol>
      <symbol id="sm-7eb">
         <name>srand</name>
         <value>0x82d9</value>
         <object_component_ref idref="oc-105"/>
      </symbol>
      <symbol id="sm-7f5">
         <name>_system_post_cinit</name>
         <value>0x815f</value>
         <object_component_ref idref="oc-f1"/>
      </symbol>
      <symbol id="sm-80e">
         <name>_nop</name>
         <value>0x8333</value>
         <object_component_ref idref="oc-1e7"/>
      </symbol>
      <symbol id="sm-80f">
         <name>_lock</name>
         <value>0x80016bc</value>
         <object_component_ref idref="oc-122"/>
      </symbol>
      <symbol id="sm-810">
         <name>_unlock</name>
         <value>0x80016c0</value>
         <object_component_ref idref="oc-122"/>
      </symbol>
      <symbol id="sm-811">
         <name>_register_lock</name>
         <value>0x832b</value>
         <object_component_ref idref="oc-1e7"/>
      </symbol>
      <symbol id="sm-812">
         <name>_register_unlock</name>
         <value>0x8325</value>
         <object_component_ref idref="oc-1e7"/>
      </symbol>
      <symbol id="sm-813">
         <name>__TI_static_base__</name>
         <value>0x0</value>
      </symbol>
      <symbol id="sm-816">
         <name>SHT$$INIT_ARRAY$$Base</name>
         <value>0x0</value>
      </symbol>
      <symbol id="sm-817">
         <name>SHT$$INIT_ARRAY$$Limit</name>
         <value>0x0</value>
      </symbol>
   </symbol_table>
   <title>Link successful</title>
</link_info>
