******************************************************************************
                  TI ARM Linker PC v16.3.0                     
******************************************************************************
>> Linked Tue May 03 21:12:54 2016

OUTPUT FILE NAME:   <CAN_bench_network.out>
ENTRY POINT SYMBOL: "_c_int00"  address: 00007d20


MEMORY CONFIGURATION

         name            origin    length      used     unused   attr    fill
----------------------  --------  ---------  --------  --------  ----  --------
  VECTORS               00000000   00000020  00000020  00000000     X
  FLASH0                00000020   0013ffe0  00008ae0  00137500  R  X
  STACKS                08000000   00001500  00000000  00001500  RW  
  RAM                   08001500   0002eb00  000001c1  0002e93f  RW  


SEGMENT ALLOCATION MAP

run origin  load origin   length   init length attrs members
----------  ----------- ---------- ----------- ----- -------
00000000    00000000    00008b04   00008b04    r-x
  00000000    00000000    00000020   00000020    r-x .intvecs
  00000020    00000020    00008754   00008754    r-x .text
  00008774    00008774    00000220   00000220    r-- .const
  00008998    00008998    0000016c   0000016c    r-- .cinit
08001500    08001500    000001c5   00000000    rw-
  08001500    08001500    00000184   00000000    rw- .data
  08001688    08001688    0000003d   00000000    rw- .bss


SECTION ALLOCATION MAP

 output                                  attributes/
section   page    origin      length       input sections
--------  ----  ----------  ----------   ----------------
.intvecs   0    00000000    00000020     
                  00000000    00000020     sys_intvecs.obj (.intvecs)

.text      0    00000020    00008754     
                  00000020    00002cdc     sys_selftest.obj (.text)
                  00002cfc    00000b5c     can.obj (.text)
                  00003858    00000b28     system.obj (.text)
                  00004380    00000a58     sys_vim.obj (.text)
                  00004dd8    000008ac     pinmux.obj (.text)
                  00005684    000008a8     sha256.obj (.text)
                  00005f2c    00000760     sci.obj (.text)
                  0000668c    000006fc     minimac.obj (.text)
                  00006d88    000005e8     esm.obj (.text)
                  00007370    00000388     notification.obj (.text)
                  000076f8    0000034c     sys_core.obj (.text)
                  00007a44    000002dc     sys_vim.obj (.text:retain)
                  00007d20    0000027c     sys_startup.obj (.text:retain)
                  00007f9c    0000019c     can.obj (.text:retain)
                  00008138    00000114     esm.obj (.text:retain)
                  0000824c    000000e8     dabort.obj (.text)
                  00008334    000000e0     sys_pmu.obj (.text)
                  00008414    000000a4     sys_main.obj (.text)
                  000084b8    0000009c     rtsv7R4_T_be_v3D16_eabi.lib : memcpy_t2.obj (.text)
                  00008554    0000007a                                 : memset_t2.obj (.text)
                  000085ce    00000002                                 : startup.obj (.text)
                  000085d0    00000070                                 : autoinit.obj (.text)
                  00008640    0000006a                                 : copy_decompress_rle.obj (.text)
                  000086aa    00000002     --HOLE-- [fill = 0]
                  000086ac    00000050                                 : exit.obj (.text)
                  000086fc    0000004c                                 : cpy_tbl.obj (.text)
                  00008748    00000014                                 : _lock.obj (.text)
                  0000875c    0000000e                                 : copy_decompress_none.obj (.text:decompress:none)
                  0000876a    00000006                                 : copy_decompress_rle.obj (.text:decompress:rle24)
                  00008770    00000004     sys_phantom.obj (.text:retain)

.const     0    00008774    00000220     
                  00008774    00000200     sys_vim.obj (.const:s_vim_init)
                  00008974    00000020     can.obj (.const:s_canByteOrder)

.cinit     0    00008998    0000016c     
                  00008998    00000141     (.cinit..data.load) [load image, compression = rle]
                  00008ad9    00000007     --HOLE-- [fill = 0]
                  00008ae0    00000009     (.cinit..bss.load) [load image, compression = rle]
                  00008ae9    00000003     --HOLE-- [fill = 0]
                  00008aec    00000008     (__TI_handler_table)
                  00008af4    00000010     (__TI_cinit_table)

.data      0    08001500    00000184     UNINITIALIZED
                  08001500    00000100     sha256.obj (.data:k)
                  08001600    00000020     minimac.obj (.data:hist_periodic)
                  08001620    00000020     minimac.obj (.data:hist_recent)
                  08001640    00000020     minimac.obj (.data:key)
                  08001660    00000010     sys_main.obj (.data:messages)
                  08001670    0000000c     rtsv7R4_T_be_v3D16_eabi.lib : exit.obj (.data:$O1$$)
                  0800167c    00000008                                 : _lock.obj (.data:$O1$$)

.bss       0    08001688    0000003d     UNINITIALIZED
                  08001688    00000028     sci.obj (.bss:g_sciTransfer_t)
                  080016b0    00000008     (.common:counter)
                  080016b8    00000004     (.common:auth_error_count)
                  080016bc    00000004     (.common:tx_success_counter)
                  080016c0    00000002     (.common:period)
                  080016c2    00000001     (.common:hp_pointer)
                  080016c3    00000001     (.common:hr_pointer)
                  080016c4    00000001     (.common:tx_done)

MODULE SUMMARY

       Module                     code    ro data   rw data
       ------                     ----    -------   -------
    .\source\
       sys_selftest.obj           11484   0         0      
       sys_vim.obj                3380    512       0      
       can.obj                    3320    32        0      
       system.obj                 2856    0         0      
       sha256.obj                 2216    0         256    
       pinmux.obj                 2220    0         0      
       sci.obj                    1888    0         40     
       minimac.obj                1788    0         112    
       esm.obj                    1788    0         0      
       notification.obj           904     0         1      
       sys_core.obj               844     0         0      
       sys_startup.obj            636     0         0      
       dabort.obj                 232     0         0      
       sys_pmu.obj                224     0         0      
       sys_main.obj               164     0         20     
       sys_intvecs.obj            32      0         0      
       sys_phantom.obj            4       0         0      
    +--+--------------------------+-------+---------+---------+
       Total:                     33980   544       429    
                                                           
    G:/ti/ccsv6/tools/compiler/ti-cgt-arm_16.3.0.STS/lib/rtsv7R4_T_be_v3D16_eabi.lib
       memcpy_t2.obj              156     0         0      
       memset_t2.obj              122     0         0      
       autoinit.obj               112     0         0      
       copy_decompress_rle.obj    112     0         0      
       exit.obj                   80      0         12     
       cpy_tbl.obj                76      0         0      
       _lock.obj                  20      0         8      
       copy_decompress_none.obj   14      0         0      
       startup.obj                2       0         0      
    +--+--------------------------+-------+---------+---------+
       Total:                     694     0         20     
                                                           
       Linker Generated:          0       354       0      
    +--+--------------------------+-------+---------+---------+
       Grand Total:               34674   898       449    


LINKER GENERATED COPY TABLES

__TI_cinit_table @ 00008af4 records: 2, size/record: 8, table size: 16
	.data: load addr=00008998, load size=00000141 bytes, run addr=08001500, run size=00000184 bytes, compression=rle
	.bss: load addr=00008ae0, load size=00000009 bytes, run addr=08001688, run size=0000003d bytes, compression=rle


LINKER GENERATED HANDLER TABLE

__TI_handler_table @ 00008aec records: 2, size/record: 4, table size: 8
	index: 0, handler: __TI_decompress_rle24
	index: 1, handler: __TI_decompress_none


GLOBAL SYMBOLS: SORTED ALPHABETICALLY BY Name 

address   name                                
-------   ----                                
000086ad  C$$EXIT                             
UNDEFED   SHT$$INIT_ARRAY$$Base               
UNDEFED   SHT$$INIT_ARRAY$$Limit              
00008af4  __TI_CINIT_Base                     
00008b04  __TI_CINIT_Limit                    
00008aec  __TI_Handler_Table_Base             
00008af4  __TI_Handler_Table_Limit            
00007a3c  __TI_PINIT_Base                     
00007a40  __TI_PINIT_Limit                    
000085d1  __TI_auto_init                      
08001670  __TI_cleanup_ptr                    
0000875d  __TI_decompress_none                
0000876b  __TI_decompress_rle24               
08001674  __TI_dtors_ptr                      
08001678  __TI_enable_exit_profile_output     
ffffffff  __TI_pprof_out_hndl                 
ffffffff  __TI_prof_data_size                 
ffffffff  __TI_prof_data_start                
00000000  __TI_static_base__                  
00008555  __aeabi_memclr                      
00008555  __aeabi_memclr4                     
00008555  __aeabi_memclr8                     
000084b9  __aeabi_memcpy                      
000084b9  __aeabi_memcpy4                     
000084b9  __aeabi_memcpy8                     
00008557  __aeabi_memset                      
00008557  __aeabi_memset4                     
00008557  __aeabi_memset8                     
ffffffff  __binit__                           
ffffffff  __c_args__                          
00007d20  _c_int00                            
00007954  _coreClearAuxiliaryDataFault_       
00007968  _coreClearAuxiliaryInstructionFault_
0000792c  _coreClearDataFaultAddress_         
00007904  _coreClearDataFault_                
00007940  _coreClearInstructionFaultAddress_  
00007918  _coreClearInstructionFault_         
00007898  _coreDisableEventBusExport_         
000078dc  _coreDisableFlashEcc_               
000078b8  _coreDisableRamEcc_                 
00007888  _coreEnableEventBusExport_          
000078c8  _coreEnableFlashEcc_                
000078ec  _coreEnableIrqVicOffset_            
000078a8  _coreEnableRamEcc_                  
00007870  _coreEnableVfp_                     
0000794c  _coreGetAuxiliaryDataFault_         
00007960  _coreGetAuxiliaryInstructionFault_  
00007924  _coreGetDataFaultAddress_           
000078fc  _coreGetDataFault_                  
00007938  _coreGetInstructionFaultAddress_    
00007910  _coreGetInstructionFault_           
000076f8  _coreInitRegisters_                 
00007804  _coreInitStackPointer_              
0000824c  _dabort                             
0000797c  _disable_FIQ_interrupt_             
00007984  _disable_IRQ_interrupt_             
00007974  _disable_interrupt_                 
0000798c  _enable_interrupt_                  
00007a1c  _errata_CORTEXR4_57_                
00007a2c  _errata_CORTEXR4_66_                
00007994  _esmCcmErrorsClear_                 
00007850  _getCPSRValue_                      
00007858  _gotoCPUIdle_                       
0800167c  _lock                               
00008757  _nop                                
00008390  _pmuDisableCountersGlobal_          
00008380  _pmuEnableCountersGlobal_           
000083ec  _pmuGetCycleCount_                  
000083f4  _pmuGetEventCount_                  
00008400  _pmuGetOverflow_                    
00008334  _pmuInit_                           
000083c0  _pmuResetCounters_                  
000083a0  _pmuResetCycleCounter_              
000083b0  _pmuResetEventCounters_             
000083e0  _pmuSetCountEvent_                  
000083d0  _pmuStartCounters_                  
000083d8  _pmuStopCounters_                   
0000874f  _register_lock                      
00008749  _register_unlock                    
000085cf  _system_post_cinit                  
08001680  _unlock                             
000086b1  abort                               
0000126c  adc1ParityCheck                     
00001358  adc2ParityCheck                     
000066d0  auth_error                          
080016b8  auth_error_count                    
ffffffff  binit                               
00003680  can1GetConfigValue                  
00007f9c  can1HighLevelInterrupt              
00008084  can1LowLevelInterrupt               
00001410  can1ParityCheck                     
000014e8  can2ParityCheck                     
000015b0  can3ParityCheck                     
00003520  canDisableErrorNotification         
00003500  canDisableStatusChangeNotification  
00003578  canDisableloopback                  
000034c0  canEnableErrorNotification          
000034e0  canEnableStatusChangeNotification   
00003540  canEnableloopback                   
000073c8  canErrorNotification                
00003268  canFillMessageObjectData            
00002f90  canGetData                          
0000349c  canGetErrorLevel                    
000030e8  canGetID                            
00003478  canGetLastError                     
00002cfc  canInit                             
00003664  canIoRxGetBit                       
000035a8  canIoSetDirection                   
000035f8  canIoSetPort                        
00003648  canIoTxGetBit                       
0000341c  canIsMessageBoxValid                
000033c0  canIsRxMessageArrived               
00003364  canIsTxMessagePending               
000073f0  canMessageNotification              
000031c8  canSendRemoteFrame                  
000073dc  canStatusChangeNotification         
00002e94  canTransmit                         
00003150  canUpdateID                         
00000030  ccmSelfCheck                        
000026fc  ccmr4GetConfigValue                 
000066e4  checkAuth                           
00000938  checkB0RAMECC                       
00000b28  checkB1RAMECC                       
00001c18  checkClockMonitor                   
00000d18  checkFlashECC                       
00001cf4  checkFlashEEPROMECC                 
00001e8c  checkPLL1Slip                       
00001f8c  checkPLL2Slip                       
00008434  checkPackets                        
00002050  checkRAMAddrParity                  
000019d0  checkRAMECC                         
0000215c  checkRAMUERRTest                    
000007bc  checkefcSelfTest                    
000086fd  copy_in                             
080016b0  counter                             
00000234  cpuSelfTest                         
00000dfc  cpuSelfTestFail                     
00000df4  custom_dabort                       
00002b58  disableParity                       
00007698  dmaGroupANotification               
00000eac  dmaParityCheck                      
00000660  efcCheck                            
00002660  efcGetConfigValue                   
00000794  efcSelfTest                         
000006e8  efcStuckZeroTest                    
00002ad0  enableParity                        
0000276c  errata_PBIST_4                      
00006f14  esmActivateNormalOperation          
00006ff8  esmClearStatus                      
00007044  esmClearStatusBuffer                
00006ed8  esmDisableError                     
00006f50  esmDisableInterrupt                 
00006eac  esmEnableError                      
00006f24  esmEnableInterrupt                  
00007144  esmEnterSelfTest                    
00006e90  esmError                            
0000721c  esmGetConfigValue                   
00007080  esmGetStatus                        
0000710c  esmGetStatusBuffer                  
00007370  esmGroup1Notification               
00007380  esmGroup2Notification               
00008138  esmHighInterrupt                    
00006d88  esmInit                             
000071cc  esmSelfTestStatus                   
00007060  esmSetCounterPreloadValue           
00006f7c  esmSetInterruptLevel                
00006f04  esmTriggerErrorPinReset             
000086b9  exit                                
000022c4  fmcBus1ParityCheck                  
0000085c  fmcBus2Check                        
00000898  fmcECCcheck                         
00007670  gioNotification                     
00000f58  het1ParityCheck                     
000010c0  het2ParityCheck                     
08001600  hist_periodic                       
08001620  hist_recent                         
000068f4  hmac                                
080016c2  hp_pointer                          
080016c3  hr_pointer                          
00001004  htu1ParityCheck                     
000011bc  htu2ParityCheck                     
0000668c  init_minimac                        
08001500  k                                   
08001640  key                                 
00008414  main                                
00003994  mapClocks                           
000084b9  memcpy                              
00000174  memoryInit                          
00007390  memoryPort0TestFailNotification     
000073ac  memoryPort1TestFailNotification     
0000855d  memset                              
08001660  messages                            
00001684  mibspi1ParityCheck                  
0000178c  mibspi3ParityCheck                  
000018b0  mibspi5ParityCheck                  
00004dd8  muxInit                             
000023ec  pbistFail                           
00002470  pbistGetConfigValue                 
000005a8  pbistIsTestCompleted                
000005d4  pbistIsTestPassed                   
00000608  pbistPortTestStatus                 
000004ac  pbistRun                            
000002cc  pbistSelfCheck                      
00000578  pbistStop                           
080016c0  period                              
00003940  periphInit                          
00008770  phantomInterrupt                    
00005274  pinmuxGetConfigValue                
00000000  resetEntry                          
000063dc  sciDisableLoopback                  
00006468  sciDisableNotification              
000063a8  sciEnableLoopback                   
00006400  sciEnableNotification               
00005f2c  sciInit                             
00006258  sciIsIdleDetected                   
0000623c  sciIsRxReady                        
000060bc  sciIsTxReady                        
00007684  sciNotification                     
000062d0  sciReceive                          
000062a4  sciReceiveByte                      
00006274  sciRxError                          
00006108  sciSend                             
000060d8  sciSendByte                         
00006038  sciSetBaudrate                      
00006018  sciSetFunctional                    
000064d0  scilinGetConfigValue                
00000020  selftestFailNotification            
00003900  setupFlash                          
00003858  setupPLL                            
00005bc8  sha256_final                        
00005a54  sha256_init                         
00005684  sha256_transform                    
00005ae8  sha256_update                       
00004178  sramGetConfigValue                  
000025bc  stcGetConfigValue                   
000001b8  stcSelfCheck                        
00000df8  stcSelfCheckFail                    
00003bb8  systemGetConfigValue                
00003abc  systemInit                          
00003b88  systemPowerDown                     
00006cb0  tag                                 
00003fcc  tcmflashGetConfigValue              
000038b8  trimLPO                             
080016c4  tx_done                             
080016bc  tx_success_counter                  
000067a4  update_history                      
00004454  vimChannelMap                       
000046c0  vimDisableInterrupt                 
000044f8  vimEnableInterrupt                  
0000476c  vimGetConfigValue                   
00004380  vimInit                             
00000e00  vimParityCheck                      
00007a44  vimParityErrorHandler               


GLOBAL SYMBOLS: SORTED BY Symbol Address 

address   name                                
-------   ----                                
00000000  __TI_static_base__                  
00000000  resetEntry                          
00000020  selftestFailNotification            
00000030  ccmSelfCheck                        
00000174  memoryInit                          
000001b8  stcSelfCheck                        
00000234  cpuSelfTest                         
000002cc  pbistSelfCheck                      
000004ac  pbistRun                            
00000578  pbistStop                           
000005a8  pbistIsTestCompleted                
000005d4  pbistIsTestPassed                   
00000608  pbistPortTestStatus                 
00000660  efcCheck                            
000006e8  efcStuckZeroTest                    
00000794  efcSelfTest                         
000007bc  checkefcSelfTest                    
0000085c  fmcBus2Check                        
00000898  fmcECCcheck                         
00000938  checkB0RAMECC                       
00000b28  checkB1RAMECC                       
00000d18  checkFlashECC                       
00000df4  custom_dabort                       
00000df8  stcSelfCheckFail                    
00000dfc  cpuSelfTestFail                     
00000e00  vimParityCheck                      
00000eac  dmaParityCheck                      
00000f58  het1ParityCheck                     
00001004  htu1ParityCheck                     
000010c0  het2ParityCheck                     
000011bc  htu2ParityCheck                     
0000126c  adc1ParityCheck                     
00001358  adc2ParityCheck                     
00001410  can1ParityCheck                     
000014e8  can2ParityCheck                     
000015b0  can3ParityCheck                     
00001684  mibspi1ParityCheck                  
0000178c  mibspi3ParityCheck                  
000018b0  mibspi5ParityCheck                  
000019d0  checkRAMECC                         
00001c18  checkClockMonitor                   
00001cf4  checkFlashEEPROMECC                 
00001e8c  checkPLL1Slip                       
00001f8c  checkPLL2Slip                       
00002050  checkRAMAddrParity                  
0000215c  checkRAMUERRTest                    
000022c4  fmcBus1ParityCheck                  
000023ec  pbistFail                           
00002470  pbistGetConfigValue                 
000025bc  stcGetConfigValue                   
00002660  efcGetConfigValue                   
000026fc  ccmr4GetConfigValue                 
0000276c  errata_PBIST_4                      
00002ad0  enableParity                        
00002b58  disableParity                       
00002cfc  canInit                             
00002e94  canTransmit                         
00002f90  canGetData                          
000030e8  canGetID                            
00003150  canUpdateID                         
000031c8  canSendRemoteFrame                  
00003268  canFillMessageObjectData            
00003364  canIsTxMessagePending               
000033c0  canIsRxMessageArrived               
0000341c  canIsMessageBoxValid                
00003478  canGetLastError                     
0000349c  canGetErrorLevel                    
000034c0  canEnableErrorNotification          
000034e0  canEnableStatusChangeNotification   
00003500  canDisableStatusChangeNotification  
00003520  canDisableErrorNotification         
00003540  canEnableloopback                   
00003578  canDisableloopback                  
000035a8  canIoSetDirection                   
000035f8  canIoSetPort                        
00003648  canIoTxGetBit                       
00003664  canIoRxGetBit                       
00003680  can1GetConfigValue                  
00003858  setupPLL                            
000038b8  trimLPO                             
00003900  setupFlash                          
00003940  periphInit                          
00003994  mapClocks                           
00003abc  systemInit                          
00003b88  systemPowerDown                     
00003bb8  systemGetConfigValue                
00003fcc  tcmflashGetConfigValue              
00004178  sramGetConfigValue                  
00004380  vimInit                             
00004454  vimChannelMap                       
000044f8  vimEnableInterrupt                  
000046c0  vimDisableInterrupt                 
0000476c  vimGetConfigValue                   
00004dd8  muxInit                             
00005274  pinmuxGetConfigValue                
00005684  sha256_transform                    
00005a54  sha256_init                         
00005ae8  sha256_update                       
00005bc8  sha256_final                        
00005f2c  sciInit                             
00006018  sciSetFunctional                    
00006038  sciSetBaudrate                      
000060bc  sciIsTxReady                        
000060d8  sciSendByte                         
00006108  sciSend                             
0000623c  sciIsRxReady                        
00006258  sciIsIdleDetected                   
00006274  sciRxError                          
000062a4  sciReceiveByte                      
000062d0  sciReceive                          
000063a8  sciEnableLoopback                   
000063dc  sciDisableLoopback                  
00006400  sciEnableNotification               
00006468  sciDisableNotification              
000064d0  scilinGetConfigValue                
0000668c  init_minimac                        
000066d0  auth_error                          
000066e4  checkAuth                           
000067a4  update_history                      
000068f4  hmac                                
00006cb0  tag                                 
00006d88  esmInit                             
00006e90  esmError                            
00006eac  esmEnableError                      
00006ed8  esmDisableError                     
00006f04  esmTriggerErrorPinReset             
00006f14  esmActivateNormalOperation          
00006f24  esmEnableInterrupt                  
00006f50  esmDisableInterrupt                 
00006f7c  esmSetInterruptLevel                
00006ff8  esmClearStatus                      
00007044  esmClearStatusBuffer                
00007060  esmSetCounterPreloadValue           
00007080  esmGetStatus                        
0000710c  esmGetStatusBuffer                  
00007144  esmEnterSelfTest                    
000071cc  esmSelfTestStatus                   
0000721c  esmGetConfigValue                   
00007370  esmGroup1Notification               
00007380  esmGroup2Notification               
00007390  memoryPort0TestFailNotification     
000073ac  memoryPort1TestFailNotification     
000073c8  canErrorNotification                
000073dc  canStatusChangeNotification         
000073f0  canMessageNotification              
00007670  gioNotification                     
00007684  sciNotification                     
00007698  dmaGroupANotification               
000076f8  _coreInitRegisters_                 
00007804  _coreInitStackPointer_              
00007850  _getCPSRValue_                      
00007858  _gotoCPUIdle_                       
00007870  _coreEnableVfp_                     
00007888  _coreEnableEventBusExport_          
00007898  _coreDisableEventBusExport_         
000078a8  _coreEnableRamEcc_                  
000078b8  _coreDisableRamEcc_                 
000078c8  _coreEnableFlashEcc_                
000078dc  _coreDisableFlashEcc_               
000078ec  _coreEnableIrqVicOffset_            
000078fc  _coreGetDataFault_                  
00007904  _coreClearDataFault_                
00007910  _coreGetInstructionFault_           
00007918  _coreClearInstructionFault_         
00007924  _coreGetDataFaultAddress_           
0000792c  _coreClearDataFaultAddress_         
00007938  _coreGetInstructionFaultAddress_    
00007940  _coreClearInstructionFaultAddress_  
0000794c  _coreGetAuxiliaryDataFault_         
00007954  _coreClearAuxiliaryDataFault_       
00007960  _coreGetAuxiliaryInstructionFault_  
00007968  _coreClearAuxiliaryInstructionFault_
00007974  _disable_interrupt_                 
0000797c  _disable_FIQ_interrupt_             
00007984  _disable_IRQ_interrupt_             
0000798c  _enable_interrupt_                  
00007994  _esmCcmErrorsClear_                 
00007a1c  _errata_CORTEXR4_57_                
00007a2c  _errata_CORTEXR4_66_                
00007a3c  __TI_PINIT_Base                     
00007a40  __TI_PINIT_Limit                    
00007a44  vimParityErrorHandler               
00007d20  _c_int00                            
00007f9c  can1HighLevelInterrupt              
00008084  can1LowLevelInterrupt               
00008138  esmHighInterrupt                    
0000824c  _dabort                             
00008334  _pmuInit_                           
00008380  _pmuEnableCountersGlobal_           
00008390  _pmuDisableCountersGlobal_          
000083a0  _pmuResetCycleCounter_              
000083b0  _pmuResetEventCounters_             
000083c0  _pmuResetCounters_                  
000083d0  _pmuStartCounters_                  
000083d8  _pmuStopCounters_                   
000083e0  _pmuSetCountEvent_                  
000083ec  _pmuGetCycleCount_                  
000083f4  _pmuGetEventCount_                  
00008400  _pmuGetOverflow_                    
00008414  main                                
00008434  checkPackets                        
000084b9  __aeabi_memcpy                      
000084b9  __aeabi_memcpy4                     
000084b9  __aeabi_memcpy8                     
000084b9  memcpy                              
00008555  __aeabi_memclr                      
00008555  __aeabi_memclr4                     
00008555  __aeabi_memclr8                     
00008557  __aeabi_memset                      
00008557  __aeabi_memset4                     
00008557  __aeabi_memset8                     
0000855d  memset                              
000085cf  _system_post_cinit                  
000085d1  __TI_auto_init                      
000086ad  C$$EXIT                             
000086b1  abort                               
000086b9  exit                                
000086fd  copy_in                             
00008749  _register_unlock                    
0000874f  _register_lock                      
00008757  _nop                                
0000875d  __TI_decompress_none                
0000876b  __TI_decompress_rle24               
00008770  phantomInterrupt                    
00008aec  __TI_Handler_Table_Base             
00008af4  __TI_CINIT_Base                     
00008af4  __TI_Handler_Table_Limit            
00008b04  __TI_CINIT_Limit                    
08001500  k                                   
08001600  hist_periodic                       
08001620  hist_recent                         
08001640  key                                 
08001660  messages                            
08001670  __TI_cleanup_ptr                    
08001674  __TI_dtors_ptr                      
08001678  __TI_enable_exit_profile_output     
0800167c  _lock                               
08001680  _unlock                             
080016b0  counter                             
080016b8  auth_error_count                    
080016bc  tx_success_counter                  
080016c0  period                              
080016c2  hp_pointer                          
080016c3  hr_pointer                          
080016c4  tx_done                             
ffffffff  __TI_pprof_out_hndl                 
ffffffff  __TI_prof_data_size                 
ffffffff  __TI_prof_data_start                
ffffffff  __binit__                           
ffffffff  __c_args__                          
ffffffff  binit                               
UNDEFED   SHT$$INIT_ARRAY$$Base               
UNDEFED   SHT$$INIT_ARRAY$$Limit              

[253 symbols]
