******************************************************************************
                  TI ARM Linker PC v16.3.0                     
******************************************************************************
>> Linked Wed Apr 27 22:09:00 2016

OUTPUT FILE NAME:   <CAN_bench_network.out>
ENTRY POINT SYMBOL: "_c_int00"  address: 00007710


MEMORY CONFIGURATION

         name            origin    length      used     unused   attr    fill
----------------------  --------  ---------  --------  --------  ----  --------
  VECTORS               00000000   00000020  00000020  00000000     X
  FLASH0                00000020   0013ffe0  000086bc  00137924  R  X
  STACKS                08000000   00001500  00000000  00001500  RW  
  RAM                   08001500   0002eb00  00000200  0002e900  RW  


SEGMENT ALLOCATION MAP

run origin  load origin   length   init length attrs members
----------  ----------- ---------- ----------- ----- -------
00000000    00000000    000086dc   000086dc    r-x
  00000000    00000000    00000020   00000020    r-x .intvecs
  00000020    00000020    00008330   00008330    r-x .text
  00008350    00008350    00000220   00000220    r-- .const
  00008570    00008570    0000016c   0000016c    r-- .cinit
08001500    08001500    00000200   00000000    rw-
  08001500    08001500    000001d0   00000000    rw- .data
  080016d0    080016d0    00000030   00000000    rw- .bss


SECTION ALLOCATION MAP

 output                                  attributes/
section   page    origin      length       input sections
--------  ----  ----------  ----------   ----------------
.intvecs   0    00000000    00000020     
                  00000000    00000020     sys_intvecs.obj (.intvecs)

.text      0    00000020    00008330     
                  00000020    00002cdc     sys_selftest.obj (.text)
                  00002cfc    00000b50     can.obj (.text)
                  0000384c    00000b28     system.obj (.text)
                  00004374    00000a58     sys_vim.obj (.text)
                  00004dcc    000008ac     pinmux.obj (.text)
                  00005678    000008a8     sha256.obj (.text)
                  00005f20    00000760     sci.obj (.text)
                  00006680    000005e8     esm.obj (.text)
                  00006c68    00000480     minimac.obj (.text)
                  000070e8    0000034c     sys_core.obj (.text)
                  00007434    000002dc     sys_vim.obj (.text:retain)
                  00007710    0000027c     sys_startup.obj (.text:retain)
                  0000798c    0000019c     can.obj (.text:retain)
                  00007b28    0000013c     sys_main.obj (.text)
                  00007c64    00000114     esm.obj (.text:retain)
                  00007d78    00000108     notification.obj (.text)
                  00007e80    000000e8     dabort.obj (.text)
                  00007f68    000000e0     sys_pmu.obj (.text)
                  00008048    0000009c     rtsv7R4_T_be_v3D16_eabi.lib : memcpy_t2.obj (.text)
                  000080e4    0000007a                                 : memset_t2.obj (.text)
                  0000815e    00000002                                 : startup.obj (.text)
                  00008160    00000070                                 : autoinit.obj (.text)
                  000081d0    0000006a                                 : copy_decompress_rle.obj (.text)
                  0000823a    00000002     --HOLE-- [fill = 0]
                  0000823c    00000050                                 : exit.obj (.text)
                  0000828c    0000004c                                 : cpy_tbl.obj (.text)
                  000082d8    0000004c                                 : rand.obj (.text)
                  00008324    00000014                                 : _lock.obj (.text)
                  00008338    0000000e                                 : copy_decompress_none.obj (.text:decompress:none)
                  00008346    00000006                                 : copy_decompress_rle.obj (.text:decompress:rle24)
                  0000834c    00000004     sys_phantom.obj (.text:retain)

.const     0    00008350    00000220     
                  00008350    00000200     sys_vim.obj (.const:s_vim_init)
                  00008550    00000020     can.obj (.const:s_canByteOrder)

.cinit     0    00008570    0000016c     
                  00008570    00000148     (.cinit..data.load) [load image, compression = rle]
                  000086b8    00000009     (.cinit..bss.load) [load image, compression = rle]
                  000086c1    00000003     --HOLE-- [fill = 0]
                  000086c4    00000008     (__TI_handler_table)
                  000086cc    00000010     (__TI_cinit_table)

.data      0    08001500    000001d0     UNINITIALIZED
                  08001500    00000100     sha256.obj (.data:k)
                  08001600    00000040     sys_main.obj (.data:rx_data)
                  08001640    00000020     minimac.obj (.data:hist_periodic)
                  08001660    00000020     minimac.obj (.data:hist_recent)
                  08001680    00000020     sys_main.obj (.data:key)
                  080016a0    00000010     sys_main.obj (.data:messages)
                  080016b0    0000000c     rtsv7R4_T_be_v3D16_eabi.lib : exit.obj (.data:$O1$$)
                  080016bc    00000008                                 : _lock.obj (.data:$O1$$)
                  080016c4    00000008     sys_main.obj (.data)
                  080016cc    00000004     rtsv7R4_T_be_v3D16_eabi.lib : rand.obj (.data)

.bss       0    080016d0    00000030     UNINITIALIZED
                  080016d0    00000028     sci.obj (.bss:g_sciTransfer_t)
                  080016f8    00000008     (.common:counter)

MODULE SUMMARY

       Module                     code    ro data   rw data
       ------                     ----    -------   -------
    .\source\
       sys_selftest.obj           11484   0         0      
       sys_vim.obj                3380    512       0      
       can.obj                    3308    32        0      
       system.obj                 2856    0         0      
       sha256.obj                 2216    0         256    
       pinmux.obj                 2220    0         0      
       sci.obj                    1888    0         40     
       esm.obj                    1788    0         0      
       minimac.obj                1152    0         72     
       sys_core.obj               844     0         0      
       sys_startup.obj            636     0         0      
       sys_main.obj               316     0         120    
       notification.obj           264     0         0      
       dabort.obj                 232     0         0      
       sys_pmu.obj                224     0         0      
       sys_intvecs.obj            32      0         0      
       sys_phantom.obj            4       0         0      
    +--+--------------------------+-------+---------+---------+
       Total:                     32844   544       488    
                                                           
    G:/ti/ccsv6/tools/compiler/ti-cgt-arm_16.3.0.STS/lib/rtsv7R4_T_be_v3D16_eabi.lib
       memcpy_t2.obj              156     0         0      
       memset_t2.obj              122     0         0      
       autoinit.obj               112     0         0      
       copy_decompress_rle.obj    112     0         0      
       exit.obj                   80      0         12     
       rand.obj                   76      0         4      
       cpy_tbl.obj                76      0         0      
       _lock.obj                  20      0         8      
       copy_decompress_none.obj   14      0         0      
       startup.obj                2       0         0      
    +--+--------------------------+-------+---------+---------+
       Total:                     770     0         24     
                                                           
       Linker Generated:          0       361       0      
    +--+--------------------------+-------+---------+---------+
       Grand Total:               33614   905       512    


LINKER GENERATED COPY TABLES

__TI_cinit_table @ 000086cc records: 2, size/record: 8, table size: 16
	.data: load addr=00008570, load size=00000148 bytes, run addr=08001500, run size=000001d0 bytes, compression=rle
	.bss: load addr=000086b8, load size=00000009 bytes, run addr=080016d0, run size=00000030 bytes, compression=rle


LINKER GENERATED HANDLER TABLE

__TI_handler_table @ 000086c4 records: 2, size/record: 4, table size: 8
	index: 0, handler: __TI_decompress_rle24
	index: 1, handler: __TI_decompress_none


GLOBAL SYMBOLS: SORTED ALPHABETICALLY BY Name 

address   name                                
-------   ----                                
0000823d  C$$EXIT                             
UNDEFED   SHT$$INIT_ARRAY$$Base               
UNDEFED   SHT$$INIT_ARRAY$$Limit              
000086cc  __TI_CINIT_Base                     
000086dc  __TI_CINIT_Limit                    
000086c4  __TI_Handler_Table_Base             
000086cc  __TI_Handler_Table_Limit            
0000742c  __TI_PINIT_Base                     
00007430  __TI_PINIT_Limit                    
00008161  __TI_auto_init                      
080016b0  __TI_cleanup_ptr                    
00008339  __TI_decompress_none                
00008347  __TI_decompress_rle24               
080016b4  __TI_dtors_ptr                      
080016b8  __TI_enable_exit_profile_output     
ffffffff  __TI_pprof_out_hndl                 
ffffffff  __TI_prof_data_size                 
ffffffff  __TI_prof_data_start                
00000000  __TI_static_base__                  
000080e5  __aeabi_memclr                      
000080e5  __aeabi_memclr4                     
000080e5  __aeabi_memclr8                     
00008049  __aeabi_memcpy                      
00008049  __aeabi_memcpy4                     
00008049  __aeabi_memcpy8                     
000080e7  __aeabi_memset                      
000080e7  __aeabi_memset4                     
000080e7  __aeabi_memset8                     
ffffffff  __binit__                           
ffffffff  __c_args__                          
00007710  _c_int00                            
00007344  _coreClearAuxiliaryDataFault_       
00007358  _coreClearAuxiliaryInstructionFault_
0000731c  _coreClearDataFaultAddress_         
000072f4  _coreClearDataFault_                
00007330  _coreClearInstructionFaultAddress_  
00007308  _coreClearInstructionFault_         
00007288  _coreDisableEventBusExport_         
000072cc  _coreDisableFlashEcc_               
000072a8  _coreDisableRamEcc_                 
00007278  _coreEnableEventBusExport_          
000072b8  _coreEnableFlashEcc_                
000072dc  _coreEnableIrqVicOffset_            
00007298  _coreEnableRamEcc_                  
00007260  _coreEnableVfp_                     
0000733c  _coreGetAuxiliaryDataFault_         
00007350  _coreGetAuxiliaryInstructionFault_  
00007314  _coreGetDataFaultAddress_           
000072ec  _coreGetDataFault_                  
00007328  _coreGetInstructionFaultAddress_    
00007300  _coreGetInstructionFault_           
000070e8  _coreInitRegisters_                 
000071f4  _coreInitStackPointer_              
00007e80  _dabort                             
0000736c  _disable_FIQ_interrupt_             
00007374  _disable_IRQ_interrupt_             
00007364  _disable_interrupt_                 
0000737c  _enable_interrupt_                  
0000740c  _errata_CORTEXR4_57_                
0000741c  _errata_CORTEXR4_66_                
00007384  _esmCcmErrorsClear_                 
00007240  _getCPSRValue_                      
00007248  _gotoCPUIdle_                       
080016bc  _lock                               
00008333  _nop                                
00007fc4  _pmuDisableCountersGlobal_          
00007fb4  _pmuEnableCountersGlobal_           
00008020  _pmuGetCycleCount_                  
00008028  _pmuGetEventCount_                  
00008034  _pmuGetOverflow_                    
00007f68  _pmuInit_                           
00007ff4  _pmuResetCounters_                  
00007fd4  _pmuResetCycleCounter_              
00007fe4  _pmuResetEventCounters_             
00008014  _pmuSetCountEvent_                  
00008004  _pmuStartCounters_                  
0000800c  _pmuStopCounters_                   
0000832b  _register_lock                      
00008325  _register_unlock                    
0000815f  _system_post_cinit                  
080016c0  _unlock                             
00008241  abort                               
0000126c  adc1ParityCheck                     
00001358  adc2ParityCheck                     
ffffffff  binit                               
00003680  can1GetConfigValue                  
0000798c  can1HighLevelInterrupt              
00007a74  can1LowLevelInterrupt               
00001410  can1ParityCheck                     
000014e8  can2ParityCheck                     
000015b0  can3ParityCheck                     
00003520  canDisableErrorNotification         
00003500  canDisableStatusChangeNotification  
00003578  canDisableloopback                  
000034c0  canEnableErrorNotification          
000034e0  canEnableStatusChangeNotification   
00003540  canEnableloopback                   
00007dd0  canErrorNotification                
00003268  canFillMessageObjectData            
00002f90  canGetData                          
0000349c  canGetErrorLevel                    
000030e8  canGetID                            
00003478  canGetLastError                     
00002cfc  canInit                             
00003664  canIoRxGetBit                       
000035a8  canIoSetDirection                   
000035f8  canIoSetPort                        
00003648  canIoTxGetBit                       
0000341c  canIsMessageBoxValid                
000033c0  canIsRxMessageArrived               
00003364  canIsTxMessagePending               
00007df8  canMessageNotification              
000031c8  canSendRemoteFrame                  
00007de4  canStatusChangeNotification         
00002e94  canTransmit                         
00003150  canUpdateID                         
00000030  ccmSelfCheck                        
000026fc  ccmr4GetConfigValue                 
00000938  checkB0RAMECC                       
00000b28  checkB1RAMECC                       
00001c18  checkClockMonitor                   
00000d18  checkFlashECC                       
00001cf4  checkFlashEEPROMECC                 
00001e8c  checkPLL1Slip                       
00001f8c  checkPLL2Slip                       
00007bcc  checkPackets                        
00002050  checkRAMAddrParity                  
000019d0  checkRAMECC                         
0000215c  checkRAMUERRTest                    
000007bc  checkefcSelfTest                    
0000828d  copy_in                             
080016f8  counter                             
00000234  cpuSelfTest                         
00000dfc  cpuSelfTestFail                     
00000df4  custom_dabort                       
00002b58  disableParity                       
00007e68  dmaGroupANotification               
00000eac  dmaParityCheck                      
00000660  efcCheck                            
00002660  efcGetConfigValue                   
00000794  efcSelfTest                         
000006e8  efcStuckZeroTest                    
00002ad0  enableParity                        
0000276c  errata_PBIST_4                      
080016c8  error                               
0000680c  esmActivateNormalOperation          
000068f0  esmClearStatus                      
0000693c  esmClearStatusBuffer                
000067d0  esmDisableError                     
00006848  esmDisableInterrupt                 
000067a4  esmEnableError                      
0000681c  esmEnableInterrupt                  
00006a3c  esmEnterSelfTest                    
00006788  esmError                            
00006b14  esmGetConfigValue                   
00006978  esmGetStatus                        
00006a04  esmGetStatusBuffer                  
00007d78  esmGroup1Notification               
00007d88  esmGroup2Notification               
00007c64  esmHighInterrupt                    
00006680  esmInit                             
00006ac4  esmSelfTestStatus                   
00006958  esmSetCounterPreloadValue           
00006874  esmSetInterruptLevel                
000067fc  esmTriggerErrorPinReset             
00008249  exit                                
000022c4  fmcBus1ParityCheck                  
0000085c  fmcBus2Check                        
00000898  fmcECCcheck                         
00007e40  gioNotification                     
00000f58  het1ParityCheck                     
000010c0  het2ParityCheck                     
08001640  hist_periodic                       
08001660  hist_recent                         
00006c7c  hmac                                
00001004  htu1ParityCheck                     
000011bc  htu2ParityCheck                     
00006c68  init_minimac                        
08001500  k                                   
08001680  key                                 
00007b28  main                                
00003988  mapClocks                           
00008049  memcpy                              
00000174  memoryInit                          
00007d98  memoryPort0TestFailNotification     
00007db4  memoryPort1TestFailNotification     
000080ed  memset                              
080016a0  messages                            
00001684  mibspi1ParityCheck                  
0000178c  mibspi3ParityCheck                  
000018b0  mibspi5ParityCheck                  
00004dcc  muxInit                             
000023ec  pbistFail                           
00002470  pbistGetConfigValue                 
000005a8  pbistIsTestCompleted                
000005d4  pbistIsTestPassed                   
00000608  pbistPortTestStatus                 
000004ac  pbistRun                            
000002cc  pbistSelfCheck                      
00000578  pbistStop                           
00003934  periphInit                          
0000834c  phantomInterrupt                    
00005268  pinmuxGetConfigValue                
000082ef  rand                                
00000000  resetEntry                          
08001600  rx_data                             
080016c4  rx_ptr                              
000063d0  sciDisableLoopback                  
0000645c  sciDisableNotification              
0000639c  sciEnableLoopback                   
000063f4  sciEnableNotification               
00005f20  sciInit                             
0000624c  sciIsIdleDetected                   
00006230  sciIsRxReady                        
000060b0  sciIsTxReady                        
00007e54  sciNotification                     
000062c4  sciReceive                          
00006298  sciReceiveByte                      
00006268  sciRxError                          
000060fc  sciSend                             
000060cc  sciSendByte                         
0000602c  sciSetBaudrate                      
0000600c  sciSetFunctional                    
000064c4  scilinGetConfigValue                
00000020  selftestFailNotification            
000038f4  setupFlash                          
0000384c  setupPLL                            
00005bbc  sha256_final                        
00005a48  sha256_init                         
00005678  sha256_transform                    
00005adc  sha256_update                       
0000416c  sramGetConfigValue                  
000082d9  srand                               
000025bc  stcGetConfigValue                   
000001b8  stcSelfCheck                        
00000df8  stcSelfCheckFail                    
00003bac  systemGetConfigValue                
00003ab0  systemInit                          
00003b7c  systemPowerDown                     
00003fc0  tcmflashGetConfigValue              
0000703c  trim                                
000038ac  trimLPO                             
00004448  vimChannelMap                       
000046b4  vimDisableInterrupt                 
000044ec  vimEnableInterrupt                  
00004760  vimGetConfigValue                   
00004374  vimInit                             
00000e00  vimParityCheck                      
00007434  vimParityErrorHandler               


GLOBAL SYMBOLS: SORTED BY Symbol Address 

address   name                                
-------   ----                                
00000000  __TI_static_base__                  
00000000  resetEntry                          
00000020  selftestFailNotification            
00000030  ccmSelfCheck                        
00000174  memoryInit                          
000001b8  stcSelfCheck                        
00000234  cpuSelfTest                         
000002cc  pbistSelfCheck                      
000004ac  pbistRun                            
00000578  pbistStop                           
000005a8  pbistIsTestCompleted                
000005d4  pbistIsTestPassed                   
00000608  pbistPortTestStatus                 
00000660  efcCheck                            
000006e8  efcStuckZeroTest                    
00000794  efcSelfTest                         
000007bc  checkefcSelfTest                    
0000085c  fmcBus2Check                        
00000898  fmcECCcheck                         
00000938  checkB0RAMECC                       
00000b28  checkB1RAMECC                       
00000d18  checkFlashECC                       
00000df4  custom_dabort                       
00000df8  stcSelfCheckFail                    
00000dfc  cpuSelfTestFail                     
00000e00  vimParityCheck                      
00000eac  dmaParityCheck                      
00000f58  het1ParityCheck                     
00001004  htu1ParityCheck                     
000010c0  het2ParityCheck                     
000011bc  htu2ParityCheck                     
0000126c  adc1ParityCheck                     
00001358  adc2ParityCheck                     
00001410  can1ParityCheck                     
000014e8  can2ParityCheck                     
000015b0  can3ParityCheck                     
00001684  mibspi1ParityCheck                  
0000178c  mibspi3ParityCheck                  
000018b0  mibspi5ParityCheck                  
000019d0  checkRAMECC                         
00001c18  checkClockMonitor                   
00001cf4  checkFlashEEPROMECC                 
00001e8c  checkPLL1Slip                       
00001f8c  checkPLL2Slip                       
00002050  checkRAMAddrParity                  
0000215c  checkRAMUERRTest                    
000022c4  fmcBus1ParityCheck                  
000023ec  pbistFail                           
00002470  pbistGetConfigValue                 
000025bc  stcGetConfigValue                   
00002660  efcGetConfigValue                   
000026fc  ccmr4GetConfigValue                 
0000276c  errata_PBIST_4                      
00002ad0  enableParity                        
00002b58  disableParity                       
00002cfc  canInit                             
00002e94  canTransmit                         
00002f90  canGetData                          
000030e8  canGetID                            
00003150  canUpdateID                         
000031c8  canSendRemoteFrame                  
00003268  canFillMessageObjectData            
00003364  canIsTxMessagePending               
000033c0  canIsRxMessageArrived               
0000341c  canIsMessageBoxValid                
00003478  canGetLastError                     
0000349c  canGetErrorLevel                    
000034c0  canEnableErrorNotification          
000034e0  canEnableStatusChangeNotification   
00003500  canDisableStatusChangeNotification  
00003520  canDisableErrorNotification         
00003540  canEnableloopback                   
00003578  canDisableloopback                  
000035a8  canIoSetDirection                   
000035f8  canIoSetPort                        
00003648  canIoTxGetBit                       
00003664  canIoRxGetBit                       
00003680  can1GetConfigValue                  
0000384c  setupPLL                            
000038ac  trimLPO                             
000038f4  setupFlash                          
00003934  periphInit                          
00003988  mapClocks                           
00003ab0  systemInit                          
00003b7c  systemPowerDown                     
00003bac  systemGetConfigValue                
00003fc0  tcmflashGetConfigValue              
0000416c  sramGetConfigValue                  
00004374  vimInit                             
00004448  vimChannelMap                       
000044ec  vimEnableInterrupt                  
000046b4  vimDisableInterrupt                 
00004760  vimGetConfigValue                   
00004dcc  muxInit                             
00005268  pinmuxGetConfigValue                
00005678  sha256_transform                    
00005a48  sha256_init                         
00005adc  sha256_update                       
00005bbc  sha256_final                        
00005f20  sciInit                             
0000600c  sciSetFunctional                    
0000602c  sciSetBaudrate                      
000060b0  sciIsTxReady                        
000060cc  sciSendByte                         
000060fc  sciSend                             
00006230  sciIsRxReady                        
0000624c  sciIsIdleDetected                   
00006268  sciRxError                          
00006298  sciReceiveByte                      
000062c4  sciReceive                          
0000639c  sciEnableLoopback                   
000063d0  sciDisableLoopback                  
000063f4  sciEnableNotification               
0000645c  sciDisableNotification              
000064c4  scilinGetConfigValue                
00006680  esmInit                             
00006788  esmError                            
000067a4  esmEnableError                      
000067d0  esmDisableError                     
000067fc  esmTriggerErrorPinReset             
0000680c  esmActivateNormalOperation          
0000681c  esmEnableInterrupt                  
00006848  esmDisableInterrupt                 
00006874  esmSetInterruptLevel                
000068f0  esmClearStatus                      
0000693c  esmClearStatusBuffer                
00006958  esmSetCounterPreloadValue           
00006978  esmGetStatus                        
00006a04  esmGetStatusBuffer                  
00006a3c  esmEnterSelfTest                    
00006ac4  esmSelfTestStatus                   
00006b14  esmGetConfigValue                   
00006c68  init_minimac                        
00006c7c  hmac                                
0000703c  trim                                
000070e8  _coreInitRegisters_                 
000071f4  _coreInitStackPointer_              
00007240  _getCPSRValue_                      
00007248  _gotoCPUIdle_                       
00007260  _coreEnableVfp_                     
00007278  _coreEnableEventBusExport_          
00007288  _coreDisableEventBusExport_         
00007298  _coreEnableRamEcc_                  
000072a8  _coreDisableRamEcc_                 
000072b8  _coreEnableFlashEcc_                
000072cc  _coreDisableFlashEcc_               
000072dc  _coreEnableIrqVicOffset_            
000072ec  _coreGetDataFault_                  
000072f4  _coreClearDataFault_                
00007300  _coreGetInstructionFault_           
00007308  _coreClearInstructionFault_         
00007314  _coreGetDataFaultAddress_           
0000731c  _coreClearDataFaultAddress_         
00007328  _coreGetInstructionFaultAddress_    
00007330  _coreClearInstructionFaultAddress_  
0000733c  _coreGetAuxiliaryDataFault_         
00007344  _coreClearAuxiliaryDataFault_       
00007350  _coreGetAuxiliaryInstructionFault_  
00007358  _coreClearAuxiliaryInstructionFault_
00007364  _disable_interrupt_                 
0000736c  _disable_FIQ_interrupt_             
00007374  _disable_IRQ_interrupt_             
0000737c  _enable_interrupt_                  
00007384  _esmCcmErrorsClear_                 
0000740c  _errata_CORTEXR4_57_                
0000741c  _errata_CORTEXR4_66_                
0000742c  __TI_PINIT_Base                     
00007430  __TI_PINIT_Limit                    
00007434  vimParityErrorHandler               
00007710  _c_int00                            
0000798c  can1HighLevelInterrupt              
00007a74  can1LowLevelInterrupt               
00007b28  main                                
00007bcc  checkPackets                        
00007c64  esmHighInterrupt                    
00007d78  esmGroup1Notification               
00007d88  esmGroup2Notification               
00007d98  memoryPort0TestFailNotification     
00007db4  memoryPort1TestFailNotification     
00007dd0  canErrorNotification                
00007de4  canStatusChangeNotification         
00007df8  canMessageNotification              
00007e40  gioNotification                     
00007e54  sciNotification                     
00007e68  dmaGroupANotification               
00007e80  _dabort                             
00007f68  _pmuInit_                           
00007fb4  _pmuEnableCountersGlobal_           
00007fc4  _pmuDisableCountersGlobal_          
00007fd4  _pmuResetCycleCounter_              
00007fe4  _pmuResetEventCounters_             
00007ff4  _pmuResetCounters_                  
00008004  _pmuStartCounters_                  
0000800c  _pmuStopCounters_                   
00008014  _pmuSetCountEvent_                  
00008020  _pmuGetCycleCount_                  
00008028  _pmuGetEventCount_                  
00008034  _pmuGetOverflow_                    
00008049  __aeabi_memcpy                      
00008049  __aeabi_memcpy4                     
00008049  __aeabi_memcpy8                     
00008049  memcpy                              
000080e5  __aeabi_memclr                      
000080e5  __aeabi_memclr4                     
000080e5  __aeabi_memclr8                     
000080e7  __aeabi_memset                      
000080e7  __aeabi_memset4                     
000080e7  __aeabi_memset8                     
000080ed  memset                              
0000815f  _system_post_cinit                  
00008161  __TI_auto_init                      
0000823d  C$$EXIT                             
00008241  abort                               
00008249  exit                                
0000828d  copy_in                             
000082d9  srand                               
000082ef  rand                                
00008325  _register_unlock                    
0000832b  _register_lock                      
00008333  _nop                                
00008339  __TI_decompress_none                
00008347  __TI_decompress_rle24               
0000834c  phantomInterrupt                    
000086c4  __TI_Handler_Table_Base             
000086cc  __TI_CINIT_Base                     
000086cc  __TI_Handler_Table_Limit            
000086dc  __TI_CINIT_Limit                    
08001500  k                                   
08001600  rx_data                             
08001640  hist_periodic                       
08001660  hist_recent                         
08001680  key                                 
080016a0  messages                            
080016b0  __TI_cleanup_ptr                    
080016b4  __TI_dtors_ptr                      
080016b8  __TI_enable_exit_profile_output     
080016bc  _lock                               
080016c0  _unlock                             
080016c4  rx_ptr                              
080016c8  error                               
080016f8  counter                             
ffffffff  __TI_pprof_out_hndl                 
ffffffff  __TI_prof_data_size                 
ffffffff  __TI_prof_data_start                
ffffffff  __binit__                           
ffffffff  __c_args__                          
ffffffff  binit                               
UNDEFED   SHT$$INIT_ARRAY$$Base               
UNDEFED   SHT$$INIT_ARRAY$$Limit              

[249 symbols]
