******************************************************************************
                  TI ARM Linker PC v16.3.0                     
******************************************************************************
>> Linked Mon Apr 25 13:39:20 2016

OUTPUT FILE NAME:   <minimac_bench.out>
ENTRY POINT SYMBOL: "_c_int00"  address: 00007fc0


MEMORY CONFIGURATION

         name            origin    length      used     unused   attr    fill
----------------------  --------  ---------  --------  --------  ----  --------
  VECTORS               00000000   00000020  00000020  00000000     X
  FLASH0                00000020   0013ffe0  00008d2c  001372b4  R  X
  STACKS                08000000   00001500  00000000  00001500  RW  
  RAM                   08001500   0002eb00  000000b8  0002ea48  RW  


SEGMENT ALLOCATION MAP

run origin  load origin   length   init length attrs members
----------  ----------- ---------- ----------- ----- -------
00000000    00000000    00008d4c   00008d4c    r-x
  00000000    00000000    00000020   00000020    r-x .intvecs
  00000020    00000020    00008a88   00008a88    r-x .text
  00008aa8    00008aa8    00000200   00000200    r-- .const
  00008ca8    00008ca8    000000a4   000000a4    r-- .cinit
08001500    08001500    000000b8   00000000    rw-
  08001500    08001500    0000008c   00000000    rw- .data
  0800158c    0800158c    0000002c   00000000    rw- .bss


SECTION ALLOCATION MAP

 output                                  attributes/
section   page    origin      length       input sections
--------  ----  ----------  ----------   ----------------
.intvecs   0    00000000    00000020     
                  00000000    00000020     sys_intvecs.obj (.intvecs)

.text      0    00000020    00008a88     
                  00000020    00002cdc     sys_selftest.obj (.text)
                  00002cfc    00001e30     md5.obj (.text)
                  00004b2c    00000b28     system.obj (.text)
                  00005654    00000a54     sys_vim.obj (.text)
                  000060a8    000008ac     pinmux.obj (.text)
                  00006954    000005e8     esm.obj (.text)
                  00006f3c    000005d8     sys_main.obj (.text)
                  00007514    00000484     gio.obj (.text)
                  00007998    0000034c     sys_core.obj (.text)
                  00007ce4    000002dc     sys_vim.obj (.text:retain)
                  00007fc0    0000027c     sys_startup.obj (.text:retain)
                  0000823c    00000204     sci.obj (.text:retain)
                  00008440    00000114     esm.obj (.text:retain)
                  00008554    000000e8     dabort.obj (.text)
                  0000863c    000000e0     sys_pmu.obj (.text)
                  0000871c    000000d0     notification.obj (.text)
                  000087ec    0000009c     rtsv7R4_T_be_v3D16_eabi.lib : memcpy_t2.obj (.text)
                  00008888    0000007a                                 : memset_t2.obj (.text)
                  00008902    00000002                                 : startup.obj (.text)
                  00008904    00000070                                 : autoinit.obj (.text)
                  00008974    0000006a                                 : copy_decompress_rle.obj (.text)
                  000089de    00000002     --HOLE-- [fill = 0]
                  000089e0    00000050                                 : exit.obj (.text)
                  00008a30    0000004c                                 : cpy_tbl.obj (.text)
                  00008a7c    00000014                                 : _lock.obj (.text)
                  00008a90    0000000e                                 : copy_decompress_none.obj (.text:decompress:none)
                  00008a9e    00000006                                 : copy_decompress_rle.obj (.text:decompress:rle24)
                  00008aa4    00000004     sys_phantom.obj (.text:retain)

.const     0    00008aa8    00000200     
                  00008aa8    00000200     sys_vim.obj (.const:s_vim_init)

.cinit     0    00008ca8    000000a4     
                  00008ca8    0000007d     (.cinit..data.load) [load image, compression = rle]
                  00008d25    00000003     --HOLE-- [fill = 0]
                  00008d28    00000009     (.cinit..bss.load) [load image, compression = rle]
                  00008d31    00000003     --HOLE-- [fill = 0]
                  00008d34    00000008     (__TI_handler_table)
                  00008d3c    00000010     (__TI_cinit_table)

.data      0    08001500    0000008c     UNINITIALIZED
                  08001500    00000020     sys_main.obj (.data:hist_periodic)
                  08001520    00000020     sys_main.obj (.data:hist_recent)
                  08001540    00000020     sys_main.obj (.data:key)
                  08001560    00000018     sys_main.obj (.data)
                  08001578    0000000c     rtsv7R4_T_be_v3D16_eabi.lib : exit.obj (.data:$O1$$)
                  08001584    00000008                                 : _lock.obj (.data:$O1$$)

.bss       0    0800158c    0000002c     UNINITIALIZED
                  0800158c    00000028     sci.obj (.bss:g_sciTransfer_t)
                  080015b4    00000004     (.common:loop_count_prep)

MODULE SUMMARY

       Module                     code    ro data   rw data
       ------                     ----    -------   -------
    .\source\
       sys_selftest.obj           11484   0         0      
       md5.obj                    7728    0         0      
       sys_vim.obj                3376    512       0      
       system.obj                 2856    0         0      
       pinmux.obj                 2220    0         0      
       esm.obj                    1788    0         0      
       sys_main.obj               1496    0         124    
       gio.obj                    1156    0         0      
       sys_core.obj               844     0         0      
       sys_startup.obj            636     0         0      
       sci.obj                    516     0         40     
       dabort.obj                 232     0         0      
       sys_pmu.obj                224     0         0      
       notification.obj           208     0         0      
       sys_intvecs.obj            32      0         0      
       sys_phantom.obj            4       0         0      
    +--+--------------------------+-------+---------+---------+
       Total:                     34800   512       164    
                                                           
    C:/ti/ccsv6/tools/compiler/ti-cgt-arm_16.3.0.STS/lib/rtsv7R4_T_be_v3D16_eabi.lib
       memcpy_t2.obj              156     0         0      
       memset_t2.obj              122     0         0      
       autoinit.obj               112     0         0      
       copy_decompress_rle.obj    112     0         0      
       exit.obj                   80      0         12     
       cpy_tbl.obj                76      0         0      
       _lock.obj                  20      0         8      
       copy_decompress_none.obj   14      0         0      
       startup.obj                2       0         0      
    +--+--------------------------+-------+---------+---------+
       Total:                     694     0         20     
                                                           
       Linker Generated:          0       158       0      
    +--+--------------------------+-------+---------+---------+
       Grand Total:               35494   670       184    


LINKER GENERATED COPY TABLES

__TI_cinit_table @ 00008d3c records: 2, size/record: 8, table size: 16
	.data: load addr=00008ca8, load size=0000007d bytes, run addr=08001500, run size=0000008c bytes, compression=rle
	.bss: load addr=00008d28, load size=00000009 bytes, run addr=0800158c, run size=0000002c bytes, compression=rle


LINKER GENERATED HANDLER TABLE

__TI_handler_table @ 00008d34 records: 2, size/record: 4, table size: 8
	index: 0, handler: __TI_decompress_rle24
	index: 1, handler: __TI_decompress_none


GLOBAL SYMBOLS: SORTED ALPHABETICALLY BY Name 

address   name                                
-------   ----                                
000089e1  C$$EXIT                             
00004824  MD5_Final                           
00004644  MD5_Init                            
000046ac  MD5_Update                          
UNDEFED   SHT$$INIT_ARRAY$$Base               
UNDEFED   SHT$$INIT_ARRAY$$Limit              
00008d3c  __TI_CINIT_Base                     
00008d4c  __TI_CINIT_Limit                    
00008d34  __TI_Handler_Table_Base             
00008d3c  __TI_Handler_Table_Limit            
00007cdc  __TI_PINIT_Base                     
00007ce0  __TI_PINIT_Limit                    
00008905  __TI_auto_init                      
08001578  __TI_cleanup_ptr                    
00008a91  __TI_decompress_none                
00008a9f  __TI_decompress_rle24               
0800157c  __TI_dtors_ptr                      
08001580  __TI_enable_exit_profile_output     
ffffffff  __TI_pprof_out_hndl                 
ffffffff  __TI_prof_data_size                 
ffffffff  __TI_prof_data_start                
00000000  __TI_static_base__                  
00008889  __aeabi_memclr                      
00008889  __aeabi_memclr4                     
00008889  __aeabi_memclr8                     
000087ed  __aeabi_memcpy                      
000087ed  __aeabi_memcpy4                     
000087ed  __aeabi_memcpy8                     
0000888b  __aeabi_memset                      
0000888b  __aeabi_memset4                     
0000888b  __aeabi_memset8                     
ffffffff  __binit__                           
ffffffff  __c_args__                          
00007fc0  _c_int00                            
00007bf4  _coreClearAuxiliaryDataFault_       
00007c08  _coreClearAuxiliaryInstructionFault_
00007bcc  _coreClearDataFaultAddress_         
00007ba4  _coreClearDataFault_                
00007be0  _coreClearInstructionFaultAddress_  
00007bb8  _coreClearInstructionFault_         
00007b38  _coreDisableEventBusExport_         
00007b7c  _coreDisableFlashEcc_               
00007b58  _coreDisableRamEcc_                 
00007b28  _coreEnableEventBusExport_          
00007b68  _coreEnableFlashEcc_                
00007b8c  _coreEnableIrqVicOffset_            
00007b48  _coreEnableRamEcc_                  
00007b10  _coreEnableVfp_                     
00007bec  _coreGetAuxiliaryDataFault_         
00007c00  _coreGetAuxiliaryInstructionFault_  
00007bc4  _coreGetDataFaultAddress_           
00007b9c  _coreGetDataFault_                  
00007bd8  _coreGetInstructionFaultAddress_    
00007bb0  _coreGetInstructionFault_           
00007998  _coreInitRegisters_                 
00007aa4  _coreInitStackPointer_              
00008554  _dabort                             
00007c1c  _disable_FIQ_interrupt_             
00007c24  _disable_IRQ_interrupt_             
00007c14  _disable_interrupt_                 
00007c2c  _enable_interrupt_                  
00007cbc  _errata_CORTEXR4_57_                
00007ccc  _errata_CORTEXR4_66_                
00007c34  _esmCcmErrorsClear_                 
00007af0  _getCPSRValue_                      
00007af8  _gotoCPUIdle_                       
08001584  _lock                               
00008a8b  _nop                                
00008698  _pmuDisableCountersGlobal_          
00008688  _pmuEnableCountersGlobal_           
000086f4  _pmuGetCycleCount_                  
000086fc  _pmuGetEventCount_                  
00008708  _pmuGetOverflow_                    
0000863c  _pmuInit_                           
000086c8  _pmuResetCounters_                  
000086a8  _pmuResetCycleCounter_              
000086b8  _pmuResetEventCounters_             
000086e8  _pmuSetCountEvent_                  
000086d8  _pmuStartCounters_                  
000086e0  _pmuStopCounters_                   
00008a83  _register_lock                      
00008a7d  _register_unlock                    
00008903  _system_post_cinit                  
08001588  _unlock                             
000089e5  abort                               
0000126c  adc1ParityCheck                     
00001358  adc2ParityCheck                     
ffffffff  binit                               
00001410  can1ParityCheck                     
000014e8  can2ParityCheck                     
000015b0  can3ParityCheck                     
00008774  canErrorNotification                
0000879c  canMessageNotification              
00008788  canStatusChangeNotification         
00000030  ccmSelfCheck                        
000026fc  ccmr4GetConfigValue                 
00000938  checkB0RAMECC                       
00000b28  checkB1RAMECC                       
00001c18  checkClockMonitor                   
00000d18  checkFlashECC                       
00001cf4  checkFlashEEPROMECC                 
00001e8c  checkPLL1Slip                       
00001f8c  checkPLL2Slip                       
0000702c  checkPackets                        
00002050  checkRAMAddrParity                  
000019d0  checkRAMECC                         
0000215c  checkRAMUERRTest                    
000007bc  checkefcSelfTest                    
00008a31  copy_in                             
08001570  counter                             
00000234  cpuSelfTest                         
00000dfc  cpuSelfTestFail                     
00000df4  custom_dabort                       
00002b58  disableParity                       
000087d8  dmaGroupANotification               
00000eac  dmaParityCheck                      
00000660  efcCheck                            
00002660  efcGetConfigValue                   
00000794  efcSelfTest                         
000006e8  efcStuckZeroTest                    
00002ad0  enableParity                        
0000276c  errata_PBIST_4                      
08001560  error                               
00006ae0  esmActivateNormalOperation          
00006bc4  esmClearStatus                      
00006c10  esmClearStatusBuffer                
00006aa4  esmDisableError                     
00006b1c  esmDisableInterrupt                 
00006a78  esmEnableError                      
00006af0  esmEnableInterrupt                  
00006d10  esmEnterSelfTest                    
00006a5c  esmError                            
00006de8  esmGetConfigValue                   
00006c4c  esmGetStatus                        
00006cd8  esmGetStatusBuffer                  
0000871c  esmGroup1Notification               
0000872c  esmGroup2Notification               
00008440  esmHighInterrupt                    
00006954  esmInit                             
00006d98  esmSelfTestStatus                   
00006c2c  esmSetCounterPreloadValue           
00006b48  esmSetInterruptLevel                
00006ad0  esmTriggerErrorPinReset             
000089ed  exit                                
000022c4  fmcBus1ParityCheck                  
0000085c  fmcBus2Check                        
00000898  fmcECCcheck                         
00007774  gioDisableNotification              
0000770c  gioEnableNotification               
00007674  gioGetBit                           
000077dc  gioGetConfigValue                   
0000769c  gioGetPort                          
00007514  gioInit                             
000087b0  gioNotification                     
00007604  gioSetBit                           
000075e4  gioSetDirection                     
00007654  gioSetPort                          
000076b4  gioToggleBit                        
00000f58  het1ParityCheck                     
000010c0  het2ParityCheck                     
08001500  hist_periodic                       
08001520  hist_recent                         
000070ac  hmac                                
00001004  htu1ParityCheck                     
000011bc  htu2ParityCheck                     
08001540  key                                 
0000823c  linHighLevelInterrupt               
08001568  loop_count_max                      
080015b4  loop_count_prep                     
08001564  loop_count_prep_max                 
00006f3c  main                                
00004c68  mapClocks                           
000087ed  memcpy                              
00000174  memoryInit                          
0000873c  memoryPort0TestFailNotification     
00008758  memoryPort1TestFailNotification     
00008891  memset                              
00001684  mibspi1ParityCheck                  
0000178c  mibspi3ParityCheck                  
000018b0  mibspi5ParityCheck                  
0000745c  minimac                             
000060a8  muxInit                             
000023ec  pbistFail                           
00002470  pbistGetConfigValue                 
000005a8  pbistIsTestCompleted                
000005d4  pbistIsTestPassed                   
00000608  pbistPortTestStatus                 
000004ac  pbistRun                            
000002cc  pbistSelfCheck                      
00000578  pbistStop                           
00004c14  periphInit                          
00008aa4  phantomInterrupt                    
00006544  pinmuxGetConfigValue                
00000000  resetEntry                          
000087c4  sciNotification                     
00000020  selftestFailNotification            
00004bd4  setupFlash                          
00004b2c  setupPLL                            
0000544c  sramGetConfigValue                  
000025bc  stcGetConfigValue                   
000001b8  stcSelfCheck                        
00000df8  stcSelfCheckFail                    
00004e8c  systemGetConfigValue                
00004d90  systemInit                          
00004e5c  systemPowerDown                     
000052a0  tcmflashGetConfigValue              
00004b8c  trimLPO                             
00005728  vimChannelMap                       
00005994  vimDisableInterrupt                 
000057cc  vimEnableInterrupt                  
00005a40  vimGetConfigValue                   
00005654  vimInit                             
00000e00  vimParityCheck                      
00007ce4  vimParityErrorHandler               


GLOBAL SYMBOLS: SORTED BY Symbol Address 

address   name                                
-------   ----                                
00000000  __TI_static_base__                  
00000000  resetEntry                          
00000020  selftestFailNotification            
00000030  ccmSelfCheck                        
00000174  memoryInit                          
000001b8  stcSelfCheck                        
00000234  cpuSelfTest                         
000002cc  pbistSelfCheck                      
000004ac  pbistRun                            
00000578  pbistStop                           
000005a8  pbistIsTestCompleted                
000005d4  pbistIsTestPassed                   
00000608  pbistPortTestStatus                 
00000660  efcCheck                            
000006e8  efcStuckZeroTest                    
00000794  efcSelfTest                         
000007bc  checkefcSelfTest                    
0000085c  fmcBus2Check                        
00000898  fmcECCcheck                         
00000938  checkB0RAMECC                       
00000b28  checkB1RAMECC                       
00000d18  checkFlashECC                       
00000df4  custom_dabort                       
00000df8  stcSelfCheckFail                    
00000dfc  cpuSelfTestFail                     
00000e00  vimParityCheck                      
00000eac  dmaParityCheck                      
00000f58  het1ParityCheck                     
00001004  htu1ParityCheck                     
000010c0  het2ParityCheck                     
000011bc  htu2ParityCheck                     
0000126c  adc1ParityCheck                     
00001358  adc2ParityCheck                     
00001410  can1ParityCheck                     
000014e8  can2ParityCheck                     
000015b0  can3ParityCheck                     
00001684  mibspi1ParityCheck                  
0000178c  mibspi3ParityCheck                  
000018b0  mibspi5ParityCheck                  
000019d0  checkRAMECC                         
00001c18  checkClockMonitor                   
00001cf4  checkFlashEEPROMECC                 
00001e8c  checkPLL1Slip                       
00001f8c  checkPLL2Slip                       
00002050  checkRAMAddrParity                  
0000215c  checkRAMUERRTest                    
000022c4  fmcBus1ParityCheck                  
000023ec  pbistFail                           
00002470  pbistGetConfigValue                 
000025bc  stcGetConfigValue                   
00002660  efcGetConfigValue                   
000026fc  ccmr4GetConfigValue                 
0000276c  errata_PBIST_4                      
00002ad0  enableParity                        
00002b58  disableParity                       
00004644  MD5_Init                            
000046ac  MD5_Update                          
00004824  MD5_Final                           
00004b2c  setupPLL                            
00004b8c  trimLPO                             
00004bd4  setupFlash                          
00004c14  periphInit                          
00004c68  mapClocks                           
00004d90  systemInit                          
00004e5c  systemPowerDown                     
00004e8c  systemGetConfigValue                
000052a0  tcmflashGetConfigValue              
0000544c  sramGetConfigValue                  
00005654  vimInit                             
00005728  vimChannelMap                       
000057cc  vimEnableInterrupt                  
00005994  vimDisableInterrupt                 
00005a40  vimGetConfigValue                   
000060a8  muxInit                             
00006544  pinmuxGetConfigValue                
00006954  esmInit                             
00006a5c  esmError                            
00006a78  esmEnableError                      
00006aa4  esmDisableError                     
00006ad0  esmTriggerErrorPinReset             
00006ae0  esmActivateNormalOperation          
00006af0  esmEnableInterrupt                  
00006b1c  esmDisableInterrupt                 
00006b48  esmSetInterruptLevel                
00006bc4  esmClearStatus                      
00006c10  esmClearStatusBuffer                
00006c2c  esmSetCounterPreloadValue           
00006c4c  esmGetStatus                        
00006cd8  esmGetStatusBuffer                  
00006d10  esmEnterSelfTest                    
00006d98  esmSelfTestStatus                   
00006de8  esmGetConfigValue                   
00006f3c  main                                
0000702c  checkPackets                        
000070ac  hmac                                
0000745c  minimac                             
00007514  gioInit                             
000075e4  gioSetDirection                     
00007604  gioSetBit                           
00007654  gioSetPort                          
00007674  gioGetBit                           
0000769c  gioGetPort                          
000076b4  gioToggleBit                        
0000770c  gioEnableNotification               
00007774  gioDisableNotification              
000077dc  gioGetConfigValue                   
00007998  _coreInitRegisters_                 
00007aa4  _coreInitStackPointer_              
00007af0  _getCPSRValue_                      
00007af8  _gotoCPUIdle_                       
00007b10  _coreEnableVfp_                     
00007b28  _coreEnableEventBusExport_          
00007b38  _coreDisableEventBusExport_         
00007b48  _coreEnableRamEcc_                  
00007b58  _coreDisableRamEcc_                 
00007b68  _coreEnableFlashEcc_                
00007b7c  _coreDisableFlashEcc_               
00007b8c  _coreEnableIrqVicOffset_            
00007b9c  _coreGetDataFault_                  
00007ba4  _coreClearDataFault_                
00007bb0  _coreGetInstructionFault_           
00007bb8  _coreClearInstructionFault_         
00007bc4  _coreGetDataFaultAddress_           
00007bcc  _coreClearDataFaultAddress_         
00007bd8  _coreGetInstructionFaultAddress_    
00007be0  _coreClearInstructionFaultAddress_  
00007bec  _coreGetAuxiliaryDataFault_         
00007bf4  _coreClearAuxiliaryDataFault_       
00007c00  _coreGetAuxiliaryInstructionFault_  
00007c08  _coreClearAuxiliaryInstructionFault_
00007c14  _disable_interrupt_                 
00007c1c  _disable_FIQ_interrupt_             
00007c24  _disable_IRQ_interrupt_             
00007c2c  _enable_interrupt_                  
00007c34  _esmCcmErrorsClear_                 
00007cbc  _errata_CORTEXR4_57_                
00007ccc  _errata_CORTEXR4_66_                
00007cdc  __TI_PINIT_Base                     
00007ce0  __TI_PINIT_Limit                    
00007ce4  vimParityErrorHandler               
00007fc0  _c_int00                            
0000823c  linHighLevelInterrupt               
00008440  esmHighInterrupt                    
00008554  _dabort                             
0000863c  _pmuInit_                           
00008688  _pmuEnableCountersGlobal_           
00008698  _pmuDisableCountersGlobal_          
000086a8  _pmuResetCycleCounter_              
000086b8  _pmuResetEventCounters_             
000086c8  _pmuResetCounters_                  
000086d8  _pmuStartCounters_                  
000086e0  _pmuStopCounters_                   
000086e8  _pmuSetCountEvent_                  
000086f4  _pmuGetCycleCount_                  
000086fc  _pmuGetEventCount_                  
00008708  _pmuGetOverflow_                    
0000871c  esmGroup1Notification               
0000872c  esmGroup2Notification               
0000873c  memoryPort0TestFailNotification     
00008758  memoryPort1TestFailNotification     
00008774  canErrorNotification                
00008788  canStatusChangeNotification         
0000879c  canMessageNotification              
000087b0  gioNotification                     
000087c4  sciNotification                     
000087d8  dmaGroupANotification               
000087ed  __aeabi_memcpy                      
000087ed  __aeabi_memcpy4                     
000087ed  __aeabi_memcpy8                     
000087ed  memcpy                              
00008889  __aeabi_memclr                      
00008889  __aeabi_memclr4                     
00008889  __aeabi_memclr8                     
0000888b  __aeabi_memset                      
0000888b  __aeabi_memset4                     
0000888b  __aeabi_memset8                     
00008891  memset                              
00008903  _system_post_cinit                  
00008905  __TI_auto_init                      
000089e1  C$$EXIT                             
000089e5  abort                               
000089ed  exit                                
00008a31  copy_in                             
00008a7d  _register_unlock                    
00008a83  _register_lock                      
00008a8b  _nop                                
00008a91  __TI_decompress_none                
00008a9f  __TI_decompress_rle24               
00008aa4  phantomInterrupt                    
00008d34  __TI_Handler_Table_Base             
00008d3c  __TI_CINIT_Base                     
00008d3c  __TI_Handler_Table_Limit            
00008d4c  __TI_CINIT_Limit                    
08001500  hist_periodic                       
08001520  hist_recent                         
08001540  key                                 
08001560  error                               
08001564  loop_count_prep_max                 
08001568  loop_count_max                      
08001570  counter                             
08001578  __TI_cleanup_ptr                    
0800157c  __TI_dtors_ptr                      
08001580  __TI_enable_exit_profile_output     
08001584  _lock                               
08001588  _unlock                             
080015b4  loop_count_prep                     
ffffffff  __TI_pprof_out_hndl                 
ffffffff  __TI_prof_data_size                 
ffffffff  __TI_prof_data_start                
ffffffff  __binit__                           
ffffffff  __c_args__                          
ffffffff  binit                               
UNDEFED   SHT$$INIT_ARRAY$$Base               
UNDEFED   SHT$$INIT_ARRAY$$Limit              

[214 symbols]
