******************************************************************************
                  TI ARM Linker PC v16.3.0                     
******************************************************************************
>> Linked Mon Apr 11 03:22:58 2016

OUTPUT FILE NAME:   <CAN_test2.out>
ENTRY POINT SYMBOL: "_c_int00"  address: 00006718


MEMORY CONFIGURATION

         name            origin    length      used     unused   attr    fill
----------------------  --------  ---------  --------  --------  ----  --------
  VECTORS               00000000   00000020  00000020  00000000     X
  FLASH0                00000020   0013ffe0  00007580  00138a60  R  X
  STACKS                08000000   00001500  00000000  00001500  RW  
  RAM                   08001500   0002eb00  000001d0  0002e930  RW  


SEGMENT ALLOCATION MAP

run origin  load origin   length   init length attrs members
----------  ----------- ---------- ----------- ----- -------
00000000    00000000    000075a4   000075a4    r-x
  00000000    00000000    00000020   00000020    r-x .intvecs
  00000020    00000020    000071dc   000071dc    r-x .text
  000071fc    000071fc    00000200   00000200    r-- .const
  00007400    00007400    000001a4   000001a4    r-- .cinit
08001500    08001500    000001d0   00000000    rw-
  08001500    08001500    0000018c   00000000    rw- .data
  0800168c    0800168c    00000044   00000000    rw- .bss


SECTION ALLOCATION MAP

 output                                  attributes/
section   page    origin      length       input sections
--------  ----  ----------  ----------   ----------------
.intvecs   0    00000000    00000020     
                  00000000    00000020     sys_intvecs.obj (.intvecs)

.text      0    00000020    000071dc     
                  00000020    00002cdc     sys_selftest.obj (.text)
                  00002cfc    00000b28     system.obj (.text)
                  00003824    00000a54     sys_vim.obj (.text)
                  00004278    000008ac     pinmux.obj (.text)
                  00004b24    000008a8     sha256.obj (.text)
                  000053cc    0000073c     sys_main.obj (.text)
                  00005b08    000005e8     esm.obj (.text)
                  000060f0    0000034c     sys_core.obj (.text)
                  0000643c    000002dc     sys_vim.obj (.text:retain)
                  00006718    0000027c     sys_startup.obj (.text:retain)
                  00006994    00000204     sci.obj (.text:retain)
                  00006b98    00000114     esm.obj (.text:retain)
                  00006cac    000000e8     dabort.obj (.text)
                  00006d94    000000e0     sys_pmu.obj (.text)
                  00006e74    000000cc     notification.obj (.text)
                  00006f40    0000009c     rtsv7R4_T_be_v3D16_eabi.lib : memcpy_t2.obj (.text)
                  00006fdc    0000007a                                 : memset_t2.obj (.text)
                  00007056    00000002                                 : startup.obj (.text)
                  00007058    00000070                                 : autoinit.obj (.text)
                  000070c8    0000006a                                 : copy_decompress_rle.obj (.text)
                  00007132    00000002     --HOLE-- [fill = 0]
                  00007134    00000050                                 : exit.obj (.text)
                  00007184    0000004c                                 : cpy_tbl.obj (.text)
                  000071d0    00000014                                 : _lock.obj (.text)
                  000071e4    0000000e                                 : copy_decompress_none.obj (.text:decompress:none)
                  000071f2    00000006                                 : copy_decompress_rle.obj (.text:decompress:rle24)
                  000071f8    00000004     sys_phantom.obj (.text:retain)

.const     0    000071fc    00000200     
                  000071fc    00000200     sys_vim.obj (.const:s_vim_init)

.cinit     0    00007400    000001a4     
                  00007400    0000017d     (.cinit..data.load) [load image, compression = rle]
                  0000757d    00000003     --HOLE-- [fill = 0]
                  00007580    00000009     (.cinit..bss.load) [load image, compression = rle]
                  00007589    00000003     --HOLE-- [fill = 0]
                  0000758c    00000008     (__TI_handler_table)
                  00007594    00000010     (__TI_cinit_table)

.data      0    08001500    0000018c     UNINITIALIZED
                  08001500    00000100     sha256.obj (.data:k)
                  08001600    00000020     sys_main.obj (.data:hist_periodic)
                  08001620    00000020     sys_main.obj (.data:hist_recent)
                  08001640    00000020     sys_main.obj (.data:key)
                  08001660    00000018     sys_main.obj (.data)
                  08001678    0000000c     rtsv7R4_T_be_v3D16_eabi.lib : exit.obj (.data:$O1$$)
                  08001684    00000008                                 : _lock.obj (.data:$O1$$)

.bss       0    0800168c    00000044     UNINITIALIZED
                  0800168c    00000028     sci.obj (.bss:g_sciTransfer_t)
                  080016b4    00000004     (.common:cycles_PMU_code)
                  080016b8    00000004     (.common:cycles_PMU_comp)
                  080016bc    00000004     (.common:cycles_PMU_end)
                  080016c0    00000004     (.common:cycles_PMU_measure)
                  080016c4    00000004     (.common:cycles_PMU_start)
                  080016c8    00000004     (.common:loop_count_prep)
                  080016cc    00000004     (.common:time_PMU_code)

MODULE SUMMARY

       Module                     code    ro data   rw data
       ------                     ----    -------   -------
    .\source\
       sys_selftest.obj           11484   0         0      
       sys_vim.obj                3376    512       0      
       system.obj                 2856    0         0      
       sha256.obj                 2216    0         256    
       pinmux.obj                 2220    0         0      
       sys_main.obj               1852    0         148    
       esm.obj                    1788    0         0      
       sys_core.obj               844     0         0      
       sys_startup.obj            636     0         0      
       sci.obj                    516     0         40     
       dabort.obj                 232     0         0      
       sys_pmu.obj                224     0         0      
       notification.obj           204     0         0      
       sys_intvecs.obj            32      0         0      
       sys_phantom.obj            4       0         0      
    +--+--------------------------+-------+---------+---------+
       Total:                     28484   512       444    
                                                           
    G:/ti/ccsv6/tools/compiler/ti-cgt-arm_16.3.0.STS/lib/rtsv7R4_T_be_v3D16_eabi.lib
       memcpy_t2.obj              156     0         0      
       memset_t2.obj              122     0         0      
       autoinit.obj               112     0         0      
       copy_decompress_rle.obj    112     0         0      
       exit.obj                   80      0         12     
       cpy_tbl.obj                76      0         0      
       _lock.obj                  20      0         8      
       copy_decompress_none.obj   14      0         0      
       startup.obj                2       0         0      
    +--+--------------------------+-------+---------+---------+
       Total:                     694     0         20     
                                                           
       Linker Generated:          0       414       0      
    +--+--------------------------+-------+---------+---------+
       Grand Total:               29178   926       464    


LINKER GENERATED COPY TABLES

__TI_cinit_table @ 00007594 records: 2, size/record: 8, table size: 16
	.data: load addr=00007400, load size=0000017d bytes, run addr=08001500, run size=0000018c bytes, compression=rle
	.bss: load addr=00007580, load size=00000009 bytes, run addr=0800168c, run size=00000044 bytes, compression=rle


LINKER GENERATED HANDLER TABLE

__TI_handler_table @ 0000758c records: 2, size/record: 4, table size: 8
	index: 0, handler: __TI_decompress_rle24
	index: 1, handler: __TI_decompress_none


GLOBAL SYMBOLS: SORTED ALPHABETICALLY BY Name 

address   name                                
-------   ----                                
00007135  C$$EXIT                             
UNDEFED   SHT$$INIT_ARRAY$$Base               
UNDEFED   SHT$$INIT_ARRAY$$Limit              
00007594  __TI_CINIT_Base                     
000075a4  __TI_CINIT_Limit                    
0000758c  __TI_Handler_Table_Base             
00007594  __TI_Handler_Table_Limit            
00006434  __TI_PINIT_Base                     
00006438  __TI_PINIT_Limit                    
00007059  __TI_auto_init                      
08001678  __TI_cleanup_ptr                    
000071e5  __TI_decompress_none                
000071f3  __TI_decompress_rle24               
0800167c  __TI_dtors_ptr                      
08001680  __TI_enable_exit_profile_output     
ffffffff  __TI_pprof_out_hndl                 
ffffffff  __TI_prof_data_size                 
ffffffff  __TI_prof_data_start                
00000000  __TI_static_base__                  
00006fdd  __aeabi_memclr                      
00006fdd  __aeabi_memclr4                     
00006fdd  __aeabi_memclr8                     
00006f41  __aeabi_memcpy                      
00006f41  __aeabi_memcpy4                     
00006f41  __aeabi_memcpy8                     
00006fdf  __aeabi_memset                      
00006fdf  __aeabi_memset4                     
00006fdf  __aeabi_memset8                     
ffffffff  __binit__                           
ffffffff  __c_args__                          
00006718  _c_int00                            
0000634c  _coreClearAuxiliaryDataFault_       
00006360  _coreClearAuxiliaryInstructionFault_
00006324  _coreClearDataFaultAddress_         
000062fc  _coreClearDataFault_                
00006338  _coreClearInstructionFaultAddress_  
00006310  _coreClearInstructionFault_         
00006290  _coreDisableEventBusExport_         
000062d4  _coreDisableFlashEcc_               
000062b0  _coreDisableRamEcc_                 
00006280  _coreEnableEventBusExport_          
000062c0  _coreEnableFlashEcc_                
000062e4  _coreEnableIrqVicOffset_            
000062a0  _coreEnableRamEcc_                  
00006268  _coreEnableVfp_                     
00006344  _coreGetAuxiliaryDataFault_         
00006358  _coreGetAuxiliaryInstructionFault_  
0000631c  _coreGetDataFaultAddress_           
000062f4  _coreGetDataFault_                  
00006330  _coreGetInstructionFaultAddress_    
00006308  _coreGetInstructionFault_           
000060f0  _coreInitRegisters_                 
000061fc  _coreInitStackPointer_              
00006cac  _dabort                             
00006374  _disable_FIQ_interrupt_             
0000637c  _disable_IRQ_interrupt_             
0000636c  _disable_interrupt_                 
00006384  _enable_interrupt_                  
00006414  _errata_CORTEXR4_57_                
00006424  _errata_CORTEXR4_66_                
0000638c  _esmCcmErrorsClear_                 
00006248  _getCPSRValue_                      
00006250  _gotoCPUIdle_                       
08001684  _lock                               
000071df  _nop                                
00006df0  _pmuDisableCountersGlobal_          
00006de0  _pmuEnableCountersGlobal_           
00006e4c  _pmuGetCycleCount_                  
00006e54  _pmuGetEventCount_                  
00006e60  _pmuGetOverflow_                    
00006d94  _pmuInit_                           
00006e20  _pmuResetCounters_                  
00006e00  _pmuResetCycleCounter_              
00006e10  _pmuResetEventCounters_             
00006e40  _pmuSetCountEvent_                  
00006e30  _pmuStartCounters_                  
00006e38  _pmuStopCounters_                   
000071d7  _register_lock                      
000071d1  _register_unlock                    
00007057  _system_post_cinit                  
08001688  _unlock                             
00007139  abort                               
0000126c  adc1ParityCheck                     
00001358  adc2ParityCheck                     
ffffffff  binit                               
00001410  can1ParityCheck                     
000014e8  can2ParityCheck                     
000015b0  can3ParityCheck                     
00006edc  canErrorNotification                
00006f04  canMessageNotification              
00006ef0  canStatusChangeNotification         
00000030  ccmSelfCheck                        
000026fc  ccmr4GetConfigValue                 
00000938  checkB0RAMECC                       
00000b28  checkB1RAMECC                       
00001c18  checkClockMonitor                   
00000d18  checkFlashECC                       
00001cf4  checkFlashEEPROMECC                 
00001e8c  checkPLL1Slip                       
00001f8c  checkPLL2Slip                       
000055f4  checkPackets                        
00002050  checkRAMAddrParity                  
000019d0  checkRAMECC                         
0000215c  checkRAMUERRTest                    
000007bc  checkefcSelfTest                    
00007185  copy_in                             
08001670  counter                             
00000234  cpuSelfTest                         
00000dfc  cpuSelfTestFail                     
00000df4  custom_dabort                       
080016b4  cycles_PMU_code                     
080016b8  cycles_PMU_comp                     
080016bc  cycles_PMU_end                      
080016c0  cycles_PMU_measure                  
080016c4  cycles_PMU_start                    
00002b58  disableParity                       
00006f2c  dmaGroupANotification               
00000eac  dmaParityCheck                      
00000660  efcCheck                            
00002660  efcGetConfigValue                   
00000794  efcSelfTest                         
000006e8  efcStuckZeroTest                    
00002ad0  enableParity                        
0000276c  errata_PBIST_4                      
08001660  error                               
00005c94  esmActivateNormalOperation          
00005d78  esmClearStatus                      
00005dc4  esmClearStatusBuffer                
00005c58  esmDisableError                     
00005cd0  esmDisableInterrupt                 
00005c2c  esmEnableError                      
00005ca4  esmEnableInterrupt                  
00005ec4  esmEnterSelfTest                    
00005c10  esmError                            
00005f9c  esmGetConfigValue                   
00005e00  esmGetStatus                        
00005e8c  esmGetStatusBuffer                  
00006e74  esmGroup1Notification               
00006e84  esmGroup2Notification               
00006b98  esmHighInterrupt                    
00005b08  esmInit                             
00005f4c  esmSelfTestStatus                   
00005de0  esmSetCounterPreloadValue           
00005cfc  esmSetInterruptLevel                
00005c84  esmTriggerErrorPinReset             
00007141  exit                                
000022c4  fmcBus1ParityCheck                  
0000085c  fmcBus2Check                        
00000898  fmcECCcheck                         
00000f58  het1ParityCheck                     
000010c0  het2ParityCheck                     
08001600  hist_periodic                       
08001620  hist_recent                         
00005678  hmac                                
00001004  htu1ParityCheck                     
000011bc  htu2ParityCheck                     
08001500  k                                   
08001640  key                                 
00006994  linHighLevelInterrupt               
08001668  loop_count_max                      
080016c8  loop_count_prep                     
08001664  loop_count_prep_max                 
000053cc  main                                
00002e38  mapClocks                           
00006f41  memcpy                              
00000174  memoryInit                          
00006e94  memoryPort0TestFailNotification     
00006eb0  memoryPort1TestFailNotification     
00006fe5  memset                              
00001684  mibspi1ParityCheck                  
0000178c  mibspi3ParityCheck                  
000018b0  mibspi5ParityCheck                  
00005a38  minimac                             
00004278  muxInit                             
000023ec  pbistFail                           
00002470  pbistGetConfigValue                 
000005a8  pbistIsTestCompleted                
000005d4  pbistIsTestPassed                   
00000608  pbistPortTestStatus                 
000004ac  pbistRun                            
000002cc  pbistSelfCheck                      
00000578  pbistStop                           
00002de4  periphInit                          
000071f8  phantomInterrupt                    
00004714  pinmuxGetConfigValue                
00000000  resetEntry                          
00006ecc  rtiNotification                     
00006f18  sciNotification                     
00000020  selftestFailNotification            
00002da4  setupFlash                          
00002cfc  setupPLL                            
00005068  sha256_final                        
00004ef4  sha256_init                         
00004b24  sha256_transform                    
00004f88  sha256_update                       
0000361c  sramGetConfigValue                  
000025bc  stcGetConfigValue                   
000001b8  stcSelfCheck                        
00000df8  stcSelfCheckFail                    
0000305c  systemGetConfigValue                
00002f60  systemInit                          
0000302c  systemPowerDown                     
00003470  tcmflashGetConfigValue              
080016cc  time_PMU_code                       
00002d5c  trimLPO                             
000038f8  vimChannelMap                       
00003b64  vimDisableInterrupt                 
0000399c  vimEnableInterrupt                  
00003c10  vimGetConfigValue                   
00003824  vimInit                             
00000e00  vimParityCheck                      
0000643c  vimParityErrorHandler               


GLOBAL SYMBOLS: SORTED BY Symbol Address 

address   name                                
-------   ----                                
00000000  __TI_static_base__                  
00000000  resetEntry                          
00000020  selftestFailNotification            
00000030  ccmSelfCheck                        
00000174  memoryInit                          
000001b8  stcSelfCheck                        
00000234  cpuSelfTest                         
000002cc  pbistSelfCheck                      
000004ac  pbistRun                            
00000578  pbistStop                           
000005a8  pbistIsTestCompleted                
000005d4  pbistIsTestPassed                   
00000608  pbistPortTestStatus                 
00000660  efcCheck                            
000006e8  efcStuckZeroTest                    
00000794  efcSelfTest                         
000007bc  checkefcSelfTest                    
0000085c  fmcBus2Check                        
00000898  fmcECCcheck                         
00000938  checkB0RAMECC                       
00000b28  checkB1RAMECC                       
00000d18  checkFlashECC                       
00000df4  custom_dabort                       
00000df8  stcSelfCheckFail                    
00000dfc  cpuSelfTestFail                     
00000e00  vimParityCheck                      
00000eac  dmaParityCheck                      
00000f58  het1ParityCheck                     
00001004  htu1ParityCheck                     
000010c0  het2ParityCheck                     
000011bc  htu2ParityCheck                     
0000126c  adc1ParityCheck                     
00001358  adc2ParityCheck                     
00001410  can1ParityCheck                     
000014e8  can2ParityCheck                     
000015b0  can3ParityCheck                     
00001684  mibspi1ParityCheck                  
0000178c  mibspi3ParityCheck                  
000018b0  mibspi5ParityCheck                  
000019d0  checkRAMECC                         
00001c18  checkClockMonitor                   
00001cf4  checkFlashEEPROMECC                 
00001e8c  checkPLL1Slip                       
00001f8c  checkPLL2Slip                       
00002050  checkRAMAddrParity                  
0000215c  checkRAMUERRTest                    
000022c4  fmcBus1ParityCheck                  
000023ec  pbistFail                           
00002470  pbistGetConfigValue                 
000025bc  stcGetConfigValue                   
00002660  efcGetConfigValue                   
000026fc  ccmr4GetConfigValue                 
0000276c  errata_PBIST_4                      
00002ad0  enableParity                        
00002b58  disableParity                       
00002cfc  setupPLL                            
00002d5c  trimLPO                             
00002da4  setupFlash                          
00002de4  periphInit                          
00002e38  mapClocks                           
00002f60  systemInit                          
0000302c  systemPowerDown                     
0000305c  systemGetConfigValue                
00003470  tcmflashGetConfigValue              
0000361c  sramGetConfigValue                  
00003824  vimInit                             
000038f8  vimChannelMap                       
0000399c  vimEnableInterrupt                  
00003b64  vimDisableInterrupt                 
00003c10  vimGetConfigValue                   
00004278  muxInit                             
00004714  pinmuxGetConfigValue                
00004b24  sha256_transform                    
00004ef4  sha256_init                         
00004f88  sha256_update                       
00005068  sha256_final                        
000053cc  main                                
000055f4  checkPackets                        
00005678  hmac                                
00005a38  minimac                             
00005b08  esmInit                             
00005c10  esmError                            
00005c2c  esmEnableError                      
00005c58  esmDisableError                     
00005c84  esmTriggerErrorPinReset             
00005c94  esmActivateNormalOperation          
00005ca4  esmEnableInterrupt                  
00005cd0  esmDisableInterrupt                 
00005cfc  esmSetInterruptLevel                
00005d78  esmClearStatus                      
00005dc4  esmClearStatusBuffer                
00005de0  esmSetCounterPreloadValue           
00005e00  esmGetStatus                        
00005e8c  esmGetStatusBuffer                  
00005ec4  esmEnterSelfTest                    
00005f4c  esmSelfTestStatus                   
00005f9c  esmGetConfigValue                   
000060f0  _coreInitRegisters_                 
000061fc  _coreInitStackPointer_              
00006248  _getCPSRValue_                      
00006250  _gotoCPUIdle_                       
00006268  _coreEnableVfp_                     
00006280  _coreEnableEventBusExport_          
00006290  _coreDisableEventBusExport_         
000062a0  _coreEnableRamEcc_                  
000062b0  _coreDisableRamEcc_                 
000062c0  _coreEnableFlashEcc_                
000062d4  _coreDisableFlashEcc_               
000062e4  _coreEnableIrqVicOffset_            
000062f4  _coreGetDataFault_                  
000062fc  _coreClearDataFault_                
00006308  _coreGetInstructionFault_           
00006310  _coreClearInstructionFault_         
0000631c  _coreGetDataFaultAddress_           
00006324  _coreClearDataFaultAddress_         
00006330  _coreGetInstructionFaultAddress_    
00006338  _coreClearInstructionFaultAddress_  
00006344  _coreGetAuxiliaryDataFault_         
0000634c  _coreClearAuxiliaryDataFault_       
00006358  _coreGetAuxiliaryInstructionFault_  
00006360  _coreClearAuxiliaryInstructionFault_
0000636c  _disable_interrupt_                 
00006374  _disable_FIQ_interrupt_             
0000637c  _disable_IRQ_interrupt_             
00006384  _enable_interrupt_                  
0000638c  _esmCcmErrorsClear_                 
00006414  _errata_CORTEXR4_57_                
00006424  _errata_CORTEXR4_66_                
00006434  __TI_PINIT_Base                     
00006438  __TI_PINIT_Limit                    
0000643c  vimParityErrorHandler               
00006718  _c_int00                            
00006994  linHighLevelInterrupt               
00006b98  esmHighInterrupt                    
00006cac  _dabort                             
00006d94  _pmuInit_                           
00006de0  _pmuEnableCountersGlobal_           
00006df0  _pmuDisableCountersGlobal_          
00006e00  _pmuResetCycleCounter_              
00006e10  _pmuResetEventCounters_             
00006e20  _pmuResetCounters_                  
00006e30  _pmuStartCounters_                  
00006e38  _pmuStopCounters_                   
00006e40  _pmuSetCountEvent_                  
00006e4c  _pmuGetCycleCount_                  
00006e54  _pmuGetEventCount_                  
00006e60  _pmuGetOverflow_                    
00006e74  esmGroup1Notification               
00006e84  esmGroup2Notification               
00006e94  memoryPort0TestFailNotification     
00006eb0  memoryPort1TestFailNotification     
00006ecc  rtiNotification                     
00006edc  canErrorNotification                
00006ef0  canStatusChangeNotification         
00006f04  canMessageNotification              
00006f18  sciNotification                     
00006f2c  dmaGroupANotification               
00006f41  __aeabi_memcpy                      
00006f41  __aeabi_memcpy4                     
00006f41  __aeabi_memcpy8                     
00006f41  memcpy                              
00006fdd  __aeabi_memclr                      
00006fdd  __aeabi_memclr4                     
00006fdd  __aeabi_memclr8                     
00006fdf  __aeabi_memset                      
00006fdf  __aeabi_memset4                     
00006fdf  __aeabi_memset8                     
00006fe5  memset                              
00007057  _system_post_cinit                  
00007059  __TI_auto_init                      
00007135  C$$EXIT                             
00007139  abort                               
00007141  exit                                
00007185  copy_in                             
000071d1  _register_unlock                    
000071d7  _register_lock                      
000071df  _nop                                
000071e5  __TI_decompress_none                
000071f3  __TI_decompress_rle24               
000071f8  phantomInterrupt                    
0000758c  __TI_Handler_Table_Base             
00007594  __TI_CINIT_Base                     
00007594  __TI_Handler_Table_Limit            
000075a4  __TI_CINIT_Limit                    
08001500  k                                   
08001600  hist_periodic                       
08001620  hist_recent                         
08001640  key                                 
08001660  error                               
08001664  loop_count_prep_max                 
08001668  loop_count_max                      
08001670  counter                             
08001678  __TI_cleanup_ptr                    
0800167c  __TI_dtors_ptr                      
08001680  __TI_enable_exit_profile_output     
08001684  _lock                               
08001688  _unlock                             
080016b4  cycles_PMU_code                     
080016b8  cycles_PMU_comp                     
080016bc  cycles_PMU_end                      
080016c0  cycles_PMU_measure                  
080016c4  cycles_PMU_start                    
080016c8  loop_count_prep                     
080016cc  time_PMU_code                       
ffffffff  __TI_pprof_out_hndl                 
ffffffff  __TI_prof_data_size                 
ffffffff  __TI_prof_data_start                
ffffffff  __binit__                           
ffffffff  __c_args__                          
ffffffff  binit                               
UNDEFED   SHT$$INIT_ARRAY$$Base               
UNDEFED   SHT$$INIT_ARRAY$$Limit              

[212 symbols]
