******************************************************************************
                  TI ARM Linker PC v16.3.0                     
******************************************************************************
>> Linked Mon Apr 18 14:39:20 2016

OUTPUT FILE NAME:   <CAN_test2.out>
ENTRY POINT SYMBOL: "_c_int00"  address: 00008034


MEMORY CONFIGURATION

         name            origin    length      used     unused   attr    fill
----------------------  --------  ---------  --------  --------  ----  --------
  VECTORS               00000000   00000020  00000020  00000000     X
  FLASH0                00000020   0013ffe0  00008da0  00137240  R  X
  STACKS                08000000   00001500  00000000  00001500  RW  
  RAM                   08001500   0002eb00  000000b8  0002ea48  RW  


SEGMENT ALLOCATION MAP

run origin  load origin   length   init length attrs members
----------  ----------- ---------- ----------- ----- -------
00000000    00000000    00008dc4   00008dc4    r-x
  00000000    00000000    00000020   00000020    r-x .intvecs
  00000020    00000020    00008afc   00008afc    r-x .text
  00008b1c    00008b1c    00000200   00000200    r-- .const
  00008d20    00008d20    000000a4   000000a4    r-- .cinit
08001500    08001500    000000b8   00000000    rw-
  08001500    08001500    0000008c   00000000    rw- .data
  0800158c    0800158c    0000002c   00000000    rw- .bss


SECTION ALLOCATION MAP

 output                                  attributes/
section   page    origin      length       input sections
--------  ----  ----------  ----------   ----------------
.intvecs   0    00000000    00000020     
                  00000000    00000020     sys_intvecs.obj (.intvecs)

.text      0    00000020    00008afc     
                  00000020    00002cdc     sys_selftest.obj (.text)
                  00002cfc    00001e30     md5.obj (.text)
                  00004b2c    00000b28     system.obj (.text)
                  00005654    00000a54     sys_vim.obj (.text)
                  000060a8    000008ac     pinmux.obj (.text)
                  00006954    0000064c     sys_main.obj (.text)
                  00006fa0    000005e8     esm.obj (.text)
                  00007588    00000484     gio.obj (.text)
                  00007a0c    0000034c     sys_core.obj (.text)
                  00007d58    000002dc     sys_vim.obj (.text:retain)
                  00008034    0000027c     sys_startup.obj (.text:retain)
                  000082b0    00000204     sci.obj (.text:retain)
                  000084b4    00000114     esm.obj (.text:retain)
                  000085c8    000000e8     dabort.obj (.text)
                  000086b0    000000e0     sys_pmu.obj (.text)
                  00008790    000000d0     notification.obj (.text)
                  00008860    0000009c     rtsv7R4_T_be_v3D16_eabi.lib : memcpy_t2.obj (.text)
                  000088fc    0000007a                                 : memset_t2.obj (.text)
                  00008976    00000002                                 : startup.obj (.text)
                  00008978    00000070                                 : autoinit.obj (.text)
                  000089e8    0000006a                                 : copy_decompress_rle.obj (.text)
                  00008a52    00000002     --HOLE-- [fill = 0]
                  00008a54    00000050                                 : exit.obj (.text)
                  00008aa4    0000004c                                 : cpy_tbl.obj (.text)
                  00008af0    00000014                                 : _lock.obj (.text)
                  00008b04    0000000e                                 : copy_decompress_none.obj (.text:decompress:none)
                  00008b12    00000006                                 : copy_decompress_rle.obj (.text:decompress:rle24)
                  00008b18    00000004     sys_phantom.obj (.text:retain)

.const     0    00008b1c    00000200     
                  00008b1c    00000200     sys_vim.obj (.const:s_vim_init)

.cinit     0    00008d20    000000a4     
                  00008d20    0000007d     (.cinit..data.load) [load image, compression = rle]
                  00008d9d    00000003     --HOLE-- [fill = 0]
                  00008da0    00000009     (.cinit..bss.load) [load image, compression = rle]
                  00008da9    00000003     --HOLE-- [fill = 0]
                  00008dac    00000008     (__TI_handler_table)
                  00008db4    00000010     (__TI_cinit_table)

.data      0    08001500    0000008c     UNINITIALIZED
                  08001500    00000020     sys_main.obj (.data:hist_periodic)
                  08001520    00000020     sys_main.obj (.data:hist_recent)
                  08001540    00000020     sys_main.obj (.data:key)
                  08001560    00000018     sys_main.obj (.data)
                  08001578    0000000c     rtsv7R4_T_be_v3D16_eabi.lib : exit.obj (.data:$O1$$)
                  08001584    00000008                                 : _lock.obj (.data:$O1$$)

.bss       0    0800158c    0000002c     UNINITIALIZED
                  0800158c    00000028     sci.obj (.bss:g_sciTransfer_t)
                  080015b4    00000004     (.common:loop_count_prep)

MODULE SUMMARY

       Module                     code    ro data   rw data
       ------                     ----    -------   -------
    .\source\
       sys_selftest.obj           11484   0         0      
       md5.obj                    7728    0         0      
       sys_vim.obj                3376    512       0      
       system.obj                 2856    0         0      
       pinmux.obj                 2220    0         0      
       esm.obj                    1788    0         0      
       sys_main.obj               1612    0         124    
       gio.obj                    1156    0         0      
       sys_core.obj               844     0         0      
       sys_startup.obj            636     0         0      
       sci.obj                    516     0         40     
       dabort.obj                 232     0         0      
       sys_pmu.obj                224     0         0      
       notification.obj           208     0         0      
       sys_intvecs.obj            32      0         0      
       sys_phantom.obj            4       0         0      
    +--+--------------------------+-------+---------+---------+
       Total:                     34916   512       164    
                                                           
    C:/ti/ccsv6/tools/compiler/ti-cgt-arm_16.3.0.STS/lib/rtsv7R4_T_be_v3D16_eabi.lib
       memcpy_t2.obj              156     0         0      
       memset_t2.obj              122     0         0      
       autoinit.obj               112     0         0      
       copy_decompress_rle.obj    112     0         0      
       exit.obj                   80      0         12     
       cpy_tbl.obj                76      0         0      
       _lock.obj                  20      0         8      
       copy_decompress_none.obj   14      0         0      
       startup.obj                2       0         0      
    +--+--------------------------+-------+---------+---------+
       Total:                     694     0         20     
                                                           
       Linker Generated:          0       158       0      
    +--+--------------------------+-------+---------+---------+
       Grand Total:               35610   670       184    


LINKER GENERATED COPY TABLES

__TI_cinit_table @ 00008db4 records: 2, size/record: 8, table size: 16
	.data: load addr=00008d20, load size=0000007d bytes, run addr=08001500, run size=0000008c bytes, compression=rle
	.bss: load addr=00008da0, load size=00000009 bytes, run addr=0800158c, run size=0000002c bytes, compression=rle


LINKER GENERATED HANDLER TABLE

__TI_handler_table @ 00008dac records: 2, size/record: 4, table size: 8
	index: 0, handler: __TI_decompress_rle24
	index: 1, handler: __TI_decompress_none


GLOBAL SYMBOLS: SORTED ALPHABETICALLY BY Name 

address   name                                
-------   ----                                
00008a55  C$$EXIT                             
00004824  MD5_Final                           
00004644  MD5_Init                            
000046ac  MD5_Update                          
UNDEFED   SHT$$INIT_ARRAY$$Base               
UNDEFED   SHT$$INIT_ARRAY$$Limit              
00008db4  __TI_CINIT_Base                     
00008dc4  __TI_CINIT_Limit                    
00008dac  __TI_Handler_Table_Base             
00008db4  __TI_Handler_Table_Limit            
00007d50  __TI_PINIT_Base                     
00007d54  __TI_PINIT_Limit                    
00008979  __TI_auto_init                      
08001578  __TI_cleanup_ptr                    
00008b05  __TI_decompress_none                
00008b13  __TI_decompress_rle24               
0800157c  __TI_dtors_ptr                      
08001580  __TI_enable_exit_profile_output     
ffffffff  __TI_pprof_out_hndl                 
ffffffff  __TI_prof_data_size                 
ffffffff  __TI_prof_data_start                
00000000  __TI_static_base__                  
000088fd  __aeabi_memclr                      
000088fd  __aeabi_memclr4                     
000088fd  __aeabi_memclr8                     
00008861  __aeabi_memcpy                      
00008861  __aeabi_memcpy4                     
00008861  __aeabi_memcpy8                     
000088ff  __aeabi_memset                      
000088ff  __aeabi_memset4                     
000088ff  __aeabi_memset8                     
ffffffff  __binit__                           
ffffffff  __c_args__                          
00008034  _c_int00                            
00007c68  _coreClearAuxiliaryDataFault_       
00007c7c  _coreClearAuxiliaryInstructionFault_
00007c40  _coreClearDataFaultAddress_         
00007c18  _coreClearDataFault_                
00007c54  _coreClearInstructionFaultAddress_  
00007c2c  _coreClearInstructionFault_         
00007bac  _coreDisableEventBusExport_         
00007bf0  _coreDisableFlashEcc_               
00007bcc  _coreDisableRamEcc_                 
00007b9c  _coreEnableEventBusExport_          
00007bdc  _coreEnableFlashEcc_                
00007c00  _coreEnableIrqVicOffset_            
00007bbc  _coreEnableRamEcc_                  
00007b84  _coreEnableVfp_                     
00007c60  _coreGetAuxiliaryDataFault_         
00007c74  _coreGetAuxiliaryInstructionFault_  
00007c38  _coreGetDataFaultAddress_           
00007c10  _coreGetDataFault_                  
00007c4c  _coreGetInstructionFaultAddress_    
00007c24  _coreGetInstructionFault_           
00007a0c  _coreInitRegisters_                 
00007b18  _coreInitStackPointer_              
000085c8  _dabort                             
00007c90  _disable_FIQ_interrupt_             
00007c98  _disable_IRQ_interrupt_             
00007c88  _disable_interrupt_                 
00007ca0  _enable_interrupt_                  
00007d30  _errata_CORTEXR4_57_                
00007d40  _errata_CORTEXR4_66_                
00007ca8  _esmCcmErrorsClear_                 
00007b64  _getCPSRValue_                      
00007b6c  _gotoCPUIdle_                       
08001584  _lock                               
00008aff  _nop                                
0000870c  _pmuDisableCountersGlobal_          
000086fc  _pmuEnableCountersGlobal_           
00008768  _pmuGetCycleCount_                  
00008770  _pmuGetEventCount_                  
0000877c  _pmuGetOverflow_                    
000086b0  _pmuInit_                           
0000873c  _pmuResetCounters_                  
0000871c  _pmuResetCycleCounter_              
0000872c  _pmuResetEventCounters_             
0000875c  _pmuSetCountEvent_                  
0000874c  _pmuStartCounters_                  
00008754  _pmuStopCounters_                   
00008af7  _register_lock                      
00008af1  _register_unlock                    
00008977  _system_post_cinit                  
08001588  _unlock                             
00008a59  abort                               
0000126c  adc1ParityCheck                     
00001358  adc2ParityCheck                     
ffffffff  binit                               
00001410  can1ParityCheck                     
000014e8  can2ParityCheck                     
000015b0  can3ParityCheck                     
000087e8  canErrorNotification                
00008810  canMessageNotification              
000087fc  canStatusChangeNotification         
00000030  ccmSelfCheck                        
000026fc  ccmr4GetConfigValue                 
00000938  checkB0RAMECC                       
00000b28  checkB1RAMECC                       
00001c18  checkClockMonitor                   
00000d18  checkFlashECC                       
00001cf4  checkFlashEEPROMECC                 
00001e8c  checkPLL1Slip                       
00001f8c  checkPLL2Slip                       
00006ab4  checkPackets                        
00002050  checkRAMAddrParity                  
000019d0  checkRAMECC                         
0000215c  checkRAMUERRTest                    
000007bc  checkefcSelfTest                    
00008aa5  copy_in                             
08001570  counter                             
00000234  cpuSelfTest                         
00000dfc  cpuSelfTestFail                     
00000df4  custom_dabort                       
00002b58  disableParity                       
0000884c  dmaGroupANotification               
00000eac  dmaParityCheck                      
00000660  efcCheck                            
00002660  efcGetConfigValue                   
00000794  efcSelfTest                         
000006e8  efcStuckZeroTest                    
00002ad0  enableParity                        
0000276c  errata_PBIST_4                      
08001560  error                               
0000712c  esmActivateNormalOperation          
00007210  esmClearStatus                      
0000725c  esmClearStatusBuffer                
000070f0  esmDisableError                     
00007168  esmDisableInterrupt                 
000070c4  esmEnableError                      
0000713c  esmEnableInterrupt                  
0000735c  esmEnterSelfTest                    
000070a8  esmError                            
00007434  esmGetConfigValue                   
00007298  esmGetStatus                        
00007324  esmGetStatusBuffer                  
00008790  esmGroup1Notification               
000087a0  esmGroup2Notification               
000084b4  esmHighInterrupt                    
00006fa0  esmInit                             
000073e4  esmSelfTestStatus                   
00007278  esmSetCounterPreloadValue           
00007194  esmSetInterruptLevel                
0000711c  esmTriggerErrorPinReset             
00008a61  exit                                
000022c4  fmcBus1ParityCheck                  
0000085c  fmcBus2Check                        
00000898  fmcECCcheck                         
000077e8  gioDisableNotification              
00007780  gioEnableNotification               
000076e8  gioGetBit                           
00007850  gioGetConfigValue                   
00007710  gioGetPort                          
00007588  gioInit                             
00008824  gioNotification                     
00007678  gioSetBit                           
00007658  gioSetDirection                     
000076c8  gioSetPort                          
00007728  gioToggleBit                        
00000f58  het1ParityCheck                     
000010c0  het2ParityCheck                     
08001500  hist_periodic                       
08001520  hist_recent                         
00006b34  hmac                                
00001004  htu1ParityCheck                     
000011bc  htu2ParityCheck                     
08001540  key                                 
000082b0  linHighLevelInterrupt               
08001568  loop_count_max                      
080015b4  loop_count_prep                     
08001564  loop_count_prep_max                 
00006954  main                                
00004c68  mapClocks                           
00008861  memcpy                              
00000174  memoryInit                          
000087b0  memoryPort0TestFailNotification     
000087cc  memoryPort1TestFailNotification     
00008905  memset                              
00001684  mibspi1ParityCheck                  
0000178c  mibspi3ParityCheck                  
000018b0  mibspi5ParityCheck                  
00006ee4  minimac                             
000060a8  muxInit                             
000023ec  pbistFail                           
00002470  pbistGetConfigValue                 
000005a8  pbistIsTestCompleted                
000005d4  pbistIsTestPassed                   
00000608  pbistPortTestStatus                 
000004ac  pbistRun                            
000002cc  pbistSelfCheck                      
00000578  pbistStop                           
00004c14  periphInit                          
00008b18  phantomInterrupt                    
00006544  pinmuxGetConfigValue                
00000000  resetEntry                          
00008838  sciNotification                     
00000020  selftestFailNotification            
00004bd4  setupFlash                          
00004b2c  setupPLL                            
0000544c  sramGetConfigValue                  
000025bc  stcGetConfigValue                   
000001b8  stcSelfCheck                        
00000df8  stcSelfCheckFail                    
00004e8c  systemGetConfigValue                
00004d90  systemInit                          
00004e5c  systemPowerDown                     
000052a0  tcmflashGetConfigValue              
00004b8c  trimLPO                             
00005728  vimChannelMap                       
00005994  vimDisableInterrupt                 
000057cc  vimEnableInterrupt                  
00005a40  vimGetConfigValue                   
00005654  vimInit                             
00000e00  vimParityCheck                      
00007d58  vimParityErrorHandler               


GLOBAL SYMBOLS: SORTED BY Symbol Address 

address   name                                
-------   ----                                
00000000  __TI_static_base__                  
00000000  resetEntry                          
00000020  selftestFailNotification            
00000030  ccmSelfCheck                        
00000174  memoryInit                          
000001b8  stcSelfCheck                        
00000234  cpuSelfTest                         
000002cc  pbistSelfCheck                      
000004ac  pbistRun                            
00000578  pbistStop                           
000005a8  pbistIsTestCompleted                
000005d4  pbistIsTestPassed                   
00000608  pbistPortTestStatus                 
00000660  efcCheck                            
000006e8  efcStuckZeroTest                    
00000794  efcSelfTest                         
000007bc  checkefcSelfTest                    
0000085c  fmcBus2Check                        
00000898  fmcECCcheck                         
00000938  checkB0RAMECC                       
00000b28  checkB1RAMECC                       
00000d18  checkFlashECC                       
00000df4  custom_dabort                       
00000df8  stcSelfCheckFail                    
00000dfc  cpuSelfTestFail                     
00000e00  vimParityCheck                      
00000eac  dmaParityCheck                      
00000f58  het1ParityCheck                     
00001004  htu1ParityCheck                     
000010c0  het2ParityCheck                     
000011bc  htu2ParityCheck                     
0000126c  adc1ParityCheck                     
00001358  adc2ParityCheck                     
00001410  can1ParityCheck                     
000014e8  can2ParityCheck                     
000015b0  can3ParityCheck                     
00001684  mibspi1ParityCheck                  
0000178c  mibspi3ParityCheck                  
000018b0  mibspi5ParityCheck                  
000019d0  checkRAMECC                         
00001c18  checkClockMonitor                   
00001cf4  checkFlashEEPROMECC                 
00001e8c  checkPLL1Slip                       
00001f8c  checkPLL2Slip                       
00002050  checkRAMAddrParity                  
0000215c  checkRAMUERRTest                    
000022c4  fmcBus1ParityCheck                  
000023ec  pbistFail                           
00002470  pbistGetConfigValue                 
000025bc  stcGetConfigValue                   
00002660  efcGetConfigValue                   
000026fc  ccmr4GetConfigValue                 
0000276c  errata_PBIST_4                      
00002ad0  enableParity                        
00002b58  disableParity                       
00004644  MD5_Init                            
000046ac  MD5_Update                          
00004824  MD5_Final                           
00004b2c  setupPLL                            
00004b8c  trimLPO                             
00004bd4  setupFlash                          
00004c14  periphInit                          
00004c68  mapClocks                           
00004d90  systemInit                          
00004e5c  systemPowerDown                     
00004e8c  systemGetConfigValue                
000052a0  tcmflashGetConfigValue              
0000544c  sramGetConfigValue                  
00005654  vimInit                             
00005728  vimChannelMap                       
000057cc  vimEnableInterrupt                  
00005994  vimDisableInterrupt                 
00005a40  vimGetConfigValue                   
000060a8  muxInit                             
00006544  pinmuxGetConfigValue                
00006954  main                                
00006ab4  checkPackets                        
00006b34  hmac                                
00006ee4  minimac                             
00006fa0  esmInit                             
000070a8  esmError                            
000070c4  esmEnableError                      
000070f0  esmDisableError                     
0000711c  esmTriggerErrorPinReset             
0000712c  esmActivateNormalOperation          
0000713c  esmEnableInterrupt                  
00007168  esmDisableInterrupt                 
00007194  esmSetInterruptLevel                
00007210  esmClearStatus                      
0000725c  esmClearStatusBuffer                
00007278  esmSetCounterPreloadValue           
00007298  esmGetStatus                        
00007324  esmGetStatusBuffer                  
0000735c  esmEnterSelfTest                    
000073e4  esmSelfTestStatus                   
00007434  esmGetConfigValue                   
00007588  gioInit                             
00007658  gioSetDirection                     
00007678  gioSetBit                           
000076c8  gioSetPort                          
000076e8  gioGetBit                           
00007710  gioGetPort                          
00007728  gioToggleBit                        
00007780  gioEnableNotification               
000077e8  gioDisableNotification              
00007850  gioGetConfigValue                   
00007a0c  _coreInitRegisters_                 
00007b18  _coreInitStackPointer_              
00007b64  _getCPSRValue_                      
00007b6c  _gotoCPUIdle_                       
00007b84  _coreEnableVfp_                     
00007b9c  _coreEnableEventBusExport_          
00007bac  _coreDisableEventBusExport_         
00007bbc  _coreEnableRamEcc_                  
00007bcc  _coreDisableRamEcc_                 
00007bdc  _coreEnableFlashEcc_                
00007bf0  _coreDisableFlashEcc_               
00007c00  _coreEnableIrqVicOffset_            
00007c10  _coreGetDataFault_                  
00007c18  _coreClearDataFault_                
00007c24  _coreGetInstructionFault_           
00007c2c  _coreClearInstructionFault_         
00007c38  _coreGetDataFaultAddress_           
00007c40  _coreClearDataFaultAddress_         
00007c4c  _coreGetInstructionFaultAddress_    
00007c54  _coreClearInstructionFaultAddress_  
00007c60  _coreGetAuxiliaryDataFault_         
00007c68  _coreClearAuxiliaryDataFault_       
00007c74  _coreGetAuxiliaryInstructionFault_  
00007c7c  _coreClearAuxiliaryInstructionFault_
00007c88  _disable_interrupt_                 
00007c90  _disable_FIQ_interrupt_             
00007c98  _disable_IRQ_interrupt_             
00007ca0  _enable_interrupt_                  
00007ca8  _esmCcmErrorsClear_                 
00007d30  _errata_CORTEXR4_57_                
00007d40  _errata_CORTEXR4_66_                
00007d50  __TI_PINIT_Base                     
00007d54  __TI_PINIT_Limit                    
00007d58  vimParityErrorHandler               
00008034  _c_int00                            
000082b0  linHighLevelInterrupt               
000084b4  esmHighInterrupt                    
000085c8  _dabort                             
000086b0  _pmuInit_                           
000086fc  _pmuEnableCountersGlobal_           
0000870c  _pmuDisableCountersGlobal_          
0000871c  _pmuResetCycleCounter_              
0000872c  _pmuResetEventCounters_             
0000873c  _pmuResetCounters_                  
0000874c  _pmuStartCounters_                  
00008754  _pmuStopCounters_                   
0000875c  _pmuSetCountEvent_                  
00008768  _pmuGetCycleCount_                  
00008770  _pmuGetEventCount_                  
0000877c  _pmuGetOverflow_                    
00008790  esmGroup1Notification               
000087a0  esmGroup2Notification               
000087b0  memoryPort0TestFailNotification     
000087cc  memoryPort1TestFailNotification     
000087e8  canErrorNotification                
000087fc  canStatusChangeNotification         
00008810  canMessageNotification              
00008824  gioNotification                     
00008838  sciNotification                     
0000884c  dmaGroupANotification               
00008861  __aeabi_memcpy                      
00008861  __aeabi_memcpy4                     
00008861  __aeabi_memcpy8                     
00008861  memcpy                              
000088fd  __aeabi_memclr                      
000088fd  __aeabi_memclr4                     
000088fd  __aeabi_memclr8                     
000088ff  __aeabi_memset                      
000088ff  __aeabi_memset4                     
000088ff  __aeabi_memset8                     
00008905  memset                              
00008977  _system_post_cinit                  
00008979  __TI_auto_init                      
00008a55  C$$EXIT                             
00008a59  abort                               
00008a61  exit                                
00008aa5  copy_in                             
00008af1  _register_unlock                    
00008af7  _register_lock                      
00008aff  _nop                                
00008b05  __TI_decompress_none                
00008b13  __TI_decompress_rle24               
00008b18  phantomInterrupt                    
00008dac  __TI_Handler_Table_Base             
00008db4  __TI_CINIT_Base                     
00008db4  __TI_Handler_Table_Limit            
00008dc4  __TI_CINIT_Limit                    
08001500  hist_periodic                       
08001520  hist_recent                         
08001540  key                                 
08001560  error                               
08001564  loop_count_prep_max                 
08001568  loop_count_max                      
08001570  counter                             
08001578  __TI_cleanup_ptr                    
0800157c  __TI_dtors_ptr                      
08001580  __TI_enable_exit_profile_output     
08001584  _lock                               
08001588  _unlock                             
080015b4  loop_count_prep                     
ffffffff  __TI_pprof_out_hndl                 
ffffffff  __TI_prof_data_size                 
ffffffff  __TI_prof_data_start                
ffffffff  __binit__                           
ffffffff  __c_args__                          
ffffffff  binit                               
UNDEFED   SHT$$INIT_ARRAY$$Base               
UNDEFED   SHT$$INIT_ARRAY$$Limit              

[214 symbols]
