******************************************************************************
                  TI ARM Linker PC v16.3.0                     
******************************************************************************
>> Linked Wed Apr 06 13:15:07 2016

OUTPUT FILE NAME:   <CAN_test2.out>
ENTRY POINT SYMBOL: "_c_int00"  address: 00007584


MEMORY CONFIGURATION

         name            origin    length      used     unused   attr    fill
----------------------  --------  ---------  --------  --------  ----  --------
  VECTORS               00000000   00000020  00000020  00000000     X
  FLASH0                00000020   0013ffe0  00008214  00137dcc  R  X
  STACKS                08000000   00001500  00000000  00001500  RW  
  RAM                   08001500   0002eb00  000001b0  0002e950  RW  


SEGMENT ALLOCATION MAP

run origin  load origin   length   init length attrs members
----------  ----------- ---------- ----------- ----- -------
00000000    00000000    00008234   00008234    r-x
  00000000    00000000    00000020   00000020    r-x .intvecs
  00000020    00000020    00007e50   00007e50    r-x .text
  00007e70    00007e70    00000220   00000220    r-- .const
  00008090    00008090    000001a4   000001a4    r-- .cinit
08001500    08001500    000001b0   00000000    rw-
  08001500    08001500    00000194   00000000    rw- .data
  08001694    08001694    0000001c   00000000    rw- .bss


SECTION ALLOCATION MAP

 output                                  attributes/
section   page    origin      length       input sections
--------  ----  ----------  ----------   ----------------
.intvecs   0    00000000    00000020     
                  00000000    00000020     sys_intvecs.obj (.intvecs)

.text      0    00000020    00007e50     
                  00000020    00002cdc     sys_selftest.obj (.text)
                  00002cfc    00000d48     can.obj (.text)
                  00003a44    00000b28     system.obj (.text)
                  0000456c    00000a54     sys_vim.obj (.text)
                  00004fc0    000008ac     pinmux.obj (.text)
                  0000586c    000008a8     sha256.obj (.text)
                  00006114    000007e0     sys_main.obj (.text)
                  000068f4    000005e8     esm.obj (.text)
                  00006edc    000003cc     sys_core.obj (.text)
                  000072a8    000002dc     sys_vim.obj (.text:retain)
                  00007584    0000027c     sys_startup.obj (.text:retain)
                  00007800    00000114     esm.obj (.text:retain)
                  00007914    00000110     sys_pmu.obj (.text)
                  00007a24    000000e8     dabort.obj (.text)
                  00007b0c    000000a8     notification.obj (.text)
                  00007bb4    0000009c     rtsv7R4_T_be_v3D16_eabi.lib : memcpy_t2.obj (.text)
                  00007c50    0000007a                                 : memset_t2.obj (.text)
                  00007cca    00000002                                 : startup.obj (.text)
                  00007ccc    00000070                                 : autoinit.obj (.text)
                  00007d3c    0000006a                                 : copy_decompress_rle.obj (.text)
                  00007da6    00000002     --HOLE-- [fill = 0]
                  00007da8    00000050                                 : exit.obj (.text)
                  00007df8    0000004c                                 : cpy_tbl.obj (.text)
                  00007e44    00000014                                 : _lock.obj (.text)
                  00007e58    0000000e                                 : copy_decompress_none.obj (.text:decompress:none)
                  00007e66    00000006                                 : copy_decompress_rle.obj (.text:decompress:rle24)
                  00007e6c    00000004     sys_phantom.obj (.text:retain)

.const     0    00007e70    00000220     
                  00007e70    00000200     sys_vim.obj (.const:s_vim_init)
                  00008070    00000020     can.obj (.const:s_canByteOrder)

.cinit     0    00008090    000001a4     
                  00008090    00000180     (.cinit..data.load) [load image, compression = rle]
                  00008210    00000009     (.cinit..bss.load) [load image, compression = rle]
                  00008219    00000003     --HOLE-- [fill = 0]
                  0000821c    00000008     (__TI_handler_table)
                  00008224    00000010     (__TI_cinit_table)

.data      0    08001500    00000194     UNINITIALIZED
                  08001500    00000100     sha256.obj (.data:k)
                  08001600    00000020     sys_main.obj (.data:hist_periodic)
                  08001620    00000020     sys_main.obj (.data:hist_recent)
                  08001640    00000020     sys_main.obj (.data:key)
                  08001660    00000018     sys_main.obj (.data)
                  08001678    0000000c     rtsv7R4_T_be_v3D16_eabi.lib : exit.obj (.data:$O1$$)
                  08001684    00000008                                 : _lock.obj (.data:$O1$$)
                  0800168c    00000008     sys_main.obj (.data:rx_data)

.bss       0    08001694    0000001c     UNINITIALIZED
                  08001694    00000004     (.common:cycles_PMU_code)
                  08001698    00000004     (.common:cycles_PMU_comp)
                  0800169c    00000004     (.common:cycles_PMU_end)
                  080016a0    00000004     (.common:cycles_PMU_measure)
                  080016a4    00000004     (.common:cycles_PMU_start)
                  080016a8    00000004     (.common:loop_count_prep)
                  080016ac    00000004     (.common:time_PMU_code)

MODULE SUMMARY

       Module                     code    ro data   rw data
       ------                     ----    -------   -------
    .\source\
       sys_selftest.obj           11484   0         0      
       sys_vim.obj                3376    512       0      
       can.obj                    3400    32        0      
       system.obj                 2856    0         0      
       sha256.obj                 2216    0         256    
       pinmux.obj                 2220    0         0      
       sys_main.obj               2016    0         156    
       esm.obj                    1788    0         0      
       sys_core.obj               972     0         0      
       sys_startup.obj            636     0         0      
       sys_pmu.obj                272     0         0      
       dabort.obj                 232     0         0      
       notification.obj           168     0         0      
       sys_intvecs.obj            32      0         0      
       sys_phantom.obj            4       0         0      
    +--+--------------------------+-------+---------+---------+
       Total:                     31672   544       412    
                                                           
    G:/ti/ccsv6/tools/compiler/ti-cgt-arm_16.3.0.STS/lib/rtsv7R4_T_be_v3D16_eabi.lib
       memcpy_t2.obj              156     0         0      
       memset_t2.obj              122     0         0      
       autoinit.obj               112     0         0      
       copy_decompress_rle.obj    112     0         0      
       exit.obj                   80      0         12     
       cpy_tbl.obj                76      0         0      
       _lock.obj                  20      0         8      
       copy_decompress_none.obj   14      0         0      
       startup.obj                2       0         0      
    +--+--------------------------+-------+---------+---------+
       Total:                     694     0         20     
                                                           
       Linker Generated:          0       417       0      
    +--+--------------------------+-------+---------+---------+
       Grand Total:               32366   961       432    


LINKER GENERATED COPY TABLES

__TI_cinit_table @ 00008224 records: 2, size/record: 8, table size: 16
	.data: load addr=00008090, load size=00000180 bytes, run addr=08001500, run size=00000194 bytes, compression=rle
	.bss: load addr=00008210, load size=00000009 bytes, run addr=08001694, run size=0000001c bytes, compression=rle


LINKER GENERATED HANDLER TABLE

__TI_handler_table @ 0000821c records: 2, size/record: 4, table size: 8
	index: 0, handler: __TI_decompress_rle24
	index: 1, handler: __TI_decompress_none


GLOBAL SYMBOLS: SORTED ALPHABETICALLY BY Name 

address   name                                
-------   ----                                
00007da9  C$$EXIT                             
UNDEFED   SHT$$INIT_ARRAY$$Base               
UNDEFED   SHT$$INIT_ARRAY$$Limit              
00008224  __TI_CINIT_Base                     
00008234  __TI_CINIT_Limit                    
0000821c  __TI_Handler_Table_Base             
00008224  __TI_Handler_Table_Limit            
000072a0  __TI_PINIT_Base                     
000072a4  __TI_PINIT_Limit                    
00007ccd  __TI_auto_init                      
08001678  __TI_cleanup_ptr                    
00007e59  __TI_decompress_none                
00007e67  __TI_decompress_rle24               
0800167c  __TI_dtors_ptr                      
08001680  __TI_enable_exit_profile_output     
ffffffff  __TI_pprof_out_hndl                 
ffffffff  __TI_prof_data_size                 
ffffffff  __TI_prof_data_start                
00000000  __TI_static_base__                  
00007c51  __aeabi_memclr                      
00007c51  __aeabi_memclr4                     
00007c51  __aeabi_memclr8                     
00007bb5  __aeabi_memcpy                      
00007bb5  __aeabi_memcpy4                     
00007bb5  __aeabi_memcpy8                     
00007c53  __aeabi_memset                      
00007c53  __aeabi_memset4                     
00007c53  __aeabi_memset8                     
ffffffff  __binit__                           
ffffffff  __c_args__                          
00007584  _c_int00                            
00007198  _coreClearAuxiliaryDataFault_       
000071b4  _coreClearAuxiliaryInstructionFault_
00007160  _coreClearDataFaultAddress_         
00007128  _coreClearDataFault_                
0000717c  _coreClearInstructionFaultAddress_  
00007144  _coreClearInstructionFault_         
0000708c  _coreDisableEventBusExport_         
000070f0  _coreDisableFlashEcc_               
000070bc  _coreDisableRamEcc_                 
00007074  _coreEnableEventBusExport_          
000070d4  _coreEnableFlashEcc_                
00007108  _coreEnableIrqVicOffset_            
000070a4  _coreEnableRamEcc_                  
00007054  _coreEnableVfp_                     
00007190  _coreGetAuxiliaryDataFault_         
000071ac  _coreGetAuxiliaryInstructionFault_  
00007158  _coreGetDataFaultAddress_           
00007120  _coreGetDataFault_                  
00007174  _coreGetInstructionFaultAddress_    
0000713c  _coreGetInstructionFault_           
00006edc  _coreInitRegisters_                 
00006fe8  _coreInitStackPointer_              
00007a24  _dabort                             
000071d0  _disable_FIQ_interrupt_             
000071d8  _disable_IRQ_interrupt_             
000071c8  _disable_interrupt_                 
000071e0  _enable_interrupt_                  
00007270  _errata_CORTEXR4_57_                
00007288  _errata_CORTEXR4_66_                
000071e8  _esmCcmErrorsClear_                 
00007034  _getCPSRValue_                      
0000703c  _gotoCPUIdle_                       
08001684  _lock                               
00007e53  _nop                                
00007980  _pmuDisableCountersGlobal_          
00007968  _pmuEnableCountersGlobal_           
000079fc  _pmuGetCycleCount_                  
00007a04  _pmuGetEventCount_                  
00007a10  _pmuGetOverflow_                    
00007914  _pmuInit_                           
000079c8  _pmuResetCounters_                  
00007998  _pmuResetCycleCounter_              
000079b0  _pmuResetEventCounters_             
000079f0  _pmuSetCountEvent_                  
000079e0  _pmuStartCounters_                  
000079e8  _pmuStopCounters_                   
00007e4b  _register_lock                      
00007e45  _register_unlock                    
00007ccb  _system_post_cinit                  
08001688  _unlock                             
00007dad  abort                               
0000126c  adc1ParityCheck                     
00001358  adc2ParityCheck                     
ffffffff  binit                               
000036e4  can1GetConfigValue                  
00001410  can1ParityCheck                     
0000383c  can2GetConfigValue                  
000014e8  can2ParityCheck                     
000015b0  can3ParityCheck                     
00003584  canDisableErrorNotification         
00003564  canDisableStatusChangeNotification  
000035dc  canDisableloopback                  
00003524  canEnableErrorNotification          
00003544  canEnableStatusChangeNotification   
000035a4  canEnableloopback                   
00007b64  canErrorNotification                
000032cc  canFillMessageObjectData            
00002ff4  canGetData                          
00003500  canGetErrorLevel                    
0000314c  canGetID                            
000034dc  canGetLastError                     
00002cfc  canInit                             
000036c8  canIoRxGetBit                       
0000360c  canIoSetDirection                   
0000365c  canIoSetPort                        
000036ac  canIoTxGetBit                       
00003480  canIsMessageBoxValid                
00003424  canIsRxMessageArrived               
000033c8  canIsTxMessagePending               
00007b8c  canMessageNotification              
0000322c  canSendRemoteFrame                  
00007b78  canStatusChangeNotification         
00002ef8  canTransmit                         
000031b4  canUpdateID                         
00000030  ccmSelfCheck                        
000026fc  ccmr4GetConfigValue                 
00000938  checkB0RAMECC                       
00000b28  checkB1RAMECC                       
00001c18  checkClockMonitor                   
00000d18  checkFlashECC                       
00001cf4  checkFlashEEPROMECC                 
00001e8c  checkPLL1Slip                       
00001f8c  checkPLL2Slip                       
000063c4  checkPackets                        
00002050  checkRAMAddrParity                  
000019d0  checkRAMECC                         
0000215c  checkRAMUERRTest                    
000007bc  checkefcSelfTest                    
00007df9  copy_in                             
08001670  counter                             
00000234  cpuSelfTest                         
00000dfc  cpuSelfTestFail                     
00000df4  custom_dabort                       
08001694  cycles_PMU_code                     
08001698  cycles_PMU_comp                     
0800169c  cycles_PMU_end                      
080016a0  cycles_PMU_measure                  
080016a4  cycles_PMU_start                    
00002b58  disableParity                       
00007ba0  dmaGroupANotification               
00000eac  dmaParityCheck                      
00000660  efcCheck                            
00002660  efcGetConfigValue                   
00000794  efcSelfTest                         
000006e8  efcStuckZeroTest                    
00002ad0  enableParity                        
0000276c  errata_PBIST_4                      
08001660  error                               
00006a80  esmActivateNormalOperation          
00006b64  esmClearStatus                      
00006bb0  esmClearStatusBuffer                
00006a44  esmDisableError                     
00006abc  esmDisableInterrupt                 
00006a18  esmEnableError                      
00006a90  esmEnableInterrupt                  
00006cb0  esmEnterSelfTest                    
000069fc  esmError                            
00006d88  esmGetConfigValue                   
00006bec  esmGetStatus                        
00006c78  esmGetStatusBuffer                  
00007b0c  esmGroup1Notification               
00007b1c  esmGroup2Notification               
00007800  esmHighInterrupt                    
000068f4  esmInit                             
00006d38  esmSelfTestStatus                   
00006bcc  esmSetCounterPreloadValue           
00006ae8  esmSetInterruptLevel                
00006a70  esmTriggerErrorPinReset             
00007db5  exit                                
000022c4  fmcBus1ParityCheck                  
0000085c  fmcBus2Check                        
00000898  fmcECCcheck                         
00000f58  het1ParityCheck                     
000010c0  het2ParityCheck                     
08001600  hist_periodic                       
08001620  hist_recent                         
00006448  hmac                                
00001004  htu1ParityCheck                     
000011bc  htu2ParityCheck                     
08001500  k                                   
08001640  key                                 
08001668  loop_count_max                      
080016a8  loop_count_prep                     
08001664  loop_count_prep_max                 
00006114  main                                
00003b80  mapClocks                           
00007bb5  memcpy                              
00000174  memoryInit                          
00007b2c  memoryPort0TestFailNotification     
00007b48  memoryPort1TestFailNotification     
00007c59  memset                              
00001684  mibspi1ParityCheck                  
0000178c  mibspi3ParityCheck                  
000018b0  mibspi5ParityCheck                  
00006808  minimac                             
00004fc0  muxInit                             
000023ec  pbistFail                           
00002470  pbistGetConfigValue                 
000005a8  pbistIsTestCompleted                
000005d4  pbistIsTestPassed                   
00000608  pbistPortTestStatus                 
000004ac  pbistRun                            
000002cc  pbistSelfCheck                      
00000578  pbistStop                           
00003b2c  periphInit                          
00007e6c  phantomInterrupt                    
0000545c  pinmuxGetConfigValue                
00000000  resetEntry                          
0800168c  rx_data                             
00000020  selftestFailNotification            
00003aec  setupFlash                          
00003a44  setupPLL                            
00005db0  sha256_final                        
00005c3c  sha256_init                         
0000586c  sha256_transform                    
00005cd0  sha256_update                       
00004364  sramGetConfigValue                  
000025bc  stcGetConfigValue                   
000001b8  stcSelfCheck                        
00000df8  stcSelfCheckFail                    
00003da4  systemGetConfigValue                
00003ca8  systemInit                          
00003d74  systemPowerDown                     
000041b8  tcmflashGetConfigValue              
080016ac  time_PMU_code                       
00003aa4  trimLPO                             
00004640  vimChannelMap                       
000048ac  vimDisableInterrupt                 
000046e4  vimEnableInterrupt                  
00004958  vimGetConfigValue                   
0000456c  vimInit                             
00000e00  vimParityCheck                      
000072a8  vimParityErrorHandler               


GLOBAL SYMBOLS: SORTED BY Symbol Address 

address   name                                
-------   ----                                
00000000  __TI_static_base__                  
00000000  resetEntry                          
00000020  selftestFailNotification            
00000030  ccmSelfCheck                        
00000174  memoryInit                          
000001b8  stcSelfCheck                        
00000234  cpuSelfTest                         
000002cc  pbistSelfCheck                      
000004ac  pbistRun                            
00000578  pbistStop                           
000005a8  pbistIsTestCompleted                
000005d4  pbistIsTestPassed                   
00000608  pbistPortTestStatus                 
00000660  efcCheck                            
000006e8  efcStuckZeroTest                    
00000794  efcSelfTest                         
000007bc  checkefcSelfTest                    
0000085c  fmcBus2Check                        
00000898  fmcECCcheck                         
00000938  checkB0RAMECC                       
00000b28  checkB1RAMECC                       
00000d18  checkFlashECC                       
00000df4  custom_dabort                       
00000df8  stcSelfCheckFail                    
00000dfc  cpuSelfTestFail                     
00000e00  vimParityCheck                      
00000eac  dmaParityCheck                      
00000f58  het1ParityCheck                     
00001004  htu1ParityCheck                     
000010c0  het2ParityCheck                     
000011bc  htu2ParityCheck                     
0000126c  adc1ParityCheck                     
00001358  adc2ParityCheck                     
00001410  can1ParityCheck                     
000014e8  can2ParityCheck                     
000015b0  can3ParityCheck                     
00001684  mibspi1ParityCheck                  
0000178c  mibspi3ParityCheck                  
000018b0  mibspi5ParityCheck                  
000019d0  checkRAMECC                         
00001c18  checkClockMonitor                   
00001cf4  checkFlashEEPROMECC                 
00001e8c  checkPLL1Slip                       
00001f8c  checkPLL2Slip                       
00002050  checkRAMAddrParity                  
0000215c  checkRAMUERRTest                    
000022c4  fmcBus1ParityCheck                  
000023ec  pbistFail                           
00002470  pbistGetConfigValue                 
000025bc  stcGetConfigValue                   
00002660  efcGetConfigValue                   
000026fc  ccmr4GetConfigValue                 
0000276c  errata_PBIST_4                      
00002ad0  enableParity                        
00002b58  disableParity                       
00002cfc  canInit                             
00002ef8  canTransmit                         
00002ff4  canGetData                          
0000314c  canGetID                            
000031b4  canUpdateID                         
0000322c  canSendRemoteFrame                  
000032cc  canFillMessageObjectData            
000033c8  canIsTxMessagePending               
00003424  canIsRxMessageArrived               
00003480  canIsMessageBoxValid                
000034dc  canGetLastError                     
00003500  canGetErrorLevel                    
00003524  canEnableErrorNotification          
00003544  canEnableStatusChangeNotification   
00003564  canDisableStatusChangeNotification  
00003584  canDisableErrorNotification         
000035a4  canEnableloopback                   
000035dc  canDisableloopback                  
0000360c  canIoSetDirection                   
0000365c  canIoSetPort                        
000036ac  canIoTxGetBit                       
000036c8  canIoRxGetBit                       
000036e4  can1GetConfigValue                  
0000383c  can2GetConfigValue                  
00003a44  setupPLL                            
00003aa4  trimLPO                             
00003aec  setupFlash                          
00003b2c  periphInit                          
00003b80  mapClocks                           
00003ca8  systemInit                          
00003d74  systemPowerDown                     
00003da4  systemGetConfigValue                
000041b8  tcmflashGetConfigValue              
00004364  sramGetConfigValue                  
0000456c  vimInit                             
00004640  vimChannelMap                       
000046e4  vimEnableInterrupt                  
000048ac  vimDisableInterrupt                 
00004958  vimGetConfigValue                   
00004fc0  muxInit                             
0000545c  pinmuxGetConfigValue                
0000586c  sha256_transform                    
00005c3c  sha256_init                         
00005cd0  sha256_update                       
00005db0  sha256_final                        
00006114  main                                
000063c4  checkPackets                        
00006448  hmac                                
00006808  minimac                             
000068f4  esmInit                             
000069fc  esmError                            
00006a18  esmEnableError                      
00006a44  esmDisableError                     
00006a70  esmTriggerErrorPinReset             
00006a80  esmActivateNormalOperation          
00006a90  esmEnableInterrupt                  
00006abc  esmDisableInterrupt                 
00006ae8  esmSetInterruptLevel                
00006b64  esmClearStatus                      
00006bb0  esmClearStatusBuffer                
00006bcc  esmSetCounterPreloadValue           
00006bec  esmGetStatus                        
00006c78  esmGetStatusBuffer                  
00006cb0  esmEnterSelfTest                    
00006d38  esmSelfTestStatus                   
00006d88  esmGetConfigValue                   
00006edc  _coreInitRegisters_                 
00006fe8  _coreInitStackPointer_              
00007034  _getCPSRValue_                      
0000703c  _gotoCPUIdle_                       
00007054  _coreEnableVfp_                     
00007074  _coreEnableEventBusExport_          
0000708c  _coreDisableEventBusExport_         
000070a4  _coreEnableRamEcc_                  
000070bc  _coreDisableRamEcc_                 
000070d4  _coreEnableFlashEcc_                
000070f0  _coreDisableFlashEcc_               
00007108  _coreEnableIrqVicOffset_            
00007120  _coreGetDataFault_                  
00007128  _coreClearDataFault_                
0000713c  _coreGetInstructionFault_           
00007144  _coreClearInstructionFault_         
00007158  _coreGetDataFaultAddress_           
00007160  _coreClearDataFaultAddress_         
00007174  _coreGetInstructionFaultAddress_    
0000717c  _coreClearInstructionFaultAddress_  
00007190  _coreGetAuxiliaryDataFault_         
00007198  _coreClearAuxiliaryDataFault_       
000071ac  _coreGetAuxiliaryInstructionFault_  
000071b4  _coreClearAuxiliaryInstructionFault_
000071c8  _disable_interrupt_                 
000071d0  _disable_FIQ_interrupt_             
000071d8  _disable_IRQ_interrupt_             
000071e0  _enable_interrupt_                  
000071e8  _esmCcmErrorsClear_                 
00007270  _errata_CORTEXR4_57_                
00007288  _errata_CORTEXR4_66_                
000072a0  __TI_PINIT_Base                     
000072a4  __TI_PINIT_Limit                    
000072a8  vimParityErrorHandler               
00007584  _c_int00                            
00007800  esmHighInterrupt                    
00007914  _pmuInit_                           
00007968  _pmuEnableCountersGlobal_           
00007980  _pmuDisableCountersGlobal_          
00007998  _pmuResetCycleCounter_              
000079b0  _pmuResetEventCounters_             
000079c8  _pmuResetCounters_                  
000079e0  _pmuStartCounters_                  
000079e8  _pmuStopCounters_                   
000079f0  _pmuSetCountEvent_                  
000079fc  _pmuGetCycleCount_                  
00007a04  _pmuGetEventCount_                  
00007a10  _pmuGetOverflow_                    
00007a24  _dabort                             
00007b0c  esmGroup1Notification               
00007b1c  esmGroup2Notification               
00007b2c  memoryPort0TestFailNotification     
00007b48  memoryPort1TestFailNotification     
00007b64  canErrorNotification                
00007b78  canStatusChangeNotification         
00007b8c  canMessageNotification              
00007ba0  dmaGroupANotification               
00007bb5  __aeabi_memcpy                      
00007bb5  __aeabi_memcpy4                     
00007bb5  __aeabi_memcpy8                     
00007bb5  memcpy                              
00007c51  __aeabi_memclr                      
00007c51  __aeabi_memclr4                     
00007c51  __aeabi_memclr8                     
00007c53  __aeabi_memset                      
00007c53  __aeabi_memset4                     
00007c53  __aeabi_memset8                     
00007c59  memset                              
00007ccb  _system_post_cinit                  
00007ccd  __TI_auto_init                      
00007da9  C$$EXIT                             
00007dad  abort                               
00007db5  exit                                
00007df9  copy_in                             
00007e45  _register_unlock                    
00007e4b  _register_lock                      
00007e53  _nop                                
00007e59  __TI_decompress_none                
00007e67  __TI_decompress_rle24               
00007e6c  phantomInterrupt                    
0000821c  __TI_Handler_Table_Base             
00008224  __TI_CINIT_Base                     
00008224  __TI_Handler_Table_Limit            
00008234  __TI_CINIT_Limit                    
08001500  k                                   
08001600  hist_periodic                       
08001620  hist_recent                         
08001640  key                                 
08001660  error                               
08001664  loop_count_prep_max                 
08001668  loop_count_max                      
08001670  counter                             
08001678  __TI_cleanup_ptr                    
0800167c  __TI_dtors_ptr                      
08001680  __TI_enable_exit_profile_output     
08001684  _lock                               
08001688  _unlock                             
0800168c  rx_data                             
08001694  cycles_PMU_code                     
08001698  cycles_PMU_comp                     
0800169c  cycles_PMU_end                      
080016a0  cycles_PMU_measure                  
080016a4  cycles_PMU_start                    
080016a8  loop_count_prep                     
080016ac  time_PMU_code                       
ffffffff  __TI_pprof_out_hndl                 
ffffffff  __TI_prof_data_size                 
ffffffff  __TI_prof_data_start                
ffffffff  __binit__                           
ffffffff  __c_args__                          
ffffffff  binit                               
UNDEFED   SHT$$INIT_ARRAY$$Base               
UNDEFED   SHT$$INIT_ARRAY$$Limit              

[234 symbols]
