******************************************************************************
                  TI ARM Linker PC v15.12.1                    
******************************************************************************
>> Linked Mon Mar 07 14:32:29 2016

OUTPUT FILE NAME:   <CAN_test2.out>
ENTRY POINT SYMBOL: "_c_int00"  address: 000064fc


MEMORY CONFIGURATION

         name            origin    length      used     unused   attr    fill
----------------------  --------  ---------  --------  --------  ----  --------
  VECTORS               00000000   00000020  00000020  00000000     X
  FLASH0                00000020   0013ffe0  00007108  00138ed8  R  X
  STACKS                08000000   00001500  00000000  00001500  RW  
  RAM                   08001500   0002eb00  0000002c  0002ead4  RW  


SEGMENT ALLOCATION MAP

run origin  load origin   length   init length attrs members
----------  ----------- ---------- ----------- ----- -------
00000000    00000000    0000712c   0000712c    r-x
  00000000    00000000    00000020   00000020    r-x .intvecs
  00000020    00000020    00006eb4   00006eb4    r-x .text
  00006ed4    00006ed4    00000220   00000220    r-- .const
  000070f8    000070f8    00000034   00000034    r-- .cinit
08001500    08001500    0000002c   00000000    rw-
  08001500    08001500    0000002c   00000000    rw- .data


SECTION ALLOCATION MAP

 output                                  attributes/
section   page    origin      length       input sections
--------  ----  ----------  ----------   ----------------
.intvecs   0    00000000    00000020     
                  00000000    00000020     sys_intvecs.obj (.intvecs)

.text      0    00000020    00006eb4     
                  00000020    00002cdc     sys_selftest.obj (.text)
                  00002cfc    00000d48     can.obj (.text)
                  00003a44    00000b28     system.obj (.text)
                  0000456c    00000a54     sys_vim.obj (.text)
                  00004fc0    000008ac     pinmux.obj (.text)
                  0000586c    000005e8     esm.obj (.text)
                  00005e54    000003cc     sys_core.obj (.text)
                  00006220    000002dc     sys_vim.obj (.text:retain)
                  000064fc    0000027c     sys_startup.obj (.text:retain)
                  00006778    00000114     esm.obj (.text:retain)
                  0000688c    00000110     sys_pmu.obj (.text)
                  0000699c    000000ec     sys_main.obj (.text)
                  00006a88    000000e8     dabort.obj (.text)
                  00006b70    000000a8     notification.obj (.text)
                  00006c18    0000009c     rtsv7R4_T_be_v3D16_eabi.lib : memcpy_t2.obj (.text)
                  00006cb4    0000007a                                 : memset_t2.obj (.text)
                  00006d2e    00000002                                 : startup.obj (.text)
                  00006d30    00000070                                 : autoinit.obj (.text)
                  00006da0    0000006a                                 : copy_decompress_rle.obj (.text)
                  00006e0a    00000002     --HOLE-- [fill = 0]
                  00006e0c    00000050                                 : exit.obj (.text)
                  00006e5c    0000004c                                 : cpy_tbl.obj (.text)
                  00006ea8    00000014                                 : _lock.obj (.text)
                  00006ebc    0000000e                                 : copy_decompress_none.obj (.text:decompress:none)
                  00006eca    00000006                                 : copy_decompress_rle.obj (.text:decompress:rle24)
                  00006ed0    00000004     sys_phantom.obj (.text:retain)

.const     0    00006ed4    00000220     
                  00006ed4    00000200     sys_vim.obj (.const:s_vim_init)
                  000070d4    00000020     can.obj (.const:s_canByteOrder)

.cinit     0    000070f8    00000034     
                  000070f8    00000021     (.cinit..data.load) [load image, compression = rle]
                  00007119    00000003     --HOLE-- [fill = 0]
                  0000711c    00000008     (__TI_handler_table)
                  00007124    00000008     (__TI_cinit_table)

.data      0    08001500    0000002c     UNINITIALIZED
                  08001500    0000000c     rtsv7R4_T_be_v3D16_eabi.lib : exit.obj (.data:$O1$$)
                  0800150c    00000009     sys_main.obj (.data:rx_data)
                  08001515    00000009     sys_main.obj (.data:tx_data)
                  0800151e    00000002     --HOLE--
                  08001520    00000008     rtsv7R4_T_be_v3D16_eabi.lib : _lock.obj (.data:$O1$$)
                  08001528    00000004     sys_main.obj (.data)

MODULE SUMMARY

       Module                     code    ro data   rw data
       ------                     ----    -------   -------
    .\source\
       sys_selftest.obj           11484   0         0      
       sys_vim.obj                3376    512       0      
       can.obj                    3400    32        0      
       system.obj                 2856    0         0      
       pinmux.obj                 2220    0         0      
       esm.obj                    1788    0         0      
       sys_core.obj               972     0         0      
       sys_startup.obj            636     0         0      
       sys_pmu.obj                272     0         0      
       sys_main.obj               236     0         22     
       dabort.obj                 232     0         0      
       notification.obj           168     0         0      
       sys_intvecs.obj            32      0         0      
       sys_phantom.obj            4       0         0      
    +--+--------------------------+-------+---------+---------+
       Total:                     27676   544       22     
                                                           
    C:/ti/ccsv6/tools/compiler/ti-cgt-arm_15.12.1.LTS/lib/rtsv7R4_T_be_v3D16_eabi.lib
       memcpy_t2.obj              156     0         0      
       memset_t2.obj              122     0         0      
       autoinit.obj               112     0         0      
       copy_decompress_rle.obj    112     0         0      
       exit.obj                   80      0         12     
       cpy_tbl.obj                76      0         0      
       _lock.obj                  20      0         8      
       copy_decompress_none.obj   14      0         0      
       startup.obj                2       0         0      
    +--+--------------------------+-------+---------+---------+
       Total:                     694     0         20     
                                                           
       Linker Generated:          0       49        0      
    +--+--------------------------+-------+---------+---------+
       Grand Total:               28370   593       42     


LINKER GENERATED COPY TABLES

__TI_cinit_table @ 00007124 records: 1, size/record: 8, table size: 8
	.data: load addr=000070f8, load size=00000021 bytes, run addr=08001500, run size=0000002c bytes, compression=rle


LINKER GENERATED HANDLER TABLE

__TI_handler_table @ 0000711c records: 2, size/record: 4, table size: 8
	index: 0, handler: __TI_decompress_rle24
	index: 1, handler: __TI_decompress_none


GLOBAL SYMBOLS: SORTED ALPHABETICALLY BY Name 

address   name                                
-------   ----                                
00006e0d  C$$EXIT                             
UNDEFED   SHT$$INIT_ARRAY$$Base               
UNDEFED   SHT$$INIT_ARRAY$$Limit              
00007124  __TI_CINIT_Base                     
0000712c  __TI_CINIT_Limit                    
0000711c  __TI_Handler_Table_Base             
00007124  __TI_Handler_Table_Limit            
00006218  __TI_PINIT_Base                     
0000621c  __TI_PINIT_Limit                    
00006d31  __TI_auto_init                      
08001500  __TI_cleanup_ptr                    
00006ebd  __TI_decompress_none                
00006ecb  __TI_decompress_rle24               
08001504  __TI_dtors_ptr                      
08001508  __TI_enable_exit_profile_output     
ffffffff  __TI_pprof_out_hndl                 
ffffffff  __TI_prof_data_size                 
ffffffff  __TI_prof_data_start                
00000000  __TI_static_base__                  
00006cb5  __aeabi_memclr                      
00006cb5  __aeabi_memclr4                     
00006cb5  __aeabi_memclr8                     
00006c19  __aeabi_memcpy                      
00006c19  __aeabi_memcpy4                     
00006c19  __aeabi_memcpy8                     
00006cb7  __aeabi_memset                      
00006cb7  __aeabi_memset4                     
00006cb7  __aeabi_memset8                     
ffffffff  __binit__                           
ffffffff  __c_args__                          
000064fc  _c_int00                            
00006110  _coreClearAuxiliaryDataFault_       
0000612c  _coreClearAuxiliaryInstructionFault_
000060d8  _coreClearDataFaultAddress_         
000060a0  _coreClearDataFault_                
000060f4  _coreClearInstructionFaultAddress_  
000060bc  _coreClearInstructionFault_         
00006004  _coreDisableEventBusExport_         
00006068  _coreDisableFlashEcc_               
00006034  _coreDisableRamEcc_                 
00005fec  _coreEnableEventBusExport_          
0000604c  _coreEnableFlashEcc_                
00006080  _coreEnableIrqVicOffset_            
0000601c  _coreEnableRamEcc_                  
00005fcc  _coreEnableVfp_                     
00006108  _coreGetAuxiliaryDataFault_         
00006124  _coreGetAuxiliaryInstructionFault_  
000060d0  _coreGetDataFaultAddress_           
00006098  _coreGetDataFault_                  
000060ec  _coreGetInstructionFaultAddress_    
000060b4  _coreGetInstructionFault_           
00005e54  _coreInitRegisters_                 
00005f60  _coreInitStackPointer_              
00006a88  _dabort                             
00006148  _disable_FIQ_interrupt_             
00006150  _disable_IRQ_interrupt_             
00006140  _disable_interrupt_                 
00006158  _enable_interrupt_                  
000061e8  _errata_CORTEXR4_57_                
00006200  _errata_CORTEXR4_66_                
00006160  _esmCcmErrorsClear_                 
00005fac  _getCPSRValue_                      
00005fb4  _gotoCPUIdle_                       
08001520  _lock                               
00006eb7  _nop                                
000068f8  _pmuDisableCountersGlobal_          
000068e0  _pmuEnableCountersGlobal_           
00006974  _pmuGetCycleCount_                  
0000697c  _pmuGetEventCount_                  
00006988  _pmuGetOverflow_                    
0000688c  _pmuInit_                           
00006940  _pmuResetCounters_                  
00006910  _pmuResetCycleCounter_              
00006928  _pmuResetEventCounters_             
00006968  _pmuSetCountEvent_                  
00006958  _pmuStartCounters_                  
00006960  _pmuStopCounters_                   
00006eaf  _register_lock                      
00006ea9  _register_unlock                    
00006d2f  _system_post_cinit                  
08001524  _unlock                             
00006e11  abort                               
0000126c  adc1ParityCheck                     
00001358  adc2ParityCheck                     
ffffffff  binit                               
000036e4  can1GetConfigValue                  
00001410  can1ParityCheck                     
0000383c  can2GetConfigValue                  
000014e8  can2ParityCheck                     
000015b0  can3ParityCheck                     
00003584  canDisableErrorNotification         
00003564  canDisableStatusChangeNotification  
000035dc  canDisableloopback                  
00003524  canEnableErrorNotification          
00003544  canEnableStatusChangeNotification   
000035a4  canEnableloopback                   
00006bc8  canErrorNotification                
000032cc  canFillMessageObjectData            
00002ff4  canGetData                          
00003500  canGetErrorLevel                    
0000314c  canGetID                            
000034dc  canGetLastError                     
00002cfc  canInit                             
000036c8  canIoRxGetBit                       
0000360c  canIoSetDirection                   
0000365c  canIoSetPort                        
000036ac  canIoTxGetBit                       
00003480  canIsMessageBoxValid                
00003424  canIsRxMessageArrived               
000033c8  canIsTxMessagePending               
00006bf0  canMessageNotification              
0000322c  canSendRemoteFrame                  
00006bdc  canStatusChangeNotification         
00002ef8  canTransmit                         
000031b4  canUpdateID                         
00000030  ccmSelfCheck                        
000026fc  ccmr4GetConfigValue                 
00000938  checkB0RAMECC                       
00000b28  checkB1RAMECC                       
00001c18  checkClockMonitor                   
00000d18  checkFlashECC                       
00001cf4  checkFlashEEPROMECC                 
00001e8c  checkPLL1Slip                       
00001f8c  checkPLL2Slip                       
000069f4  checkPackets                        
00002050  checkRAMAddrParity                  
000019d0  checkRAMECC                         
0000215c  checkRAMUERRTest                    
000007bc  checkefcSelfTest                    
00006e5d  copy_in                             
00000234  cpuSelfTest                         
00000dfc  cpuSelfTestFail                     
00000df4  custom_dabort                       
00002b58  disableParity                       
00006c04  dmaGroupANotification               
00000eac  dmaParityCheck                      
00000660  efcCheck                            
00002660  efcGetConfigValue                   
00000794  efcSelfTest                         
000006e8  efcStuckZeroTest                    
00002ad0  enableParity                        
0000276c  errata_PBIST_4                      
08001528  error                               
000059f8  esmActivateNormalOperation          
00005adc  esmClearStatus                      
00005b28  esmClearStatusBuffer                
000059bc  esmDisableError                     
00005a34  esmDisableInterrupt                 
00005990  esmEnableError                      
00005a08  esmEnableInterrupt                  
00005c28  esmEnterSelfTest                    
00005974  esmError                            
00005d00  esmGetConfigValue                   
00005b64  esmGetStatus                        
00005bf0  esmGetStatusBuffer                  
00006b70  esmGroup1Notification               
00006b80  esmGroup2Notification               
00006778  esmHighInterrupt                    
0000586c  esmInit                             
00005cb0  esmSelfTestStatus                   
00005b44  esmSetCounterPreloadValue           
00005a60  esmSetInterruptLevel                
000059e8  esmTriggerErrorPinReset             
00006e19  exit                                
000022c4  fmcBus1ParityCheck                  
0000085c  fmcBus2Check                        
00000898  fmcECCcheck                         
00000f58  het1ParityCheck                     
000010c0  het2ParityCheck                     
00001004  htu1ParityCheck                     
000011bc  htu2ParityCheck                     
0000699c  main                                
00003b80  mapClocks                           
00006c19  memcpy                              
00000174  memoryInit                          
00006b90  memoryPort0TestFailNotification     
00006bac  memoryPort1TestFailNotification     
00006cbd  memset                              
00001684  mibspi1ParityCheck                  
0000178c  mibspi3ParityCheck                  
000018b0  mibspi5ParityCheck                  
00004fc0  muxInit                             
000023ec  pbistFail                           
00002470  pbistGetConfigValue                 
000005a8  pbistIsTestCompleted                
000005d4  pbistIsTestPassed                   
00000608  pbistPortTestStatus                 
000004ac  pbistRun                            
000002cc  pbistSelfCheck                      
00000578  pbistStop                           
00003b2c  periphInit                          
00006ed0  phantomInterrupt                    
0000545c  pinmuxGetConfigValue                
00000000  resetEntry                          
0800150c  rx_data                             
00000020  selftestFailNotification            
00003aec  setupFlash                          
00003a44  setupPLL                            
00004364  sramGetConfigValue                  
000025bc  stcGetConfigValue                   
000001b8  stcSelfCheck                        
00000df8  stcSelfCheckFail                    
00003da4  systemGetConfigValue                
00003ca8  systemInit                          
00003d74  systemPowerDown                     
000041b8  tcmflashGetConfigValue              
00003aa4  trimLPO                             
08001515  tx_data                             
00004640  vimChannelMap                       
000048ac  vimDisableInterrupt                 
000046e4  vimEnableInterrupt                  
00004958  vimGetConfigValue                   
0000456c  vimInit                             
00000e00  vimParityCheck                      
00006220  vimParityErrorHandler               


GLOBAL SYMBOLS: SORTED BY Symbol Address 

address   name                                
-------   ----                                
00000000  __TI_static_base__                  
00000000  resetEntry                          
00000020  selftestFailNotification            
00000030  ccmSelfCheck                        
00000174  memoryInit                          
000001b8  stcSelfCheck                        
00000234  cpuSelfTest                         
000002cc  pbistSelfCheck                      
000004ac  pbistRun                            
00000578  pbistStop                           
000005a8  pbistIsTestCompleted                
000005d4  pbistIsTestPassed                   
00000608  pbistPortTestStatus                 
00000660  efcCheck                            
000006e8  efcStuckZeroTest                    
00000794  efcSelfTest                         
000007bc  checkefcSelfTest                    
0000085c  fmcBus2Check                        
00000898  fmcECCcheck                         
00000938  checkB0RAMECC                       
00000b28  checkB1RAMECC                       
00000d18  checkFlashECC                       
00000df4  custom_dabort                       
00000df8  stcSelfCheckFail                    
00000dfc  cpuSelfTestFail                     
00000e00  vimParityCheck                      
00000eac  dmaParityCheck                      
00000f58  het1ParityCheck                     
00001004  htu1ParityCheck                     
000010c0  het2ParityCheck                     
000011bc  htu2ParityCheck                     
0000126c  adc1ParityCheck                     
00001358  adc2ParityCheck                     
00001410  can1ParityCheck                     
000014e8  can2ParityCheck                     
000015b0  can3ParityCheck                     
00001684  mibspi1ParityCheck                  
0000178c  mibspi3ParityCheck                  
000018b0  mibspi5ParityCheck                  
000019d0  checkRAMECC                         
00001c18  checkClockMonitor                   
00001cf4  checkFlashEEPROMECC                 
00001e8c  checkPLL1Slip                       
00001f8c  checkPLL2Slip                       
00002050  checkRAMAddrParity                  
0000215c  checkRAMUERRTest                    
000022c4  fmcBus1ParityCheck                  
000023ec  pbistFail                           
00002470  pbistGetConfigValue                 
000025bc  stcGetConfigValue                   
00002660  efcGetConfigValue                   
000026fc  ccmr4GetConfigValue                 
0000276c  errata_PBIST_4                      
00002ad0  enableParity                        
00002b58  disableParity                       
00002cfc  canInit                             
00002ef8  canTransmit                         
00002ff4  canGetData                          
0000314c  canGetID                            
000031b4  canUpdateID                         
0000322c  canSendRemoteFrame                  
000032cc  canFillMessageObjectData            
000033c8  canIsTxMessagePending               
00003424  canIsRxMessageArrived               
00003480  canIsMessageBoxValid                
000034dc  canGetLastError                     
00003500  canGetErrorLevel                    
00003524  canEnableErrorNotification          
00003544  canEnableStatusChangeNotification   
00003564  canDisableStatusChangeNotification  
00003584  canDisableErrorNotification         
000035a4  canEnableloopback                   
000035dc  canDisableloopback                  
0000360c  canIoSetDirection                   
0000365c  canIoSetPort                        
000036ac  canIoTxGetBit                       
000036c8  canIoRxGetBit                       
000036e4  can1GetConfigValue                  
0000383c  can2GetConfigValue                  
00003a44  setupPLL                            
00003aa4  trimLPO                             
00003aec  setupFlash                          
00003b2c  periphInit                          
00003b80  mapClocks                           
00003ca8  systemInit                          
00003d74  systemPowerDown                     
00003da4  systemGetConfigValue                
000041b8  tcmflashGetConfigValue              
00004364  sramGetConfigValue                  
0000456c  vimInit                             
00004640  vimChannelMap                       
000046e4  vimEnableInterrupt                  
000048ac  vimDisableInterrupt                 
00004958  vimGetConfigValue                   
00004fc0  muxInit                             
0000545c  pinmuxGetConfigValue                
0000586c  esmInit                             
00005974  esmError                            
00005990  esmEnableError                      
000059bc  esmDisableError                     
000059e8  esmTriggerErrorPinReset             
000059f8  esmActivateNormalOperation          
00005a08  esmEnableInterrupt                  
00005a34  esmDisableInterrupt                 
00005a60  esmSetInterruptLevel                
00005adc  esmClearStatus                      
00005b28  esmClearStatusBuffer                
00005b44  esmSetCounterPreloadValue           
00005b64  esmGetStatus                        
00005bf0  esmGetStatusBuffer                  
00005c28  esmEnterSelfTest                    
00005cb0  esmSelfTestStatus                   
00005d00  esmGetConfigValue                   
00005e54  _coreInitRegisters_                 
00005f60  _coreInitStackPointer_              
00005fac  _getCPSRValue_                      
00005fb4  _gotoCPUIdle_                       
00005fcc  _coreEnableVfp_                     
00005fec  _coreEnableEventBusExport_          
00006004  _coreDisableEventBusExport_         
0000601c  _coreEnableRamEcc_                  
00006034  _coreDisableRamEcc_                 
0000604c  _coreEnableFlashEcc_                
00006068  _coreDisableFlashEcc_               
00006080  _coreEnableIrqVicOffset_            
00006098  _coreGetDataFault_                  
000060a0  _coreClearDataFault_                
000060b4  _coreGetInstructionFault_           
000060bc  _coreClearInstructionFault_         
000060d0  _coreGetDataFaultAddress_           
000060d8  _coreClearDataFaultAddress_         
000060ec  _coreGetInstructionFaultAddress_    
000060f4  _coreClearInstructionFaultAddress_  
00006108  _coreGetAuxiliaryDataFault_         
00006110  _coreClearAuxiliaryDataFault_       
00006124  _coreGetAuxiliaryInstructionFault_  
0000612c  _coreClearAuxiliaryInstructionFault_
00006140  _disable_interrupt_                 
00006148  _disable_FIQ_interrupt_             
00006150  _disable_IRQ_interrupt_             
00006158  _enable_interrupt_                  
00006160  _esmCcmErrorsClear_                 
000061e8  _errata_CORTEXR4_57_                
00006200  _errata_CORTEXR4_66_                
00006218  __TI_PINIT_Base                     
0000621c  __TI_PINIT_Limit                    
00006220  vimParityErrorHandler               
000064fc  _c_int00                            
00006778  esmHighInterrupt                    
0000688c  _pmuInit_                           
000068e0  _pmuEnableCountersGlobal_           
000068f8  _pmuDisableCountersGlobal_          
00006910  _pmuResetCycleCounter_              
00006928  _pmuResetEventCounters_             
00006940  _pmuResetCounters_                  
00006958  _pmuStartCounters_                  
00006960  _pmuStopCounters_                   
00006968  _pmuSetCountEvent_                  
00006974  _pmuGetCycleCount_                  
0000697c  _pmuGetEventCount_                  
00006988  _pmuGetOverflow_                    
0000699c  main                                
000069f4  checkPackets                        
00006a88  _dabort                             
00006b70  esmGroup1Notification               
00006b80  esmGroup2Notification               
00006b90  memoryPort0TestFailNotification     
00006bac  memoryPort1TestFailNotification     
00006bc8  canErrorNotification                
00006bdc  canStatusChangeNotification         
00006bf0  canMessageNotification              
00006c04  dmaGroupANotification               
00006c19  __aeabi_memcpy                      
00006c19  __aeabi_memcpy4                     
00006c19  __aeabi_memcpy8                     
00006c19  memcpy                              
00006cb5  __aeabi_memclr                      
00006cb5  __aeabi_memclr4                     
00006cb5  __aeabi_memclr8                     
00006cb7  __aeabi_memset                      
00006cb7  __aeabi_memset4                     
00006cb7  __aeabi_memset8                     
00006cbd  memset                              
00006d2f  _system_post_cinit                  
00006d31  __TI_auto_init                      
00006e0d  C$$EXIT                             
00006e11  abort                               
00006e19  exit                                
00006e5d  copy_in                             
00006ea9  _register_unlock                    
00006eaf  _register_lock                      
00006eb7  _nop                                
00006ebd  __TI_decompress_none                
00006ecb  __TI_decompress_rle24               
00006ed0  phantomInterrupt                    
0000711c  __TI_Handler_Table_Base             
00007124  __TI_CINIT_Base                     
00007124  __TI_Handler_Table_Limit            
0000712c  __TI_CINIT_Limit                    
08001500  __TI_cleanup_ptr                    
08001504  __TI_dtors_ptr                      
08001508  __TI_enable_exit_profile_output     
0800150c  rx_data                             
08001515  tx_data                             
08001520  _lock                               
08001524  _unlock                             
08001528  error                               
ffffffff  __TI_pprof_out_hndl                 
ffffffff  __TI_prof_data_size                 
ffffffff  __TI_prof_data_start                
ffffffff  __binit__                           
ffffffff  __c_args__                          
ffffffff  binit                               
UNDEFED   SHT$$INIT_ARRAY$$Base               
UNDEFED   SHT$$INIT_ARRAY$$Limit              

[215 symbols]
