<?xml version="1.0"?>
<link_info>
   <banner>TI ARM Linker PC v16.3.0.STS</banner>
   <copyright>Copyright (c) 1996-2015 Texas Instruments Incorporated</copyright>
   <link_time>0x56f98522</link_time>
   <link_errors>0x0</link_errors>
   <output_file>CAN_test2.out</output_file>
   <entry_point>
      <name>_c_int00</name>
      <address>0x7400</address>
   </entry_point>
   <input_file_list>
      <input_file id="fl-2">
         <path>.\source\</path>
         <kind>object</kind>
         <file>can.obj</file>
         <name>can.obj</name>
      </input_file>
      <input_file id="fl-3">
         <path>.\source\</path>
         <kind>object</kind>
         <file>dabort.obj</file>
         <name>dabort.obj</name>
      </input_file>
      <input_file id="fl-4">
         <path>.\source\</path>
         <kind>object</kind>
         <file>esm.obj</file>
         <name>esm.obj</name>
      </input_file>
      <input_file id="fl-5">
         <path>.\source\</path>
         <kind>object</kind>
         <file>notification.obj</file>
         <name>notification.obj</name>
      </input_file>
      <input_file id="fl-6">
         <path>.\source\</path>
         <kind>object</kind>
         <file>pinmux.obj</file>
         <name>pinmux.obj</name>
      </input_file>
      <input_file id="fl-7">
         <path>.\source\</path>
         <kind>object</kind>
         <file>sha256.obj</file>
         <name>sha256.obj</name>
      </input_file>
      <input_file id="fl-8">
         <path>.\source\</path>
         <kind>object</kind>
         <file>sys_core.obj</file>
         <name>sys_core.obj</name>
      </input_file>
      <input_file id="fl-9">
         <path>.\source\</path>
         <kind>object</kind>
         <file>sys_dma.obj</file>
         <name>sys_dma.obj</name>
      </input_file>
      <input_file id="fl-a">
         <path>.\source\</path>
         <kind>object</kind>
         <file>sys_intvecs.obj</file>
         <name>sys_intvecs.obj</name>
      </input_file>
      <input_file id="fl-b">
         <path>.\source\</path>
         <kind>object</kind>
         <file>sys_main.obj</file>
         <name>sys_main.obj</name>
      </input_file>
      <input_file id="fl-c">
         <path>.\source\</path>
         <kind>object</kind>
         <file>sys_mpu.obj</file>
         <name>sys_mpu.obj</name>
      </input_file>
      <input_file id="fl-d">
         <path>.\source\</path>
         <kind>object</kind>
         <file>sys_pcr.obj</file>
         <name>sys_pcr.obj</name>
      </input_file>
      <input_file id="fl-e">
         <path>.\source\</path>
         <kind>object</kind>
         <file>sys_phantom.obj</file>
         <name>sys_phantom.obj</name>
      </input_file>
      <input_file id="fl-f">
         <path>.\source\</path>
         <kind>object</kind>
         <file>sys_pmm.obj</file>
         <name>sys_pmm.obj</name>
      </input_file>
      <input_file id="fl-10">
         <path>.\source\</path>
         <kind>object</kind>
         <file>sys_pmu.obj</file>
         <name>sys_pmu.obj</name>
      </input_file>
      <input_file id="fl-11">
         <path>.\source\</path>
         <kind>object</kind>
         <file>sys_selftest.obj</file>
         <name>sys_selftest.obj</name>
      </input_file>
      <input_file id="fl-12">
         <path>.\source\</path>
         <kind>object</kind>
         <file>sys_startup.obj</file>
         <name>sys_startup.obj</name>
      </input_file>
      <input_file id="fl-13">
         <path>.\source\</path>
         <kind>object</kind>
         <file>sys_vim.obj</file>
         <name>sys_vim.obj</name>
      </input_file>
      <input_file id="fl-14">
         <path>.\source\</path>
         <kind>object</kind>
         <file>system.obj</file>
         <name>system.obj</name>
      </input_file>
      <input_file id="fl-19">
         <path>C:\ti\ccsv6\tools\compiler\ti-cgt-arm_16.3.0.STS\lib\</path>
         <kind>archive</kind>
         <file>rtsv7R4_T_be_v3D16_eabi.lib</file>
         <name>autoinit.obj</name>
      </input_file>
      <input_file id="fl-1a">
         <path>C:\ti\ccsv6\tools\compiler\ti-cgt-arm_16.3.0.STS\lib\</path>
         <kind>archive</kind>
         <file>rtsv7R4_T_be_v3D16_eabi.lib</file>
         <name>copy_decompress_none.obj</name>
      </input_file>
      <input_file id="fl-1b">
         <path>C:\ti\ccsv6\tools\compiler\ti-cgt-arm_16.3.0.STS\lib\</path>
         <kind>archive</kind>
         <file>rtsv7R4_T_be_v3D16_eabi.lib</file>
         <name>copy_decompress_rle.obj</name>
      </input_file>
      <input_file id="fl-1c">
         <path>C:\ti\ccsv6\tools\compiler\ti-cgt-arm_16.3.0.STS\lib\</path>
         <kind>archive</kind>
         <file>rtsv7R4_T_be_v3D16_eabi.lib</file>
         <name>copy_zero_init.obj</name>
      </input_file>
      <input_file id="fl-1d">
         <path>C:\ti\ccsv6\tools\compiler\ti-cgt-arm_16.3.0.STS\lib\</path>
         <kind>archive</kind>
         <file>rtsv7R4_T_be_v3D16_eabi.lib</file>
         <name>cpy_tbl.obj</name>
      </input_file>
      <input_file id="fl-1e">
         <path>C:\ti\ccsv6\tools\compiler\ti-cgt-arm_16.3.0.STS\lib\</path>
         <kind>archive</kind>
         <file>rtsv7R4_T_be_v3D16_eabi.lib</file>
         <name>exit.obj</name>
      </input_file>
      <input_file id="fl-1f">
         <path>C:\ti\ccsv6\tools\compiler\ti-cgt-arm_16.3.0.STS\lib\</path>
         <kind>archive</kind>
         <file>rtsv7R4_T_be_v3D16_eabi.lib</file>
         <name>memcpy_t2.obj</name>
      </input_file>
      <input_file id="fl-20">
         <path>C:\ti\ccsv6\tools\compiler\ti-cgt-arm_16.3.0.STS\lib\</path>
         <kind>archive</kind>
         <file>rtsv7R4_T_be_v3D16_eabi.lib</file>
         <name>memset_t2.obj</name>
      </input_file>
      <input_file id="fl-21">
         <path>C:\ti\ccsv6\tools\compiler\ti-cgt-arm_16.3.0.STS\lib\</path>
         <kind>archive</kind>
         <file>rtsv7R4_T_be_v3D16_eabi.lib</file>
         <name>startup.obj</name>
      </input_file>
      <input_file id="fl-22">
         <path>C:\ti\ccsv6\tools\compiler\ti-cgt-arm_16.3.0.STS\lib\</path>
         <kind>archive</kind>
         <file>rtsv7R4_T_be_v3D16_eabi.lib</file>
         <name>_lock.obj</name>
      </input_file>
   </input_file_list>
   <object_component_list>
      <object_component id="oc-2d">
         <name>.intvecs</name>
         <load_address>0x0</load_address>
         <run_address>0x0</run_address>
         <size>0x20</size>
         <input_file_ref idref="fl-a"/>
      </object_component>
      <object_component id="oc-74">
         <name>.text</name>
         <load_address>0x20</load_address>
         <run_address>0x20</run_address>
         <size>0x2cdc</size>
         <input_file_ref idref="fl-11"/>
      </object_component>
      <object_component id="oc-f2">
         <name>.text</name>
         <load_address>0x2cfc</load_address>
         <run_address>0x2cfc</run_address>
         <size>0xd48</size>
         <input_file_ref idref="fl-2"/>
      </object_component>
      <object_component id="oc-6e">
         <name>.text</name>
         <load_address>0x3a44</load_address>
         <run_address>0x3a44</run_address>
         <size>0xb28</size>
         <input_file_ref idref="fl-14"/>
      </object_component>
      <object_component id="oc-39">
         <name>.text</name>
         <load_address>0x456c</load_address>
         <run_address>0x456c</run_address>
         <size>0xa54</size>
         <input_file_ref idref="fl-13"/>
      </object_component>
      <object_component id="oc-ce">
         <name>.text</name>
         <load_address>0x4fc0</load_address>
         <run_address>0x4fc0</run_address>
         <size>0x8ac</size>
         <input_file_ref idref="fl-6"/>
      </object_component>
      <object_component id="oc-f8">
         <name>.text</name>
         <load_address>0x586c</load_address>
         <run_address>0x586c</run_address>
         <size>0x8a8</size>
         <input_file_ref idref="fl-7"/>
      </object_component>
      <object_component id="oc-86">
         <name>.text</name>
         <load_address>0x6114</load_address>
         <run_address>0x6114</run_address>
         <size>0x65c</size>
         <input_file_ref idref="fl-b"/>
      </object_component>
      <object_component id="oc-7a">
         <name>.text</name>
         <load_address>0x6770</load_address>
         <run_address>0x6770</run_address>
         <size>0x5e8</size>
         <input_file_ref idref="fl-4"/>
      </object_component>
      <object_component id="oc-69">
         <name>.text</name>
         <load_address>0x6d58</load_address>
         <run_address>0x6d58</run_address>
         <size>0x3cc</size>
         <input_file_ref idref="fl-8"/>
      </object_component>
      <object_component id="oc-38">
         <name>.text:retain</name>
         <load_address>0x7124</load_address>
         <run_address>0x7124</run_address>
         <size>0x2dc</size>
         <input_file_ref idref="fl-13"/>
      </object_component>
      <object_component id="oc-1e">
         <name>.text:retain</name>
         <load_address>0x7400</load_address>
         <run_address>0x7400</run_address>
         <size>0x27c</size>
         <input_file_ref idref="fl-12"/>
      </object_component>
      <object_component id="oc-24">
         <name>.text:retain</name>
         <load_address>0x767c</load_address>
         <run_address>0x767c</run_address>
         <size>0x114</size>
         <input_file_ref idref="fl-4"/>
      </object_component>
      <object_component id="oc-d6">
         <name>.text</name>
         <load_address>0x7790</load_address>
         <run_address>0x7790</run_address>
         <size>0x110</size>
         <input_file_ref idref="fl-10"/>
      </object_component>
      <object_component id="oc-a2">
         <name>.text</name>
         <load_address>0x78a0</load_address>
         <run_address>0x78a0</run_address>
         <size>0xe8</size>
         <input_file_ref idref="fl-3"/>
      </object_component>
      <object_component id="oc-93">
         <name>.text</name>
         <load_address>0x7988</load_address>
         <run_address>0x7988</run_address>
         <size>0xa8</size>
         <input_file_ref idref="fl-5"/>
      </object_component>
      <object_component id="oc-44">
         <name>.text</name>
         <load_address>0x7a30</load_address>
         <run_address>0x7a30</run_address>
         <size>0x9c</size>
         <input_file_ref idref="fl-1f"/>
      </object_component>
      <object_component id="oc-5d">
         <name>.text</name>
         <load_address>0x7acc</load_address>
         <run_address>0x7acc</run_address>
         <size>0x7a</size>
         <input_file_ref idref="fl-20"/>
      </object_component>
      <object_component id="oc-ea">
         <name>.text</name>
         <load_address>0x7b46</load_address>
         <run_address>0x7b46</run_address>
         <size>0x2</size>
         <input_file_ref idref="fl-21"/>
      </object_component>
      <object_component id="oc-80">
         <name>.text</name>
         <load_address>0x7b48</load_address>
         <run_address>0x7b48</run_address>
         <size>0x70</size>
         <input_file_ref idref="fl-19"/>
      </object_component>
      <object_component id="oc-50">
         <name>.text</name>
         <load_address>0x7bb8</load_address>
         <run_address>0x7bb8</run_address>
         <size>0x6a</size>
         <input_file_ref idref="fl-1b"/>
      </object_component>
      <object_component id="oc-8c">
         <name>.text</name>
         <load_address>0x7c24</load_address>
         <run_address>0x7c24</run_address>
         <size>0x50</size>
         <input_file_ref idref="fl-1e"/>
      </object_component>
      <object_component id="oc-e4">
         <name>.text</name>
         <load_address>0x7c74</load_address>
         <run_address>0x7c74</run_address>
         <size>0x4c</size>
         <input_file_ref idref="fl-1d"/>
      </object_component>
      <object_component id="oc-1ca">
         <name>.text</name>
         <load_address>0x7cc0</load_address>
         <run_address>0x7cc0</run_address>
         <size>0x14</size>
         <input_file_ref idref="fl-22"/>
      </object_component>
      <object_component id="oc-c">
         <name>.text:decompress:none</name>
         <load_address>0x7cd4</load_address>
         <run_address>0x7cd4</run_address>
         <size>0xe</size>
         <input_file_ref idref="fl-1a"/>
      </object_component>
      <object_component id="oc-12">
         <name>.text:decompress:rle24</name>
         <load_address>0x7ce2</load_address>
         <run_address>0x7ce2</run_address>
         <size>0x6</size>
         <input_file_ref idref="fl-1b"/>
      </object_component>
      <object_component id="oc-32">
         <name>.text:retain</name>
         <load_address>0x7ce8</load_address>
         <run_address>0x7ce8</run_address>
         <size>0x4</size>
         <input_file_ref idref="fl-e"/>
      </object_component>
      <object_component id="oc-2a">
         <name>.const:s_vim_init</name>
         <load_address>0x7cec</load_address>
         <run_address>0x7cec</run_address>
         <size>0x200</size>
         <input_file_ref idref="fl-13"/>
      </object_component>
      <object_component id="oc-1a9">
         <name>.const:s_canByteOrder</name>
         <load_address>0x7eec</load_address>
         <run_address>0x7eec</run_address>
         <size>0x20</size>
         <input_file_ref idref="fl-2"/>
      </object_component>
      <object_component id="oc-21c">
         <name>.cinit..data.load</name>
         <load_address>0x7f10</load_address>
         <run_address>0x7f10</run_address>
         <size>0x17a</size>
      </object_component>
      <object_component id="oc-21a">
         <name>__TI_handler_table</name>
         <load_address>0x808c</load_address>
         <run_address>0x808c</run_address>
         <size>0x8</size>
      </object_component>
      <object_component id="oc-21b">
         <name>__TI_cinit_table</name>
         <load_address>0x8094</load_address>
         <run_address>0x8094</run_address>
         <size>0x8</size>
      </object_component>
      <object_component id="oc-1b2">
         <name>.data:k</name>
         <load_address>0x8001500</load_address>
         <run_address>0x8001500</run_address>
         <size>0x100</size>
         <input_file_ref idref="fl-7"/>
      </object_component>
      <object_component id="oc-104">
         <name>.data:rx_data</name>
         <load_address>0x8001684</load_address>
         <run_address>0x8001684</run_address>
         <size>0x8</size>
         <input_file_ref idref="fl-b"/>
      </object_component>
      <object_component id="oc-fe">
         <name>.data</name>
         <load_address>0x8001660</load_address>
         <run_address>0x8001660</run_address>
         <size>0x10</size>
         <input_file_ref idref="fl-b"/>
      </object_component>
      <object_component id="oc-107">
         <name>.data:hist_recent</name>
         <load_address>0x8001620</load_address>
         <run_address>0x8001620</run_address>
         <size>0x20</size>
         <input_file_ref idref="fl-b"/>
      </object_component>
      <object_component id="oc-10a">
         <name>.data:hist_periodic</name>
         <load_address>0x8001600</load_address>
         <run_address>0x8001600</run_address>
         <size>0x20</size>
         <input_file_ref idref="fl-b"/>
      </object_component>
      <object_component id="oc-101">
         <name>.data:key</name>
         <load_address>0x8001640</load_address>
         <run_address>0x8001640</run_address>
         <size>0x20</size>
         <input_file_ref idref="fl-b"/>
      </object_component>
      <object_component id="oc-119">
         <name>.data:$O1$$</name>
         <load_address>0x8001670</load_address>
         <run_address>0x8001670</run_address>
         <size>0xc</size>
         <input_file_ref idref="fl-1e"/>
      </object_component>
      <object_component id="oc-11c">
         <name>.data:$O1$$</name>
         <load_address>0x800167c</load_address>
         <run_address>0x800167c</run_address>
         <size>0x8</size>
         <input_file_ref idref="fl-22"/>
      </object_component>
      <object_component id="oc-154">
         <name>.debug_info</name>
         <load_address>0x0</load_address>
         <run_address>0x0</run_address>
         <size>0x167</size>
         <input_file_ref idref="fl-2"/>
      </object_component>
      <object_component id="oc-1aa">
         <name>.debug_info</name>
         <load_address>0x167</load_address>
         <run_address>0x167</run_address>
         <size>0xea</size>
         <input_file_ref idref="fl-2"/>
      </object_component>
      <object_component id="oc-f3">
         <name>.debug_info</name>
         <load_address>0x251</load_address>
         <run_address>0x251</run_address>
         <size>0x146d</size>
         <input_file_ref idref="fl-2"/>
      </object_component>
      <object_component id="oc-9a">
         <name>.debug_info</name>
         <load_address>0x16be</load_address>
         <run_address>0x16be</run_address>
         <size>0x157</size>
         <input_file_ref idref="fl-2"/>
      </object_component>
      <object_component id="oc-10f">
         <name>.debug_info</name>
         <load_address>0x1815</load_address>
         <run_address>0x1815</run_address>
         <size>0x8b</size>
         <input_file_ref idref="fl-2"/>
      </object_component>
      <object_component id="oc-aa">
         <name>.debug_info</name>
         <load_address>0x18a0</load_address>
         <run_address>0x18a0</run_address>
         <size>0x18c</size>
         <input_file_ref idref="fl-2"/>
      </object_component>
      <object_component id="oc-129">
         <name>.debug_info</name>
         <load_address>0x1a2c</load_address>
         <run_address>0x1a2c</run_address>
         <size>0x18b</size>
         <input_file_ref idref="fl-2"/>
      </object_component>
      <object_component id="oc-af">
         <name>.debug_info</name>
         <load_address>0x1bb7</load_address>
         <run_address>0x1bb7</run_address>
         <size>0x86</size>
         <input_file_ref idref="fl-2"/>
      </object_component>
      <object_component id="oc-168">
         <name>.debug_info</name>
         <load_address>0x1c3d</load_address>
         <run_address>0x1c3d</run_address>
         <size>0x437</size>
         <input_file_ref idref="fl-2"/>
      </object_component>
      <object_component id="oc-1ad">
         <name>.debug_info</name>
         <load_address>0x2074</load_address>
         <run_address>0x2074</run_address>
         <size>0x15f</size>
         <input_file_ref idref="fl-2"/>
      </object_component>
      <object_component id="oc-149">
         <name>.debug_info</name>
         <load_address>0x21d3</load_address>
         <run_address>0x21d3</run_address>
         <size>0x2d0</size>
         <input_file_ref idref="fl-2"/>
      </object_component>
      <object_component id="oc-a5">
         <name>.debug_info</name>
         <load_address>0x24a3</load_address>
         <run_address>0x24a3</run_address>
         <size>0x104</size>
         <input_file_ref idref="fl-3"/>
      </object_component>
      <object_component id="oc-e3">
         <name>.debug_info</name>
         <load_address>0x25a7</load_address>
         <run_address>0x25a7</run_address>
         <size>0x16c</size>
         <input_file_ref idref="fl-4"/>
      </object_component>
      <object_component id="oc-7b">
         <name>.debug_info</name>
         <load_address>0x2713</load_address>
         <run_address>0x2713</run_address>
         <size>0xb2d</size>
         <input_file_ref idref="fl-4"/>
      </object_component>
      <object_component id="oc-25">
         <name>.debug_info</name>
         <load_address>0x3240</load_address>
         <run_address>0x3240</run_address>
         <size>0x18d</size>
         <input_file_ref idref="fl-4"/>
      </object_component>
      <object_component id="oc-130">
         <name>.debug_info</name>
         <load_address>0x33cd</load_address>
         <run_address>0x33cd</run_address>
         <size>0x1de</size>
         <input_file_ref idref="fl-4"/>
      </object_component>
      <object_component id="oc-de">
         <name>.debug_info</name>
         <load_address>0x35ab</load_address>
         <run_address>0x35ab</run_address>
         <size>0x129</size>
         <input_file_ref idref="fl-4"/>
      </object_component>
      <object_component id="oc-123">
         <name>.debug_info</name>
         <load_address>0x36d4</load_address>
         <run_address>0x36d4</run_address>
         <size>0x2d7</size>
         <input_file_ref idref="fl-5"/>
      </object_component>
      <object_component id="oc-94">
         <name>.debug_info</name>
         <load_address>0x39ab</load_address>
         <run_address>0x39ab</run_address>
         <size>0x859</size>
         <input_file_ref idref="fl-5"/>
      </object_component>
      <object_component id="oc-159">
         <name>.debug_info</name>
         <load_address>0x4204</load_address>
         <run_address>0x4204</run_address>
         <size>0x791</size>
         <input_file_ref idref="fl-5"/>
      </object_component>
      <object_component id="oc-15e">
         <name>.debug_info</name>
         <load_address>0x4995</load_address>
         <run_address>0x4995</run_address>
         <size>0x4de</size>
         <input_file_ref idref="fl-5"/>
      </object_component>
      <object_component id="oc-163">
         <name>.debug_info</name>
         <load_address>0x4e73</load_address>
         <run_address>0x4e73</run_address>
         <size>0x3ce</size>
         <input_file_ref idref="fl-5"/>
      </object_component>
      <object_component id="oc-1d8">
         <name>.debug_info</name>
         <load_address>0x5241</load_address>
         <run_address>0x5241</run_address>
         <size>0x7cd</size>
         <input_file_ref idref="fl-5"/>
      </object_component>
      <object_component id="oc-124">
         <name>.debug_info</name>
         <load_address>0x5a0e</load_address>
         <run_address>0x5a0e</run_address>
         <size>0x673</size>
         <input_file_ref idref="fl-5"/>
      </object_component>
      <object_component id="oc-c5">
         <name>.debug_info</name>
         <load_address>0x6081</load_address>
         <run_address>0x6081</run_address>
         <size>0x2c</size>
         <input_file_ref idref="fl-5"/>
      </object_component>
      <object_component id="oc-193">
         <name>.debug_info</name>
         <load_address>0x60ad</load_address>
         <run_address>0x60ad</run_address>
         <size>0x37b</size>
         <input_file_ref idref="fl-5"/>
      </object_component>
      <object_component id="oc-16d">
         <name>.debug_info</name>
         <load_address>0x6428</load_address>
         <run_address>0x6428</run_address>
         <size>0x1ca</size>
         <input_file_ref idref="fl-5"/>
      </object_component>
      <object_component id="oc-135">
         <name>.debug_info</name>
         <load_address>0x65f2</load_address>
         <run_address>0x65f2</run_address>
         <size>0x435</size>
         <input_file_ref idref="fl-5"/>
      </object_component>
      <object_component id="oc-186">
         <name>.debug_info</name>
         <load_address>0x6a27</load_address>
         <run_address>0x6a27</run_address>
         <size>0x551</size>
         <input_file_ref idref="fl-5"/>
      </object_component>
      <object_component id="oc-13a">
         <name>.debug_info</name>
         <load_address>0x6f78</load_address>
         <run_address>0x6f78</run_address>
         <size>0x1f9</size>
         <input_file_ref idref="fl-5"/>
      </object_component>
      <object_component id="oc-172">
         <name>.debug_info</name>
         <load_address>0x7171</load_address>
         <run_address>0x7171</run_address>
         <size>0x3d3</size>
         <input_file_ref idref="fl-5"/>
      </object_component>
      <object_component id="oc-17c">
         <name>.debug_info</name>
         <load_address>0x7544</load_address>
         <run_address>0x7544</run_address>
         <size>0x1de</size>
         <input_file_ref idref="fl-5"/>
      </object_component>
      <object_component id="oc-18b">
         <name>.debug_info</name>
         <load_address>0x7722</load_address>
         <run_address>0x7722</run_address>
         <size>0x17a</size>
         <input_file_ref idref="fl-5"/>
      </object_component>
      <object_component id="oc-13f">
         <name>.debug_info</name>
         <load_address>0x789c</load_address>
         <run_address>0x789c</run_address>
         <size>0x6a6</size>
         <input_file_ref idref="fl-5"/>
      </object_component>
      <object_component id="oc-144">
         <name>.debug_info</name>
         <load_address>0x7f42</load_address>
         <run_address>0x7f42</run_address>
         <size>0x13e</size>
         <input_file_ref idref="fl-5"/>
      </object_component>
      <object_component id="oc-156">
         <name>.debug_info</name>
         <load_address>0x8080</load_address>
         <run_address>0x8080</run_address>
         <size>0xd6</size>
         <input_file_ref idref="fl-6"/>
      </object_component>
      <object_component id="oc-cf">
         <name>.debug_info</name>
         <load_address>0x8156</load_address>
         <run_address>0x8156</run_address>
         <size>0x1eb</size>
         <input_file_ref idref="fl-6"/>
      </object_component>
      <object_component id="oc-177">
         <name>.debug_info</name>
         <load_address>0x8341</load_address>
         <run_address>0x8341</run_address>
         <size>0x508</size>
         <input_file_ref idref="fl-6"/>
      </object_component>
      <object_component id="oc-1e1">
         <name>.debug_info</name>
         <load_address>0x8849</load_address>
         <run_address>0x8849</run_address>
         <size>0x43c</size>
         <input_file_ref idref="fl-6"/>
      </object_component>
      <object_component id="oc-1b6">
         <name>.debug_info</name>
         <load_address>0x8c85</load_address>
         <run_address>0x8c85</run_address>
         <size>0x138</size>
         <input_file_ref idref="fl-7"/>
      </object_component>
      <object_component id="oc-1b3">
         <name>.debug_info</name>
         <load_address>0x8dbd</load_address>
         <run_address>0x8dbd</run_address>
         <size>0xd4</size>
         <input_file_ref idref="fl-7"/>
      </object_component>
      <object_component id="oc-f9">
         <name>.debug_info</name>
         <load_address>0x8e91</load_address>
         <run_address>0x8e91</run_address>
         <size>0x454</size>
         <input_file_ref idref="fl-7"/>
      </object_component>
      <object_component id="oc-114">
         <name>.debug_info</name>
         <load_address>0x92e5</load_address>
         <run_address>0x92e5</run_address>
         <size>0x86</size>
         <input_file_ref idref="fl-7"/>
      </object_component>
      <object_component id="oc-1c3">
         <name>.debug_info</name>
         <load_address>0x936b</load_address>
         <run_address>0x936b</run_address>
         <size>0xc8</size>
         <input_file_ref idref="fl-7"/>
      </object_component>
      <object_component id="oc-bd">
         <name>.debug_info</name>
         <load_address>0x9433</load_address>
         <run_address>0x9433</run_address>
         <size>0x84</size>
         <input_file_ref idref="fl-7"/>
      </object_component>
      <object_component id="oc-6a">
         <name>.debug_info</name>
         <load_address>0x94b7</load_address>
         <run_address>0x94b7</run_address>
         <size>0x7f9</size>
         <input_file_ref idref="fl-8"/>
      </object_component>
      <object_component id="oc-2e">
         <name>.debug_info</name>
         <load_address>0x9cb0</load_address>
         <run_address>0x9cb0</run_address>
         <size>0x10c</size>
         <input_file_ref idref="fl-a"/>
      </object_component>
      <object_component id="oc-10e">
         <name>.debug_info</name>
         <load_address>0x9dbc</load_address>
         <run_address>0x9dbc</run_address>
         <size>0x43e</size>
         <input_file_ref idref="fl-b"/>
      </object_component>
      <object_component id="oc-105">
         <name>.debug_info</name>
         <load_address>0xa1fa</load_address>
         <run_address>0xa1fa</run_address>
         <size>0xe2</size>
         <input_file_ref idref="fl-b"/>
      </object_component>
      <object_component id="oc-ff">
         <name>.debug_info</name>
         <load_address>0xa2dc</load_address>
         <run_address>0xa2dc</run_address>
         <size>0xfd</size>
         <input_file_ref idref="fl-b"/>
      </object_component>
      <object_component id="oc-108">
         <name>.debug_info</name>
         <load_address>0xa3d9</load_address>
         <run_address>0xa3d9</run_address>
         <size>0xea</size>
         <input_file_ref idref="fl-b"/>
      </object_component>
      <object_component id="oc-10b">
         <name>.debug_info</name>
         <load_address>0xa4c3</load_address>
         <run_address>0xa4c3</run_address>
         <size>0xee</size>
         <input_file_ref idref="fl-b"/>
      </object_component>
      <object_component id="oc-102">
         <name>.debug_info</name>
         <load_address>0xa5b1</load_address>
         <run_address>0xa5b1</run_address>
         <size>0xda</size>
         <input_file_ref idref="fl-b"/>
      </object_component>
      <object_component id="oc-87">
         <name>.debug_info</name>
         <load_address>0xa68b</load_address>
         <run_address>0xa68b</run_address>
         <size>0x7f3</size>
         <input_file_ref idref="fl-b"/>
      </object_component>
      <object_component id="oc-1e6">
         <name>.debug_info</name>
         <load_address>0xae7e</load_address>
         <run_address>0xae7e</run_address>
         <size>0xf5</size>
         <input_file_ref idref="fl-d"/>
      </object_component>
      <object_component id="oc-1f9">
         <name>.debug_info</name>
         <load_address>0xaf73</load_address>
         <run_address>0xaf73</run_address>
         <size>0x242</size>
         <input_file_ref idref="fl-d"/>
      </object_component>
      <object_component id="oc-181">
         <name>.debug_info</name>
         <load_address>0xb1b5</load_address>
         <run_address>0xb1b5</run_address>
         <size>0x2af</size>
         <input_file_ref idref="fl-d"/>
      </object_component>
      <object_component id="oc-35">
         <name>.debug_info</name>
         <load_address>0xb464</load_address>
         <run_address>0xb464</run_address>
         <size>0x13e</size>
         <input_file_ref idref="fl-e"/>
      </object_component>
      <object_component id="oc-d7">
         <name>.debug_info</name>
         <load_address>0xb5a2</load_address>
         <run_address>0xb5a2</run_address>
         <size>0x36c</size>
         <input_file_ref idref="fl-10"/>
      </object_component>
      <object_component id="oc-dc">
         <name>.debug_info</name>
         <load_address>0xb90e</load_address>
         <run_address>0xb90e</run_address>
         <size>0x4c5</size>
         <input_file_ref idref="fl-11"/>
      </object_component>
      <object_component id="oc-78">
         <name>.debug_info</name>
         <load_address>0xbdd3</load_address>
         <run_address>0xbdd3</run_address>
         <size>0x2e90</size>
         <input_file_ref idref="fl-11"/>
      </object_component>
      <object_component id="oc-21">
         <name>.debug_info</name>
         <load_address>0xec63</load_address>
         <run_address>0xec63</run_address>
         <size>0x5a9</size>
         <input_file_ref idref="fl-12"/>
      </object_component>
      <object_component id="oc-a1">
         <name>.debug_info</name>
         <load_address>0xf20c</load_address>
         <run_address>0xf20c</run_address>
         <size>0x2a1</size>
         <input_file_ref idref="fl-13"/>
      </object_component>
      <object_component id="oc-2b">
         <name>.debug_info</name>
         <load_address>0xf4ad</load_address>
         <run_address>0xf4ad</run_address>
         <size>0xe6</size>
         <input_file_ref idref="fl-13"/>
      </object_component>
      <object_component id="oc-3a">
         <name>.debug_info</name>
         <load_address>0xf593</load_address>
         <run_address>0xf593</run_address>
         <size>0x478</size>
         <input_file_ref idref="fl-13"/>
      </object_component>
      <object_component id="oc-3f">
         <name>.debug_info</name>
         <load_address>0xfa0b</load_address>
         <run_address>0xfa0b</run_address>
         <size>0x201</size>
         <input_file_ref idref="fl-13"/>
      </object_component>
      <object_component id="oc-14e">
         <name>.debug_info</name>
         <load_address>0xfc0c</load_address>
         <run_address>0xfc0c</run_address>
         <size>0x4f</size>
         <input_file_ref idref="fl-13"/>
      </object_component>
      <object_component id="oc-d5">
         <name>.debug_info</name>
         <load_address>0xfc5b</load_address>
         <run_address>0xfc5b</run_address>
         <size>0x372</size>
         <input_file_ref idref="fl-14"/>
      </object_component>
      <object_component id="oc-6f">
         <name>.debug_info</name>
         <load_address>0xffcd</load_address>
         <run_address>0xffcd</run_address>
         <size>0x737</size>
         <input_file_ref idref="fl-14"/>
      </object_component>
      <object_component id="oc-f1">
         <name>.debug_info</name>
         <load_address>0x10704</load_address>
         <run_address>0x10704</run_address>
         <size>0x304</size>
         <input_file_ref idref="fl-19"/>
      </object_component>
      <object_component id="oc-81">
         <name>.debug_info</name>
         <load_address>0x10a08</load_address>
         <run_address>0x10a08</run_address>
         <size>0x1ab</size>
         <input_file_ref idref="fl-19"/>
      </object_component>
      <object_component id="oc-19f">
         <name>.debug_info</name>
         <load_address>0x10bb3</load_address>
         <run_address>0x10bb3</run_address>
         <size>0x39</size>
         <input_file_ref idref="fl-19"/>
      </object_component>
      <object_component id="oc-1a4">
         <name>.debug_info</name>
         <load_address>0x10bec</load_address>
         <run_address>0x10bec</run_address>
         <size>0xcd</size>
         <input_file_ref idref="fl-19"/>
      </object_component>
      <object_component id="oc-4f">
         <name>.debug_info</name>
         <load_address>0x10cb9</load_address>
         <run_address>0x10cb9</run_address>
         <size>0x156</size>
         <input_file_ref idref="fl-1a"/>
      </object_component>
      <object_component id="oc-e">
         <name>.debug_info</name>
         <load_address>0x10e0f</load_address>
         <run_address>0x10e0f</run_address>
         <size>0x1e5</size>
         <input_file_ref idref="fl-1a"/>
      </object_component>
      <object_component id="oc-4a">
         <name>.debug_info</name>
         <load_address>0x10ff4</load_address>
         <run_address>0x10ff4</run_address>
         <size>0x46</size>
         <input_file_ref idref="fl-1a"/>
      </object_component>
      <object_component id="oc-b6">
         <name>.debug_info</name>
         <load_address>0x1103a</load_address>
         <run_address>0x1103a</run_address>
         <size>0x2c</size>
         <input_file_ref idref="fl-1a"/>
      </object_component>
      <object_component id="oc-57">
         <name>.debug_info</name>
         <load_address>0x11066</load_address>
         <run_address>0x11066</run_address>
         <size>0x14f</size>
         <input_file_ref idref="fl-1b"/>
      </object_component>
      <object_component id="oc-52">
         <name>.debug_info</name>
         <load_address>0x111b5</load_address>
         <run_address>0x111b5</run_address>
         <size>0x262</size>
         <input_file_ref idref="fl-1b"/>
      </object_component>
      <object_component id="oc-14">
         <name>.debug_info</name>
         <load_address>0x11417</load_address>
         <run_address>0x11417</run_address>
         <size>0x1cc</size>
         <input_file_ref idref="fl-1b"/>
      </object_component>
      <object_component id="oc-58">
         <name>.debug_info</name>
         <load_address>0x115e3</load_address>
         <run_address>0x115e3</run_address>
         <size>0x39</size>
         <input_file_ref idref="fl-1b"/>
      </object_component>
      <object_component id="oc-19b">
         <name>.debug_info</name>
         <load_address>0x1161c</load_address>
         <run_address>0x1161c</run_address>
         <size>0x1fb</size>
         <input_file_ref idref="fl-1d"/>
      </object_component>
      <object_component id="oc-e5">
         <name>.debug_info</name>
         <load_address>0x11817</load_address>
         <run_address>0x11817</run_address>
         <size>0x19e</size>
         <input_file_ref idref="fl-1d"/>
      </object_component>
      <object_component id="oc-1e9">
         <name>.debug_info</name>
         <load_address>0x119b5</load_address>
         <run_address>0x119b5</run_address>
         <size>0x2c</size>
         <input_file_ref idref="fl-1d"/>
      </object_component>
      <object_component id="oc-120">
         <name>.debug_info</name>
         <load_address>0x119e1</load_address>
         <run_address>0x119e1</run_address>
         <size>0x24f</size>
         <input_file_ref idref="fl-1e"/>
      </object_component>
      <object_component id="oc-11a">
         <name>.debug_info</name>
         <load_address>0x11c30</load_address>
         <run_address>0x11c30</run_address>
         <size>0x1a0</size>
         <input_file_ref idref="fl-1e"/>
      </object_component>
      <object_component id="oc-8d">
         <name>.debug_info</name>
         <load_address>0x11dd0</load_address>
         <run_address>0x11dd0</run_address>
         <size>0x22f</size>
         <input_file_ref idref="fl-1e"/>
      </object_component>
      <object_component id="oc-45">
         <name>.debug_info</name>
         <load_address>0x11fff</load_address>
         <run_address>0x11fff</run_address>
         <size>0x12c</size>
         <input_file_ref idref="fl-1f"/>
      </object_component>
      <object_component id="oc-5e">
         <name>.debug_info</name>
         <load_address>0x1212b</load_address>
         <run_address>0x1212b</run_address>
         <size>0x15a</size>
         <input_file_ref idref="fl-20"/>
      </object_component>
      <object_component id="oc-ec">
         <name>.debug_info</name>
         <load_address>0x12285</load_address>
         <run_address>0x12285</run_address>
         <size>0x160</size>
         <input_file_ref idref="fl-21"/>
      </object_component>
      <object_component id="oc-1d2">
         <name>.debug_info</name>
         <load_address>0x123e5</load_address>
         <run_address>0x123e5</run_address>
         <size>0x13f</size>
         <input_file_ref idref="fl-22"/>
      </object_component>
      <object_component id="oc-11d">
         <name>.debug_info</name>
         <load_address>0x12524</load_address>
         <run_address>0x12524</run_address>
         <size>0x12e</size>
         <input_file_ref idref="fl-22"/>
      </object_component>
      <object_component id="oc-1ce">
         <name>.debug_info</name>
         <load_address>0x12652</load_address>
         <run_address>0x12652</run_address>
         <size>0x23a</size>
         <input_file_ref idref="fl-22"/>
      </object_component>
      <object_component id="oc-21d">
         <name>.debug_info</name>
         <load_address>0x1288c</load_address>
         <run_address>0x1288c</run_address>
         <size>0xab</size>
      </object_component>
      <object_component id="oc-1de">
         <name>.debug_line</name>
         <load_address>0x0</load_address>
         <run_address>0x0</run_address>
         <size>0x20</size>
         <input_file_ref idref="fl-2"/>
      </object_component>
      <object_component id="oc-1ef">
         <name>.debug_line</name>
         <load_address>0x20</load_address>
         <run_address>0x20</run_address>
         <size>0x33</size>
         <input_file_ref idref="fl-2"/>
      </object_component>
      <object_component id="oc-f6">
         <name>.debug_line</name>
         <load_address>0x53</load_address>
         <run_address>0x53</run_address>
         <size>0x43b</size>
         <input_file_ref idref="fl-2"/>
      </object_component>
      <object_component id="oc-9d">
         <name>.debug_line</name>
         <load_address>0x48e</load_address>
         <run_address>0x48e</run_address>
         <size>0x71</size>
         <input_file_ref idref="fl-2"/>
      </object_component>
      <object_component id="oc-112">
         <name>.debug_line</name>
         <load_address>0x4ff</load_address>
         <run_address>0x4ff</run_address>
         <size>0x20</size>
         <input_file_ref idref="fl-2"/>
      </object_component>
      <object_component id="oc-ad">
         <name>.debug_line</name>
         <load_address>0x51f</load_address>
         <run_address>0x51f</run_address>
         <size>0x6c</size>
         <input_file_ref idref="fl-2"/>
      </object_component>
      <object_component id="oc-12c">
         <name>.debug_line</name>
         <load_address>0x58b</load_address>
         <run_address>0x58b</run_address>
         <size>0x65</size>
         <input_file_ref idref="fl-2"/>
      </object_component>
      <object_component id="oc-b2">
         <name>.debug_line</name>
         <load_address>0x5f0</load_address>
         <run_address>0x5f0</run_address>
         <size>0x6f</size>
         <input_file_ref idref="fl-2"/>
      </object_component>
      <object_component id="oc-16b">
         <name>.debug_line</name>
         <load_address>0x65f</load_address>
         <run_address>0x65f</run_address>
         <size>0x6c</size>
         <input_file_ref idref="fl-2"/>
      </object_component>
      <object_component id="oc-1b0">
         <name>.debug_line</name>
         <load_address>0x6cb</load_address>
         <run_address>0x6cb</run_address>
         <size>0x68</size>
         <input_file_ref idref="fl-2"/>
      </object_component>
      <object_component id="oc-14c">
         <name>.debug_line</name>
         <load_address>0x733</load_address>
         <run_address>0x733</run_address>
         <size>0x6c</size>
         <input_file_ref idref="fl-2"/>
      </object_component>
      <object_component id="oc-a4">
         <name>.debug_line</name>
         <load_address>0x79f</load_address>
         <run_address>0x79f</run_address>
         <size>0x78</size>
         <input_file_ref idref="fl-3"/>
      </object_component>
      <object_component id="oc-199">
         <name>.debug_line</name>
         <load_address>0x817</load_address>
         <run_address>0x817</run_address>
         <size>0x68</size>
         <input_file_ref idref="fl-4"/>
      </object_component>
      <object_component id="oc-7e">
         <name>.debug_line</name>
         <load_address>0x87f</load_address>
         <run_address>0x87f</run_address>
         <size>0x289</size>
         <input_file_ref idref="fl-4"/>
      </object_component>
      <object_component id="oc-29">
         <name>.debug_line</name>
         <load_address>0xb08</load_address>
         <run_address>0xb08</run_address>
         <size>0x6e</size>
         <input_file_ref idref="fl-4"/>
      </object_component>
      <object_component id="oc-133">
         <name>.debug_line</name>
         <load_address>0xb76</load_address>
         <run_address>0xb76</run_address>
         <size>0x6c</size>
         <input_file_ref idref="fl-4"/>
      </object_component>
      <object_component id="oc-e1">
         <name>.debug_line</name>
         <load_address>0xbe2</load_address>
         <run_address>0xbe2</run_address>
         <size>0x68</size>
         <input_file_ref idref="fl-4"/>
      </object_component>
      <object_component id="oc-1d7">
         <name>.debug_line</name>
         <load_address>0xc4a</load_address>
         <run_address>0xc4a</run_address>
         <size>0x20</size>
         <input_file_ref idref="fl-5"/>
      </object_component>
      <object_component id="oc-97">
         <name>.debug_line</name>
         <load_address>0xc6a</load_address>
         <run_address>0xc6a</run_address>
         <size>0xe8</size>
         <input_file_ref idref="fl-5"/>
      </object_component>
      <object_component id="oc-15c">
         <name>.debug_line</name>
         <load_address>0xd52</load_address>
         <run_address>0xd52</run_address>
         <size>0x6c</size>
         <input_file_ref idref="fl-5"/>
      </object_component>
      <object_component id="oc-161">
         <name>.debug_line</name>
         <load_address>0xdbe</load_address>
         <run_address>0xdbe</run_address>
         <size>0x6f</size>
         <input_file_ref idref="fl-5"/>
      </object_component>
      <object_component id="oc-166">
         <name>.debug_line</name>
         <load_address>0xe2d</load_address>
         <run_address>0xe2d</run_address>
         <size>0x6c</size>
         <input_file_ref idref="fl-5"/>
      </object_component>
      <object_component id="oc-1db">
         <name>.debug_line</name>
         <load_address>0xe99</load_address>
         <run_address>0xe99</run_address>
         <size>0x6c</size>
         <input_file_ref idref="fl-5"/>
      </object_component>
      <object_component id="oc-127">
         <name>.debug_line</name>
         <load_address>0xf05</load_address>
         <run_address>0xf05</run_address>
         <size>0x6c</size>
         <input_file_ref idref="fl-5"/>
      </object_component>
      <object_component id="oc-c8">
         <name>.debug_line</name>
         <load_address>0xf71</load_address>
         <run_address>0xf71</run_address>
         <size>0x65</size>
         <input_file_ref idref="fl-5"/>
      </object_component>
      <object_component id="oc-196">
         <name>.debug_line</name>
         <load_address>0xfd6</load_address>
         <run_address>0xfd6</run_address>
         <size>0x71</size>
         <input_file_ref idref="fl-5"/>
      </object_component>
      <object_component id="oc-170">
         <name>.debug_line</name>
         <load_address>0x1047</load_address>
         <run_address>0x1047</run_address>
         <size>0x6c</size>
         <input_file_ref idref="fl-5"/>
      </object_component>
      <object_component id="oc-138">
         <name>.debug_line</name>
         <load_address>0x10b3</load_address>
         <run_address>0x10b3</run_address>
         <size>0x6e</size>
         <input_file_ref idref="fl-5"/>
      </object_component>
      <object_component id="oc-189">
         <name>.debug_line</name>
         <load_address>0x1121</load_address>
         <run_address>0x1121</run_address>
         <size>0x6b</size>
         <input_file_ref idref="fl-5"/>
      </object_component>
      <object_component id="oc-13d">
         <name>.debug_line</name>
         <load_address>0x118c</load_address>
         <run_address>0x118c</run_address>
         <size>0x6c</size>
         <input_file_ref idref="fl-5"/>
      </object_component>
      <object_component id="oc-175">
         <name>.debug_line</name>
         <load_address>0x11f8</load_address>
         <run_address>0x11f8</run_address>
         <size>0x6c</size>
         <input_file_ref idref="fl-5"/>
      </object_component>
      <object_component id="oc-17f">
         <name>.debug_line</name>
         <load_address>0x1264</load_address>
         <run_address>0x1264</run_address>
         <size>0x6e</size>
         <input_file_ref idref="fl-5"/>
      </object_component>
      <object_component id="oc-18e">
         <name>.debug_line</name>
         <load_address>0x12d2</load_address>
         <run_address>0x12d2</run_address>
         <size>0x6c</size>
         <input_file_ref idref="fl-5"/>
      </object_component>
      <object_component id="oc-142">
         <name>.debug_line</name>
         <load_address>0x133e</load_address>
         <run_address>0x133e</run_address>
         <size>0x6f</size>
         <input_file_ref idref="fl-5"/>
      </object_component>
      <object_component id="oc-147">
         <name>.debug_line</name>
         <load_address>0x13ad</load_address>
         <run_address>0x13ad</run_address>
         <size>0x6e</size>
         <input_file_ref idref="fl-5"/>
      </object_component>
      <object_component id="oc-1e0">
         <name>.debug_line</name>
         <load_address>0x141b</load_address>
         <run_address>0x141b</run_address>
         <size>0x20</size>
         <input_file_ref idref="fl-6"/>
      </object_component>
      <object_component id="oc-d2">
         <name>.debug_line</name>
         <load_address>0x143b</load_address>
         <run_address>0x143b</run_address>
         <size>0xd7</size>
         <input_file_ref idref="fl-6"/>
      </object_component>
      <object_component id="oc-17a">
         <name>.debug_line</name>
         <load_address>0x1512</load_address>
         <run_address>0x1512</run_address>
         <size>0x6f</size>
         <input_file_ref idref="fl-6"/>
      </object_component>
      <object_component id="oc-1e4">
         <name>.debug_line</name>
         <load_address>0x1581</load_address>
         <run_address>0x1581</run_address>
         <size>0x6b</size>
         <input_file_ref idref="fl-6"/>
      </object_component>
      <object_component id="oc-1f3">
         <name>.debug_line</name>
         <load_address>0x15ec</load_address>
         <run_address>0x15ec</run_address>
         <size>0x65</size>
         <input_file_ref idref="fl-7"/>
      </object_component>
      <object_component id="oc-1f1">
         <name>.debug_line</name>
         <load_address>0x1651</load_address>
         <run_address>0x1651</run_address>
         <size>0x36</size>
         <input_file_ref idref="fl-7"/>
      </object_component>
      <object_component id="oc-fc">
         <name>.debug_line</name>
         <load_address>0x1687</load_address>
         <run_address>0x1687</run_address>
         <size>0x159</size>
         <input_file_ref idref="fl-7"/>
      </object_component>
      <object_component id="oc-117">
         <name>.debug_line</name>
         <load_address>0x17e0</load_address>
         <run_address>0x17e0</run_address>
         <size>0x6b</size>
         <input_file_ref idref="fl-7"/>
      </object_component>
      <object_component id="oc-1c6">
         <name>.debug_line</name>
         <load_address>0x184b</load_address>
         <run_address>0x184b</run_address>
         <size>0x64</size>
         <input_file_ref idref="fl-7"/>
      </object_component>
      <object_component id="oc-c0">
         <name>.debug_line</name>
         <load_address>0x18af</load_address>
         <run_address>0x18af</run_address>
         <size>0x20</size>
         <input_file_ref idref="fl-7"/>
      </object_component>
      <object_component id="oc-6d">
         <name>.debug_line</name>
         <load_address>0x18cf</load_address>
         <run_address>0x18cf</run_address>
         <size>0x304</size>
         <input_file_ref idref="fl-8"/>
      </object_component>
      <object_component id="oc-31">
         <name>.debug_line</name>
         <load_address>0x1bd3</load_address>
         <run_address>0x1bd3</run_address>
         <size>0x4f</size>
         <input_file_ref idref="fl-a"/>
      </object_component>
      <object_component id="oc-1c2">
         <name>.debug_line</name>
         <load_address>0x1c22</load_address>
         <run_address>0x1c22</run_address>
         <size>0xf8</size>
         <input_file_ref idref="fl-b"/>
      </object_component>
      <object_component id="oc-1bc">
         <name>.debug_line</name>
         <load_address>0x1d1a</load_address>
         <run_address>0x1d1a</run_address>
         <size>0x38</size>
         <input_file_ref idref="fl-b"/>
      </object_component>
      <object_component id="oc-1b8">
         <name>.debug_line</name>
         <load_address>0x1d52</load_address>
         <run_address>0x1d52</run_address>
         <size>0x38</size>
         <input_file_ref idref="fl-b"/>
      </object_component>
      <object_component id="oc-1be">
         <name>.debug_line</name>
         <load_address>0x1d8a</load_address>
         <run_address>0x1d8a</run_address>
         <size>0x38</size>
         <input_file_ref idref="fl-b"/>
      </object_component>
      <object_component id="oc-1c0">
         <name>.debug_line</name>
         <load_address>0x1dc2</load_address>
         <run_address>0x1dc2</run_address>
         <size>0x38</size>
         <input_file_ref idref="fl-b"/>
      </object_component>
      <object_component id="oc-1ba">
         <name>.debug_line</name>
         <load_address>0x1dfa</load_address>
         <run_address>0x1dfa</run_address>
         <size>0x38</size>
         <input_file_ref idref="fl-b"/>
      </object_component>
      <object_component id="oc-8a">
         <name>.debug_line</name>
         <load_address>0x1e32</load_address>
         <run_address>0x1e32</run_address>
         <size>0x169</size>
         <input_file_ref idref="fl-b"/>
      </object_component>
      <object_component id="oc-1f8">
         <name>.debug_line</name>
         <load_address>0x1f9b</load_address>
         <run_address>0x1f9b</run_address>
         <size>0x20</size>
         <input_file_ref idref="fl-d"/>
      </object_component>
      <object_component id="oc-1fc">
         <name>.debug_line</name>
         <load_address>0x1fbb</load_address>
         <run_address>0x1fbb</run_address>
         <size>0x6c</size>
         <input_file_ref idref="fl-d"/>
      </object_component>
      <object_component id="oc-184">
         <name>.debug_line</name>
         <load_address>0x2027</load_address>
         <run_address>0x2027</run_address>
         <size>0x6c</size>
         <input_file_ref idref="fl-d"/>
      </object_component>
      <object_component id="oc-34">
         <name>.debug_line</name>
         <load_address>0x2093</load_address>
         <run_address>0x2093</run_address>
         <size>0x4b</size>
         <input_file_ref idref="fl-e"/>
      </object_component>
      <object_component id="oc-da">
         <name>.debug_line</name>
         <load_address>0x20de</load_address>
         <run_address>0x20de</run_address>
         <size>0x131</size>
         <input_file_ref idref="fl-10"/>
      </object_component>
      <object_component id="oc-192">
         <name>.debug_line</name>
         <load_address>0x220f</load_address>
         <run_address>0x220f</run_address>
         <size>0x10a</size>
         <input_file_ref idref="fl-11"/>
      </object_component>
      <object_component id="oc-76">
         <name>.debug_line</name>
         <load_address>0x2319</load_address>
         <run_address>0x2319</run_address>
         <size>0xd30</size>
         <input_file_ref idref="fl-11"/>
      </object_component>
      <object_component id="oc-23">
         <name>.debug_line</name>
         <load_address>0x3049</load_address>
         <run_address>0x3049</run_address>
         <size>0xfb</size>
         <input_file_ref idref="fl-12"/>
      </object_component>
      <object_component id="oc-12f">
         <name>.debug_line</name>
         <load_address>0x3144</load_address>
         <run_address>0x3144</run_address>
         <size>0xb4</size>
         <input_file_ref idref="fl-13"/>
      </object_component>
      <object_component id="oc-a0">
         <name>.debug_line</name>
         <load_address>0x31f8</load_address>
         <run_address>0x31f8</run_address>
         <size>0x37</size>
         <input_file_ref idref="fl-13"/>
      </object_component>
      <object_component id="oc-3d">
         <name>.debug_line</name>
         <load_address>0x322f</load_address>
         <run_address>0x322f</run_address>
         <size>0x1c5</size>
         <input_file_ref idref="fl-13"/>
      </object_component>
      <object_component id="oc-42">
         <name>.debug_line</name>
         <load_address>0x33f4</load_address>
         <run_address>0x33f4</run_address>
         <size>0xb2</size>
         <input_file_ref idref="fl-13"/>
      </object_component>
      <object_component id="oc-151">
         <name>.debug_line</name>
         <load_address>0x34a6</load_address>
         <run_address>0x34a6</run_address>
         <size>0x37</size>
         <input_file_ref idref="fl-13"/>
      </object_component>
      <object_component id="oc-158">
         <name>.debug_line</name>
         <load_address>0x34dd</load_address>
         <run_address>0x34dd</run_address>
         <size>0x109</size>
         <input_file_ref idref="fl-14"/>
      </object_component>
      <object_component id="oc-72">
         <name>.debug_line</name>
         <load_address>0x35e6</load_address>
         <run_address>0x35e6</run_address>
         <size>0x243</size>
         <input_file_ref idref="fl-14"/>
      </object_component>
      <object_component id="oc-19e">
         <name>.debug_line</name>
         <load_address>0x3829</load_address>
         <run_address>0x3829</run_address>
         <size>0xc4</size>
         <input_file_ref idref="fl-19"/>
      </object_component>
      <object_component id="oc-85">
         <name>.debug_line</name>
         <load_address>0x38ed</load_address>
         <run_address>0x38ed</run_address>
         <size>0x91</size>
         <input_file_ref idref="fl-19"/>
      </object_component>
      <object_component id="oc-1a2">
         <name>.debug_line</name>
         <load_address>0x397e</load_address>
         <run_address>0x397e</run_address>
         <size>0x2e</size>
         <input_file_ref idref="fl-19"/>
      </object_component>
      <object_component id="oc-1a7">
         <name>.debug_line</name>
         <load_address>0x39ac</load_address>
         <run_address>0x39ac</run_address>
         <size>0xa6</size>
         <input_file_ref idref="fl-19"/>
      </object_component>
      <object_component id="oc-bc">
         <name>.debug_line</name>
         <load_address>0x3a52</load_address>
         <run_address>0x3a52</run_address>
         <size>0xa5</size>
         <input_file_ref idref="fl-1a"/>
      </object_component>
      <object_component id="oc-11">
         <name>.debug_line</name>
         <load_address>0x3af7</load_address>
         <run_address>0x3af7</run_address>
         <size>0x58</size>
         <input_file_ref idref="fl-1a"/>
      </object_component>
      <object_component id="oc-4d">
         <name>.debug_line</name>
         <load_address>0x3b4f</load_address>
         <run_address>0x3b4f</run_address>
         <size>0x3a</size>
         <input_file_ref idref="fl-1a"/>
      </object_component>
      <object_component id="oc-b9">
         <name>.debug_line</name>
         <load_address>0x3b89</load_address>
         <run_address>0x3b89</run_address>
         <size>0xa5</size>
         <input_file_ref idref="fl-1a"/>
      </object_component>
      <object_component id="oc-c4">
         <name>.debug_line</name>
         <load_address>0x3c2e</load_address>
         <run_address>0x3c2e</run_address>
         <size>0xa5</size>
         <input_file_ref idref="fl-1b"/>
      </object_component>
      <object_component id="oc-51">
         <name>.debug_line</name>
         <load_address>0x3cd3</load_address>
         <run_address>0x3cd3</run_address>
         <size>0x9e</size>
         <input_file_ref idref="fl-1b"/>
      </object_component>
      <object_component id="oc-17">
         <name>.debug_line</name>
         <load_address>0x3d71</load_address>
         <run_address>0x3d71</run_address>
         <size>0x4b</size>
         <input_file_ref idref="fl-1b"/>
      </object_component>
      <object_component id="oc-5b">
         <name>.debug_line</name>
         <load_address>0x3dbc</load_address>
         <run_address>0x3dbc</run_address>
         <size>0x39</size>
         <input_file_ref idref="fl-1b"/>
      </object_component>
      <object_component id="oc-1e8">
         <name>.debug_line</name>
         <load_address>0x3df5</load_address>
         <run_address>0x3df5</run_address>
         <size>0xb3</size>
         <input_file_ref idref="fl-1d"/>
      </object_component>
      <object_component id="oc-e8">
         <name>.debug_line</name>
         <load_address>0x3ea8</load_address>
         <run_address>0x3ea8</run_address>
         <size>0x7a</size>
         <input_file_ref idref="fl-1d"/>
      </object_component>
      <object_component id="oc-1ec">
         <name>.debug_line</name>
         <load_address>0x3f22</load_address>
         <run_address>0x3f22</run_address>
         <size>0x2e</size>
         <input_file_ref idref="fl-1d"/>
      </object_component>
      <object_component id="oc-1d5">
         <name>.debug_line</name>
         <load_address>0x3f50</load_address>
         <run_address>0x3f50</run_address>
         <size>0x128</size>
         <input_file_ref idref="fl-1e"/>
      </object_component>
      <object_component id="oc-1c9">
         <name>.debug_line</name>
         <load_address>0x4078</load_address>
         <run_address>0x4078</run_address>
         <size>0x2a</size>
         <input_file_ref idref="fl-1e"/>
      </object_component>
      <object_component id="oc-91">
         <name>.debug_line</name>
         <load_address>0x40a2</load_address>
         <run_address>0x40a2</run_address>
         <size>0x86</size>
         <input_file_ref idref="fl-1e"/>
      </object_component>
      <object_component id="oc-48">
         <name>.debug_line</name>
         <load_address>0x4128</load_address>
         <run_address>0x4128</run_address>
         <size>0x88</size>
         <input_file_ref idref="fl-1f"/>
      </object_component>
      <object_component id="oc-61">
         <name>.debug_line</name>
         <load_address>0x41b0</load_address>
         <run_address>0x41b0</run_address>
         <size>0x79</size>
         <input_file_ref idref="fl-20"/>
      </object_component>
      <object_component id="oc-ef">
         <name>.debug_line</name>
         <load_address>0x4229</load_address>
         <run_address>0x4229</run_address>
         <size>0x3c</size>
         <input_file_ref idref="fl-21"/>
      </object_component>
      <object_component id="oc-1f6">
         <name>.debug_line</name>
         <load_address>0x4265</load_address>
         <run_address>0x4265</run_address>
         <size>0x20</size>
         <input_file_ref idref="fl-22"/>
      </object_component>
      <object_component id="oc-1d1">
         <name>.debug_line</name>
         <load_address>0x4285</load_address>
         <run_address>0x4285</run_address>
         <size>0x2b</size>
         <input_file_ref idref="fl-22"/>
      </object_component>
      <object_component id="oc-1cb">
         <name>.debug_line</name>
         <load_address>0x42b0</load_address>
         <run_address>0x42b0</run_address>
         <size>0x68</size>
         <input_file_ref idref="fl-22"/>
      </object_component>
      <object_component id="oc-f7">
         <name>.debug_frame</name>
         <load_address>0x0</load_address>
         <run_address>0x0</run_address>
         <size>0x266</size>
         <input_file_ref idref="fl-2"/>
      </object_component>
      <object_component id="oc-7f">
         <name>.debug_frame</name>
         <load_address>0x266</load_address>
         <run_address>0x266</run_address>
         <size>0x1b6</size>
         <input_file_ref idref="fl-4"/>
      </object_component>
      <object_component id="oc-28">
         <name>.debug_frame</name>
         <load_address>0x41c</load_address>
         <run_address>0x41c</run_address>
         <size>0x9f</size>
         <input_file_ref idref="fl-4"/>
      </object_component>
      <object_component id="oc-98">
         <name>.debug_frame</name>
         <load_address>0x4bb</load_address>
         <run_address>0x4bb</run_address>
         <size>0xf8</size>
         <input_file_ref idref="fl-5"/>
      </object_component>
      <object_component id="oc-d3">
         <name>.debug_frame</name>
         <load_address>0x5b3</load_address>
         <run_address>0x5b3</run_address>
         <size>0x6b</size>
         <input_file_ref idref="fl-6"/>
      </object_component>
      <object_component id="oc-fd">
         <name>.debug_frame</name>
         <load_address>0x61e</load_address>
         <run_address>0x61e</run_address>
         <size>0xb4</size>
         <input_file_ref idref="fl-7"/>
      </object_component>
      <object_component id="oc-8b">
         <name>.debug_frame</name>
         <load_address>0x6d2</load_address>
         <run_address>0x6d2</run_address>
         <size>0xab</size>
         <input_file_ref idref="fl-b"/>
      </object_component>
      <object_component id="oc-33">
         <name>.debug_frame</name>
         <load_address>0x77d</load_address>
         <run_address>0x77d</run_address>
         <size>0x51</size>
         <input_file_ref idref="fl-e"/>
      </object_component>
      <object_component id="oc-75">
         <name>.debug_frame</name>
         <load_address>0x7ce</load_address>
         <run_address>0x7ce</run_address>
         <size>0x570</size>
         <input_file_ref idref="fl-11"/>
      </object_component>
      <object_component id="oc-1f">
         <name>.debug_frame</name>
         <load_address>0xd3e</load_address>
         <run_address>0xd3e</run_address>
         <size>0x50</size>
         <input_file_ref idref="fl-12"/>
      </object_component>
      <object_component id="oc-3e">
         <name>.debug_frame</name>
         <load_address>0xd8e</load_address>
         <run_address>0xd8e</run_address>
         <size>0xb6</size>
         <input_file_ref idref="fl-13"/>
      </object_component>
      <object_component id="oc-43">
         <name>.debug_frame</name>
         <load_address>0xe44</load_address>
         <run_address>0xe44</run_address>
         <size>0xa0</size>
         <input_file_ref idref="fl-13"/>
      </object_component>
      <object_component id="oc-73">
         <name>.debug_frame</name>
         <load_address>0xee4</load_address>
         <run_address>0xee4</run_address>
         <size>0x115</size>
         <input_file_ref idref="fl-14"/>
      </object_component>
      <object_component id="oc-84">
         <name>.debug_frame</name>
         <load_address>0xff9</load_address>
         <run_address>0xff9</run_address>
         <size>0x5c</size>
         <input_file_ref idref="fl-19"/>
      </object_component>
      <object_component id="oc-10">
         <name>.debug_frame</name>
         <load_address>0x1055</load_address>
         <run_address>0x1055</run_address>
         <size>0x51</size>
         <input_file_ref idref="fl-1a"/>
      </object_component>
      <object_component id="oc-55">
         <name>.debug_frame</name>
         <load_address>0x10a6</load_address>
         <run_address>0x10a6</run_address>
         <size>0x60</size>
         <input_file_ref idref="fl-1b"/>
      </object_component>
      <object_component id="oc-13">
         <name>.debug_frame</name>
         <load_address>0x1106</load_address>
         <run_address>0x1106</run_address>
         <size>0x51</size>
         <input_file_ref idref="fl-1b"/>
      </object_component>
      <object_component id="oc-e9">
         <name>.debug_frame</name>
         <load_address>0x1157</load_address>
         <run_address>0x1157</run_address>
         <size>0x60</size>
         <input_file_ref idref="fl-1d"/>
      </object_component>
      <object_component id="oc-90">
         <name>.debug_frame</name>
         <load_address>0x11b7</load_address>
         <run_address>0x11b7</run_address>
         <size>0x85</size>
         <input_file_ref idref="fl-1e"/>
      </object_component>
      <object_component id="oc-ee">
         <name>.debug_frame</name>
         <load_address>0x123c</load_address>
         <run_address>0x123c</run_address>
         <size>0x51</size>
         <input_file_ref idref="fl-21"/>
      </object_component>
      <object_component id="oc-1cd">
         <name>.debug_frame</name>
         <load_address>0x128d</load_address>
         <run_address>0x128d</run_address>
         <size>0x73</size>
         <input_file_ref idref="fl-22"/>
      </object_component>
      <object_component id="oc-1dd">
         <name>.debug_abbrev</name>
         <load_address>0x0</load_address>
         <run_address>0x0</run_address>
         <size>0x62</size>
         <input_file_ref idref="fl-2"/>
      </object_component>
      <object_component id="oc-1ee">
         <name>.debug_abbrev</name>
         <load_address>0x62</load_address>
         <run_address>0x62</run_address>
         <size>0x27</size>
         <input_file_ref idref="fl-2"/>
      </object_component>
      <object_component id="oc-1ac">
         <name>.debug_abbrev</name>
         <load_address>0x89</load_address>
         <run_address>0x89</run_address>
         <size>0xc8</size>
         <input_file_ref idref="fl-2"/>
      </object_component>
      <object_component id="oc-9c">
         <name>.debug_abbrev</name>
         <load_address>0x151</load_address>
         <run_address>0x151</run_address>
         <size>0x5a</size>
         <input_file_ref idref="fl-2"/>
      </object_component>
      <object_component id="oc-111">
         <name>.debug_abbrev</name>
         <load_address>0x1ab</load_address>
         <run_address>0x1ab</run_address>
         <size>0x1f</size>
         <input_file_ref idref="fl-2"/>
      </object_component>
      <object_component id="oc-ac">
         <name>.debug_abbrev</name>
         <load_address>0x1ca</load_address>
         <run_address>0x1ca</run_address>
         <size>0x7c</size>
         <input_file_ref idref="fl-2"/>
      </object_component>
      <object_component id="oc-12b">
         <name>.debug_abbrev</name>
         <load_address>0x246</load_address>
         <run_address>0x246</run_address>
         <size>0x35</size>
         <input_file_ref idref="fl-2"/>
      </object_component>
      <object_component id="oc-b1">
         <name>.debug_abbrev</name>
         <load_address>0x27b</load_address>
         <run_address>0x27b</run_address>
         <size>0x55</size>
         <input_file_ref idref="fl-2"/>
      </object_component>
      <object_component id="oc-16a">
         <name>.debug_abbrev</name>
         <load_address>0x2d0</load_address>
         <run_address>0x2d0</run_address>
         <size>0x4b</size>
         <input_file_ref idref="fl-2"/>
      </object_component>
      <object_component id="oc-1af">
         <name>.debug_abbrev</name>
         <load_address>0x31b</load_address>
         <run_address>0x31b</run_address>
         <size>0x7a</size>
         <input_file_ref idref="fl-2"/>
      </object_component>
      <object_component id="oc-14b">
         <name>.debug_abbrev</name>
         <load_address>0x395</load_address>
         <run_address>0x395</run_address>
         <size>0x4b</size>
         <input_file_ref idref="fl-2"/>
      </object_component>
      <object_component id="oc-153">
         <name>.debug_abbrev</name>
         <load_address>0x3e0</load_address>
         <run_address>0x3e0</run_address>
         <size>0x36</size>
         <input_file_ref idref="fl-3"/>
      </object_component>
      <object_component id="oc-198">
         <name>.debug_abbrev</name>
         <load_address>0x416</load_address>
         <run_address>0x416</run_address>
         <size>0x64</size>
         <input_file_ref idref="fl-4"/>
      </object_component>
      <object_component id="oc-dd">
         <name>.debug_abbrev</name>
         <load_address>0x47a</load_address>
         <run_address>0x47a</run_address>
         <size>0xc8</size>
         <input_file_ref idref="fl-4"/>
      </object_component>
      <object_component id="oc-99">
         <name>.debug_abbrev</name>
         <load_address>0x542</load_address>
         <run_address>0x542</run_address>
         <size>0x6f</size>
         <input_file_ref idref="fl-4"/>
      </object_component>
      <object_component id="oc-132">
         <name>.debug_abbrev</name>
         <load_address>0x5b1</load_address>
         <run_address>0x5b1</run_address>
         <size>0x4b</size>
         <input_file_ref idref="fl-4"/>
      </object_component>
      <object_component id="oc-e0">
         <name>.debug_abbrev</name>
         <load_address>0x5fc</load_address>
         <run_address>0x5fc</run_address>
         <size>0x6b</size>
         <input_file_ref idref="fl-4"/>
      </object_component>
      <object_component id="oc-1d6">
         <name>.debug_abbrev</name>
         <load_address>0x667</load_address>
         <run_address>0x667</run_address>
         <size>0x54</size>
         <input_file_ref idref="fl-5"/>
      </object_component>
      <object_component id="oc-122">
         <name>.debug_abbrev</name>
         <load_address>0x6bb</load_address>
         <run_address>0x6bb</run_address>
         <size>0x6c</size>
         <input_file_ref idref="fl-5"/>
      </object_component>
      <object_component id="oc-15b">
         <name>.debug_abbrev</name>
         <load_address>0x727</load_address>
         <run_address>0x727</run_address>
         <size>0x7c</size>
         <input_file_ref idref="fl-5"/>
      </object_component>
      <object_component id="oc-160">
         <name>.debug_abbrev</name>
         <load_address>0x7a3</load_address>
         <run_address>0x7a3</run_address>
         <size>0x5a</size>
         <input_file_ref idref="fl-5"/>
      </object_component>
      <object_component id="oc-165">
         <name>.debug_abbrev</name>
         <load_address>0x7fd</load_address>
         <run_address>0x7fd</run_address>
         <size>0x7f</size>
         <input_file_ref idref="fl-5"/>
      </object_component>
      <object_component id="oc-1da">
         <name>.debug_abbrev</name>
         <load_address>0x87c</load_address>
         <run_address>0x87c</run_address>
         <size>0x5a</size>
         <input_file_ref idref="fl-5"/>
      </object_component>
      <object_component id="oc-126">
         <name>.debug_abbrev</name>
         <load_address>0x8d6</load_address>
         <run_address>0x8d6</run_address>
         <size>0xe8</size>
         <input_file_ref idref="fl-5"/>
      </object_component>
      <object_component id="oc-c7">
         <name>.debug_abbrev</name>
         <load_address>0x9be</load_address>
         <run_address>0x9be</run_address>
         <size>0x24</size>
         <input_file_ref idref="fl-5"/>
      </object_component>
      <object_component id="oc-195">
         <name>.debug_abbrev</name>
         <load_address>0x9e2</load_address>
         <run_address>0x9e2</run_address>
         <size>0xc1</size>
         <input_file_ref idref="fl-5"/>
      </object_component>
      <object_component id="oc-16f">
         <name>.debug_abbrev</name>
         <load_address>0xaa3</load_address>
         <run_address>0xaa3</run_address>
         <size>0x4b</size>
         <input_file_ref idref="fl-5"/>
      </object_component>
      <object_component id="oc-137">
         <name>.debug_abbrev</name>
         <load_address>0xaee</load_address>
         <run_address>0xaee</run_address>
         <size>0x4b</size>
         <input_file_ref idref="fl-5"/>
      </object_component>
      <object_component id="oc-188">
         <name>.debug_abbrev</name>
         <load_address>0xb39</load_address>
         <run_address>0xb39</run_address>
         <size>0xb2</size>
         <input_file_ref idref="fl-5"/>
      </object_component>
      <object_component id="oc-13c">
         <name>.debug_abbrev</name>
         <load_address>0xbeb</load_address>
         <run_address>0xbeb</run_address>
         <size>0x4b</size>
         <input_file_ref idref="fl-5"/>
      </object_component>
      <object_component id="oc-174">
         <name>.debug_abbrev</name>
         <load_address>0xc36</load_address>
         <run_address>0xc36</run_address>
         <size>0x5c</size>
         <input_file_ref idref="fl-5"/>
      </object_component>
      <object_component id="oc-17e">
         <name>.debug_abbrev</name>
         <load_address>0xc92</load_address>
         <run_address>0xc92</run_address>
         <size>0x4b</size>
         <input_file_ref idref="fl-5"/>
      </object_component>
      <object_component id="oc-18d">
         <name>.debug_abbrev</name>
         <load_address>0xcdd</load_address>
         <run_address>0xcdd</run_address>
         <size>0x4b</size>
         <input_file_ref idref="fl-5"/>
      </object_component>
      <object_component id="oc-141">
         <name>.debug_abbrev</name>
         <load_address>0xd28</load_address>
         <run_address>0xd28</run_address>
         <size>0x5c</size>
         <input_file_ref idref="fl-5"/>
      </object_component>
      <object_component id="oc-146">
         <name>.debug_abbrev</name>
         <load_address>0xd84</load_address>
         <run_address>0xd84</run_address>
         <size>0x4b</size>
         <input_file_ref idref="fl-5"/>
      </object_component>
      <object_component id="oc-1df">
         <name>.debug_abbrev</name>
         <load_address>0xdcf</load_address>
         <run_address>0xdcf</run_address>
         <size>0x23</size>
         <input_file_ref idref="fl-6"/>
      </object_component>
      <object_component id="oc-155">
         <name>.debug_abbrev</name>
         <load_address>0xdf2</load_address>
         <run_address>0xdf2</run_address>
         <size>0x99</size>
         <input_file_ref idref="fl-6"/>
      </object_component>
      <object_component id="oc-179">
         <name>.debug_abbrev</name>
         <load_address>0xe8b</load_address>
         <run_address>0xe8b</run_address>
         <size>0x4b</size>
         <input_file_ref idref="fl-6"/>
      </object_component>
      <object_component id="oc-1e3">
         <name>.debug_abbrev</name>
         <load_address>0xed6</load_address>
         <run_address>0xed6</run_address>
         <size>0x4b</size>
         <input_file_ref idref="fl-6"/>
      </object_component>
      <object_component id="oc-1f2">
         <name>.debug_abbrev</name>
         <load_address>0xf21</load_address>
         <run_address>0xf21</run_address>
         <size>0x63</size>
         <input_file_ref idref="fl-7"/>
      </object_component>
      <object_component id="oc-1f0">
         <name>.debug_abbrev</name>
         <load_address>0xf84</load_address>
         <run_address>0xf84</run_address>
         <size>0x29</size>
         <input_file_ref idref="fl-7"/>
      </object_component>
      <object_component id="oc-1b5">
         <name>.debug_abbrev</name>
         <load_address>0xfad</load_address>
         <run_address>0xfad</run_address>
         <size>0xa7</size>
         <input_file_ref idref="fl-7"/>
      </object_component>
      <object_component id="oc-116">
         <name>.debug_abbrev</name>
         <load_address>0x1054</load_address>
         <run_address>0x1054</run_address>
         <size>0x49</size>
         <input_file_ref idref="fl-7"/>
      </object_component>
      <object_component id="oc-1c5">
         <name>.debug_abbrev</name>
         <load_address>0x109d</load_address>
         <run_address>0x109d</run_address>
         <size>0x5a</size>
         <input_file_ref idref="fl-7"/>
      </object_component>
      <object_component id="oc-bf">
         <name>.debug_abbrev</name>
         <load_address>0x10f7</load_address>
         <run_address>0x10f7</run_address>
         <size>0x1f</size>
         <input_file_ref idref="fl-7"/>
      </object_component>
[...]
         <value>0x6ed0</value>
         <object_component_ref idref="oc-69"/>
      </symbol>
      <symbol id="sm-29e">
         <name>_coreClearAuxiliaryDataFault_</name>
         <value>0x7014</value>
         <object_component_ref idref="oc-69"/>
      </symbol>
      <symbol id="sm-29f">
         <name>_coreEnableEventBusExport_</name>
         <value>0x6ef0</value>
         <object_component_ref idref="oc-69"/>
      </symbol>
      <symbol id="sm-2ac">
         <name>resetEntry</name>
         <value>0x0</value>
         <object_component_ref idref="oc-2d"/>
      </symbol>
      <symbol id="sm-2fa">
         <name>checkPackets</name>
         <value>0x6264</value>
         <object_component_ref idref="oc-86"/>
      </symbol>
      <symbol id="sm-2fb">
         <name>minimac</name>
         <value>0x66a4</value>
         <object_component_ref idref="oc-86"/>
      </symbol>
      <symbol id="sm-2fc">
         <name>error</name>
         <value>0x8001660</value>
         <object_component_ref idref="oc-fe"/>
      </symbol>
      <symbol id="sm-2fd">
         <name>hmac</name>
         <value>0x62e4</value>
         <object_component_ref idref="oc-86"/>
      </symbol>
      <symbol id="sm-2fe">
         <name>key</name>
         <value>0x8001640</value>
         <object_component_ref idref="oc-101"/>
      </symbol>
      <symbol id="sm-2ff">
         <name>rx_data</name>
         <value>0x8001684</value>
         <object_component_ref idref="oc-104"/>
      </symbol>
      <symbol id="sm-300">
         <name>main</name>
         <value>0x6114</value>
         <object_component_ref idref="oc-86"/>
      </symbol>
      <symbol id="sm-301">
         <name>hist_recent</name>
         <value>0x8001620</value>
         <object_component_ref idref="oc-107"/>
      </symbol>
      <symbol id="sm-302">
         <name>counter</name>
         <value>0x8001668</value>
         <object_component_ref idref="oc-fe"/>
      </symbol>
      <symbol id="sm-303">
         <name>hist_periodic</name>
         <value>0x8001600</value>
         <object_component_ref idref="oc-10a"/>
      </symbol>
      <symbol id="sm-31c">
         <name>phantomInterrupt</name>
         <value>0x7ce8</value>
         <object_component_ref idref="oc-32"/>
      </symbol>
      <symbol id="sm-326">
         <name>_pmuResetCounters_</name>
         <value>0x7844</value>
         <object_component_ref idref="oc-d6"/>
      </symbol>
      <symbol id="sm-327">
         <name>_pmuGetEventCount_</name>
         <value>0x7880</value>
         <object_component_ref idref="oc-d6"/>
      </symbol>
      <symbol id="sm-328">
         <name>_pmuResetEventCounters_</name>
         <value>0x782c</value>
         <object_component_ref idref="oc-d6"/>
      </symbol>
      <symbol id="sm-329">
         <name>_pmuStopCounters_</name>
         <value>0x7864</value>
         <object_component_ref idref="oc-d6"/>
      </symbol>
      <symbol id="sm-32a">
         <name>_pmuInit_</name>
         <value>0x7790</value>
         <object_component_ref idref="oc-d6"/>
      </symbol>
      <symbol id="sm-32b">
         <name>_pmuGetOverflow_</name>
         <value>0x788c</value>
         <object_component_ref idref="oc-d6"/>
      </symbol>
      <symbol id="sm-32c">
         <name>_pmuResetCycleCounter_</name>
         <value>0x7814</value>
         <object_component_ref idref="oc-d6"/>
      </symbol>
      <symbol id="sm-32d">
         <name>_pmuSetCountEvent_</name>
         <value>0x786c</value>
         <object_component_ref idref="oc-d6"/>
      </symbol>
      <symbol id="sm-32e">
         <name>_pmuGetCycleCount_</name>
         <value>0x7878</value>
         <object_component_ref idref="oc-d6"/>
      </symbol>
      <symbol id="sm-32f">
         <name>_pmuEnableCountersGlobal_</name>
         <value>0x77e4</value>
         <object_component_ref idref="oc-d6"/>
      </symbol>
      <symbol id="sm-330">
         <name>_pmuDisableCountersGlobal_</name>
         <value>0x77fc</value>
         <object_component_ref idref="oc-d6"/>
      </symbol>
      <symbol id="sm-331">
         <name>_pmuStartCounters_</name>
         <value>0x785c</value>
         <object_component_ref idref="oc-d6"/>
      </symbol>
      <symbol id="sm-4f1">
         <name>pbistSelfCheck</name>
         <value>0x2cc</value>
         <object_component_ref idref="oc-74"/>
      </symbol>
      <symbol id="sm-4f2">
         <name>fmcBus1ParityCheck</name>
         <value>0x22c4</value>
         <object_component_ref idref="oc-74"/>
      </symbol>
      <symbol id="sm-4f3">
         <name>can1ParityCheck</name>
         <value>0x1410</value>
         <object_component_ref idref="oc-74"/>
      </symbol>
      <symbol id="sm-4f4">
         <name>enableParity</name>
         <value>0x2ad0</value>
         <object_component_ref idref="oc-74"/>
      </symbol>
      <symbol id="sm-4f5">
         <name>dmaParityCheck</name>
         <value>0xeac</value>
         <object_component_ref idref="oc-74"/>
      </symbol>
      <symbol id="sm-4f6">
         <name>custom_dabort</name>
         <value>0xdf4</value>
         <object_component_ref idref="oc-74"/>
      </symbol>
      <symbol id="sm-4f7">
         <name>memoryInit</name>
         <value>0x174</value>
         <object_component_ref idref="oc-74"/>
      </symbol>
      <symbol id="sm-4f8">
         <name>stcSelfCheck</name>
         <value>0x1b8</value>
         <object_component_ref idref="oc-74"/>
      </symbol>
      <symbol id="sm-4f9">
         <name>efcGetConfigValue</name>
         <value>0x2660</value>
         <object_component_ref idref="oc-74"/>
      </symbol>
      <symbol id="sm-4fa">
         <name>can2ParityCheck</name>
         <value>0x14e8</value>
         <object_component_ref idref="oc-74"/>
      </symbol>
      <symbol id="sm-4fb">
         <name>het1ParityCheck</name>
         <value>0xf58</value>
         <object_component_ref idref="oc-74"/>
      </symbol>
      <symbol id="sm-4fc">
         <name>adc1ParityCheck</name>
         <value>0x126c</value>
         <object_component_ref idref="oc-74"/>
      </symbol>
      <symbol id="sm-4fd">
         <name>checkefcSelfTest</name>
         <value>0x7bc</value>
         <object_component_ref idref="oc-74"/>
      </symbol>
      <symbol id="sm-4fe">
         <name>checkRAMECC</name>
         <value>0x19d0</value>
         <object_component_ref idref="oc-74"/>
      </symbol>
      <symbol id="sm-4ff">
         <name>stcSelfCheckFail</name>
         <value>0xdf8</value>
         <object_component_ref idref="oc-74"/>
      </symbol>
      <symbol id="sm-500">
         <name>ccmSelfCheck</name>
         <value>0x30</value>
         <object_component_ref idref="oc-74"/>
      </symbol>
      <symbol id="sm-501">
         <name>efcCheck</name>
         <value>0x660</value>
         <object_component_ref idref="oc-74"/>
      </symbol>
      <symbol id="sm-502">
         <name>het2ParityCheck</name>
         <value>0x10c0</value>
         <object_component_ref idref="oc-74"/>
      </symbol>
      <symbol id="sm-503">
         <name>adc2ParityCheck</name>
         <value>0x1358</value>
         <object_component_ref idref="oc-74"/>
      </symbol>
      <symbol id="sm-504">
         <name>cpuSelfTest</name>
         <value>0x234</value>
         <object_component_ref idref="oc-74"/>
      </symbol>
      <symbol id="sm-505">
         <name>htu1ParityCheck</name>
         <value>0x1004</value>
         <object_component_ref idref="oc-74"/>
      </symbol>
      <symbol id="sm-506">
         <name>checkFlashECC</name>
         <value>0xd18</value>
         <object_component_ref idref="oc-74"/>
      </symbol>
      <symbol id="sm-507">
         <name>cpuSelfTestFail</name>
         <value>0xdfc</value>
         <object_component_ref idref="oc-74"/>
      </symbol>
      <symbol id="sm-508">
         <name>checkPLL1Slip</name>
         <value>0x1e8c</value>
         <object_component_ref idref="oc-74"/>
      </symbol>
      <symbol id="sm-509">
         <name>mibspi1ParityCheck</name>
         <value>0x1684</value>
         <object_component_ref idref="oc-74"/>
      </symbol>
      <symbol id="sm-50a">
         <name>ccmr4GetConfigValue</name>
         <value>0x26fc</value>
         <object_component_ref idref="oc-74"/>
      </symbol>
      <symbol id="sm-50b">
         <name>htu2ParityCheck</name>
         <value>0x11bc</value>
         <object_component_ref idref="oc-74"/>
      </symbol>
      <symbol id="sm-50c">
         <name>pbistPortTestStatus</name>
         <value>0x608</value>
         <object_component_ref idref="oc-74"/>
      </symbol>
      <symbol id="sm-50d">
         <name>checkFlashEEPROMECC</name>
         <value>0x1cf4</value>
         <object_component_ref idref="oc-74"/>
      </symbol>
      <symbol id="sm-50e">
         <name>pbistGetConfigValue</name>
         <value>0x2470</value>
         <object_component_ref idref="oc-74"/>
      </symbol>
      <symbol id="sm-50f">
         <name>vimParityCheck</name>
         <value>0xe00</value>
         <object_component_ref idref="oc-74"/>
      </symbol>
      <symbol id="sm-510">
         <name>pbistIsTestCompleted</name>
         <value>0x5a8</value>
         <object_component_ref idref="oc-74"/>
      </symbol>
      <symbol id="sm-511">
         <name>disableParity</name>
         <value>0x2b58</value>
         <object_component_ref idref="oc-74"/>
      </symbol>
      <symbol id="sm-512">
         <name>pbistRun</name>
         <value>0x4ac</value>
         <object_component_ref idref="oc-74"/>
      </symbol>
      <symbol id="sm-513">
         <name>pbistFail</name>
         <value>0x23ec</value>
         <object_component_ref idref="oc-74"/>
      </symbol>
      <symbol id="sm-514">
         <name>selftestFailNotification</name>
         <value>0x20</value>
         <object_component_ref idref="oc-74"/>
      </symbol>
      <symbol id="sm-515">
         <name>errata_PBIST_4</name>
         <value>0x276c</value>
         <object_component_ref idref="oc-74"/>
      </symbol>
      <symbol id="sm-516">
         <name>mibspi3ParityCheck</name>
         <value>0x178c</value>
         <object_component_ref idref="oc-74"/>
      </symbol>
      <symbol id="sm-517">
         <name>efcSelfTest</name>
         <value>0x794</value>
         <object_component_ref idref="oc-74"/>
      </symbol>
      <symbol id="sm-518">
         <name>checkB1RAMECC</name>
         <value>0xb28</value>
         <object_component_ref idref="oc-74"/>
      </symbol>
      <symbol id="sm-519">
         <name>pbistStop</name>
         <value>0x578</value>
         <object_component_ref idref="oc-74"/>
      </symbol>
      <symbol id="sm-51a">
         <name>can3ParityCheck</name>
         <value>0x15b0</value>
         <object_component_ref idref="oc-74"/>
      </symbol>
      <symbol id="sm-51b">
         <name>checkRAMAddrParity</name>
         <value>0x2050</value>
         <object_component_ref idref="oc-74"/>
      </symbol>
      <symbol id="sm-51c">
         <name>mibspi5ParityCheck</name>
         <value>0x18b0</value>
         <object_component_ref idref="oc-74"/>
      </symbol>
      <symbol id="sm-51d">
         <name>checkB0RAMECC</name>
         <value>0x938</value>
         <object_component_ref idref="oc-74"/>
      </symbol>
      <symbol id="sm-51e">
         <name>stcGetConfigValue</name>
         <value>0x25bc</value>
         <object_component_ref idref="oc-74"/>
      </symbol>
      <symbol id="sm-51f">
         <name>pbistIsTestPassed</name>
         <value>0x5d4</value>
         <object_component_ref idref="oc-74"/>
      </symbol>
      <symbol id="sm-520">
         <name>checkClockMonitor</name>
         <value>0x1c18</value>
         <object_component_ref idref="oc-74"/>
      </symbol>
      <symbol id="sm-521">
         <name>fmcECCcheck</name>
         <value>0x898</value>
         <object_component_ref idref="oc-74"/>
      </symbol>
      <symbol id="sm-522">
         <name>fmcBus2Check</name>
         <value>0x85c</value>
         <object_component_ref idref="oc-74"/>
      </symbol>
      <symbol id="sm-523">
         <name>checkRAMUERRTest</name>
         <value>0x215c</value>
         <object_component_ref idref="oc-74"/>
      </symbol>
      <symbol id="sm-524">
         <name>efcStuckZeroTest</name>
         <value>0x6e8</value>
         <object_component_ref idref="oc-74"/>
      </symbol>
      <symbol id="sm-525">
         <name>checkPLL2Slip</name>
         <value>0x1f8c</value>
         <object_component_ref idref="oc-74"/>
      </symbol>
      <symbol id="sm-54d">
         <name>_c_int00</name>
         <value>0x7400</value>
         <object_component_ref idref="oc-1e"/>
      </symbol>
      <symbol id="sm-5fb">
         <name>vimChannelMap</name>
         <value>0x4640</value>
         <object_component_ref idref="oc-39"/>
      </symbol>
      <symbol id="sm-5fc">
         <name>vimInit</name>
         <value>0x456c</value>
         <object_component_ref idref="oc-39"/>
      </symbol>
      <symbol id="sm-5fd">
         <name>vimEnableInterrupt</name>
         <value>0x46e4</value>
         <object_component_ref idref="oc-39"/>
      </symbol>
      <symbol id="sm-5fe">
         <name>vimDisableInterrupt</name>
         <value>0x48ac</value>
         <object_component_ref idref="oc-39"/>
      </symbol>
      <symbol id="sm-5ff">
         <name>vimGetConfigValue</name>
         <value>0x4958</value>
         <object_component_ref idref="oc-39"/>
      </symbol>
      <symbol id="sm-600">
         <name>vimParityErrorHandler</name>
         <value>0x7124</value>
         <object_component_ref idref="oc-38"/>
      </symbol>
      <symbol id="sm-65a">
         <name>systemGetConfigValue</name>
         <value>0x3da4</value>
         <object_component_ref idref="oc-6e"/>
      </symbol>
      <symbol id="sm-65b">
         <name>trimLPO</name>
         <value>0x3aa4</value>
         <object_component_ref idref="oc-6e"/>
      </symbol>
      <symbol id="sm-65c">
         <name>systemInit</name>
         <value>0x3ca8</value>
         <object_component_ref idref="oc-6e"/>
      </symbol>
      <symbol id="sm-65d">
         <name>tcmflashGetConfigValue</name>
         <value>0x41b8</value>
         <object_component_ref idref="oc-6e"/>
      </symbol>
      <symbol id="sm-65e">
         <name>sramGetConfigValue</name>
         <value>0x4364</value>
         <object_component_ref idref="oc-6e"/>
      </symbol>
      <symbol id="sm-65f">
         <name>periphInit</name>
         <value>0x3b2c</value>
         <object_component_ref idref="oc-6e"/>
      </symbol>
      <symbol id="sm-660">
         <name>setupFlash</name>
         <value>0x3aec</value>
         <object_component_ref idref="oc-6e"/>
      </symbol>
      <symbol id="sm-661">
         <name>setupPLL</name>
         <value>0x3a44</value>
         <object_component_ref idref="oc-6e"/>
      </symbol>
      <symbol id="sm-662">
         <name>mapClocks</name>
         <value>0x3b80</value>
         <object_component_ref idref="oc-6e"/>
      </symbol>
      <symbol id="sm-663">
         <name>systemPowerDown</name>
         <value>0x3d74</value>
         <object_component_ref idref="oc-6e"/>
      </symbol>
      <symbol id="sm-688">
         <name>__TI_auto_init</name>
         <value>0x7b49</value>
         <object_component_ref idref="oc-80"/>
      </symbol>
      <symbol id="sm-69f">
         <name>__TI_decompress_none</name>
         <value>0x7cd5</value>
         <object_component_ref idref="oc-c"/>
      </symbol>
      <symbol id="sm-6c1">
         <name>__TI_decompress_rle24</name>
         <value>0x7ce3</value>
         <object_component_ref idref="oc-12"/>
      </symbol>
      <symbol id="sm-6dc">
         <name>copy_in</name>
         <value>0x7c75</value>
         <object_component_ref idref="oc-e4"/>
      </symbol>
      <symbol id="sm-6fd">
         <name>C$$EXIT</name>
         <value>0x7c25</value>
         <object_component_ref idref="oc-8c"/>
      </symbol>
      <symbol id="sm-6fe">
         <name>abort</name>
         <value>0x7c29</value>
         <object_component_ref idref="oc-8c"/>
      </symbol>
      <symbol id="sm-6ff">
         <name>exit</name>
         <value>0x7c31</value>
         <object_component_ref idref="oc-8c"/>
      </symbol>
      <symbol id="sm-700">
         <name>__TI_dtors_ptr</name>
         <value>0x8001674</value>
         <object_component_ref idref="oc-119"/>
      </symbol>
      <symbol id="sm-701">
         <name>__TI_cleanup_ptr</name>
         <value>0x8001670</value>
         <object_component_ref idref="oc-119"/>
      </symbol>
      <symbol id="sm-702">
         <name>__TI_enable_exit_profile_output</name>
         <value>0x8001678</value>
         <object_component_ref idref="oc-119"/>
      </symbol>
      <symbol id="sm-71d">
         <name>memcpy</name>
         <value>0x7a31</value>
         <object_component_ref idref="oc-44"/>
      </symbol>
      <symbol id="sm-71e">
         <name>__aeabi_memcpy</name>
         <value>0x7a31</value>
         <object_component_ref idref="oc-44"/>
      </symbol>
      <symbol id="sm-71f">
         <name>__aeabi_memcpy8</name>
         <value>0x7a31</value>
         <object_component_ref idref="oc-44"/>
      </symbol>
      <symbol id="sm-720">
         <name>__aeabi_memcpy4</name>
         <value>0x7a31</value>
         <object_component_ref idref="oc-44"/>
      </symbol>
      <symbol id="sm-72f">
         <name>__aeabi_memset</name>
         <value>0x7acf</value>
         <object_component_ref idref="oc-5d"/>
      </symbol>
      <symbol id="sm-730">
         <name>memset</name>
         <value>0x7ad5</value>
         <object_component_ref idref="oc-5d"/>
      </symbol>
      <symbol id="sm-731">
         <name>__aeabi_memset8</name>
         <value>0x7acf</value>
         <object_component_ref idref="oc-5d"/>
      </symbol>
      <symbol id="sm-732">
         <name>__aeabi_memset4</name>
         <value>0x7acf</value>
         <object_component_ref idref="oc-5d"/>
      </symbol>
      <symbol id="sm-733">
         <name>__aeabi_memclr8</name>
         <value>0x7acd</value>
         <object_component_ref idref="oc-5d"/>
      </symbol>
      <symbol id="sm-734">
         <name>__aeabi_memclr4</name>
         <value>0x7acd</value>
         <object_component_ref idref="oc-5d"/>
      </symbol>
      <symbol id="sm-735">
         <name>__aeabi_memclr</name>
         <value>0x7acd</value>
         <object_component_ref idref="oc-5d"/>
      </symbol>
      <symbol id="sm-73f">
         <name>_system_post_cinit</name>
         <value>0x7b47</value>
         <object_component_ref idref="oc-ea"/>
      </symbol>
      <symbol id="sm-758">
         <name>_nop</name>
         <value>0x7ccf</value>
         <object_component_ref idref="oc-1ca"/>
      </symbol>
      <symbol id="sm-759">
         <name>_lock</name>
         <value>0x800167c</value>
         <object_component_ref idref="oc-11c"/>
      </symbol>
      <symbol id="sm-75a">
         <name>_unlock</name>
         <value>0x8001680</value>
         <object_component_ref idref="oc-11c"/>
      </symbol>
      <symbol id="sm-75b">
         <name>_register_lock</name>
         <value>0x7cc7</value>
         <object_component_ref idref="oc-1ca"/>
      </symbol>
      <symbol id="sm-75c">
         <name>_register_unlock</name>
         <value>0x7cc1</value>
         <object_component_ref idref="oc-1ca"/>
      </symbol>
      <symbol id="sm-75d">
         <name>__TI_static_base__</name>
         <value>0x0</value>
      </symbol>
      <symbol id="sm-760">
         <name>SHT$$INIT_ARRAY$$Base</name>
         <value>0x0</value>
      </symbol>
      <symbol id="sm-761">
         <name>SHT$$INIT_ARRAY$$Limit</name>
         <value>0x0</value>
      </symbol>
   </symbol_table>
   <title>Link successful</title>
</link_info>
