******************************************************************************
                  TI ARM Linker PC v16.3.0                     
******************************************************************************
>> Linked Mon Aug 22 12:21:38 2016

OUTPUT FILE NAME:   <master.out>
ENTRY POINT SYMBOL: "_c_int00"  address: 00008e60


MEMORY CONFIGURATION

         name            origin    length      used     unused   attr    fill
----------------------  --------  ---------  --------  --------  ----  --------
  VECTORS               00000000   00000020  00000020  00000000     X
  FLASH0                00000020   0013ffe0  00009c18  001363c8  R  X
  STACKS                08000000   00001500  00000000  00001500  RW  
  RAM                   08001500   0002eb00  0000020d  0002e8f3  RW  


SEGMENT ALLOCATION MAP

run origin  load origin   length   init length attrs members
----------  ----------- ---------- ----------- ----- -------
00000000    00000000    00009c3c   00009c3c    r-x
  00000000    00000000    00000020   00000020    r-x .intvecs
  00000020    00000020    0000988c   0000988c    r-x .text
  000098ac    000098ac    00000220   00000220    r-- .const
  00009ad0    00009ad0    0000016c   0000016c    r-- .cinit
08001500    08001500    0000020d   00000000    rw-
  08001500    08001500    000001d0   00000000    rw- .data
  080016d0    080016d0    0000003d   00000000    rw- .bss


SECTION ALLOCATION MAP

 output                                  attributes/
section   page    origin      length       input sections
--------  ----  ----------  ----------   ----------------
.intvecs   0    00000000    00000020     
                  00000000    00000020     sys_intvecs.obj (.intvecs)

.text      0    00000020    0000988c     
                  00000020    00002cdc     sys_selftest.obj (.text)
                  00002cfc    00001088     can.obj (.text)
                  00003d84    00000b28     system.obj (.text)
                  000048ac    00000a58     sys_vim.obj (.text)
                  00005304    000008ac     pinmux.obj (.text)
                  00005bb0    000008a8     sha256.obj (.text)
                  00006458    00000760     sci.obj (.text)
                  00006bb8    000006f8     minimac.obj (.text)
                  000072b0    000005e8     esm.obj (.text)
                  00007898    00000484     gio.obj (.text)
                  00007d1c    00000410     sys_main.obj (.text)
                  0000812c    000003d4     notification.obj (.text)
                  00008500    0000034c     sys_core.obj (.text)
                  0000884c    00000338     can.obj (.text:retain)
                  00008b84    000002dc     sys_vim.obj (.text:retain)
                  00008e60    0000027c     sys_startup.obj (.text:retain)
                  000090dc    00000204     sci.obj (.text:retain)
                  000092e0    00000114     esm.obj (.text:retain)
                  000093f4    000000e8     dabort.obj (.text)
                  000094dc    000000e0     sys_pmu.obj (.text)
                  000095bc    0000009c     rtsv7R4_T_be_v3D16_eabi.lib : memcpy_t2.obj (.text)
                  00009658    0000007a                                 : memset_t2.obj (.text)
                  000096d2    00000002                                 : startup.obj (.text)
                  000096d4    00000070                                 : autoinit.obj (.text)
                  00009744    0000006a                                 : copy_decompress_rle.obj (.text)
                  000097ae    00000002     --HOLE-- [fill = 0]
                  000097b0    00000050                                 : exit.obj (.text)
                  00009800    0000004c                                 : cpy_tbl.obj (.text)
                  0000984c    0000001e                                 : strcat.obj (.text)
                  0000986a    00000002     --HOLE-- [fill = 0]
                  0000986c    00000014                                 : _lock.obj (.text)
                  00009880    00000014                                 : strcpy.obj (.text)
                  00009894    0000000e                                 : copy_decompress_none.obj (.text:decompress:none)
                  000098a2    00000006                                 : copy_decompress_rle.obj (.text:decompress:rle24)
                  000098a8    00000004     sys_phantom.obj (.text:retain)

.const     0    000098ac    00000220     
                  000098ac    00000200     sys_vim.obj (.const:s_vim_init)
                  00009aac    00000020     can.obj (.const:s_canByteOrder)

.cinit     0    00009ad0    0000016c     
                  00009ad0    00000145     (.cinit..data.load) [load image, compression = rle]
                  00009c15    00000003     --HOLE-- [fill = 0]
                  00009c18    00000009     (.cinit..bss.load) [load image, compression = rle]
                  00009c21    00000003     --HOLE-- [fill = 0]
                  00009c24    00000008     (__TI_handler_table)
                  00009c2c    00000010     (__TI_cinit_table)

.data      0    08001500    000001d0     UNINITIALIZED
                  08001500    00000100     sha256.obj (.data:k)
                  08001600    00000040     sys_main.obj (.data:rx_data)
                  08001640    00000020     minimac.obj (.data:hist_periodic)
                  08001660    00000020     minimac.obj (.data:hist_recent)
                  08001680    00000020     minimac.obj (.data:key)
                  080016a0    00000010     sys_main.obj (.data:messages)
                  080016b0    0000000c     rtsv7R4_T_be_v3D16_eabi.lib : exit.obj (.data:$O1$$)
                  080016bc    0000000a     sys_main.obj (.data)
                  080016c6    00000002     --HOLE--
                  080016c8    00000008     rtsv7R4_T_be_v3D16_eabi.lib : _lock.obj (.data:$O1$$)

.bss       0    080016d0    0000003d     UNINITIALIZED
                  080016d0    00000028     sci.obj (.bss:g_sciTransfer_t)
                  080016f8    00000008     (.common:counter)
                  08001700    00000004     (.common:auth_error_count)
                  08001704    00000004     (.common:tx_success_counter)
                  08001708    00000002     (.common:period)
                  0800170a    00000001     (.common:hp_pointer)
                  0800170b    00000001     (.common:hr_pointer)
                  0800170c    00000001     (.common:tx_success)

MODULE SUMMARY

       Module                     code    ro data   rw data
       ------                     ----    -------   -------
    .\source\
       sys_selftest.obj           11484   0         0      
       can.obj                    5056    32        0      
       sys_vim.obj                3380    512       0      
       system.obj                 2856    0         0      
       sha256.obj                 2216    0         256    
       sci.obj                    2404    0         40     
       pinmux.obj                 2220    0         0      
       minimac.obj                1784    0         112    
       esm.obj                    1788    0         0      
       gio.obj                    1156    0         0      
       sys_main.obj               1040    0         95     
       notification.obj           980     0         0      
       sys_core.obj               844     0         0      
       sys_startup.obj            636     0         0      
       dabort.obj                 232     0         0      
       sys_pmu.obj                224     0         0      
       sys_intvecs.obj            32      0         0      
       sys_phantom.obj            4       0         0      
    +--+--------------------------+-------+---------+---------+
       Total:                     38336   544       503    
                                                           
    C:/ti/ccsv6/tools/compiler/ti-cgt-arm_16.3.0.STS/lib/rtsv7R4_T_be_v3D16_eabi.lib
       memcpy_t2.obj              156     0         0      
       memset_t2.obj              122     0         0      
       autoinit.obj               112     0         0      
       copy_decompress_rle.obj    112     0         0      
       exit.obj                   80      0         12     
       cpy_tbl.obj                76      0         0      
       strcat.obj                 30      0         0      
       _lock.obj                  20      0         8      
       strcpy.obj                 20      0         0      
       copy_decompress_none.obj   14      0         0      
       startup.obj                2       0         0      
    +--+--------------------------+-------+---------+---------+
       Total:                     744     0         20     
                                                           
       Linker Generated:          0       358       0      
    +--+--------------------------+-------+---------+---------+
       Grand Total:               39080   902       523    


LINKER GENERATED COPY TABLES

__TI_cinit_table @ 00009c2c records: 2, size/record: 8, table size: 16
	.data: load addr=00009ad0, load size=00000145 bytes, run addr=08001500, run size=000001d0 bytes, compression=rle
	.bss: load addr=00009c18, load size=00000009 bytes, run addr=080016d0, run size=0000003d bytes, compression=rle


LINKER GENERATED HANDLER TABLE

__TI_handler_table @ 00009c24 records: 2, size/record: 4, table size: 8
	index: 0, handler: __TI_decompress_rle24
	index: 1, handler: __TI_decompress_none


GLOBAL SYMBOLS: SORTED ALPHABETICALLY BY Name 

address   name                                
-------   ----                                
000097b1  C$$EXIT                             
UNDEFED   SHT$$INIT_ARRAY$$Base               
UNDEFED   SHT$$INIT_ARRAY$$Limit              
00009c2c  __TI_CINIT_Base                     
00009c3c  __TI_CINIT_Limit                    
00009c24  __TI_Handler_Table_Base             
00009c2c  __TI_Handler_Table_Limit            
00008844  __TI_PINIT_Base                     
00008848  __TI_PINIT_Limit                    
000096d5  __TI_auto_init                      
080016b0  __TI_cleanup_ptr                    
00009895  __TI_decompress_none                
000098a3  __TI_decompress_rle24               
080016b4  __TI_dtors_ptr                      
080016b8  __TI_enable_exit_profile_output     
ffffffff  __TI_pprof_out_hndl                 
ffffffff  __TI_prof_data_size                 
ffffffff  __TI_prof_data_start                
00000000  __TI_static_base__                  
00009659  __aeabi_memclr                      
00009659  __aeabi_memclr4                     
00009659  __aeabi_memclr8                     
000095bd  __aeabi_memcpy                      
000095bd  __aeabi_memcpy4                     
000095bd  __aeabi_memcpy8                     
0000965b  __aeabi_memset                      
0000965b  __aeabi_memset4                     
0000965b  __aeabi_memset8                     
ffffffff  __binit__                           
ffffffff  __c_args__                          
00008e60  _c_int00                            
0000875c  _coreClearAuxiliaryDataFault_       
00008770  _coreClearAuxiliaryInstructionFault_
00008734  _coreClearDataFaultAddress_         
0000870c  _coreClearDataFault_                
00008748  _coreClearInstructionFaultAddress_  
00008720  _coreClearInstructionFault_         
000086a0  _coreDisableEventBusExport_         
000086e4  _coreDisableFlashEcc_               
000086c0  _coreDisableRamEcc_                 
00008690  _coreEnableEventBusExport_          
000086d0  _coreEnableFlashEcc_                
000086f4  _coreEnableIrqVicOffset_            
000086b0  _coreEnableRamEcc_                  
00008678  _coreEnableVfp_                     
00008754  _coreGetAuxiliaryDataFault_         
00008768  _coreGetAuxiliaryInstructionFault_  
0000872c  _coreGetDataFaultAddress_           
00008704  _coreGetDataFault_                  
00008740  _coreGetInstructionFaultAddress_    
00008718  _coreGetInstructionFault_           
00008500  _coreInitRegisters_                 
0000860c  _coreInitStackPointer_              
000093f4  _dabort                             
00008784  _disable_FIQ_interrupt_             
0000878c  _disable_IRQ_interrupt_             
0000877c  _disable_interrupt_                 
00008794  _enable_interrupt_                  
00008824  _errata_CORTEXR4_57_                
00008834  _errata_CORTEXR4_66_                
0000879c  _esmCcmErrorsClear_                 
00008658  _getCPSRValue_                      
00008660  _gotoCPUIdle_                       
080016c8  _lock                               
0000987b  _nop                                
00009538  _pmuDisableCountersGlobal_          
00009528  _pmuEnableCountersGlobal_           
00009594  _pmuGetCycleCount_                  
0000959c  _pmuGetEventCount_                  
000095a8  _pmuGetOverflow_                    
000094dc  _pmuInit_                           
00009568  _pmuResetCounters_                  
00009548  _pmuResetCycleCounter_              
00009558  _pmuResetEventCounters_             
00009588  _pmuSetCountEvent_                  
00009578  _pmuStartCounters_                  
00009580  _pmuStopCounters_                   
00009873  _register_lock                      
0000986d  _register_unlock                    
000096d3  _system_post_cinit                  
080016cc  _unlock                             
000097b5  abort                               
080016c4  acks                                
0000126c  adc1ParityCheck                     
00001358  adc2ParityCheck                     
00006c20  auth_error                          
08001700  auth_error_count                    
ffffffff  binit                               
000039dc  can1GetConfigValue                  
0000884c  can1HighLevelInterrupt              
00008934  can1LowLevelInterrupt               
00001410  can1ParityCheck                     
00003b34  can2GetConfigValue                  
000089d0  can2HighLevelInterrupt              
00008ab8  can2LowLevelInterrupt               
000014e8  can2ParityCheck                     
000015b0  can3ParityCheck                     
0000387c  canDisableErrorNotification         
0000385c  canDisableStatusChangeNotification  
000038d4  canDisableloopback                  
0000381c  canEnableErrorNotification          
0000383c  canEnableStatusChangeNotification   
0000389c  canEnableloopback                   
00008184  canErrorNotification                
000035c4  canFillMessageObjectData            
000032ec  canGetData                          
000037f8  canGetErrorLevel                    
00003444  canGetID                            
000037d4  canGetLastError                     
00002cfc  canInit                             
000039c0  canIoRxGetBit                       
00003904  canIoSetDirection                   
00003954  canIoSetPort                        
000039a4  canIoTxGetBit                       
00003778  canIsMessageBoxValid                
0000371c  canIsRxMessageArrived               
000036c0  canIsTxMessagePending               
000081ac  canMessageNotification              
00003524  canSendRemoteFrame                  
00008198  canStatusChangeNotification         
000031f0  canTransmit                         
000034ac  canUpdateID                         
00000030  ccmSelfCheck                        
000026fc  ccmr4GetConfigValue                 
00006c34  checkAuth                           
00000938  checkB0RAMECC                       
00000b28  checkB1RAMECC                       
00001c18  checkClockMonitor                   
00000d18  checkFlashECC                       
00001cf4  checkFlashEEPROMECC                 
00001e8c  checkPLL1Slip                       
00001f8c  checkPLL2Slip                       
00007fdc  checkPackets                        
00002050  checkRAMAddrParity                  
000019d0  checkRAMECC                         
0000215c  checkRAMUERRTest                    
000007bc  checkefcSelfTest                    
00009801  copy_in                             
080016f8  counter                             
00000234  cpuSelfTest                         
00000dfc  cpuSelfTestFail                     
00000df4  custom_dabort                       
00002b58  disableParity                       
0000847c  dmaGroupANotification               
00000eac  dmaParityCheck                      
00000660  efcCheck                            
00002660  efcGetConfigValue                   
00000794  efcSelfTest                         
000006e8  efcStuckZeroTest                    
00002ad0  enableParity                        
0000276c  errata_PBIST_4                      
080016c0  error                               
0000743c  esmActivateNormalOperation          
00007520  esmClearStatus                      
0000756c  esmClearStatusBuffer                
00007400  esmDisableError                     
00007478  esmDisableInterrupt                 
000073d4  esmEnableError                      
0000744c  esmEnableInterrupt                  
0000766c  esmEnterSelfTest                    
000073b8  esmError                            
00007744  esmGetConfigValue                   
000075a8  esmGetStatus                        
00007634  esmGetStatusBuffer                  
0000812c  esmGroup1Notification               
0000813c  esmGroup2Notification               
000092e0  esmHighInterrupt                    
000072b0  esmInit                             
000076f4  esmSelfTestStatus                   
00007588  esmSetCounterPreloadValue           
000074a4  esmSetInterruptLevel                
0000742c  esmTriggerErrorPinReset             
000097bd  exit                                
000022c4  fmcBus1ParityCheck                  
0000085c  fmcBus2Check                        
00000898  fmcECCcheck                         
00007af8  gioDisableNotification              
00007a90  gioEnableNotification               
000079f8  gioGetBit                           
00007b60  gioGetConfigValue                   
00007a20  gioGetPort                          
00007898  gioInit                             
00008454  gioNotification                     
00007988  gioSetBit                           
00007968  gioSetDirection                     
000079d8  gioSetPort                          
00007a38  gioToggleBit                        
00000f58  het1ParityCheck                     
000010c0  het2ParityCheck                     
08001640  hist_periodic                       
08001660  hist_recent                         
00006e1c  hmac                                
0800170a  hp_pointer                          
0800170b  hr_pointer                          
00001004  htu1ParityCheck                     
000011bc  htu2ParityCheck                     
00006bb8  init_minimac                        
08001500  k                                   
08001680  key                                 
000090dc  linHighLevelInterrupt               
00007d1c  main                                
00003ec0  mapClocks                           
00007d70  master_start                        
000095bd  memcpy                              
00000174  memoryInit                          
0000814c  memoryPort0TestFailNotification     
00008168  memoryPort1TestFailNotification     
00009661  memset                              
080016a0  messages                            
00001684  mibspi1ParityCheck                  
0000178c  mibspi3ParityCheck                  
000018b0  mibspi5ParityCheck                  
00005304  muxInit                             
000023ec  pbistFail                           
00002470  pbistGetConfigValue                 
000005a8  pbistIsTestCompleted                
000005d4  pbistIsTestPassed                   
00000608  pbistPortTestStatus                 
000004ac  pbistRun                            
000002cc  pbistSelfCheck                      
00000578  pbistStop                           
08001708  period                              
00003e6c  periphInit                          
000098a8  phantomInterrupt                    
000057a0  pinmuxGetConfigValue                
00000000  resetEntry                          
08001600  rx_data                             
080016bc  rx_ptr                              
00006908  sciDisableLoopback                  
00006994  sciDisableNotification              
000068d4  sciEnableLoopback                   
0000692c  sciEnableNotification               
00006458  sciInit                             
00006784  sciIsIdleDetected                   
00006768  sciIsRxReady                        
000065e8  sciIsTxReady                        
00008468  sciNotification                     
000067fc  sciReceive                          
000067d0  sciReceiveByte                      
000067a0  sciRxError                          
00006634  sciSend                             
00006604  sciSendByte                         
00006564  sciSetBaudrate                      
00006544  sciSetFunctional                    
000069fc  scilinGetConfigValue                
00000020  selftestFailNotification            
00003e2c  setupFlash                          
00003d84  setupPLL                            
00007f2c  setup_message_boxes                 
000060f4  sha256_final                        
00005f80  sha256_init                         
00005bb0  sha256_transform                    
00006014  sha256_update                       
000046a4  sramGetConfigValue                  
000025bc  stcGetConfigValue                   
000001b8  stcSelfCheck                        
00000df8  stcSelfCheckFail                    
0000984d  strcat                              
00009881  strcpy                              
000040e4  systemGetConfigValue                
00003fe8  systemInit                          
000040b4  systemPowerDown                     
000071d8  tag                                 
000044f8  tcmflashGetConfigValue              
00003de4  trimLPO                             
0800170c  tx_success                          
08001704  tx_success_counter                  
00007ec4  update_ack_list                     
00006bfc  update_counter                      
00006ccc  update_history                      
00004980  vimChannelMap                       
00004bec  vimDisableInterrupt                 
00004a24  vimEnableInterrupt                  
00004c98  vimGetConfigValue                   
000048ac  vimInit                             
00000e00  vimParityCheck                      
00008b84  vimParityErrorHandler               


GLOBAL SYMBOLS: SORTED BY Symbol Address 

address   name                                
-------   ----                                
00000000  __TI_static_base__                  
00000000  resetEntry                          
00000020  selftestFailNotification            
00000030  ccmSelfCheck                        
00000174  memoryInit                          
000001b8  stcSelfCheck                        
00000234  cpuSelfTest                         
000002cc  pbistSelfCheck                      
000004ac  pbistRun                            
00000578  pbistStop                           
000005a8  pbistIsTestCompleted                
000005d4  pbistIsTestPassed                   
00000608  pbistPortTestStatus                 
00000660  efcCheck                            
000006e8  efcStuckZeroTest                    
00000794  efcSelfTest                         
000007bc  checkefcSelfTest                    
0000085c  fmcBus2Check                        
00000898  fmcECCcheck                         
00000938  checkB0RAMECC                       
00000b28  checkB1RAMECC                       
00000d18  checkFlashECC                       
00000df4  custom_dabort                       
00000df8  stcSelfCheckFail                    
00000dfc  cpuSelfTestFail                     
00000e00  vimParityCheck                      
00000eac  dmaParityCheck                      
00000f58  het1ParityCheck                     
00001004  htu1ParityCheck                     
000010c0  het2ParityCheck                     
000011bc  htu2ParityCheck                     
0000126c  adc1ParityCheck                     
00001358  adc2ParityCheck                     
00001410  can1ParityCheck                     
000014e8  can2ParityCheck                     
000015b0  can3ParityCheck                     
00001684  mibspi1ParityCheck                  
0000178c  mibspi3ParityCheck                  
000018b0  mibspi5ParityCheck                  
000019d0  checkRAMECC                         
00001c18  checkClockMonitor                   
00001cf4  checkFlashEEPROMECC                 
00001e8c  checkPLL1Slip                       
00001f8c  checkPLL2Slip                       
00002050  checkRAMAddrParity                  
0000215c  checkRAMUERRTest                    
000022c4  fmcBus1ParityCheck                  
000023ec  pbistFail                           
00002470  pbistGetConfigValue                 
000025bc  stcGetConfigValue                   
00002660  efcGetConfigValue                   
000026fc  ccmr4GetConfigValue                 
0000276c  errata_PBIST_4                      
00002ad0  enableParity                        
00002b58  disableParity                       
00002cfc  canInit                             
000031f0  canTransmit                         
000032ec  canGetData                          
00003444  canGetID                            
000034ac  canUpdateID                         
00003524  canSendRemoteFrame                  
000035c4  canFillMessageObjectData            
000036c0  canIsTxMessagePending               
0000371c  canIsRxMessageArrived               
00003778  canIsMessageBoxValid                
000037d4  canGetLastError                     
000037f8  canGetErrorLevel                    
0000381c  canEnableErrorNotification          
0000383c  canEnableStatusChangeNotification   
0000385c  canDisableStatusChangeNotification  
0000387c  canDisableErrorNotification         
0000389c  canEnableloopback                   
000038d4  canDisableloopback                  
00003904  canIoSetDirection                   
00003954  canIoSetPort                        
000039a4  canIoTxGetBit                       
000039c0  canIoRxGetBit                       
000039dc  can1GetConfigValue                  
00003b34  can2GetConfigValue                  
00003d84  setupPLL                            
00003de4  trimLPO                             
00003e2c  setupFlash                          
00003e6c  periphInit                          
00003ec0  mapClocks                           
00003fe8  systemInit                          
000040b4  systemPowerDown                     
000040e4  systemGetConfigValue                
000044f8  tcmflashGetConfigValue              
000046a4  sramGetConfigValue                  
000048ac  vimInit                             
00004980  vimChannelMap                       
00004a24  vimEnableInterrupt                  
00004bec  vimDisableInterrupt                 
00004c98  vimGetConfigValue                   
00005304  muxInit                             
000057a0  pinmuxGetConfigValue                
00005bb0  sha256_transform                    
00005f80  sha256_init                         
00006014  sha256_update                       
000060f4  sha256_final                        
00006458  sciInit                             
00006544  sciSetFunctional                    
00006564  sciSetBaudrate                      
000065e8  sciIsTxReady                        
00006604  sciSendByte                         
00006634  sciSend                             
00006768  sciIsRxReady                        
00006784  sciIsIdleDetected                   
000067a0  sciRxError                          
000067d0  sciReceiveByte                      
000067fc  sciReceive                          
000068d4  sciEnableLoopback                   
00006908  sciDisableLoopback                  
0000692c  sciEnableNotification               
00006994  sciDisableNotification              
000069fc  scilinGetConfigValue                
00006bb8  init_minimac                        
00006bfc  update_counter                      
00006c20  auth_error                          
00006c34  checkAuth                           
00006ccc  update_history                      
00006e1c  hmac                                
000071d8  tag                                 
000072b0  esmInit                             
000073b8  esmError                            
000073d4  esmEnableError                      
00007400  esmDisableError                     
0000742c  esmTriggerErrorPinReset             
0000743c  esmActivateNormalOperation          
0000744c  esmEnableInterrupt                  
00007478  esmDisableInterrupt                 
000074a4  esmSetInterruptLevel                
00007520  esmClearStatus                      
0000756c  esmClearStatusBuffer                
00007588  esmSetCounterPreloadValue           
000075a8  esmGetStatus                        
00007634  esmGetStatusBuffer                  
0000766c  esmEnterSelfTest                    
000076f4  esmSelfTestStatus                   
00007744  esmGetConfigValue                   
00007898  gioInit                             
00007968  gioSetDirection                     
00007988  gioSetBit                           
000079d8  gioSetPort                          
000079f8  gioGetBit                           
00007a20  gioGetPort                          
00007a38  gioToggleBit                        
00007a90  gioEnableNotification               
00007af8  gioDisableNotification              
00007b60  gioGetConfigValue                   
00007d1c  main                                
00007d70  master_start                        
00007ec4  update_ack_list                     
00007f2c  setup_message_boxes                 
00007fdc  checkPackets                        
0000812c  esmGroup1Notification               
0000813c  esmGroup2Notification               
0000814c  memoryPort0TestFailNotification     
00008168  memoryPort1TestFailNotification     
00008184  canErrorNotification                
00008198  canStatusChangeNotification         
000081ac  canMessageNotification              
00008454  gioNotification                     
00008468  sciNotification                     
0000847c  dmaGroupANotification               
00008500  _coreInitRegisters_                 
0000860c  _coreInitStackPointer_              
00008658  _getCPSRValue_                      
00008660  _gotoCPUIdle_                       
00008678  _coreEnableVfp_                     
00008690  _coreEnableEventBusExport_          
000086a0  _coreDisableEventBusExport_         
000086b0  _coreEnableRamEcc_                  
000086c0  _coreDisableRamEcc_                 
000086d0  _coreEnableFlashEcc_                
000086e4  _coreDisableFlashEcc_               
000086f4  _coreEnableIrqVicOffset_            
00008704  _coreGetDataFault_                  
0000870c  _coreClearDataFault_                
00008718  _coreGetInstructionFault_           
00008720  _coreClearInstructionFault_         
0000872c  _coreGetDataFaultAddress_           
00008734  _coreClearDataFaultAddress_         
00008740  _coreGetInstructionFaultAddress_    
00008748  _coreClearInstructionFaultAddress_  
00008754  _coreGetAuxiliaryDataFault_         
0000875c  _coreClearAuxiliaryDataFault_       
00008768  _coreGetAuxiliaryInstructionFault_  
00008770  _coreClearAuxiliaryInstructionFault_
0000877c  _disable_interrupt_                 
00008784  _disable_FIQ_interrupt_             
0000878c  _disable_IRQ_interrupt_             
00008794  _enable_interrupt_                  
0000879c  _esmCcmErrorsClear_                 
00008824  _errata_CORTEXR4_57_                
00008834  _errata_CORTEXR4_66_                
00008844  __TI_PINIT_Base                     
00008848  __TI_PINIT_Limit                    
0000884c  can1HighLevelInterrupt              
00008934  can1LowLevelInterrupt               
000089d0  can2HighLevelInterrupt              
00008ab8  can2LowLevelInterrupt               
00008b84  vimParityErrorHandler               
00008e60  _c_int00                            
000090dc  linHighLevelInterrupt               
000092e0  esmHighInterrupt                    
000093f4  _dabort                             
000094dc  _pmuInit_                           
00009528  _pmuEnableCountersGlobal_           
00009538  _pmuDisableCountersGlobal_          
00009548  _pmuResetCycleCounter_              
00009558  _pmuResetEventCounters_             
00009568  _pmuResetCounters_                  
00009578  _pmuStartCounters_                  
00009580  _pmuStopCounters_                   
00009588  _pmuSetCountEvent_                  
00009594  _pmuGetCycleCount_                  
0000959c  _pmuGetEventCount_                  
000095a8  _pmuGetOverflow_                    
000095bd  __aeabi_memcpy                      
000095bd  __aeabi_memcpy4                     
000095bd  __aeabi_memcpy8                     
000095bd  memcpy                              
00009659  __aeabi_memclr                      
00009659  __aeabi_memclr4                     
00009659  __aeabi_memclr8                     
0000965b  __aeabi_memset                      
0000965b  __aeabi_memset4                     
0000965b  __aeabi_memset8                     
00009661  memset                              
000096d3  _system_post_cinit                  
000096d5  __TI_auto_init                      
000097b1  C$$EXIT                             
000097b5  abort                               
000097bd  exit                                
00009801  copy_in                             
0000984d  strcat                              
0000986d  _register_unlock                    
00009873  _register_lock                      
0000987b  _nop                                
00009881  strcpy                              
00009895  __TI_decompress_none                
000098a3  __TI_decompress_rle24               
000098a8  phantomInterrupt                    
00009c24  __TI_Handler_Table_Base             
00009c2c  __TI_CINIT_Base                     
00009c2c  __TI_Handler_Table_Limit            
00009c3c  __TI_CINIT_Limit                    
08001500  k                                   
08001600  rx_data                             
08001640  hist_periodic                       
08001660  hist_recent                         
08001680  key                                 
080016a0  messages                            
080016b0  __TI_cleanup_ptr                    
080016b4  __TI_dtors_ptr                      
080016b8  __TI_enable_exit_profile_output     
080016bc  rx_ptr                              
080016c0  error                               
080016c4  acks                                
080016c8  _lock                               
080016cc  _unlock                             
080016f8  counter                             
08001700  auth_error_count                    
08001704  tx_success_counter                  
08001708  period                              
0800170a  hp_pointer                          
0800170b  hr_pointer                          
0800170c  tx_success                          
ffffffff  __TI_pprof_out_hndl                 
ffffffff  __TI_prof_data_size                 
ffffffff  __TI_prof_data_start                
ffffffff  __binit__                           
ffffffff  __c_args__                          
ffffffff  binit                               
UNDEFED   SHT$$INIT_ARRAY$$Base               
UNDEFED   SHT$$INIT_ARRAY$$Limit              

[277 symbols]
