******************************************************************************
                  TI ARM Linker PC v16.3.0                     
******************************************************************************
>> Linked Wed May 18 14:50:02 2016

OUTPUT FILE NAME:   <master.out>
ENTRY POINT SYMBOL: "_c_int00"  address: 00008724


MEMORY CONFIGURATION

         name            origin    length      used     unused   attr    fill
----------------------  --------  ---------  --------  --------  ----  --------
  VECTORS               00000000   00000020  00000020  00000000     X
  FLASH0                00000020   0013ffe0  000096bc  00136924  R  X
  STACKS                08000000   00001500  00000000  00001500  RW  
  RAM                   08001500   0002eb00  000001c4  0002e93c  RW  


SEGMENT ALLOCATION MAP

run origin  load origin   length   init length attrs members
----------  ----------- ---------- ----------- ----- -------
00000000    00000000    000096dc   000096dc    r-x
  00000000    00000000    00000020   00000020    r-x .intvecs
  00000020    00000020    00009330   00009330    r-x .text
  00009350    00009350    00000220   00000220    r-- .const
  00009570    00009570    0000016c   0000016c    r-- .cinit
08001500    08001500    000001c4   00000000    rw-
  08001500    08001500    00000188   00000000    rw- .data
  08001688    08001688    0000003c   00000000    rw- .bss


SECTION ALLOCATION MAP

 output                                  attributes/
section   page    origin      length       input sections
--------  ----  ----------  ----------   ----------------
.intvecs   0    00000000    00000020     
                  00000000    00000020     sys_intvecs.obj (.intvecs)

.text      0    00000020    00009330     
                  00000020    00002cdc     sys_selftest.obj (.text)
                  00002cfc    00000ea8     can.obj (.text)
                  00003ba4    00000b28     system.obj (.text)
                  000046cc    00000a58     sys_vim.obj (.text)
                  00005124    000008ac     pinmux.obj (.text)
                  000059d0    000008a8     sha256.obj (.text)
                  00006278    00000760     sci.obj (.text)
                  000069d8    000006fc     minimac.obj (.text)
                  000070d4    000005e8     esm.obj (.text)
                  000076bc    00000484     gio.obj (.text)
                  00007b40    0000034c     sys_core.obj (.text)
                  00007e8c    00000338     can.obj (.text:retain)
                  000081c4    000002dc     sys_vim.obj (.text:retain)
                  000084a0    00000284     sys_main.obj (.text)
                  00008724    0000027c     sys_startup.obj (.text:retain)
                  000089a0    00000204     sci.obj (.text:retain)
                  00008ba4    000001c8     notification.obj (.text)
                  00008d6c    00000114     esm.obj (.text:retain)
                  00008e80    000000e8     dabort.obj (.text)
                  00008f68    000000e0     sys_pmu.obj (.text)
                  00009048    0000009c     rtsv7R4_T_be_v3D16_eabi.lib : memcpy_t2.obj (.text)
                  000090e4    0000007a                                 : memset_t2.obj (.text)
                  0000915e    00000002                                 : startup.obj (.text)
                  00009160    00000070                                 : autoinit.obj (.text)
                  000091d0    0000006a                                 : copy_decompress_rle.obj (.text)
                  0000923a    00000002     --HOLE-- [fill = 0]
                  0000923c    00000050                                 : exit.obj (.text)
                  0000928c    0000004c                                 : cpy_tbl.obj (.text)
                  000092d8    0000004c                                 : rand.obj (.text)
                  00009324    00000014                                 : _lock.obj (.text)
                  00009338    0000000e                                 : copy_decompress_none.obj (.text:decompress:none)
                  00009346    00000006                                 : copy_decompress_rle.obj (.text:decompress:rle24)
                  0000934c    00000004     sys_phantom.obj (.text:retain)

.const     0    00009350    00000220     
                  00009350    00000200     sys_vim.obj (.const:s_vim_init)
                  00009550    00000020     can.obj (.const:s_canByteOrder)

.cinit     0    00009570    0000016c     
                  00009570    00000145     (.cinit..data.load) [load image, compression = rle]
                  000096b5    00000003     --HOLE-- [fill = 0]
                  000096b8    00000009     (.cinit..bss.load) [load image, compression = rle]
                  000096c1    00000003     --HOLE-- [fill = 0]
                  000096c4    00000008     (__TI_handler_table)
                  000096cc    00000010     (__TI_cinit_table)

.data      0    08001500    00000188     UNINITIALIZED
                  08001500    00000100     sha256.obj (.data:k)
                  08001600    00000020     minimac.obj (.data:hist_periodic)
                  08001620    00000020     minimac.obj (.data:hist_recent)
                  08001640    00000020     minimac.obj (.data:key)
                  08001660    00000010     sys_main.obj (.data:messages)
                  08001670    0000000c     rtsv7R4_T_be_v3D16_eabi.lib : exit.obj (.data:$O1$$)
                  0800167c    00000008                                 : _lock.obj (.data:$O1$$)
                  08001684    00000004                                 : rand.obj (.data)

.bss       0    08001688    0000003c     UNINITIALIZED
                  08001688    00000028     sci.obj (.bss:g_sciTransfer_t)
                  080016b0    00000008     (.common:counter)
                  080016b8    00000004     (.common:auth_error_count)
                  080016bc    00000004     (.common:tx_success_counter)
                  080016c0    00000002     (.common:period)
                  080016c2    00000001     (.common:hp_pointer)
                  080016c3    00000001     (.common:hr_pointer)

MODULE SUMMARY

       Module                     code    ro data   rw data
       ------                     ----    -------   -------
    .\source\
       sys_selftest.obj           11484   0         0      
       can.obj                    4576    32        0      
       sys_vim.obj                3380    512       0      
       system.obj                 2856    0         0      
       sha256.obj                 2216    0         256    
       sci.obj                    2404    0         40     
       pinmux.obj                 2220    0         0      
       minimac.obj                1788    0         112    
       esm.obj                    1788    0         0      
       gio.obj                    1156    0         0      
       sys_core.obj               844     0         0      
       sys_main.obj               644     0         20     
       sys_startup.obj            636     0         0      
       notification.obj           456     0         0      
       dabort.obj                 232     0         0      
       sys_pmu.obj                224     0         0      
       sys_intvecs.obj            32      0         0      
       sys_phantom.obj            4       0         0      
    +--+--------------------------+-------+---------+---------+
       Total:                     36940   544       428    
                                                           
    G:/ti/ccsv6/tools/compiler/ti-cgt-arm_16.3.0.STS/lib/rtsv7R4_T_be_v3D16_eabi.lib
       memcpy_t2.obj              156     0         0      
       memset_t2.obj              122     0         0      
       autoinit.obj               112     0         0      
       copy_decompress_rle.obj    112     0         0      
       exit.obj                   80      0         12     
       rand.obj                   76      0         4      
       cpy_tbl.obj                76      0         0      
       _lock.obj                  20      0         8      
       copy_decompress_none.obj   14      0         0      
       startup.obj                2       0         0      
    +--+--------------------------+-------+---------+---------+
       Total:                     770     0         24     
                                                           
       Linker Generated:          0       358       0      
    +--+--------------------------+-------+---------+---------+
       Grand Total:               37710   902       452    


LINKER GENERATED COPY TABLES

__TI_cinit_table @ 000096cc records: 2, size/record: 8, table size: 16
	.data: load addr=00009570, load size=00000145 bytes, run addr=08001500, run size=00000188 bytes, compression=rle
	.bss: load addr=000096b8, load size=00000009 bytes, run addr=08001688, run size=0000003c bytes, compression=rle


LINKER GENERATED HANDLER TABLE

__TI_handler_table @ 000096c4 records: 2, size/record: 4, table size: 8
	index: 0, handler: __TI_decompress_rle24
	index: 1, handler: __TI_decompress_none


GLOBAL SYMBOLS: SORTED ALPHABETICALLY BY Name 

address   name                                
-------   ----                                
0000923d  C$$EXIT                             
UNDEFED   SHT$$INIT_ARRAY$$Base               
UNDEFED   SHT$$INIT_ARRAY$$Limit              
000096cc  __TI_CINIT_Base                     
000096dc  __TI_CINIT_Limit                    
000096c4  __TI_Handler_Table_Base             
000096cc  __TI_Handler_Table_Limit            
00007e84  __TI_PINIT_Base                     
00007e88  __TI_PINIT_Limit                    
00009161  __TI_auto_init                      
08001670  __TI_cleanup_ptr                    
00009339  __TI_decompress_none                
00009347  __TI_decompress_rle24               
08001674  __TI_dtors_ptr                      
08001678  __TI_enable_exit_profile_output     
ffffffff  __TI_pprof_out_hndl                 
ffffffff  __TI_prof_data_size                 
ffffffff  __TI_prof_data_start                
00000000  __TI_static_base__                  
000090e5  __aeabi_memclr                      
000090e5  __aeabi_memclr4                     
000090e5  __aeabi_memclr8                     
00009049  __aeabi_memcpy                      
00009049  __aeabi_memcpy4                     
00009049  __aeabi_memcpy8                     
000090e7  __aeabi_memset                      
000090e7  __aeabi_memset4                     
000090e7  __aeabi_memset8                     
ffffffff  __binit__                           
ffffffff  __c_args__                          
00008724  _c_int00                            
00007d9c  _coreClearAuxiliaryDataFault_       
00007db0  _coreClearAuxiliaryInstructionFault_
00007d74  _coreClearDataFaultAddress_         
00007d4c  _coreClearDataFault_                
00007d88  _coreClearInstructionFaultAddress_  
00007d60  _coreClearInstructionFault_         
00007ce0  _coreDisableEventBusExport_         
00007d24  _coreDisableFlashEcc_               
00007d00  _coreDisableRamEcc_                 
00007cd0  _coreEnableEventBusExport_          
00007d10  _coreEnableFlashEcc_                
00007d34  _coreEnableIrqVicOffset_            
00007cf0  _coreEnableRamEcc_                  
00007cb8  _coreEnableVfp_                     
00007d94  _coreGetAuxiliaryDataFault_         
00007da8  _coreGetAuxiliaryInstructionFault_  
00007d6c  _coreGetDataFaultAddress_           
00007d44  _coreGetDataFault_                  
00007d80  _coreGetInstructionFaultAddress_    
00007d58  _coreGetInstructionFault_           
00007b40  _coreInitRegisters_                 
00007c4c  _coreInitStackPointer_              
00008e80  _dabort                             
00007dc4  _disable_FIQ_interrupt_             
00007dcc  _disable_IRQ_interrupt_             
00007dbc  _disable_interrupt_                 
00007dd4  _enable_interrupt_                  
00007e64  _errata_CORTEXR4_57_                
00007e74  _errata_CORTEXR4_66_                
00007ddc  _esmCcmErrorsClear_                 
00007c98  _getCPSRValue_                      
00007ca0  _gotoCPUIdle_                       
0800167c  _lock                               
00009333  _nop                                
00008fc4  _pmuDisableCountersGlobal_          
00008fb4  _pmuEnableCountersGlobal_           
00009020  _pmuGetCycleCount_                  
00009028  _pmuGetEventCount_                  
00009034  _pmuGetOverflow_                    
00008f68  _pmuInit_                           
00008ff4  _pmuResetCounters_                  
00008fd4  _pmuResetCycleCounter_              
00008fe4  _pmuResetEventCounters_             
00009014  _pmuSetCountEvent_                  
00009004  _pmuStartCounters_                  
0000900c  _pmuStopCounters_                   
0000932b  _register_lock                      
00009325  _register_unlock                    
0000915f  _system_post_cinit                  
08001680  _unlock                             
00009241  abort                               
0000126c  adc1ParityCheck                     
00001358  adc2ParityCheck                     
00006a1c  auth_error                          
080016b8  auth_error_count                    
ffffffff  binit                               
00003814  can1GetConfigValue                  
00007e8c  can1HighLevelInterrupt              
00007f74  can1LowLevelInterrupt               
00001410  can1ParityCheck                     
0000396c  can2GetConfigValue                  
00008010  can2HighLevelInterrupt              
000080f8  can2LowLevelInterrupt               
000014e8  can2ParityCheck                     
000015b0  can3ParityCheck                     
000036b4  canDisableErrorNotification         
00003694  canDisableStatusChangeNotification  
0000370c  canDisableloopback                  
00003654  canEnableErrorNotification          
00003674  canEnableStatusChangeNotification   
000036d4  canEnableloopback                   
00008bfc  canErrorNotification                
000033fc  canFillMessageObjectData            
00003124  canGetData                          
00003630  canGetErrorLevel                    
0000327c  canGetID                            
0000360c  canGetLastError                     
00002cfc  canInit                             
000037f8  canIoRxGetBit                       
0000373c  canIoSetDirection                   
0000378c  canIoSetPort                        
000037dc  canIoTxGetBit                       
000035b0  canIsMessageBoxValid                
00003554  canIsRxMessageArrived               
000034f8  canIsTxMessagePending               
00008c24  canMessageNotification              
0000335c  canSendRemoteFrame                  
00008c10  canStatusChangeNotification         
00003028  canTransmit                         
000032e4  canUpdateID                         
00000030  ccmSelfCheck                        
000026fc  ccmr4GetConfigValue                 
00006a30  checkAuth                           
00000938  checkB0RAMECC                       
00000b28  checkB1RAMECC                       
00001c18  checkClockMonitor                   
00000d18  checkFlashECC                       
00001cf4  checkFlashEEPROMECC                 
00001e8c  checkPLL1Slip                       
00001f8c  checkPLL2Slip                       
00008618  checkPackets                        
00002050  checkRAMAddrParity                  
000019d0  checkRAMECC                         
0000215c  checkRAMUERRTest                    
000007bc  checkefcSelfTest                    
0000928d  copy_in                             
080016b0  counter                             
00000234  cpuSelfTest                         
00000dfc  cpuSelfTestFail                     
00000df4  custom_dabort                       
00002b58  disableParity                       
00008d50  dmaGroupANotification               
00000eac  dmaParityCheck                      
00000660  efcCheck                            
00002660  efcGetConfigValue                   
00000794  efcSelfTest                         
000006e8  efcStuckZeroTest                    
00002ad0  enableParity                        
0000276c  errata_PBIST_4                      
00007260  esmActivateNormalOperation          
00007344  esmClearStatus                      
00007390  esmClearStatusBuffer                
00007224  esmDisableError                     
0000729c  esmDisableInterrupt                 
000071f8  esmEnableError                      
00007270  esmEnableInterrupt                  
00007490  esmEnterSelfTest                    
000071dc  esmError                            
00007568  esmGetConfigValue                   
000073cc  esmGetStatus                        
00007458  esmGetStatusBuffer                  
00008ba4  esmGroup1Notification               
00008bb4  esmGroup2Notification               
00008d6c  esmHighInterrupt                    
000070d4  esmInit                             
00007518  esmSelfTestStatus                   
000073ac  esmSetCounterPreloadValue           
000072c8  esmSetInterruptLevel                
00007250  esmTriggerErrorPinReset             
00009249  exit                                
000022c4  fmcBus1ParityCheck                  
0000085c  fmcBus2Check                        
00000898  fmcECCcheck                         
0000791c  gioDisableNotification              
000078b4  gioEnableNotification               
0000781c  gioGetBit                           
00007984  gioGetConfigValue                   
00007844  gioGetPort                          
000076bc  gioInit                             
00008d28  gioNotification                     
000077ac  gioSetBit                           
0000778c  gioSetDirection                     
000077fc  gioSetPort                          
0000785c  gioToggleBit                        
00000f58  het1ParityCheck                     
000010c0  het2ParityCheck                     
08001600  hist_periodic                       
08001620  hist_recent                         
00006c40  hmac                                
080016c2  hp_pointer                          
080016c3  hr_pointer                          
00001004  htu1ParityCheck                     
000011bc  htu2ParityCheck                     
000069d8  init_minimac                        
08001500  k                                   
08001640  key                                 
000089a0  linHighLevelInterrupt               
000084a0  main                                
00003ce0  mapClocks                           
00009049  memcpy                              
00000174  memoryInit                          
00008bc4  memoryPort0TestFailNotification     
00008be0  memoryPort1TestFailNotification     
000090ed  memset                              
08001660  messages                            
00001684  mibspi1ParityCheck                  
0000178c  mibspi3ParityCheck                  
000018b0  mibspi5ParityCheck                  
00005124  muxInit                             
000023ec  pbistFail                           
00002470  pbistGetConfigValue                 
000005a8  pbistIsTestCompleted                
000005d4  pbistIsTestPassed                   
00000608  pbistPortTestStatus                 
000004ac  pbistRun                            
000002cc  pbistSelfCheck                      
00000578  pbistStop                           
080016c0  period                              
00003c8c  periphInit                          
0000934c  phantomInterrupt                    
000055c0  pinmuxGetConfigValue                
000092ef  rand                                
00000000  resetEntry                          
00006728  sciDisableLoopback                  
000067b4  sciDisableNotification              
000066f4  sciEnableLoopback                   
0000674c  sciEnableNotification               
00006278  sciInit                             
000065a4  sciIsIdleDetected                   
00006588  sciIsRxReady                        
00006408  sciIsTxReady                        
00008d3c  sciNotification                     
0000661c  sciReceive                          
000065f0  sciReceiveByte                      
000065c0  sciRxError                          
00006454  sciSend                             
00006424  sciSendByte                         
00006384  sciSetBaudrate                      
00006364  sciSetFunctional                    
0000681c  scilinGetConfigValue                
00000020  selftestFailNotification            
00003c4c  setupFlash                          
00003ba4  setupPLL                            
00005f14  sha256_final                        
00005da0  sha256_init                         
000059d0  sha256_transform                    
00005e34  sha256_update                       
000044c4  sramGetConfigValue                  
000092d9  srand                               
000025bc  stcGetConfigValue                   
000001b8  stcSelfCheck                        
00000df8  stcSelfCheckFail                    
00003f04  systemGetConfigValue                
00003e08  systemInit                          
00003ed4  systemPowerDown                     
00006ffc  tag                                 
00004318  tcmflashGetConfigValue              
00003c04  trimLPO                             
080016bc  tx_success_counter                  
00006af0  update_history                      
000047a0  vimChannelMap                       
00004a0c  vimDisableInterrupt                 
00004844  vimEnableInterrupt                  
00004ab8  vimGetConfigValue                   
000046cc  vimInit                             
00000e00  vimParityCheck                      
000081c4  vimParityErrorHandler               


GLOBAL SYMBOLS: SORTED BY Symbol Address 

address   name                                
-------   ----                                
00000000  __TI_static_base__                  
00000000  resetEntry                          
00000020  selftestFailNotification            
00000030  ccmSelfCheck                        
00000174  memoryInit                          
000001b8  stcSelfCheck                        
00000234  cpuSelfTest                         
000002cc  pbistSelfCheck                      
000004ac  pbistRun                            
00000578  pbistStop                           
000005a8  pbistIsTestCompleted                
000005d4  pbistIsTestPassed                   
00000608  pbistPortTestStatus                 
00000660  efcCheck                            
000006e8  efcStuckZeroTest                    
00000794  efcSelfTest                         
000007bc  checkefcSelfTest                    
0000085c  fmcBus2Check                        
00000898  fmcECCcheck                         
00000938  checkB0RAMECC                       
00000b28  checkB1RAMECC                       
00000d18  checkFlashECC                       
00000df4  custom_dabort                       
00000df8  stcSelfCheckFail                    
00000dfc  cpuSelfTestFail                     
00000e00  vimParityCheck                      
00000eac  dmaParityCheck                      
00000f58  het1ParityCheck                     
00001004  htu1ParityCheck                     
000010c0  het2ParityCheck                     
000011bc  htu2ParityCheck                     
0000126c  adc1ParityCheck                     
00001358  adc2ParityCheck                     
00001410  can1ParityCheck                     
000014e8  can2ParityCheck                     
000015b0  can3ParityCheck                     
00001684  mibspi1ParityCheck                  
0000178c  mibspi3ParityCheck                  
000018b0  mibspi5ParityCheck                  
000019d0  checkRAMECC                         
00001c18  checkClockMonitor                   
00001cf4  checkFlashEEPROMECC                 
00001e8c  checkPLL1Slip                       
00001f8c  checkPLL2Slip                       
00002050  checkRAMAddrParity                  
0000215c  checkRAMUERRTest                    
000022c4  fmcBus1ParityCheck                  
000023ec  pbistFail                           
00002470  pbistGetConfigValue                 
000025bc  stcGetConfigValue                   
00002660  efcGetConfigValue                   
000026fc  ccmr4GetConfigValue                 
0000276c  errata_PBIST_4                      
00002ad0  enableParity                        
00002b58  disableParity                       
00002cfc  canInit                             
00003028  canTransmit                         
00003124  canGetData                          
0000327c  canGetID                            
000032e4  canUpdateID                         
0000335c  canSendRemoteFrame                  
000033fc  canFillMessageObjectData            
000034f8  canIsTxMessagePending               
00003554  canIsRxMessageArrived               
000035b0  canIsMessageBoxValid                
0000360c  canGetLastError                     
00003630  canGetErrorLevel                    
00003654  canEnableErrorNotification          
00003674  canEnableStatusChangeNotification   
00003694  canDisableStatusChangeNotification  
000036b4  canDisableErrorNotification         
000036d4  canEnableloopback                   
0000370c  canDisableloopback                  
0000373c  canIoSetDirection                   
0000378c  canIoSetPort                        
000037dc  canIoTxGetBit                       
000037f8  canIoRxGetBit                       
00003814  can1GetConfigValue                  
0000396c  can2GetConfigValue                  
00003ba4  setupPLL                            
00003c04  trimLPO                             
00003c4c  setupFlash                          
00003c8c  periphInit                          
00003ce0  mapClocks                           
00003e08  systemInit                          
00003ed4  systemPowerDown                     
00003f04  systemGetConfigValue                
00004318  tcmflashGetConfigValue              
000044c4  sramGetConfigValue                  
000046cc  vimInit                             
000047a0  vimChannelMap                       
00004844  vimEnableInterrupt                  
00004a0c  vimDisableInterrupt                 
00004ab8  vimGetConfigValue                   
00005124  muxInit                             
000055c0  pinmuxGetConfigValue                
000059d0  sha256_transform                    
00005da0  sha256_init                         
00005e34  sha256_update                       
00005f14  sha256_final                        
00006278  sciInit                             
00006364  sciSetFunctional                    
00006384  sciSetBaudrate                      
00006408  sciIsTxReady                        
00006424  sciSendByte                         
00006454  sciSend                             
00006588  sciIsRxReady                        
000065a4  sciIsIdleDetected                   
000065c0  sciRxError                          
000065f0  sciReceiveByte                      
0000661c  sciReceive                          
000066f4  sciEnableLoopback                   
00006728  sciDisableLoopback                  
0000674c  sciEnableNotification               
000067b4  sciDisableNotification              
0000681c  scilinGetConfigValue                
000069d8  init_minimac                        
00006a1c  auth_error                          
00006a30  checkAuth                           
00006af0  update_history                      
00006c40  hmac                                
00006ffc  tag                                 
000070d4  esmInit                             
000071dc  esmError                            
000071f8  esmEnableError                      
00007224  esmDisableError                     
00007250  esmTriggerErrorPinReset             
00007260  esmActivateNormalOperation          
00007270  esmEnableInterrupt                  
0000729c  esmDisableInterrupt                 
000072c8  esmSetInterruptLevel                
00007344  esmClearStatus                      
00007390  esmClearStatusBuffer                
000073ac  esmSetCounterPreloadValue           
000073cc  esmGetStatus                        
00007458  esmGetStatusBuffer                  
00007490  esmEnterSelfTest                    
00007518  esmSelfTestStatus                   
00007568  esmGetConfigValue                   
000076bc  gioInit                             
0000778c  gioSetDirection                     
000077ac  gioSetBit                           
000077fc  gioSetPort                          
0000781c  gioGetBit                           
00007844  gioGetPort                          
0000785c  gioToggleBit                        
000078b4  gioEnableNotification               
0000791c  gioDisableNotification              
00007984  gioGetConfigValue                   
00007b40  _coreInitRegisters_                 
00007c4c  _coreInitStackPointer_              
00007c98  _getCPSRValue_                      
00007ca0  _gotoCPUIdle_                       
00007cb8  _coreEnableVfp_                     
00007cd0  _coreEnableEventBusExport_          
00007ce0  _coreDisableEventBusExport_         
00007cf0  _coreEnableRamEcc_                  
00007d00  _coreDisableRamEcc_                 
00007d10  _coreEnableFlashEcc_                
00007d24  _coreDisableFlashEcc_               
00007d34  _coreEnableIrqVicOffset_            
00007d44  _coreGetDataFault_                  
00007d4c  _coreClearDataFault_                
00007d58  _coreGetInstructionFault_           
00007d60  _coreClearInstructionFault_         
00007d6c  _coreGetDataFaultAddress_           
00007d74  _coreClearDataFaultAddress_         
00007d80  _coreGetInstructionFaultAddress_    
00007d88  _coreClearInstructionFaultAddress_  
00007d94  _coreGetAuxiliaryDataFault_         
00007d9c  _coreClearAuxiliaryDataFault_       
00007da8  _coreGetAuxiliaryInstructionFault_  
00007db0  _coreClearAuxiliaryInstructionFault_
00007dbc  _disable_interrupt_                 
00007dc4  _disable_FIQ_interrupt_             
00007dcc  _disable_IRQ_interrupt_             
00007dd4  _enable_interrupt_                  
00007ddc  _esmCcmErrorsClear_                 
00007e64  _errata_CORTEXR4_57_                
00007e74  _errata_CORTEXR4_66_                
00007e84  __TI_PINIT_Base                     
00007e88  __TI_PINIT_Limit                    
00007e8c  can1HighLevelInterrupt              
00007f74  can1LowLevelInterrupt               
00008010  can2HighLevelInterrupt              
000080f8  can2LowLevelInterrupt               
000081c4  vimParityErrorHandler               
000084a0  main                                
00008618  checkPackets                        
00008724  _c_int00                            
000089a0  linHighLevelInterrupt               
00008ba4  esmGroup1Notification               
00008bb4  esmGroup2Notification               
00008bc4  memoryPort0TestFailNotification     
00008be0  memoryPort1TestFailNotification     
00008bfc  canErrorNotification                
00008c10  canStatusChangeNotification         
00008c24  canMessageNotification              
00008d28  gioNotification                     
00008d3c  sciNotification                     
00008d50  dmaGroupANotification               
00008d6c  esmHighInterrupt                    
00008e80  _dabort                             
00008f68  _pmuInit_                           
00008fb4  _pmuEnableCountersGlobal_           
00008fc4  _pmuDisableCountersGlobal_          
00008fd4  _pmuResetCycleCounter_              
00008fe4  _pmuResetEventCounters_             
00008ff4  _pmuResetCounters_                  
00009004  _pmuStartCounters_                  
0000900c  _pmuStopCounters_                   
00009014  _pmuSetCountEvent_                  
00009020  _pmuGetCycleCount_                  
00009028  _pmuGetEventCount_                  
00009034  _pmuGetOverflow_                    
00009049  __aeabi_memcpy                      
00009049  __aeabi_memcpy4                     
00009049  __aeabi_memcpy8                     
00009049  memcpy                              
000090e5  __aeabi_memclr                      
000090e5  __aeabi_memclr4                     
000090e5  __aeabi_memclr8                     
000090e7  __aeabi_memset                      
000090e7  __aeabi_memset4                     
000090e7  __aeabi_memset8                     
000090ed  memset                              
0000915f  _system_post_cinit                  
00009161  __TI_auto_init                      
0000923d  C$$EXIT                             
00009241  abort                               
00009249  exit                                
0000928d  copy_in                             
000092d9  srand                               
000092ef  rand                                
00009325  _register_unlock                    
0000932b  _register_lock                      
00009333  _nop                                
00009339  __TI_decompress_none                
00009347  __TI_decompress_rle24               
0000934c  phantomInterrupt                    
000096c4  __TI_Handler_Table_Base             
000096cc  __TI_CINIT_Base                     
000096cc  __TI_Handler_Table_Limit            
000096dc  __TI_CINIT_Limit                    
08001500  k                                   
08001600  hist_periodic                       
08001620  hist_recent                         
08001640  key                                 
08001660  messages                            
08001670  __TI_cleanup_ptr                    
08001674  __TI_dtors_ptr                      
08001678  __TI_enable_exit_profile_output     
0800167c  _lock                               
08001680  _unlock                             
080016b0  counter                             
080016b8  auth_error_count                    
080016bc  tx_success_counter                  
080016c0  period                              
080016c2  hp_pointer                          
080016c3  hr_pointer                          
ffffffff  __TI_pprof_out_hndl                 
ffffffff  __TI_prof_data_size                 
ffffffff  __TI_prof_data_start                
ffffffff  __binit__                           
ffffffff  __c_args__                          
ffffffff  binit                               
UNDEFED   SHT$$INIT_ARRAY$$Base               
UNDEFED   SHT$$INIT_ARRAY$$Limit              

[268 symbols]
